01-01 01:00:26.426   968 14834 E CamX    : [ DUMP][ISP    ] camxifeutils.cpp:2168 DumpPDAFV3Settings() IFE Settings pPDHWConfig->V3.PDConfig.horizontalConfig.H1Path.HDRConfig.hdrThreshhold = 0
01-01 01:00:26.426   968 14834 E CamX    : [ DUMP][ISP    ] camxifeutils.cpp:2169 DumpPDAFV3Settings() IFE Settings pPDHWConfig->V3.PDConfig.horizontalConfig.H1Path.HDRConfig.hdrExposureRatio = 0
01-01 01:00:26.426   968 14834 E CamX    : [ DUMP][ISP    ] camxifeutils.cpp:2174 DumpPDAFV3Settings() IFE Settings pPDHWConfig->V3.LCRConfig.enable = 0
01-01 01:00:26.426   968 14834 E CamX    : [ DUMP][ISP    ] camxifeutils.cpp:2175 DumpPDAFV3Settings() IFE Settings pPDHWConfig->V3.LCRConfig.crop.firstLineCrop = 0
01-01 01:00:26.426   968 14834 E CamX    : [ DUMP][ISP    ] camxifeutils.cpp:2176 DumpPDAFV3Settings() IFE Settings pPDHWConfig->V3.LCRConfig.crop.lastPixelCrop = 0
01-01 01:00:26.426   968 14834 E CamX    : [ DUMP][ISP    ] camxifeutils.cpp:2177 DumpPDAFV3Settings() IFE Settings pPDHWConfig->V3.LCRConfig.crop.lastPixelCrop = 0
01-01 01:00:26.426   968 14834 E CamX    : [ DUMP][ISP    ] camxifeutils.cpp:2178 DumpPDAFV3Settings() IFE Settings pPDHWConfig->V3.LCRConfig.crop.lastLineCrop = 0
01-01 01:00:26.426   968 14834 E CamX    : [ DUMP][ISP    ] camxifeutils.cpp:2179 DumpPDAFV3Settings() IFE Settings pPDHWConfig->V3.LCRConfig.CExtractor.blockWidth = 0
01-01 01:00:26.426   968 14834 E CamX    : [ DUMP][ISP    ] camxifeutils.cpp:2180 DumpPDAFV3Settings() IFE Settings pPDHWConfig->V3.LCRConfig.CExtractor.blockHeight = 0
01-01 01:00:26.426   968 14834 E CamX    : [ DUMP][ISP    ] camxifeutils.cpp:2181 DumpPDAFV3Settings() IFE Settings pPDHWConfig->V3.LCRConfig.CExtractor.blockHeight = 0
01-01 01:00:26.426   968 14834 E CamX    : [ DUMP][ISP    ] camxifeutils.cpp:2182 DumpPDAFV3Settings() IFE Settings pPDHWConfig->V3.LCRConfig.CExtractor.CFAWidth = 0
01-01 01:00:26.426   968 14834 E CamX    : [ DUMP][ISP    ] camxifeutils.cpp:2183 DumpPDAFV3Settings() IFE Settings pPDHWConfig->V3.LCRConfig.CExtractor.CFAHeight = 0
01-01 01:00:26.426   968 14834 E CamX    : [ DUMP][ISP    ] camxifeutils.cpp:2184 DumpPDAFV3Settings() IFE Settings pPDHWConfig->V3.LCRConfig.CExtractor.binPixels = 0
01-01 01:00:26.426   968 14834 E CamX    : [ DUMP][ISP    ] camxifeutils.cpp:2213 DumpPDAFV3Settings() IFE Settings pPDHWConfig->V3.LCRConfig.BLS.enable = 0
01-01 01:00:26.426   968 14834 E CamX    : [ DUMP][ISP    ] camxifeutils.cpp:2214 DumpPDAFV3Settings() IFE Settings pPDHWConfig->V3.LCRConfig.BLS.Offset = 0
01-01 01:00:26.426   968 14834 E CamX    : [ DUMP][ISP    ] camxifeutils.cpp:2216 DumpPDAFV3Settings() IFE Settings pPDHWConfig->V3.LCRConfig.gainMap.commonGainMapConfig.gainMapEnable = 0
01-01 01:00:26.426   968 14834 E CamX    : [ DUMP][ISP    ] camxifeutils.cpp:2217 DumpPDAFV3Settings() IFE Settings pPDHWConfig->V3.LCRConfig.gainMap.commonGainMapConfig.numberHorizontalGrids = 0
01-01 01:00:26.426   968 14834 E CamX    : [ DUMP][ISP    ] camxifeutils.cpp:2218 DumpPDAFV3Settings() IFE Settings pPDHWConfig->V3.LCRConfig.gainMap.commonGainMapConfig.numberVerticalGrids = 0
01-01 01:00:26.426   968 14834 E CamX    : [ DUMP][ISP    ] camxifeutils.cpp:2219 DumpPDAFV3Settings() IFE Settings pPDHWConfig->V3.LCRConfig.gainMap.commonGainMapConfig.horizontalPhaseInit = 0
01-01 01:00:26.426   968 14834 E CamX    : [ DUMP][ISP    ] camxifeutils.cpp:2220 DumpPDAFV3Settings() IFE Settings pPDHWConfig->V3.LCRConfig.gainMap.commonGainMapConfig.verticalPhaseInit = 0
01-01 01:00:26.426   968 14834 E CamX    : [ DUMP][ISP    ] camxifeutils.cpp:2221 DumpPDAFV3Settings() IFE Settings pPDHWConfig->V3.LCRConfig.gainMap.commonGainMapConfig.horizontalPhaseStep = 0
01-01 01:00:26.426   968 14834 E CamX    : [ DUMP][ISP    ] camxifeutils.cpp:2222 DumpPDAFV3Settings() IFE Settings pPDHWConfig->V3.LCRConfig.gainMap.commonGainMapConfig.verticalPhaseStep = 0
01-01 01:00:26.426   968 14834 E CamX    : [ DUMP][ISP    ] camxifeutils.cpp:2223 DumpPDAFV3Settings() IFE Settings pPDHWConfig->V3.LCRConfig.gainMap.commonGainMapConfig.gainShift = 0
01-01 01:00:26.426   968 14834 E CamX    : [ DUMP][ISP    ] camxifeutils.cpp:2224 DumpPDAFV3Settings() IFE Settings PDLibGainMapLUTSize = 221
01-01 01:00:26.427   968 14834 E CamX    : [ DUMP][ISP    ] camxifeutils.cpp:2231 DumpPDAFV3Settings() IFE Settings pPDHWConfig->V3.LCRConfig.movingAverage.enable = 0
01-01 01:00:26.427   968 14834 E CamX    : [ DUMP][ISP    ] camxifeutils.cpp:2232 DumpPDAFV3Settings() IFE Settings pPDHWConfig->V3.LCRConfig.movingAverage.outMAMode = 0
01-01 01:00:26.427   968 14834 E CamX    : [ DUMP][ISP    ] camxifeutils.cpp:2234 DumpPDAFV3Settings() IFE Settings pPDHWConfig->V3.LCRConfig.LRHDR.hdrEnable = 0
01-01 01:00:26.427   968 14834 E CamX    : [ DUMP][ISP    ] camxifeutils.cpp:2235 DumpPDAFV3Settings() IFE Settings pPDHWConfig->V3.LCRConfig.LRHDR.hdrFirstPixel = 0
01-01 01:00:26.427   968 14834 E CamX    : [ DUMP][ISP    ] camxifeutils.cpp:2236 DumpPDAFV3Settings() IFE Settings pPDHWConfig->V3.LCRConfig.LRHDR.hdrModeSel = 0
01-01 01:00:26.427   968 14834 E CamX    : [ DUMP][ISP    ] camxifeutils.cpp:2237 DumpPDAFV3Settings() IFE Settings pPDHWConfig->V3.LCRConfig.LRHDR.hdrThreshhold = 0
01-01 01:00:26.427   968 14834 E CamX    : [ DUMP][ISP    ] camxifeutils.cpp:2238 DumpPDAFV3Settings() IFE Settings pPDHWConfig->V3.LCRConfig.LRHDR.hdrExposureRatio = 0
01-01 01:00:26.427   968 14834 E CamX    : [ DUMP][ISP    ] camxifeutils.cpp:2240 DumpPDAFV3Settings() IFE Settings pPDHWConfig->V3.LCRConfig.normFast.enable = 0
01-01 01:00:26.427   968 14834 E CamX    : [ DUMP][ISP    ] camxifeutils.cpp:2241 DumpPDAFV3Settings() IFE Settings pPDHWConfig->V3.LCRConfig.normFast.averageMode = 0
01-01 01:00:26.427   968 14834 E CamX    : [ DUMP][ISP    ] camxifeutils.cpp:2242 DumpPDAFV3Settings() IFE Settings pPDHWConfig->V3.LCRConfig.normFast.shiftLCR = 0
01-01 01:00:26.427   968 14834 E CamX    : [ DUMP][ISP    ] camxifeutils.cpp:2243 DumpPDAFV3Settings() IFE Settings pPDHWConfig->V3.LCRConfig.normFast.delayCenter = 0
01-01 01:00:26.427   968 14834 E CamX    : [ DUMP][ISP    ] camxifeutils.cpp:2244 DumpPDAFV3Settings() IFE Settings pPDHWConfig->V3.LCRConfig.normFast.delayLR = 0
01-01 01:00:26.427   968 14834 E CamX    : [ DUMP][ISP    ] camxifeutils.cpp:2246 DumpPDAFV3Settings() IFE Settings pPDHWConfig->V3.LCRConfig.normFast.IIRConfig.s1C = 0
01-01 01:00:26.427   968 14834 E CamX    : [ DUMP][ISP    ] camxifeutils.cpp:2247 DumpPDAFV3Settings() IFE Settings pPDHWConfig->V3.LCRConfig.normFast.IIRConfig.s2C = 0
01-01 01:00:26.427   968 14834 E CamX    : [ DUMP][ISP    ] camxifeutils.cpp:2248 DumpPDAFV3Settings() IFE Settings pPDHWConfig->V3.LCRConfig.normFast.IIRConfig.s3C = 0
01-01 01:00:26.427   968 14834 E CamX    : [ DUMP][ISP    ] camxifeutils.cpp:2249 DumpPDAFV3Settings() IFE Settings pPDHWConfig->V3.LCRConfig.normFast.IIRConfig.s1LR = 0
01-01 01:00:26.427   968 14834 E CamX    : [ DUMP][ISP    ] camxifeutils.cpp:2250 DumpPDAFV3Settings() IFE Settings pPDHWConfig->V3.LCRConfig.normFast.IIRConfig.s2LR = 0
01-01 01:00:26.427   968 14834 E CamX    : [ DUMP][ISP    ] camxifeutils.cpp:2251 DumpPDAFV3Settings() IFE Settings pPDHWConfig->V3.LCRConfig.normFast.IIRConfig.s3LR = 0
01-01 01:00:26.427   968 14834 E CamX    : [ DUMP][ISP    ] camxifeutils.cpp:2253 DumpPDAFV3Settings() IFE Settings pPDHWConfig->V3.LCRConfig.interleaveMap.enable = 0
01-01 01:00:26.427   968 14834 E CamX    : [ DUMP][ISP    ] camxifeutils.cpp:2254 DumpPDAFV3Settings() IFE Settings PDLibMaxILMask = 16
01-01 01:00:26.427   968 14834 E CamX    : [ DUMP][ISP    ] camxifeutils.cpp:2266 DumpPDAFV3Settings() IFE Settings pPDHWConfig->V3.OutputConfig.ROIConfig.regionHOffset = 0
01-01 01:00:26.427   968 14834 E CamX    : [ DUMP][ISP    ] camxifeutils.cpp:2267 DumpPDAFV3Settings() IFE Settings pPDHWConfig->V3.OutputConfig.ROIConfig.regionVOffset = 0
01-01 01:00:26.427   968 14834 E CamX    : [ DUMP][ISP    ] camxifeutils.cpp:2268 DumpPDAFV3Settings() IFE Settings PDLibHorizontalROINUM = 48
01-01 01:00:26.427   968 14834 E CamX    : [ DUMP][ISP    ] camxifeutils.cpp:2269 DumpPDAFV3Settings() IFE Settings PDLibVerticalROINUM = 48
01-01 01:00:26.427   968 14834 E CamX    : [ DUMP][ISP    ] camxifeutils.cpp:2280 DumpPDAFV3Settings() IFE Settings pPDHWConfig->V3.OutputConfig.LR1SAD.enable = 0
01-01 01:00:26.427   968 14834 E CamX    : [ DUMP][ISP    ] camxifeutils.cpp:2281 DumpPDAFV3Settings() IFE Settings pPDHWConfig->V3.OutputConfig.LR1SAD.numPhases = 0
01-01 01:00:26.427   968 14834 E CamX    : [ DUMP][ISP    ] camxifeutils.cpp:2282 DumpPDAFV3Settings() IFE Settings pPDHWConfig->V3.OutputConfig.LR1SAD.initPhases = 0
01-01 01:00:26.427   968 14834 E CamX    : [ DUMP][ISP    ] camxifeutils.cpp:2284 DumpPDAFV3Settings() IFE Settings pPDHWConfig->V3.OutputConfig.LR2SAD.enable = 0
01-01 01:00:26.427   968 14834 E CamX    : [ DUMP][ISP    ] camxifeutils.cpp:2285 DumpPDAFV3Settings() IFE Settings pPDHWConfig->V3.OutputConfig.LR2SAD.numPhases = 0
01-01 01:00:26.427   968 14834 E CamX    : [ DUMP][ISP    ] camxifeutils.cpp:2286 DumpPDAFV3Settings() IFE Settings pPDHWConfig->V3.OutputConfig.LR2SAD.initPhases = 0
01-01 01:00:26.427   968 14834 E CamX    : [ DUMP][ISP    ] camxifeutils.cpp:2288 DumpPDAFV3Settings() IFE Settings pPDHWConfig->V3.OutputConfig.LCRSAD.enable = 0
01-01 01:00:26.427   968 14834 E CamX    : [ DUMP][ISP    ] camxifeutils.cpp:2289 DumpPDAFV3Settings() IFE Settings pPDHWConfig->V3.OutputConfig.LCRSAD.numPhases = 0
01-01 01:00:26.427   968 14834 E CamX    : [ DUMP][ISP    ] camxifeutils.cpp:2290 DumpPDAFV3Settings() IFE Settings pPDHWConfig->V3.OutputConfig.LCRSAD.LCRPixelSkip = 0
01-01 01:00:26.427   968 14834 E CamX    : [ DUMP][ISP    ] camxifeutils.cpp:2292 DumpPDAFV3Settings() IFE Settings pPDHWConfig->V3.OutputConfig.ChannelStats.enable = 0
01-01 01:00:26.427   968 14834 E CamX    : [ DUMP][ISP    ] camxifeutils.cpp:2293 DumpPDAFV3Settings() IFE Settings pPDHWConfig->V3.OutputConfig.ChannelStats.LRShift = 0
01-01 01:00:26.427   968 14834 E CamX    : [ DUMP][ISP    ] camxifeutils.cpp:2294 DumpPDAFV3Settings() IFE Settings pPDHWConfig->V3.OutputConfig.ChannelStats.CShift = 0
01-01 01:00:26.427   968 14834 E CamX    : [ DUMP][ISP    ] camxifeutils.cpp:2296 DumpPDAFV3Settings() IFE Settings pPDHWConfig->V3.OutputConfig.ModuleConfig.LRBufferMode = 0
01-01 01:00:26.427   968 14834 E CamX    : [ DUMP][ISP    ] camxifeutils.cpp:2297 DumpPDAFV3Settings() IFE Settings pPDHWConfig->V3.OutputConfig.ModuleConfig.LCRBufferMode = 0
01-01 01:00:26.427   968 14834 E CamX    : [ DUMP][ISP    ] camxifeutils.cpp:2298 DumpPDAFV3Settings() IFE Settings pPDHWConfig->V3.OutputConfig.ModuleConfig.preprocessedOutMux = 0
01-01 01:00:26.427   968 14834 E CamX    : [ DUMP][ISP    ] camxifeutils.cpp:2299 DumpPDAFV3Settings() IFE Settings pPDHWConfig->V3.OutputConfig.ModuleConfig.parsedOutMux = 0
01-01 01:00:26.427   968 14834 E CamX    : [ DUMP][ISP    ] camxifeutils.cpp:2300 DumpPDAFV3Settings() IFE Settings pPDHWConfig->V3.OutputConfig.ModuleConfig.preprocessedWriteSkip = 0
01-01 01:00:26.427   968 14834 E CamX    : [ DUMP][ISP    ] camxifeutils.cpp:2301 DumpPDAFV3Settings() IFE Settings pPDHWConfig->V3.OutputConfig.ModuleConfig.parsedWriteSkip = 0
01-01 01:00:26.427   968 14834 E CamX    : [ DUMP][ISP    ] camxifeutils.cpp:2302 DumpPDAFV3Settings() IFE Settings pPDHWConfig->V3.OutputConfig.ModuleConfig.FlushMode = 0
01-01 01:00:26.427   968 14834 E CamX    : [ DUMP][ISP    ] camxifeutils.cpp:2304 DumpPDAFV3Settings() IFE Settings pPDHWConfig->V3.OutputConfig.pdBufferDimension.parsedBuffer = 0
01-01 01:00:26.427   968 14834 E CamX    : [ DUMP][ISP    ] camxifeutils.cpp:2305 DumpPDAFV3Settings() IFE Settings pPDHWConfig->V3.OutputConfig.pdBufferDimension.preprocessedBuffer = 0
01-01 01:00:26.427   968 14834 E CamX    : [ DUMP][POWER  ] camxifenode.cpp:9240 DumpIFEDebugConfig() BW Config: IFE0 portId=  8, portName=RDI0, Path=0, camnocBW=1808624625 mnocABBW=1446899700 mnocIBBW=1446899700
01-01 01:00:26.427   968 14834 E CamX    : [ DUMP][POWER  ] camxifenode.cpp:9256 DumpIFEDebugConfig() BW Config: Path[0] : usageData=0, Transac=1, Path=0,camnoc=0, mnoc[AB IB]=[0 0]
01-01 01:00:26.427   968 14834 E CamX    : [ DUMP][POWER  ] camxifenode.cpp:9256 DumpIFEDebugConfig() BW Config: Path[1] : usageData=0, Transac=1, Path=1,camnoc=0, mnoc[AB IB]=[0 0]
01-01 01:00:26.427   968 14834 E CamX    : [ DUMP][POWER  ] camxifenode.cpp:9256 DumpIFEDebugConfig() BW Config: Path[2] : usageData=0, Transac=1, Path=2,camnoc=0, mnoc[AB IB]=[0 0]
01-01 01:00:26.427   968 14834 E CamX    : [ DUMP][POWER  ] camxifenode.cpp:9256 DumpIFEDebugConfig() BW Config: Path[3] : usageData=1, Transac=1, Path=3,camnoc=0, mnoc[AB IB]=[0 0]
01-01 01:00:26.427   968 14834 E CamX    : [ DUMP][POWER  ] camxifenode.cpp:9256 DumpIFEDebugConfig() BW Config: Path[4] : usageData=3, Transac=1, Path=4,camnoc=1808624625, mnoc[AB IB]=[1446899700 1446899700]
01-01 01:00:26.427   968 14834 E CamX    : [ DUMP][POWER  ] camxifenode.cpp:9256 DumpIFEDebugConfig() BW Config: Path[5] : usageData=3, Transac=1, Path=5,camnoc=0, mnoc[AB IB]=[0 0]
01-01 01:00:26.427   968 14834 E CamX    : [ DUMP][POWER  ] camxifenode.cpp:9256 DumpIFEDebugConfig() BW Config: Path[6] : usageData=3, Transac=1, Path=6,camnoc=0, mnoc[AB IB]=[0 0]
01-01 01:00:26.427   968 14834 E CamX    : [ DUMP][POWER  ] camxifenode.cpp:9256 DumpIFEDebugConfig() BW Config: Path[7] : usageData=3, Transac=1, Path=7,camnoc=0, mnoc[AB IB]=[0 0]
01-01 01:00:26.427   968 14834 E CamX    : [ DUMP][POWER  ] camxifenode.cpp:9256 DumpIFEDebugConfig() BW Config: Path[8] : usageData=0, Transac=1, Path=8,camnoc=0, mnoc[AB IB]=[0 0]
01-01 01:00:26.427   968 14834 E CamX    : [ DUMP][POWER  ] camxifenode.cpp:9256 DumpIFEDebugConfig() BW Config: Path[9] : usageData=1, Transac=1, Path=9,camnoc=0, mnoc[AB IB]=[0 0]
01-01 01:00:26.427   968 14834 E CamX    : [ DUMP][POWER  ] camxifenode.cpp:9256 DumpIFEDebugConfig() BW Config: Path[10] : usageData=0, Transac=1, Path=96,camnoc=0, mnoc[AB IB]=[0 0]
01-01 01:00:26.427   968 14834 E CamX    : [ DUMP][POWER  ] camxifenode.cpp:9256 DumpIFEDebugConfig() BW Config: Path[11] : usageData=0, Transac=1, Path=97,camnoc=0, mnoc[AB IB]=[0 0]
01-01 01:00:26.427   968 14834 E CamX    : [ DUMP][POWER  ] camxifenode.cpp:9256 DumpIFEDebugConfig() BW Config: Path[12] : usageData=0, Transac=1, Path=98,camnoc=0, mnoc[AB IB]=[0 0]
01-01 01:00:26.427   968 14834 E CamX    : [ DUMP][POWER  ] camxifenode.cpp:9256 DumpIFEDebugConfig() BW Config: Path[13] : usageData=0, Transac=1, Path=99,camnoc=0, mnoc[AB IB]=[0 0]
01-01 01:00:26.427   968 14834 E CamX    : [ DUMP][POWER  ] camxifenode.cpp:9256 DumpIFEDebugConfig() BW Config: Path[14] : usageData=0, Transac=1, Path=100,camnoc=0, mnoc[AB IB]=[0 0]
01-01 01:00:26.427   968 14834 E CamX    : [ DUMP][POWER  ] camxifenode.cpp:9256 DumpIFEDebugConfig() BW Config: Path[15] : usageData=0, Transac=1, Path=101,camnoc=0, mnoc[AB IB]=[0 0]
01-01 01:00:26.427   968 14834 E CamX    : [ DUMP][POWER  ] camxifenode.cpp:9256 DumpIFEDebugConfig() BW Config: Path[16] : usageData=0, Transac=1, Path=102,camnoc=0, mnoc[AB IB]=[0 0]
01-01 01:00:26.427   968 14834 E CamX    : [ DUMP][POWER  ] camxifenode.cpp:9256 DumpIFEDebugConfig() BW Config: Path[17] : usageData=0, Transac=0, Path=97,camnoc=0, mnoc[AB IB]=[0 0]
01-01 01:00:26.427   968 14834 E CamX    : [ DUMP][POWER  ] camxifenode.cpp:9256 DumpIFEDebugConfig() BW Config: Path[18] : usageData=0, Transac=0, Path=98,camnoc=0, mnoc[AB IB]=[0 0]
01-01 01:00:26.427   968 14834 E CamX    : [ DUMP][POWER  ] camxifenode.cpp:9256 DumpIFEDebugConfig() BW Config: Path[19] : usageData=0, Transac=0, Path=99,camnoc=0, mnoc[AB IB]=[0 0]
01-01 01:00:26.427   968 14834 E CamX    : [ DUMP][POWER  ] camxifenode.cpp:9278 DumpIFEDebugConfig() BW Config: Left  camnocBW=0 externalBW=0
01-01 01:00:26.427   968 14834 E CamX    : [ DUMP][POWER  ] camxifenode.cpp:9280 DumpIFEDebugConfig() BW Config: Right camnocBW=0 externalBW=0
01-01 01:00:26.427   968 14834 E CamX    : [ DUMP][POWER  ] camxifenode.cpp:9282 DumpIFEDebugConfig() BW Config: RDI_0 camnocBW=1808624625 externalBW=1446899700
01-01 01:00:26.427   968 14834 E CamX    : [ DUMP][POWER  ] camxifenode.cpp:9284 DumpIFEDebugConfig() BW Config: RDI_1 camnocBW=0 externalBW=0
01-01 01:00:26.427   968 14834 E CamX    : [ DUMP][POWER  ] camxifenode.cpp:9286 DumpIFEDebugConfig() BW Config: RDI_2 camnocBW=0 externalBW=0
01-01 01:00:26.427   968 14834 E CamX    : [ DUMP][POWER  ] camxifenode.cpp:9288 DumpIFEDebugConfig() BW Config: RDI_3 camnocBW=0 externalBW=0
01-01 01:00:26.427   968 14834 E CamX    : [ DUMP][ISP    ] camxifenode.cpp:9291 DumpIFEDebugConfig() SFE Mode    4
01-01 01:00:26.427   968 14834 E CamX    : [ DUMP][ISP    ] camxifenode.cpp:9292 DumpIFEDebugConfig() XCFA Type    0
01-01 01:00:26.427   968 14834 E CamX    : [ DUMP][ISP    ] camxifenode.cpp:9296 DumpIFEDebugConfig() SFEChannelInfo  0(0 1.000000 0) 1(0x0 1.000000 1) 2(0 1.000000 2) 
01-01 01:00:26.427   968 14834 E CamX    : [ DUMP][ISP    ] camxifenode.cpp:9298 DumpIFEDebugConfig() XCFA HDR Type    0x0
01-01 01:00:26.427   968 14834 E CamX    : [ DUMP][ISP    ] camxifenode.cpp:9299 DumpIFEDebugConfig() XCFA HDR Type    0x0
01-01 01:00:26.427   968 14834 E CamX    : [ DUMP][ISP    ] camxifenode.cpp:9300 DumpIFEDebugConfig() isDynamicSwitchPossible:   0
01-01 01:00:26.427   968 14834 E CamX    : [ DUMP][CORE   ] camxpipeline.cpp:6932 DumpState() +------------------------------------------------------------------+
01-01 01:00:26.427   968 14834 E CamX    : [ DUMP][CORE   ] camxpipeline.cpp:6934 DumpState() + Fence Error Info:
01-01 01:00:26.427   968 14834 E CamX    : [ DUMP][CORE   ] camxpipeline.cpp:6936 DumpState() +------------------------------------------------------------------+
01-01 01:00:26.427   968 14834 E CamX    : [ DUMP][CORE   ] camxpipeline.cpp:6940 DumpState() +------------------------------------------------------------------+
01-01 01:00:26.427   968 14834 E CamX    : [ DUMP][CORE   ] camxpipeline.cpp:6942 DumpState() + Graph:
01-01 01:00:26.427   968 14834 E CamX    : [ DUMP][CORE   ] camxpipeline.cpp:6944 DumpState() +------------------------------------------------------------------+
01-01 01:00:26.427   968 14834 E CamX    : [ DUMP][CORE   ] camxpipeline.cpp:6946 DumpState() Nodes + ports:
01-01 01:00:26.427   968 14834 E CamX    : [ DUMP][CORE   ] camxnodelegacy.cpp:13093 DumpNodeInfo() ----------------------------
01-01 01:00:26.427   968 14834 E CamX    : [ DUMP][CORE   ] camxnodelegacy.cpp:13095 DumpNodeInfo() nodeIdentifierString    : Raw_IFE0_cam0
01-01 01:00:26.427   968 14834 E CamX    : [ DUMP][CORE   ] camxnodelegacy.cpp:13097 DumpNodeInfo() nodeFlags               : 53
01-01 01:00:26.427   968 14834 E CamX    : [ DUMP][CORE   ] camxnodelegacy.cpp:13099 DumpNodeInfo() nodeType                : 65536
01-01 01:00:26.427   968 14834 E CamX    : [ DUMP][CORE   ] camxnodelegacy.cpp:13101 DumpNodeInfo() instanceId              : (nil)
01-01 01:00:26.427   968 14834 E CamX    : [ DUMP][CORE   ] camxnodelegacy.cpp:13103 DumpNodeInfo() pipelineNodeIndex       : 1
01-01 01:00:26.427   968 14834 E CamX    : [ DUMP][CORE   ] camxnodelegacy.cpp:13105 DumpNodeInfo() isIPERealtime           : false
01-01 01:00:26.427   968 14834 E CamX    : [ DUMP][CORE   ] camxnodelegacy.cpp:13107 DumpNodeInfo() deviceIndexCount        : 1
01-01 01:00:26.427   968 14834 E CamX    : [ DUMP][CORE   ] camxnodelegacy.cpp:13109 DumpNodeInfo() numCmdBufferManagers    : 6
01-01 01:00:26.427   968 14834 E CamX    : [ DUMP][CORE   ] camxnodelegacy.cpp:13111 DumpNodeInfo() maxNumCmdBufferManagers : 30
01-01 01:00:26.427   968 14834 E CamX    : [ DUMP][CORE   ] camxnodelegacy.cpp:13113 DumpNodeInfo() maxOutputPorts          : 178
01-01 01:00:26.427   968 14834 E CamX    : [ DUMP][CORE   ] camxnodelegacy.cpp:13115 DumpNodeInfo() maxInputPorts           : 11
01-01 01:00:26.427   968 14834 E CamX    : [ DUMP][CORE   ] camxnodelegacy.cpp:13117 DumpNodeInfo() inputPortDisableMask    : 0x0
01-01 01:00:26.427   968 14834 E CamX    : [ DUMP][CORE   ] camxnodelegacy.cpp:13142 DumpNodeInfo() InputPort 2, format: 0, portDisabled: false, bufferDelta: 545460846592
01-01 01:00:26.427   968 14834 E CamX    : [ DUMP][CORE   ] camxnodelegacy.cpp:13142 DumpNodeInfo() InputPort 6, format: 0, portDisabled: false, bufferDelta: 545460846592
01-01 01:00:26.427   968 14834 E CamX    : [ DUMP][CORE   ] camxnodelegacy.cpp:13142 DumpNodeInfo() InputPort 3, format: 0, portDisabled: false, bufferDelta: 545460846592
01-01 01:00:26.427   968 14834 E CamX    : [ DUMP][CORE   ] camxnodelegacy.cpp:13166 DumpNodeInfo() OutputPort 8, format: 9  maxNumBuffers: 40, memFlags: 0x00000001, heap: 1,
01-01 01:00:26.427   968 14834 E CamX    : [ DUMP][CORE   ] camxnodelegacy.cpp:13172 DumpNodeInfo() flags: 0x00000090, streamEnableMask: 0x00000001, numBatchedFrames: 1
01-01 01:00:26.427   968 14834 E CamX    : [ DUMP][CORE   ] camxnodelegacy.cpp:13201 DumpNodeInfo() deviceIndex[0]: 0
01-01 01:00:26.427   968 14834 E CamX    : [ DUMP][CORE   ] camxpipeline.cpp:6950 DumpState() +------------------------------------------------------------------+
01-01 01:00:26.427   968 14834 E CamX    : [ DUMP][CORE   ] camxpipeline.cpp:6952 DumpState() Links:
01-01 01:00:26.427   968 14834 E CamX    : [ DUMP][CORE   ] camxpipeline.cpp:6954 DumpState() +------------------------------------------------------------------+
01-01 01:00:26.427   968 14834 E CamX    : [ DUMP][CORE   ] camxnodelegacy.cpp:13272 DumpLinkInfo() Node::Raw_Sensor0_cam0::OutputPort_0 -> Node::Raw_IFE0_cam0::InputPort_2 -- bufferDelta = 4294967296000, maxImageBuffer = 0
01-01 01:00:26.427   968 14834 E CamX    : [ DUMP][CORE   ] camxnodelegacy.cpp:13272 DumpLinkInfo() Node::Raw_Sensor0_cam0::OutputPort_1 -> Node::Raw_IFE0_cam0::InputPort_6 -- bufferDelta = 4294967296000, maxImageBuffer = 0
01-01 01:00:26.427   968 14834 E CamX    : [ DUMP][CORE   ] camxnodelegacy.cpp:13272 DumpLinkInfo() Node::Raw_Sensor0_cam0::OutputPort_1 -> Node::Raw_IFE0_cam0::InputPort_3 -- bufferDelta = 4294967296000, maxImageBuffer = 0
01-01 01:00:26.427   968 14834 E CamX    : [ DUMP][CORE   ] camxnodelegacy.cpp:13310 DumpLinkInfo() Node::Raw_IFE0_cam0::OutputPort_8 -> SinkBuffer_0 -- BufferQueueDepth = 545460846592, maxImageBuffer = 40
01-01 01:00:26.427   968 14834 E CamX    : [ DUMP][CORE   ] camximagebuffermanager.cpp:1439 DumpState() ImageBufferManager_Raw_IFE0_cam0_OutputPortId8_RDI0
01-01 01:00:26.427   968 14834 E CamX    : [ DUMP][CORE   ] camximagebuffermanager.cpp:1441 DumpState() address                = 0x7f440178f0
01-01 01:00:26.427   968 14834 E CamX    : [ DUMP][CORE   ] camximagebuffermanager.cpp:1443 DumpState() allocateBufferMemory   = 0
01-01 01:00:26.427   968 14834 E CamX    : [ DUMP][CORE   ] camximagebuffermanager.cpp:1445 DumpState() enableLateBinding      = 1
01-01 01:00:26.428   968 14834 E CamX    : [ DUMP][CORE   ] camximagebuffermanager.cpp:1447 DumpState() disableSelfShrinking   = 0
01-01 01:00:26.428   968 14834 E CamX    : [ DUMP][CORE   ] camximagebuffermanager.cpp:1449 DumpState() obeyImmediateCount     = 0
01-01 01:00:26.428   968 14834 E CamX    : [ DUMP][CORE   ] camximagebuffermanager.cpp:1451 DumpState() NeedDedicatedBuffers   = 0
01-01 01:00:26.428   968 14834 E CamX    : [ DUMP][CORE   ] camximagebuffermanager.cpp:1453 DumpState() deviceCount            = 1
01-01 01:00:26.428   968 14834 E CamX    : [ DUMP][CORE   ] camximagebuffermanager.cpp:1455 DumpState() deviceIndices          = 1140947888
01-01 01:00:26.428   968 14834 E CamX    : [ DUMP][CORE   ] camximagebuffermanager.cpp:1457 DumpState() immediateAllocBufCount = 0
01-01 01:00:26.428   968 14834 E CamX    : [ DUMP][CORE   ] camximagebuffermanager.cpp:1459 DumpState() numBatchedFrames       = 1
01-01 01:00:26.428   968 14834 E CamX    : [ DUMP][CORE   ] camximagebuffermanager.cpp:1461 DumpState() maxBufferCount         = 40
01-01 01:00:26.428   968 14834 E CamX    : [ DUMP][CORE   ] camximagebuffermanager.cpp:1464 DumpState() bufferManagerType      = "CamxBufferManager"
01-01 01:00:26.428   968 14834 E CamX    : [ DUMP][CORE   ] camximagebuffermanager.cpp:1500 DumpState() freeBuffersCount = 0
01-01 01:00:26.428   968 14834 E CamX    : [ DUMP][CORE   ] camximagebuffermanager.cpp:1502 DumpState() busyBufferCount  = 6
01-01 01:00:26.428   968 14834 E CamX    : [ DUMP][CORE   ] camximagebuffer.cpp:1228 DumpReferenceHolderData() For Request Id: 1  Reference Count: 1
01-01 01:00:26.428   968 14834 E CamX    : [ DUMP][CORE   ] camximagebuffer.cpp:1241 DumpReferenceHolderData() { Node: Raw_IFE0_cam0, Request: 1, Buffer Delta: 0, Node Id: 65536, Node Instance Id: 0, Port Id: 8, Status: Acquired}
01-01 01:00:26.428   968 14834 E CamX    : [ DUMP][CORE   ] camximagebuffer.cpp:1228 DumpReferenceHolderData() For Request Id: 2  Reference Count: 1
01-01 01:00:26.428   968 14834 E CamX    : [ DUMP][CORE   ] camximagebuffer.cpp:1241 DumpReferenceHolderData() { Node: Raw_IFE0_cam0, Request: 2, Buffer Delta: 0, Node Id: 65536, Node Instance Id: 0, Port Id: 8, Status: Acquired}
01-01 01:00:26.428   968 14834 E CamX    : [ DUMP][CORE   ] camximagebuffer.cpp:1228 DumpReferenceHolderData() For Request Id: 3  Reference Count: 1
01-01 01:00:26.428   968 14834 E CamX    : [ DUMP][CORE   ] camximagebuffer.cpp:1241 DumpReferenceHolderData() { Node: Raw_IFE0_cam0, Request: 3, Buffer Delta: 0, Node Id: 65536, Node Instance Id: 0, Port Id: 8, Status: Acquired}
01-01 01:00:26.428   968 14834 E CamX    : [ DUMP][CORE   ] camximagebuffer.cpp:1228 DumpReferenceHolderData() For Request Id: 4  Reference Count: 1
01-01 01:00:26.428   968 14834 E CamX    : [ DUMP][CORE   ] camximagebuffer.cpp:1241 DumpReferenceHolderData() { Node: Raw_IFE0_cam0, Request: 4, Buffer Delta: 0, Node Id: 65536, Node Instance Id: 0, Port Id: 8, Status: Acquired}
01-01 01:00:26.428   968 14834 E CamX    : [ DUMP][CORE   ] camximagebuffer.cpp:1228 DumpReferenceHolderData() For Request Id: 5  Reference Count: 1
01-01 01:00:26.428   968 14834 E CamX    : [ DUMP][CORE   ] camximagebuffer.cpp:1241 DumpReferenceHolderData() { Node: Raw_IFE0_cam0, Request: 5, Buffer Delta: 0, Node Id: 65536, Node Instance Id: 0, Port Id: 8, Status: Acquired}
01-01 01:00:26.428   968 14834 E CamX    : [ DUMP][CORE   ] camximagebuffer.cpp:1228 DumpReferenceHolderData() For Request Id: 6  Reference Count: 1
01-01 01:00:26.428   968 14834 E CamX    : [ DUMP][CORE   ] camximagebuffer.cpp:1241 DumpReferenceHolderData() { Node: Raw_IFE0_cam0, Request: 6, Buffer Delta: 0, Node Id: 65536, Node Instance Id: 0, Port Id: 8, Status: Acquired}
01-01 01:00:26.428   968 14834 E CamX    : [ DUMP][CORE   ] camximagebuffermanager.cpp:1507 DumpState() BusyBuffers
01-01 01:00:26.428   968 14834 E CamX    : [ DUMP][CORE   ] camximagebuffer.cpp:1594 DumpState() ImageBuffer                 { refCount:1, backed:1, memHandle:4128792, virtualAddr:(nil), fd:63, flags:0x00000001}
01-01 01:00:26.428   968 14834 E CamX    : [ DUMP][CORE   ] camximagebuffer.cpp:1594 DumpState() ImageBuffer                 { refCount:1, backed:1, memHandle:4522009, virtualAddr:(nil), fd:69, flags:0x00000001}
01-01 01:00:26.428   968 14834 E CamX    : [ DUMP][CORE   ] camximagebuffer.cpp:1594 DumpState() ImageBuffer                 { refCount:1, backed:1, memHandle:4718618, virtualAddr:(nil), fd:72, flags:0x00000001}
01-01 01:00:26.428   968 14834 E CamX    : [ DUMP][CORE   ] camximagebuffer.cpp:1594 DumpState() ImageBuffer                 { refCount:1, backed:1, memHandle:4915227, virtualAddr:(nil), fd:75, flags:0x00000001}
01-01 01:00:26.428   968 14834 E CamX    : [ DUMP][CORE   ] camximagebuffer.cpp:1594 DumpState() ImageBuffer                 { refCount:1, backed:1, memHandle:5111836, virtualAddr:(nil), fd:78, flags:0x00000001}
01-01 01:00:26.428   968 14834 E CamX    : [ DUMP][CORE   ] camximagebuffer.cpp:1594 DumpState() ImageBuffer                 { refCount:1, backed:1, memHandle:5308445, virtualAddr:(nil), fd:81, flags:0x00000001}
01-01 01:00:26.428   968 14834 E CamX    : [ DUMP][CORE   ] camxpipeline.cpp:6961 DumpState() +------------------------------------------------------------------+
01-01 01:00:26.428   968 14834 E CamX    : [ DUMP][CORE   ] camxsession.cpp:9312 DumpState() +---------------------------------------------------------------------------------------+
01-01 01:00:26.428   968 14834 E CamX    : [ DUMP][CORE   ] camxsession.cpp:9313 DumpState() + HAL3 REQUEST QUEUE
01-01 01:00:26.428   968 14834 E CamX    : [ DUMP][CORE   ] camxsession.cpp:9315 DumpState() +---------------------------------------------------------------------------------------+
01-01 01:00:26.428   968 14834 E CamX    : [ DUMP][HAL    ] camxhal3queue.cpp:597 DumpState() m_pQueueLockAcquireStatus = "CamxResultSuccess"
01-01 01:00:26.428   968 14834 E CamX    : [ DUMP][HAL    ] camxhal3queue.cpp:823 DumpState() Queue is currently empty...m_head: 6  m_tail: 6
01-01 01:00:26.428   968 14834 E CamX    : [ DUMP][CORE   ] camxsession.cpp:9320 DumpState() +---------------------------------------------------------------------------------------+
01-01 01:00:26.428   968 14834 E CamX    : [ DUMP][CORE   ] camxsession.cpp:9321 DumpState() + DEFERRED REQUEST QUEUE
01-01 01:00:26.428   968 14834 E CamX    : [ DUMP][CORE   ] camxsession.cpp:9323 DumpState() +---------------------------------------------------------------------------------------+
01-01 01:00:26.428   968 14834 E CamX    : [ DUMP][CORE   ] camxdeferredrequestqueue.cpp:1881 DumpState() DRQ:0x7f8d97c910 is associated with Session:0x7f8d7f2060
01-01 01:00:26.428   968 14834 E CamX    : [ DUMP][CORE   ] camxdeferredrequestqueue.cpp:1883 DumpState() Num deferred nodes     = 0
01-01 01:00:26.428   968 14834 E CamX    : [ DUMP][CORE   ] camxdeferredrequestqueue.cpp:1885 DumpState() Num Chi deferred nodes = 0
01-01 01:00:26.428   968 14834 E CamX    : [ DUMP][CORE   ] camxdeferredrequestqueue.cpp:1898 DumpState() -----------------------
01-01 01:00:26.428   968 14834 E CamX    : [ DUMP][CORE   ] camxdeferredrequestqueue.cpp:1899 DumpState() Internal dependencies: 
01-01 01:00:26.428   968 14834 E CamX    : [ DUMP][CORE   ] camxdeferredrequestqueue.cpp:2039 DumpState() -----------------------
01-01 01:00:26.428   968 14834 E CamX    : [ DUMP][CORE   ] camxdeferredrequestqueue.cpp:2040 DumpState() Chi dependencies: 
01-01 01:00:26.428   968 14834 E CamX    : [ DUMP][CORE   ] camxsession.cpp:9328 DumpState() +---------------------------------------------------------------------------------------+
01-01 01:00:26.428   968 14834 E CamX    : [ DUMP][CORE   ] camxsession.cpp:9329 DumpState() + THREAD MANAGER
01-01 01:00:26.428   968 14834 E CamX    : [ DUMP][CORE   ] camxsession.cpp:9331 DumpState() +---------------------------------------------------------------------------------------+
01-01 01:00:26.428   968 14834 E CamX    : [ERROR][CORE   ] camxsettingsmanager.cpp:328 WriteCamxSettingsToFile() Camera Core Dump: Failed opening CamxSetting Dump File: /camxsettingsdump.txt
01-01 01:00:26.428   968 14834 E CamX    : [ERROR][CORE   ] camxtitan17xsettingsmanager.cpp:191 WriteCamxHwSettingsToFile() Camera Core Dump: Failed opening CamxSetting Dump File: /camxsettingsdump.txt
01-01 01:00:26.428   968 14834 E CamX    : [ DUMP][CORE   ] camxsession.cpp:10906 DumpKMDInfo() +------------------------------------------------------------------+
01-01 01:00:26.428   968 14834 E CamX    :   +         KMD Dump                                                 +
01-01 01:00:26.428   968 14834 E CamX    :   +------------------------------------------------------------------+
01-01 01:00:26.428   968 14834 E CamX    : [ DUMP][CORE   ] camxsession.cpp:10923 DumpKMDInfo() Session: 0x7f8d7f2060 pipeline: Raw_0_cam_0 firstPendingReqId: 1 firstPendingCSLSyncId: 1 lastSubmittedRequestId: 6 lastCSLSyncId: 6
01-01 01:00:26.428   968 14834 E CamX    : [ DUMP][CORE   ] camxsession.cpp:10971 DumpKMDInfo() buffer fd: 86, address: 0x7f5c090000 filled length: 1520
01-01 01:00:26.428   968 14834 E CamX    : [ DUMP][CORE   ] camxsession.cpp:10978 DumpKMDInfo() Dumping KMD data for session: 0x7f8d7f2060 to file: /data/vendor/camera/KMDSessionDumpData.bin
01-01 01:00:26.429   968 14834 I CamX    : [CORE_CFG][CORE   ] camxsession.cpp:9822 DumpEvent() System Dump Event Completed.
01-01 01:00:26.429   968 14834 E CamX    : [ DUMP][CORE   ] camxchicontext.cpp:7047 DumpState() 
01-01 01:00:26.429   968 14834 E CamX    : [ DUMP][CORE   ] camxchicontext.cpp:7049 DumpState() ----------------------------------------------------------------------
01-01 01:00:26.429   968 14834 E CamX    : [ DUMP][CORE   ] camxchicontext.cpp:7050 DumpState() + STATIC METADATA
01-01 01:00:26.429   968 14834 E CamX    : [ DUMP][CORE   ] camxchicontext.cpp:7074 DumpState() Dump Static metadata in file: /StaticMetadata_cameraID_0.txt
01-01 01:00:26.430   968 14834 E CamX    : [ DUMP][CORE   ] camxchicontext.cpp:7102 DumpState() ----------------------------------------------------------------------
01-01 01:00:26.430   968 14834 E CamX    : [ DUMP][CORE   ] camxchicontext.cpp:7103 DumpState() 
01-01 01:00:26.430   968 14834 E CamX    : [ DUMP][CORE   ] camxchicontext.cpp:7106 DumpState() +------------------------------------------------------------------+
01-01 01:00:26.430   968 14834 E CamX    : [ DUMP][CORE   ] camxchicontext.cpp:7108 DumpState() +          ChiContext DRQ                                          +
01-01 01:00:26.430   968 14834 E CamX    : [ DUMP][CORE   ] camxchicontext.cpp:7110 DumpState() +------------------------------------------------------------------+
01-01 01:00:26.430   968 14834 E CamX    : [ DUMP][CORE   ] camxdeferredrequestqueue.cpp:1881 DumpState() DRQ:0x7f8409f690 is associated with Session:0x34
01-01 01:00:26.430   968 14834 E CamX    : [ DUMP][CORE   ] camxdeferredrequestqueue.cpp:1883 DumpState() Num deferred nodes     = 0
01-01 01:00:26.430   968 14834 E CamX    : [ DUMP][CORE   ] camxdeferredrequestqueue.cpp:1885 DumpState() Num Chi deferred nodes = 0
01-01 01:00:26.430   968 14834 E CamX    : [ DUMP][CORE   ] camxdeferredrequestqueue.cpp:1898 DumpState() -----------------------
01-01 01:00:26.430   968 14834 E CamX    : [ DUMP][CORE   ] camxdeferredrequestqueue.cpp:1899 DumpState() Internal dependencies: 
01-01 01:00:26.430   968 14834 E CamX    : [ DUMP][CORE   ] camxdeferredrequestqueue.cpp:2039 DumpState() -----------------------
01-01 01:00:26.430   968 14834 E CamX    : [ DUMP][CORE   ] camxdeferredrequestqueue.cpp:2040 DumpState() Chi dependencies: 
01-01 01:00:26.433   968 14834 E CamX    : [ DUMP][HAL    ] camxhaldevice.cpp:531 TriggerDumpEvent() +------------------------------------------------------------------+
01-01 01:00:26.433   968 14834 E CamX    : [ DUMP][HAL    ] camxhaldevice.cpp:534 TriggerDumpEvent() +                  Dump took 343 ms                         +
01-01 01:00:26.433   968 14834 E CamX    : [ DUMP][HAL    ] camxhaldevice.cpp:536 TriggerDumpEvent() +------------------------------------------------------------------+
01-01 01:00:26.433   968 14834 I CamX    : [CORE_CFG][HAL    ] camxhaldevice.cpp:587 TriggerDumpEvent() Camera Core Dump: Completed, result CamxResultSuccess
01-01 01:00:26.433   968 14834 I CHIUSECASE: [CORE_CFG ] chxextensionmodule.cpp:7067 TriggerCoreDump() Core Debug Dump for CameraId 0 took 345ms
01-01 01:00:26.433   968 14834 E CamX    : [ERROR][HAL    ] camxhaldevice.cpp:849 Notify() type 00000001, frame_number 0, error_code 00000003, error_stream (nil)
01-01 01:00:26.433   968 14834 W RecorderCameraContext: CameraErrorCb: Camera: 0, Error: 3, Request: 0, FrameNumber: 0
01-01 01:00:26.433   968 14834 W RecorderCameraContext: CameraErrorCb: An error has occurred in producing an output result metadata buffer for frame: 0 
01-01 01:00:26.433   968 14834 E CamX    : [ERROR][HAL    ] camxhaldevice.cpp:849 Notify() type 00000001, frame_number 0, error_code 00000004, error_stream 0x7f8c002248
01-01 01:00:26.433   968 14834 W RecorderCameraContext: CameraErrorCb: Camera: 0, Error: 4, Request: 0, FrameNumber: 0
01-01 01:00:26.433   968 14834 W RecorderCameraContext: CameraErrorCb: Frame 0 returned with error! Notify all threads waiting for pending frames!!
01-01 01:00:26.433   968 14812 E         : FlushLogToFile():1581 Offlinelog failed to open file and write
01-01 01:00:26.433 14775 14808 V ProcessState: Spawning new pooled thread, name=Binder_3
01-01 01:00:26.433   968 14812 E         : FlushLogToFile():1581 Offlinelog failed to open file and write
01-01 01:00:26.433   968 14812 E         : FlushLogToFile():1581 Offlinelog failed to open file and write
01-01 01:00:26.433   968 14834 I CamX    : [CORE_CFG][HAL    ] camxhal3.cpp:1945 process_capture_result() frame_number 0, opsApi 0x7f84001fd0, partial_result 0, result (nil), num_physcam_metadata 0, num_output_buffers 1 priv_metadata (nil)
01-01 01:00:26.433   968 14834 I CamX    : [CORE_CFG][HAL    ] camxhal3.cpp:1992 process_capture_result()     output_buffers[0] : 0x7f5cf9dd30, buffer: 0x7f4402aab0, priv: (nil), status: 00000001, stream: 0x7f8c002248 release_fence -1
01-01 01:00:26.433   968 14812 E         : FlushLogToFile():1581 Offlinelog failed to open file and write
01-01 01:00:26.433   968 14834 W Camera3Stream: ReturnBufferToClient: Got buffer(0x7f4402aaa0) from stream(0), frame_number(0) and  ts(0) with error status!
01-01 01:00:26.433   968 14834 W RecorderCameraContext: CameraErrorCb: Camera: 0, Error: 4, Request: 0, FrameNumber: 0
01-01 01:00:26.433   968 14834 W RecorderCameraContext: CameraErrorCb: Frame 0 returned with error! Notify all threads waiting for pending frames!!
01-01 01:00:26.433   968 14812 E         : FlushLogToFile():1581 Offlinelog failed to open file and write
01-01 01:00:26.433   968 14812 E         : FlushLogToFile():1581 Offlinelog failed to open file and write
01-01 01:00:26.433   968 14834 I CameraAdaptor: RemovePendingRequestLocked: Received error in the capture request. Added to the error requests vector.
01-01 01:00:26.433   968 14834 I CamX    : [CORE_CFG][HAL    ] camxhal3.cpp:2026 process_capture_result() frame_number: 0
01-01 01:00:26.433   968 14834 E CamX    : [ERROR][HAL    ] camxhaldevice.cpp:849 Notify() type 00000001, frame_number 1, error_code 00000003, error_stream (nil)
01-01 01:00:26.433   968 14812 E         : FlushLogToFile():1581 Offlinelog failed to open file and write
01-01 01:00:26.433   968 14834 W RecorderCameraContext: CameraErrorCb: Camera: 0, Error: 3, Request: 0, FrameNumber: 1
01-01 01:00:26.433   968 14834 W RecorderCameraContext: CameraErrorCb: An error has occurred in producing an output result metadata buffer for frame: 1 
01-01 01:00:26.433   968 14834 E CamX    : [ERROR][HAL    ] camxhaldevice.cpp:849 Notify() type 00000001, frame_number 1, error_code 00000004, error_stream 0x7f8c002248
01-01 01:00:26.433   968 14812 E         : FlushLogToFile():1581 Offlinelog failed to open file and write
01-01 01:00:26.433   968 14834 W RecorderCameraContext: CameraErrorCb: Camera: 0, Error: 4, Request: 0, FrameNumber: 1
01-01 01:00:26.433   968 14834 W RecorderCameraContext: CameraErrorCb: Frame 1 returned with error! Notify all threads waiting for pending frames!!
01-01 01:00:26.433   968 14812 E         : FlushLogToFile():1581 Offlinelog failed to open file and write
01-01 01:00:26.433   968 14834 I CamX    : [CORE_CFG][HAL    ] camxhal3.cpp:1945 process_capture_result() frame_number 1, opsApi 0x7f84001fd0, partial_result 0, result (nil), num_physcam_metadata 0, num_output_buffers 1 priv_metadata (nil)
01-01 01:00:26.433   968 14834 I CamX    : [CORE_CFG][HAL    ] camxhal3.cpp:1992 process_capture_result()     output_buffers[0] : 0x7f5cf9dd30, buffer: 0x7f4402c410, priv: (nil), status: 00000001, stream: 0x7f8c002248 release_fence -1
01-01 01:00:26.433   968 14834 W Camera3Stream: ReturnBufferToClient: Got buffer(0x7f4402c400) from stream(0), frame_number(1) and  ts(0) with error status!
01-01 01:00:26.433   968 14834 W RecorderCameraContext: CameraErrorCb: Camera: 0, Error: 4, Request: 0, FrameNumber: 1
01-01 01:00:26.433   968 14812 E         : FlushLogToFile():1581 Offlinelog failed to open file and write
01-01 01:00:26.433   968 14834 W RecorderCameraContext: CameraErrorCb: Frame 1 returned with error! Notify all threads waiting for pending frames!!
01-01 01:00:26.434   968 14834 I CameraAdaptor: RemovePendingRequestLocked: Received error in the capture request. Added to the error requests vector.
01-01 01:00:26.434 14775 14808 V ProcessState: Spawning new pooled thread, name=Binder_4
01-01 01:00:26.434   968 14834 I CamX    : [CORE_CFG][HAL    ] camxhal3.cpp:2026 process_capture_result() frame_number: 1
01-01 01:00:26.434   968 14812 E         : FlushLogToFile():1581 Offlinelog failed to open file and write
01-01 01:00:26.434   968 14834 E CamX    : [ERROR][HAL    ] camxhaldevice.cpp:849 Notify() type 00000001, frame_number 2, error_code 00000003, error_stream (nil)
01-01 01:00:26.434   968 14834 W RecorderCameraContext: CameraErrorCb: Camera: 0, Error: 3, Request: 0, FrameNumber: 2
01-01 01:00:26.434   968 14834 W RecorderCameraContext: CameraErrorCb: An error has occurred in producing an output result metadata buffer for frame: 2 
01-01 01:00:26.434   968 14812 E         : FlushLogToFile():1581 Offlinelog failed to open file and write
01-01 01:00:26.434   968 14834 E CamX    : [ERROR][HAL    ] camxhaldevice.cpp:849 Notify() type 00000001, frame_number 2, error_code 00000004, error_stream 0x7f8c002248
01-01 01:00:26.434   968 14834 W RecorderCameraContext: CameraErrorCb: Camera: 0, Error: 4, Request: 0, FrameNumber: 2
01-01 01:00:26.434   968 14834 W RecorderCameraContext: CameraErrorCb: Frame 2 returned with error! Notify all threads waiting for pending frames!!
01-01 01:00:26.434   968 14834 I CamX    : [CORE_CFG][HAL    ] camxhal3.cpp:1945 process_capture_result() frame_number 2, opsApi 0x7f84001fd0, partial_result 0, result (nil), num_physcam_metadata 0, num_output_buffers 1 priv_metadata (nil)
01-01 01:00:26.434   968 14812 E         : FlushLogToFile():1581 Offlinelog failed to open file and write
01-01 01:00:26.434   968 14834 I CamX    : [CORE_CFG][HAL    ] camxhal3.cpp:1992 process_capture_result()     output_buffers[0] : 0x7f5cf9dd30, buffer: 0x7f4402c850, priv: (nil), status: 00000001, stream: 0x7f8c002248 release_fence -1
01-01 01:00:26.434   968 14834 W Camera3Stream: ReturnBufferToClient: Got buffer(0x7f4402c840) from stream(0), frame_number(2) and  ts(0) with error status!
01-01 01:00:26.434   968 14834 W RecorderCameraContext: CameraErrorCb: Camera: 0, Error: 4, Request: 0, FrameNumber: 2
01-01 01:00:26.434   968 14834 W RecorderCameraContext: CameraErrorCb: Frame 2 returned with error! Notify all threads waiting for pending frames!!
01-01 01:00:26.434   968 14812 E         : FlushLogToFile():1581 Offlinelog failed to open file and write
01-01 01:00:26.434   968 14834 I CameraAdaptor: RemovePendingRequestLocked: Received error in the capture request. Added to the error requests vector.
01-01 01:00:26.434   968 14834 I CamX    : [CORE_CFG][HAL    ] camxhal3.cpp:2026 process_capture_result() frame_number: 2
01-01 01:00:26.434   968 14834 E CamX    : [ERROR][HAL    ] camxhaldevice.cpp:849 Notify() type 00000001, frame_number 3, error_code 00000003, error_stream (nil)
01-01 01:00:26.434   968 14834 W RecorderCameraContext: CameraErrorCb: Camera: 0, Error: 3, Request: 0, FrameNumber: 3
01-01 01:00:26.434   968 14812 E         : FlushLogToFile():1581 Offlinelog failed to open file and write
01-01 01:00:26.434   968 14834 W RecorderCameraContext: CameraErrorCb: An error has occurred in producing an output result metadata buffer for frame: 3 
01-01 01:00:26.434   968 14834 E CamX    : [ERROR][HAL    ] camxhaldevice.cpp:849 Notify() type 00000001, frame_number 3, error_code 00000004, error_stream 0x7f8c002248
01-01 01:00:26.434   968 14834 W RecorderCameraContext: CameraErrorCb: Camera: 0, Error: 4, Request: 0, FrameNumber: 3
01-01 01:00:26.434   968 14812 E         : FlushLogToFile():1581 Offlinelog failed to open file and write
01-01 01:00:26.434   968 14834 W RecorderCameraContext: CameraErrorCb: Frame 3 returned with error! Notify all threads waiting for pending frames!!
01-01 01:00:26.434   968 14834 I CamX    : [CORE_CFG][HAL    ] camxhal3.cpp:1945 process_capture_result() frame_number 3, opsApi 0x7f84001fd0, partial_result 0, result (nil), num_physcam_metadata 0, num_output_buffers 1 priv_metadata (nil)
01-01 01:00:26.434   968 14812 E         : FlushLogToFile():1581 Offlinelog failed to open file and write
01-01 01:00:26.434   968 14834 I CamX    : [CORE_CFG][HAL    ] camxhal3.cpp:1992 process_capture_result()     output_buffers[0] : 0x7f5cf9dd30, buffer: 0x7f4402ced0, priv: (nil), status: 00000001, stream: 0x7f8c002248 release_fence -1
01-01 01:00:26.434   968 14834 W Camera3Stream: ReturnBufferToClient: Got buffer(0x7f4402cec0) from stream(0), frame_number(3) and  ts(0) with error status!
01-01 01:00:26.434   968 14834 W RecorderCameraContext: CameraErrorCb: Camera: 0, Error: 4, Request: 0, FrameNumber: 3
01-01 01:00:26.434   968 14834 W RecorderCameraContext: CameraErrorCb: Frame 3 returned with error! Notify all threads waiting for pending frames!!
01-01 01:00:26.434   968 14834 I CameraAdaptor: RemovePendingRequestLocked: Received error in the capture request. Added to the error requests vector.
01-01 01:00:26.434   968 14834 I CamX    : [CORE_CFG][HAL    ] camxhal3.cpp:2026 process_capture_result() frame_number: 3
01-01 01:00:26.434   968 14834 E CamX    : [ERROR][HAL    ] camxhaldevice.cpp:849 Notify() type 00000001, frame_number 4, error_code 00000003, error_stream (nil)
01-01 01:00:26.434   968 14834 W RecorderCameraContext: CameraErrorCb: Camera: 0, Error: 3, Request: 0, FrameNumber: 4
01-01 01:00:26.434   968 14834 W RecorderCameraContext: CameraErrorCb: An error has occurred in producing an output result metadata buffer for frame: 4 
01-01 01:00:26.434   968 14834 E CamX    : [ERROR][HAL    ] camxhaldevice.cpp:849 Notify() type 00000001, frame_number 4, error_code 00000004, error_stream 0x7f8c002248
01-01 01:00:26.434   968 14834 W RecorderCameraContext: CameraErrorCb: Camera: 0, Error: 4, Request: 0, FrameNumber: 4
01-01 01:00:26.434   968 14834 W RecorderCameraContext: CameraErrorCb: Frame 4 returned with error! Notify all threads waiting for pending frames!!
01-01 01:00:26.434   968 14834 I CamX    : [CORE_CFG][HAL    ] camxhal3.cpp:1945 process_capture_result() frame_number 4, opsApi 0x7f84001fd0, partial_result 0, result (nil), num_physcam_metadata 0, num_output_buffers 1 priv_metadata (nil)
01-01 01:00:26.434   968 14834 I CamX    : [CORE_CFG][HAL    ] camxhal3.cpp:1992 process_capture_result()     output_buffers[0] : 0x7f5cf9dd30, buffer: 0x7f4402bea0, priv: (nil), status: 00000001, stream: 0x7f8c002248 release_fence -1
01-01 01:00:26.434   968 14834 W Camera3Stream: ReturnBufferToClient: Got buffer(0x7f4402be90) from stream(0), frame_number(4) and  ts(0) with error status!
01-01 01:00:26.434   968 14834 W RecorderCameraContext: CameraErrorCb: Camera: 0, Error: 4, Request: 0, FrameNumber: 4
01-01 01:00:26.434   968 14834 W RecorderCameraContext: CameraErrorCb: Frame 4 returned with error! Notify all threads waiting for pending frames!!
01-01 01:00:26.434   968 14834 I CameraAdaptor: RemovePendingRequestLocked: Received error in the capture request. Added to the error requests vector.
01-01 01:00:26.434   968 14834 I CamX    : [CORE_CFG][HAL    ] camxhal3.cpp:2026 process_capture_result() frame_number: 4
01-01 01:00:26.434   968 14834 E CamX    : [ERROR][HAL    ] camxhaldevice.cpp:849 Notify() type 00000001, frame_number 5, error_code 00000003, error_stream (nil)
01-01 01:00:26.434   968 14834 W RecorderCameraContext: CameraErrorCb: Camera: 0, Error: 3, Request: 0, FrameNumber: 5
01-01 01:00:26.434   968 14834 W RecorderCameraContext: CameraErrorCb: An error has occurred in producing an output result metadata buffer for frame: 5 
01-01 01:00:26.434   968 14834 E CamX    : [ERROR][HAL    ] camxhaldevice.cpp:849 Notify() type 00000001, frame_number 5, error_code 00000004, error_stream 0x7f8c002248
01-01 01:00:26.434   968 14834 W RecorderCameraContext: CameraErrorCb: Camera: 0, Error: 4, Request: 0, FrameNumber: 5
01-01 01:00:26.434   968 14834 W RecorderCameraContext: CameraErrorCb: Frame 5 returned with error! Notify all threads waiting for pending frames!!
01-01 01:00:26.434   968 14813 E         : FlushLogToFile():1581 Offlinelog failed to open file and write
01-01 01:00:26.434   968 14834 I CamX    : [CORE_CFG][HAL    ] camxhal3.cpp:1945 process_capture_result() frame_number 5, opsApi 0x7f84001fd0, partial_result 0, result (nil), num_physcam_metadata 0, num_output_buffers 1 priv_metadata (nil)
01-01 01:00:26.434   968 14834 I CamX    : [CORE_CFG][HAL    ] camxhal3.cpp:1992 process_capture_result()     output_buffers[0] : 0x7f5cf9dd30, buffer: 0x7f4402c210, priv: (nil), status: 00000001, stream: 0x7f8c002248 release_fence -1
01-01 01:00:26.434   968 14834 W Camera3Stream: ReturnBufferToClient: Got buffer(0x7f4402c200) from stream(0), frame_number(5) and  ts(0) with error status!
01-01 01:00:26.434   968 14834 W RecorderCameraContext: CameraErrorCb: Camera: 0, Error: 4, Request: 0, FrameNumber: 5
01-01 01:00:26.434   968 14834 W RecorderCameraContext: CameraErrorCb: Frame 5 returned with error! Notify all threads waiting for pending frames!!
01-01 01:00:26.434   968 14834 I CameraAdaptor: RemovePendingRequestLocked: Received error in the capture request. Added to the error requests vector.
01-01 01:00:26.434   968 14834 I CamX    : [CORE_CFG][HAL    ] camxhal3.cpp:2026 process_capture_result() frame_number: 5
01-01 01:00:26.434   968 14834 I CHIUSECASE: [CORE_CFG ] chxextensionmodule.cpp:7552 RequestThreadProcessing() Recovery: Raising SigAbrt to debug the root cause - CameraId=0
01-01 01:00:26.674 14775 14879 I RecorderClient: ServiceDeathHandler Enter 
01-01 01:00:26.674   960   960 I ServiceManager: service 'qmmf_recorder.service' died
