01-01 03:09:23.865   809   809 D adsprpcd: /local/mnt/workspace/lnxbuild/project/trees_in_use/free_tree_dir/checkout/build-qti-distro-ubuntu-fullstack-perf/tmp-glibc/work/kalama-oe-linux/adsprpc/13.0-r1/adsprpc/src/adsp_default_listener.c:51::info: passed: NULL != name
01-01 03:09:23.865   809   809 D adsprpcd: /local/mnt/workspace/lnxbuild/project/trees_in_use/free_tree_dir/checkout/build-qti-distro-ubuntu-fullstack-perf/tmp-glibc/work/kalama-oe-linux/adsprpc/13.0-r1/adsprpc/src/adsp_default_listener.c:60:adsp_default_listener_start started
01-01 03:09:23.865   809   809 D adsprpcd: /local/mnt/workspace/lnxbuild/project/trees_in_use/free_tree_dir/checkout/build-qti-distro-ubuntu-fullstack-perf/tmp-glibc/work/kalama-oe-linux/adsprpc/13.0-r1/adsprpc/src/adsp_default_listener.c:61::info: calling: !setenv("ADSP_LISTENER_MEM_CACHE_SIZE", "1048576", 0)
01-01 03:09:23.865   809   809 D adsprpcd: /local/mnt/workspace/lnxbuild/project/trees_in_use/free_tree_dir/checkout/build-qti-distro-ubuntu-fullstack-perf/tmp-glibc/work/kalama-oe-linux/adsprpc/13.0-r1/adsprpc/src/adsp_default_listener.c:61::info: passed: !setenv("ADSP_LISTENER_MEM_CACHE_SIZE", "1048576", 0)
01-01 03:09:23.865   809   809 D adsprpcd: /local/mnt/workspace/lnxbuild/project/trees_in_use/free_tree_dir/checkout/build-qti-distro-ubuntu-fullstack-perf/tmp-glibc/work/kalama-oe-linux/adsprpc/13.0-r1/adsprpc/src/adsp_default_listener.c:62::info: calling: 0 == (nErr = remote_handle_open(name, &fd))
01-01 03:09:23.865   809   809 I adsprpcd: /local/mnt/workspace/lnxbuild/project/trees_in_use/free_tree_dir/checkout/build-qti-distro-ubuntu-fullstack-perf/tmp-glibc/work/kalama-oe-linux/adsprpc/13.0-r1/adsprpc/src/fastrpc_apps_user.c:1653: remote_handle_open: Successfully opened handle 0xffffffff for '":;./\createstaticpd:audiopd on domain 0 (spawn time 0 us, load time 0 us)
01-01 03:09:23.865   809   809 D adsprpcd: /local/mnt/workspace/lnxbuild/project/trees_in_use/free_tree_dir/checkout/build-qti-distro-ubuntu-fullstack-perf/tmp-glibc/work/kalama-oe-linux/adsprpc/13.0-r1/adsprpc/src/adsp_default_listener.c:62::info: passed: 0 == (nErr = remote_handle_open(name, &fd))
01-01 03:09:23.865   809   809 D adsprpcd: /local/mnt/workspace/lnxbuild/project/trees_in_use/free_tree_dir/checkout/build-qti-distro-ubuntu-fullstack-perf/tmp-glibc/work/kalama-oe-linux/adsprpc/13.0-r1/adsprpc/src/adsp_default_listener.c:63::info: calling: 0 == (nErr = remote_handle_open("adsp_default_listener", &listener_fd))
01-01 03:09:23.866  1470  1470 V SmcInvoke_TZCom: TZCom_getRootEnvObject return, ret=0
01-01 03:09:23.866  1330  1484 I sscrpcd : /local/mnt/workspace/lnxbuild/project/trees_in_use/free_tree_dir/checkout/build-qti-distro-ubuntu-fullstack-perf/tmp-glibc/work/kalama-oe-linux/adsprpc/13.0-r1/adsprpc/src/apps_std_imp.c:984: Successfully opened file /sys/devices/soc0/platform_subtype_id
01-01 03:09:23.866   809   809 I adsprpcd: /local/mnt/workspace/lnxbuild/project/trees_in_use/free_tree_dir/checkout/build-qti-distro-ubuntu-fullstack-perf/tmp-glibc/work/kalama-oe-linux/adsprpc/13.0-r1/adsprpc/src/fastrpc_apps_user.c:3427: close_device_node: closed dev 5 on domain 0
01-01 03:09:23.867  1330  1484 I sscrpcd : /local/mnt/workspace/lnxbuild/project/trees_in_use/free_tree_dir/checkout/build-qti-distro-ubuntu-fullstack-perf/tmp-glibc/work/kalama-oe-linux/adsprpc/13.0-r1/adsprpc/src/apps_std_imp.c:984: Successfully opened file /sys/devices/soc0/platform_version
01-01 03:09:23.868  1470  1470 V         : FdWrapper_new, me=0x559eb9f3d0, descriptor=20
01-01 03:09:23.868  1470  1470 V SmcInvoke_TZCom: TZCom_getRootEnvObject calling getSelfCreds
01-01 03:09:23.868  1470  1470 V SmcInvoke_TZCom: TZCom_getRootEnvObject calling CIO_open
01-01 03:09:23.868  1330  1484 I sscrpcd : /local/mnt/workspace/lnxbuild/project/trees_in_use/free_tree_dir/checkout/build-qti-distro-ubuntu-fullstack-perf/tmp-glibc/work/kalama-oe-linux/adsprpc/13.0-r1/adsprpc/src/apps_std_imp.c:984: Successfully opened file /sys/devices/soc0/platform_version
01-01 03:09:23.869  1470  1470 V SmcInvoke_TZCom: TZCom_getRootEnvObject calling IClientEnv_registerAsClient
01-01 03:09:23.870  1470  1470 V SmcInvoke_TZCom: TZCom_getRootEnvObject return, ret=0
01-01 03:09:23.870  1330  1484 I sscrpcd : /local/mnt/workspace/lnxbuild/project/trees_in_use/free_tree_dir/checkout/build-qti-distro-ubuntu-fullstack-perf/tmp-glibc/work/kalama-oe-linux/adsprpc/13.0-r1/adsprpc/src/apps_std_imp.c:984: Successfully opened file /sys/devices/soc0/soc_id
01-01 03:09:23.870  1470  1470 V         : FdWrapper_new, me=0x559eb9ff90, descriptor=25
01-01 03:09:23.871  1330  1484 I sscrpcd : /local/mnt/workspace/lnxbuild/project/trees_in_use/free_tree_dir/checkout/build-qti-distro-ubuntu-fullstack-perf/tmp-glibc/work/kalama-oe-linux/adsprpc/13.0-r1/adsprpc/src/apps_std_imp.c:984: Successfully opened file /sys/devices/soc0/soc_id
01-01 03:09:23.871   809   809 I adsprpcd: /local/mnt/workspace/lnxbuild/project/trees_in_use/free_tree_dir/checkout/build-qti-distro-ubuntu-fullstack-perf/tmp-glibc/work/kalama-oe-linux/adsprpc/13.0-r1/adsprpc/src/fastrpc_perf.c:273: fastrpc_perf_init: enabled systrace 0x0 and RPC traces (kernel 0, dsp 0) with frequency 1000
01-01 03:09:23.871   809  1504 I adsprpcd: /local/mnt/workspace/lnxbuild/project/trees_in_use/free_tree_dir/checkout/build-qti-distro-ubuntu-fullstack-perf/tmp-glibc/work/kalama-oe-linux/adsprpc/13.0-r1/adsprpc/src/log_config.c:348: file_watcher_thread starting for domain 0
01-01 03:09:23.871   809  1503 I adsprpcd: /local/mnt/workspace/lnxbuild/project/trees_in_use/free_tree_dir/checkout/build-qti-distro-ubuntu-fullstack-perf/tmp-glibc/work/kalama-oe-linux/adsprpc/13.0-r1/adsprpc/src/listener_android.c:116: listener thread starting
01-01 03:09:23.871   809   809 I adsprpcd: /local/mnt/workspace/lnxbuild/project/trees_in_use/free_tree_dir/checkout/build-qti-distro-ubuntu-fullstack-perf/tmp-glibc/work/kalama-oe-linux/adsprpc/13.0-r1/adsprpc/src/fastrpc_apps_user.c:1653: remote_handle_open: Successfully opened handle 0xb0797390 for adsp_default_listener on domain 0 (spawn time 0 us, load time 0 us)
01-01 03:09:23.871   809   809 D adsprpcd: /local/mnt/workspace/lnxbuild/project/trees_in_use/free_tree_dir/checkout/build-qti-distro-ubuntu-fullstack-perf/tmp-glibc/work/kalama-oe-linux/adsprpc/13.0-r1/adsprpc/src/adsp_default_listener.c:63::info: passed: 0 == (nErr = remote_handle_open("adsp_default_listener", &listener_fd))
01-01 03:09:23.871   809   809 D adsprpcd: /local/mnt/workspace/lnxbuild/project/trees_in_use/free_tree_dir/checkout/build-qti-distro-ubuntu-fullstack-perf/tmp-glibc/work/kalama-oe-linux/adsprpc/13.0-r1/adsprpc/src/adsp_default_listener.c:64::info: calling: 0 == (nErr = adsp_default_listener_register())
01-01 03:09:23.871   809  1504 W adsprpcd: /local/mnt/workspace/lnxbuild/project/trees_in_use/free_tree_dir/checkout/build-qti-distro-ubuntu-fullstack-perf/tmp-glibc/work/kalama-oe-linux/adsprpc/13.0-r1/adsprpc/src/log_config.c:358:file_watcher_thread: Couldn't find file adsprpcd.farf, errno (No such file or directory)
01-01 03:09:23.871  1470  1470 V SmcInvoke_TZCom: TZCom_getRootEnvObject calling getSelfCreds
01-01 03:09:23.871  1470  1470 V SmcInvoke_TZCom: TZCom_getRootEnvObject calling CIO_open
01-01 03:09:23.871  1470  1470 V SmcInvoke_TZCom: TZCom_getRootEnvObject calling IClientEnv_registerAsClient
01-01 03:09:23.871   809   809 I adsprpcd: /local/mnt/workspace/lnxbuild/project/trees_in_use/free_tree_dir/checkout/build-qti-distro-ubuntu-fullstack-perf/tmp-glibc/work/kalama-oe-linux/adsprpc/13.0-r1/adsprpc/src/fastrpc_apps_user.c:1653: remote_handle_open: Successfully opened handle 0xb07979b0 for adsp_default_listener on domain 0 (spawn time 0 us, load time 0 us)
01-01 03:09:23.872   809   809 D adsprpcd: /local/mnt/workspace/lnxbuild/project/trees_in_use/free_tree_dir/checkout/build-qti-distro-ubuntu-fullstack-perf/tmp-glibc/work/kalama-oe-linux/adsprpc/13.0-r1/adsprpc/src/adsp_default_listener.c:64::info: passed: 0 == (nErr = adsp_default_listener_register())
01-01 03:09:23.872   809   809 D adsprpcd: /local/mnt/workspace/lnxbuild/project/trees_in_use/free_tree_dir/checkout/build-qti-distro-ubuntu-fullstack-perf/tmp-glibc/work/kalama-oe-linux/adsprpc/13.0-r1/adsprpc/src/adsp_default_listener.c:65::info: calling: 0 == (nErr = remote_handle_open(ITRANSPORT_PREFIX "geteventfd", (remote_handle*)&pfd.fd))
01-01 03:09:23.872   809   809 I adsprpcd: /local/mnt/workspace/lnxbuild/project/trees_in_use/free_tree_dir/checkout/build-qti-distro-ubuntu-fullstack-perf/tmp-glibc/work/kalama-oe-linux/adsprpc/13.0-r1/adsprpc/src/fastrpc_apps_user.c:1653: remote_handle_open: Successfully opened handle 0x6 for '":;./\geteventfd on domain 0 (spawn time 0 us, load time 0 us)
01-01 03:09:23.872   809   809 D adsprpcd: /local/mnt/workspace/lnxbuild/project/trees_in_use/free_tree_dir/checkout/build-qti-distro-ubuntu-fullstack-perf/tmp-glibc/work/kalama-oe-linux/adsprpc/13.0-r1/adsprpc/src/adsp_default_listener.c:65::info: passed: 0 == (nErr = remote_handle_open(ITRANSPORT_PREFIX "geteventfd", (remote_handle*)&pfd.fd))
01-01 03:09:23.872   809   809 D adsprpcd: /local/mnt/workspace/lnxbuild/project/trees_in_use/free_tree_dir/checkout/build-qti-distro-ubuntu-fullstack-perf/tmp-glibc/work/kalama-oe-linux/adsprpc/13.0-r1/adsprpc/src/adsp_default_listener.c:72::info: calling: 0 < poll(&pfd, 1, -1)
01-01 03:09:23.872  1330  1484 I sscrpcd : /local/mnt/workspace/lnxbuild/project/trees_in_use/free_tree_dir/checkout/build-qti-distro-ubuntu-fullstack-perf/tmp-glibc/work/kalama-oe-linux/adsprpc/13.0-r1/adsprpc/src/apps_std_imp.c:984: Successfully opened file /sys/devices/soc0/revision
01-01 03:09:23.872  1470  1470 V SmcInvoke_TZCom: TZCom_getRootEnvObject return, ret=0
01-01 03:09:23.872   809  1503 I adsprpcd: /local/mnt/workspace/lnxbuild/project/trees_in_use/free_tree_dir/checkout/build-qti-distro-ubuntu-fullstack-perf/tmp-glibc/work/kalama-oe-linux/adsprpc/13.0-r1/adsprpc/src/mod_table.c:701: open_mod_table_open_from_static: reverse module apps_std opened with handle 0xa4af46f0 (idx 0)
01-01 03:09:23.872   809  1503 E adsprpcd: /local/mnt/workspace/lnxbuild/project/trees_in_use/free_tree_dir/checkout/build-qti-distro-ubuntu-fullstack-perf/tmp-glibc/work/kalama-oe-linux/adsprpc/13.0-r1/adsprpc/src/mod_table.c:858: Error 0x2: open_mod_table_handle_invoke failed for handle:0xa4af46f0, sc:0x13050100
01-01 03:09:23.873  1470  1470 V         : FdWrapper_new, me=0x559eba0ab0, descriptor=30
01-01 03:09:23.873  1330  1484 I sscrpcd : /local/mnt/workspace/lnxbuild/project/trees_in_use/free_tree_dir/checkout/build-qti-distro-ubuntu-fullstack-perf/tmp-glibc/work/kalama-oe-linux/adsprpc/13.0-r1/adsprpc/src/apps_std_imp.c:984: Successfully opened file /sys/devices/soc0/revision
01-01 03:09:23.874  1330  1484 I sscrpcd : /local/mnt/workspace/lnxbuild/project/trees_in_use/free_tree_dir/checkout/build-qti-distro-ubuntu-fullstack-perf/tmp-glibc/work/kalama-oe-linux/adsprpc/13.0-r1/adsprpc/src/apps_std_imp.c:984: Successfully opened file /data/persist/sensors/registry/registry
01-01 03:09:23.874  1330  1484 I sscrpcd : /local/mnt/workspace/lnxbuild/project/trees_in_use/free_tree_dir/checkout/build-qti-distro-ubuntu-fullstack-perf/tmp-glibc/work/kalama-oe-linux/adsprpc/13.0-r1/adsprpc/src/apps_std_imp.c:984: Successfully opened file /data/persist/sensors/registry/registry/../sns_reg_version
01-01 03:09:23.874  1330  1484 I sscrpcd : /local/mnt/workspace/lnxbuild/project/trees_in_use/free_tree_dir/checkout/build-qti-distro-ubuntu-fullstack-perf/tmp-glibc/work/kalama-oe-linux/adsprpc/13.0-r1/adsprpc/src/apps_std_imp.c:984: Successfully opened file /data/persist/sensors/registry/registry/../sns_reg_version
01-01 03:09:23.876  1330  1484 I sscrpcd : /local/mnt/workspace/lnxbuild/project/trees_in_use/free_tree_dir/checkout/build-qti-distro-ubuntu-fullstack-perf/tmp-glibc/work/kalama-oe-linux/adsprpc/13.0-r1/adsprpc/src/apps_std_imp.c:984: Successfully opened file /data/persist/sensors/registry/registry/sns_reg_config
01-01 03:09:23.877  1330  1484 I sscrpcd : /local/mnt/workspace/lnxbuild/project/trees_in_use/free_tree_dir/checkout/build-qti-distro-ubuntu-fullstack-perf/tmp-glibc/work/kalama-oe-linux/adsprpc/13.0-r1/adsprpc/src/apps_std_imp.c:984: Successfully opened file /data/persist/sensors/registry/registry/sns_reg_config
01-01 03:09:23.881  1330  1484 I sscrpcd : /local/mnt/workspace/lnxbuild/project/trees_in_use/free_tree_dir/checkout/build-qti-distro-ubuntu-fullstack-perf/tmp-glibc/work/kalama-oe-linux/adsprpc/13.0-r1/adsprpc/src/apps_std_imp.c:984: Successfully opened file /data/persist/sensors/registry/registry/default_sensors.accel.attr_0
01-01 03:09:23.882  1330  1484 I sscrpcd : /local/mnt/workspace/lnxbuild/project/trees_in_use/free_tree_dir/checkout/build-qti-distro-ubuntu-fullstack-perf/tmp-glibc/work/kalama-oe-linux/adsprpc/13.0-r1/adsprpc/src/apps_std_imp.c:984: Successfully opened file /data/persist/sensors/registry/registry/default_sensors.accel.attr_0
01-01 03:09:23.883  1330  1484 I sscrpcd : /local/mnt/workspace/lnxbuild/project/trees_in_use/free_tree_dir/checkout/build-qti-distro-ubuntu-fullstack-perf/tmp-glibc/work/kalama-oe-linux/adsprpc/13.0-r1/adsprpc/src/apps_std_imp.c:984: Successfully opened file /data/persist/sensors/registry/registry/default_sensors.accel
01-01 03:09:23.883  1330  1484 I sscrpcd : /local/mnt/workspace/lnxbuild/project/trees_in_use/free_tree_dir/checkout/build-qti-distro-ubuntu-fullstack-perf/tmp-glibc/work/kalama-oe-linux/adsprpc/13.0-r1/adsprpc/src/apps_std_imp.c:984: Successfully opened file /data/persist/sensors/registry/registry/default_sensors.accel
01-01 03:09:23.884  1330  1484 I sscrpcd : /local/mnt/workspace/lnxbuild/project/trees_in_use/free_tree_dir/checkout/build-qti-distro-ubuntu-fullstack-perf/tmp-glibc/work/kalama-oe-linux/adsprpc/13.0-r1/adsprpc/src/apps_std_imp.c:984: Successfully opened file /data/persist/sensors/registry/registry/default_sensors.gyro.attr_0
01-01 03:09:23.884  1330  1484 I sscrpcd : /local/mnt/workspace/lnxbuild/project/trees_in_use/free_tree_dir/checkout/build-qti-distro-ubuntu-fullstack-perf/tmp-glibc/work/kalama-oe-linux/adsprpc/13.0-r1/adsprpc/src/apps_std_imp.c:984: Successfully opened file /data/persist/sensors/registry/registry/default_sensors.gyro.attr_0
01-01 03:09:23.885  1330  1484 I sscrpcd : /local/mnt/workspace/lnxbuild/project/trees_in_use/free_tree_dir/checkout/build-qti-distro-ubuntu-fullstack-perf/tmp-glibc/work/kalama-oe-linux/adsprpc/13.0-r1/adsprpc/src/apps_std_imp.c:984: Successfully opened file /data/persist/sensors/registry/registry/default_sensors.gyro
01-01 03:09:23.885  1330  1484 I sscrpcd : /local/mnt/workspace/lnxbuild/project/trees_in_use/free_tree_dir/checkout/build-qti-distro-ubuntu-fullstack-perf/tmp-glibc/work/kalama-oe-linux/adsprpc/13.0-r1/adsprpc/src/apps_std_imp.c:984: Successfully opened file /data/persist/sensors/registry/registry/default_sensors.gyro
01-01 03:09:23.886  1330  1484 I sscrpcd : /local/mnt/workspace/lnxbuild/project/trees_in_use/free_tree_dir/checkout/build-qti-distro-ubuntu-fullstack-perf/tmp-glibc/work/kalama-oe-linux/adsprpc/13.0-r1/adsprpc/src/apps_std_imp.c:984: Successfully opened file /data/persist/sensors/registry/registry/default_sensors.mag.attr_0
01-01 03:09:23.886  1330  1484 I sscrpcd : /local/mnt/workspace/lnxbuild/project/trees_in_use/free_tree_dir/checkout/build-qti-distro-ubuntu-fullstack-perf/tmp-glibc/work/kalama-oe-linux/adsprpc/13.0-r1/adsprpc/src/apps_std_imp.c:984: Successfully opened file /data/persist/sensors/registry/registry/default_sensors.mag.attr_0
01-01 03:09:23.887  1330  1484 I sscrpcd : /local/mnt/workspace/lnxbuild/project/trees_in_use/free_tree_dir/checkout/build-qti-distro-ubuntu-fullstack-perf/tmp-glibc/work/kalama-oe-linux/adsprpc/13.0-r1/adsprpc/src/apps_std_imp.c:984: Successfully opened file /data/persist/sensors/registry/registry/default_sensors.mag
01-01 03:09:23.888  1330  1484 I sscrpcd : /local/mnt/workspace/lnxbuild/project/trees_in_use/free_tree_dir/checkout/build-qti-distro-ubuntu-fullstack-perf/tmp-glibc/work/kalama-oe-linux/adsprpc/13.0-r1/adsprpc/src/apps_std_imp.c:984: Successfully opened file /data/persist/sensors/registry/registry/default_sensors.mag
01-01 03:09:23.889  1330  1484 I sscrpcd : /local/mnt/workspace/lnxbuild/project/trees_in_use/free_tree_dir/checkout/build-qti-distro-ubuntu-fullstack-perf/tmp-glibc/work/kalama-oe-linux/adsprpc/13.0-r1/adsprpc/src/apps_std_imp.c:984: Successfully opened file /data/persist/sensors/registry/registry/default_sensors.motion_detect.attr_0
01-01 03:09:23.889  1330  1484 I sscrpcd : /local/mnt/workspace/lnxbuild/project/trees_in_use/free_tree_dir/checkout/build-qti-distro-ubuntu-fullstack-perf/tmp-glibc/work/kalama-oe-linux/adsprpc/13.0-r1/adsprpc/src/apps_std_imp.c:984: Successfully opened file /data/persist/sensors/registry/registry/default_sensors.motion_detect.attr_0
01-01 03:09:23.890  1330  1484 I sscrpcd : /local/mnt/workspace/lnxbuild/project/trees_in_use/free_tree_dir/checkout/build-qti-distro-ubuntu-fullstack-perf/tmp-glibc/work/kalama-oe-linux/adsprpc/13.0-r1/adsprpc/src/apps_std_imp.c:984: Successfully opened file /data/persist/sensors/registry/registry/default_sensors.motion_detect
01-01 03:09:23.900  1330  1484 I sscrpcd : /local/mnt/workspace/lnxbuild/project/trees_in_use/free_tree_dir/checkout/build-qti-distro-ubuntu-fullstack-perf/tmp-glibc/work/kalama-oe-linux/adsprpc/13.0-r1/adsprpc/src/apps_std_imp.c:984: Successfully opened file /data/persist/sensors/registry/registry/default_sensors.motion_detect
01-01 03:09:23.910  1330  1484 I sscrpcd : /local/mnt/workspace/lnxbuild/project/trees_in_use/free_tree_dir/checkout/build-qti-distro-ubuntu-fullstack-perf/tmp-glibc/work/kalama-oe-linux/adsprpc/13.0-r1/adsprpc/src/apps_std_imp.c:984: Successfully opened file /data/persist/sensors/registry/registry/default_sensors.sensor_temperature.attr_0
01-01 03:09:23.910  1330  1484 I sscrpcd : /local/mnt/workspace/lnxbuild/project/trees_in_use/free_tree_dir/checkout/build-qti-distro-ubuntu-fullstack-perf/tmp-glibc/work/kalama-oe-linux/adsprpc/13.0-r1/adsprpc/src/apps_std_imp.c:984: Successfully opened file /data/persist/sensors/registry/registry/default_sensors.sensor_temperature.attr_0
01-01 03:09:23.912  1330  1484 I sscrpcd : /local/mnt/workspace/lnxbuild/project/trees_in_use/free_tree_dir/checkout/build-qti-distro-ubuntu-fullstack-perf/tmp-glibc/work/kalama-oe-linux/adsprpc/13.0-r1/adsprpc/src/apps_std_imp.c:984: Successfully opened file /data/persist/sensors/registry/registry/default_sensors.sensor_temperature.attr_1
01-01 03:09:23.913  1330  1484 I sscrpcd : /local/mnt/workspace/lnxbuild/project/trees_in_use/free_tree_dir/checkout/build-qti-distro-ubuntu-fullstack-perf/tmp-glibc/work/kalama-oe-linux/adsprpc/13.0-r1/adsprpc/src/apps_std_imp.c:984: Successfully opened file /data/persist/sensors/registry/registry/default_sensors.sensor_temperature.attr_1
01-01 03:09:23.914  1330  1484 I sscrpcd : /local/mnt/workspace/lnxbuild/project/trees_in_use/free_tree_dir/checkout/build-qti-distro-ubuntu-fullstack-perf/tmp-glibc/work/kalama-oe-linux/adsprpc/13.0-r1/adsprpc/src/apps_std_imp.c:984: Successfully opened file /data/persist/sensors/registry/registry/default_sensors.sensor_temperature
01-01 03:09:23.914  1330  1484 I sscrpcd : /local/mnt/workspace/lnxbuild/project/trees_in_use/free_tree_dir/checkout/build-qti-distro-ubuntu-fullstack-perf/tmp-glibc/work/kalama-oe-linux/adsprpc/13.0-r1/adsprpc/src/apps_std_imp.c:984: Successfully opened file /data/persist/sensors/registry/registry/default_sensors.sensor_temperature
01-01 03:09:23.915  1514  1514 V SmcInvoke_TZCom: TZCom_getRootEnvObject calling getSelfCreds
01-01 03:09:23.915  1514  1514 V SmcInvoke_TZCom: TZCom_getRootEnvObject calling CIO_open
01-01 03:09:23.915  1514  1514 V SmcInvoke_TZCom: TZCom_getRootEnvObject calling IClientEnv_registerAsClient
01-01 03:09:23.916  1514  1514 V SmcInvoke_TZCom: TZCom_getRootEnvObject return, ret=0
01-01 03:09:23.916  1330  1484 I sscrpcd : /local/mnt/workspace/lnxbuild/project/trees_in_use/free_tree_dir/checkout/build-qti-distro-ubuntu-fullstack-perf/tmp-glibc/work/kalama-oe-linux/adsprpc/13.0-r1/adsprpc/src/apps_std_imp.c:984: Successfully opened file /data/persist/sensors/registry/registry/default_sensors.proximity.attr_0
01-01 03:09:23.916  1514  1514 E qwes    : Failed to stat /etc/qwesd.rc
01-01 03:09:23.916  1514  1514 E qwesd   : isLegacy 0
01-01 03:09:23.916  1330  1484 I sscrpcd : /local/mnt/workspace/lnxbuild/project/trees_in_use/free_tree_dir/checkout/build-qti-distro-ubuntu-fullstack-perf/tmp-glibc/work/kalama-oe-linux/adsprpc/13.0-r1/adsprpc/src/apps_std_imp.c:984: Successfully opened file /data/persist/sensors/registry/registry/default_sensors.proximity.attr_0
01-01 03:09:23.917  1514  1514 V SmcInvoke_TZCom: TZCom_getRootEnvObject calling getSelfCreds
01-01 03:09:23.917  1514  1514 V SmcInvoke_TZCom: TZCom_getRootEnvObject calling CIO_open
01-01 03:09:23.917  1514  1514 V SmcInvoke_TZCom: TZCom_getRootEnvObject calling IClientEnv_registerAsClient
01-01 03:09:23.917  1330  1484 I sscrpcd : /local/mnt/workspace/lnxbuild/project/trees_in_use/free_tree_dir/checkout/build-qti-distro-ubuntu-fullstack-perf/tmp-glibc/work/kalama-oe-linux/adsprpc/13.0-r1/adsprpc/src/apps_std_imp.c:984: Successfully opened file /data/persist/sensors/registry/registry/default_sensors.proximity
01-01 03:09:23.917  1330  1484 I sscrpcd : /local/mnt/workspace/lnxbuild/project/trees_in_use/free_tree_dir/checkout/build-qti-distro-ubuntu-fullstack-perf/tmp-glibc/work/kalama-oe-linux/adsprpc/13.0-r1/adsprpc/src/apps_std_imp.c:984: Successfully opened file /data/persist/sensors/registry/registry/default_sensors.proximity
01-01 03:09:23.917  1514  1514 V SmcInvoke_TZCom: TZCom_getRootEnvObject return, ret=0
01-01 03:09:23.929  1330  1484 I sscrpcd : /local/mnt/workspace/lnxbuild/project/trees_in_use/free_tree_dir/checkout/build-qti-distro-ubuntu-fullstack-perf/tmp-glibc/work/kalama-oe-linux/adsprpc/13.0-r1/adsprpc/src/apps_std_imp.c:984: Successfully opened file /data/persist/sensors/registry/registry/default_sensors.ambient_light.attr_0
01-01 03:09:23.929  1330  1484 I sscrpcd : /local/mnt/workspace/lnxbuild/project/trees_in_use/free_tree_dir/checkout/build-qti-distro-ubuntu-fullstack-perf/tmp-glibc/work/kalama-oe-linux/adsprpc/13.0-r1/adsprpc/src/apps_std_imp.c:984: Successfully opened file /data/persist/sensors/registry/registry/default_sensors.ambient_light.attr_0
01-01 03:09:23.931  1330  1484 I sscrpcd : /local/mnt/workspace/lnxbuild/project/trees_in_use/free_tree_dir/checkout/build-qti-distro-ubuntu-fullstack-perf/tmp-glibc/work/kalama-oe-linux/adsprpc/13.0-r1/adsprpc/src/apps_std_imp.c:984: Successfully opened file /data/persist/sensors/registry/registry/default_sensors.ambient_light
01-01 03:09:23.932  1330  1484 I sscrpcd : /local/mnt/workspace/lnxbuild/project/trees_in_use/free_tree_dir/checkout/build-qti-distro-ubuntu-fullstack-perf/tmp-glibc/work/kalama-oe-linux/adsprpc/13.0-r1/adsprpc/src/apps_std_imp.c:984: Successfully opened file /data/persist/sensors/registry/registry/default_sensors.ambient_light
01-01 03:09:23.935  1330  1484 I sscrpcd : /local/mnt/workspace/lnxbuild/project/trees_in_use/free_tree_dir/checkout/build-qti-distro-ubuntu-fullstack-perf/tmp-glibc/work/kalama-oe-linux/adsprpc/13.0-r1/adsprpc/src/apps_std_imp.c:984: Successfully opened file /data/persist/sensors/registry/registry/default_sensors.sar.attr_0
01-01 03:09:23.935  1330  1484 I sscrpcd : /local/mnt/workspace/lnxbuild/project/trees_in_use/free_tree_dir/checkout/build-qti-distro-ubuntu-fullstack-perf/tmp-glibc/work/kalama-oe-linux/adsprpc/13.0-r1/adsprpc/src/apps_std_imp.c:984: Successfully opened file /data/persist/sensors/registry/registry/default_sensors.sar.attr_0
01-01 03:09:23.937  1330  1484 I sscrpcd : /local/mnt/workspace/lnxbuild/project/trees_in_use/free_tree_dir/checkout/build-qti-distro-ubuntu-fullstack-perf/tmp-glibc/work/kalama-oe-linux/adsprpc/13.0-r1/adsprpc/src/apps_std_imp.c:984: Successfully opened file /data/persist/sensors/registry/registry/default_sensors.sar
01-01 03:09:23.937  1330  1484 I sscrpcd : /local/mnt/workspace/lnxbuild/project/trees_in_use/free_tree_dir/checkout/build-qti-distro-ubuntu-fullstack-perf/tmp-glibc/work/kalama-oe-linux/adsprpc/13.0-r1/adsprpc/src/apps_std_imp.c:984: Successfully opened file /data/persist/sensors/registry/registry/default_sensors.sar
01-01 03:09:23.939  1330  1484 I sscrpcd : /local/mnt/workspace/lnxbuild/project/trees_in_use/free_tree_dir/checkout/build-qti-distro-ubuntu-fullstack-perf/tmp-glibc/work/kalama-oe-linux/adsprpc/13.0-r1/adsprpc/src/apps_std_imp.c:984: Successfully opened file /data/persist/sensors/registry/registry/default_sensors.accel_cal.attr_0
01-01 03:09:23.940  1330  1484 I sscrpcd : /local/mnt/workspace/lnxbuild/project/trees_in_use/free_tree_dir/checkout/build-qti-distro-ubuntu-fullstack-perf/tmp-glibc/work/kalama-oe-linux/adsprpc/13.0-r1/adsprpc/src/apps_std_imp.c:984: Successfully opened file /data/persist/sensors/registry/registry/default_sensors.accel_cal.attr_0
01-01 03:09:23.940  1330  1484 I sscrpcd : /local/mnt/workspace/lnxbuild/project/trees_in_use/free_tree_dir/checkout/build-qti-distro-ubuntu-fullstack-perf/tmp-glibc/work/kalama-oe-linux/adsprpc/13.0-r1/adsprpc/src/apps_std_imp.c:984: Successfully opened file /data/persist/sensors/registry/registry/default_sensors.accel_cal
01-01 03:09:23.941  1330  1484 I sscrpcd : /local/mnt/workspace/lnxbuild/project/trees_in_use/free_tree_dir/checkout/build-qti-distro-ubuntu-fullstack-perf/tmp-glibc/work/kalama-oe-linux/adsprpc/13.0-r1/adsprpc/src/apps_std_imp.c:984: Successfully opened file /data/persist/sensors/registry/registry/default_sensors.accel_cal
01-01 03:09:23.941  1330  1484 I sscrpcd : /local/mnt/workspace/lnxbuild/project/trees_in_use/free_tree_dir/checkout/build-qti-distro-ubuntu-fullstack-perf/tmp-glibc/work/kalama-oe-linux/adsprpc/13.0-r1/adsprpc/src/apps_std_imp.c:984: Successfully opened file /data/persist/sensors/registry/registry/default_sensors.gyro_cal.attr_0
01-01 03:09:23.942  1330  1484 I sscrpcd : /local/mnt/workspace/lnxbuild/project/trees_in_use/free_tree_dir/checkout/build-qti-distro-ubuntu-fullstack-perf/tmp-glibc/work/kalama-oe-linux/adsprpc/13.0-r1/adsprpc/src/apps_std_imp.c:984: Successfully opened file /data/persist/sensors/registry/registry/default_sensors.gyro_cal.attr_0
01-01 03:09:23.942  1330  1484 I sscrpcd : /local/mnt/workspace/lnxbuild/project/trees_in_use/free_tree_dir/checkout/build-qti-distro-ubuntu-fullstack-perf/tmp-glibc/work/kalama-oe-linux/adsprpc/13.0-r1/adsprpc/src/apps_std_imp.c:984: Successfully opened file /data/persist/sensors/registry/registry/default_sensors.gyro_cal
01-01 03:09:23.943  1330  1484 I sscrpcd : /local/mnt/workspace/lnxbuild/project/trees_in_use/free_tree_dir/checkout/build-qti-distro-ubuntu-fullstack-perf/tmp-glibc/work/kalama-oe-linux/adsprpc/13.0-r1/adsprpc/src/apps_std_imp.c:984: Successfully opened file /data/persist/sensors/registry/registry/default_sensors.gyro_cal
01-01 03:09:23.950  1330  1484 I sscrpcd : /local/mnt/workspace/lnxbuild/project/trees_in_use/free_tree_dir/checkout/build-qti-distro-ubuntu-fullstack-perf/tmp-glibc/work/kalama-oe-linux/adsprpc/13.0-r1/adsprpc/src/apps_std_imp.c:984: Successfully opened file /data/persist/sensors/registry/registry/default_sensors.mag_cal.attr_0
01-01 03:09:23.950  1330  1484 I sscrpcd : /local/mnt/workspace/lnxbuild/project/trees_in_use/free_tree_dir/checkout/build-qti-distro-ubuntu-fullstack-perf/tmp-glibc/work/kalama-oe-linux/adsprpc/13.0-r1/adsprpc/src/apps_std_imp.c:984: Successfully opened file /data/persist/sensors/registry/registry/default_sensors.mag_cal.attr_0
01-01 03:09:23.952  1330  1484 I sscrpcd : /local/mnt/workspace/lnxbuild/project/trees_in_use/free_tree_dir/checkout/build-qti-distro-ubuntu-fullstack-perf/tmp-glibc/work/kalama-oe-linux/adsprpc/13.0-r1/adsprpc/src/apps_std_imp.c:984: Successfully opened file /data/persist/sensors/registry/registry/default_sensors.mag_cal
01-01 03:09:23.952  1330  1484 I sscrpcd : /local/mnt/workspace/lnxbuild/project/trees_in_use/free_tree_dir/checkout/build-qti-distro-ubuntu-fullstack-perf/tmp-glibc/work/kalama-oe-linux/adsprpc/13.0-r1/adsprpc/src/apps_std_imp.c:984: Successfully opened file /data/persist/sensors/registry/registry/default_sensors.mag_cal
01-01 03:09:23.953  1330  1484 I sscrpcd : /local/mnt/workspace/lnxbuild/project/trees_in_use/free_tree_dir/checkout/build-qti-distro-ubuntu-fullstack-perf/tmp-glibc/work/kalama-oe-linux/adsprpc/13.0-r1/adsprpc/src/apps_std_imp.c:984: Successfully opened file /data/persist/sensors/registry/registry/default_sensors.amd.attr_0
01-01 03:09:23.953  1330  1484 I sscrpcd : /local/mnt/workspace/lnxbuild/project/trees_in_use/free_tree_dir/checkout/build-qti-distro-ubuntu-fullstack-perf/tmp-glibc/work/kalama-oe-linux/adsprpc/13.0-r1/adsprpc/src/apps_std_imp.c:984: Successfully opened file /data/persist/sensors/registry/registry/default_sensors.amd.attr_0
01-01 03:09:23.954  1330  1484 I sscrpcd : /local/mnt/workspace/lnxbuild/project/trees_in_use/free_tree_dir/checkout/build-qti-distro-ubuntu-fullstack-perf/tmp-glibc/work/kalama-oe-linux/adsprpc/13.0-r1/adsprpc/src/apps_std_imp.c:984: Successfully opened file /data/persist/sensors/registry/registry/default_sensors.amd
01-01 03:09:23.955  1330  1484 I sscrpcd : /local/mnt/workspace/lnxbuild/project/trees_in_use/free_tree_dir/checkout/build-qti-distro-ubuntu-fullstack-perf/tmp-glibc/work/kalama-oe-linux/adsprpc/13.0-r1/adsprpc/src/apps_std_imp.c:984: Successfully opened file /data/persist/sensors/registry/registry/default_sensors.amd
01-01 03:09:23.955  1330  1484 I sscrpcd : /local/mnt/workspace/lnxbuild/project/trees_in_use/free_tree_dir/checkout/build-qti-distro-ubuntu-fullstack-perf/tmp-glibc/work/kalama-oe-linux/adsprpc/13.0-r1/adsprpc/src/apps_std_imp.c:984: Successfully opened file /data/persist/sensors/registry/registry/default_sensors.tilt.attr_0
01-01 03:09:23.956  1330  1484 I sscrpcd : /local/mnt/workspace/lnxbuild/project/trees_in_use/free_tree_dir/checkout/build-qti-distro-ubuntu-fullstack-perf/tmp-glibc/work/kalama-oe-linux/adsprpc/13.0-r1/adsprpc/src/apps_std_imp.c:984: Successfully opened file /data/persist/sensors/registry/registry/default_sensors.tilt.attr_0
01-01 03:09:23.957  1330  1484 I sscrpcd : /local/mnt/workspace/lnxbuild/project/trees_in_use/free_tree_dir/checkout/build-qti-distro-ubuntu-fullstack-perf/tmp-glibc/work/kalama-oe-linux/adsprpc/13.0-r1/adsprpc/src/apps_std_imp.c:984: Successfully opened file /data/persist/sensors/registry/registry/default_sensors.tilt
01-01 03:09:23.957  1330  1484 I sscrpcd : /local/mnt/workspace/lnxbuild/project/trees_in_use/free_tree_dir/checkout/build-qti-distro-ubuntu-fullstack-perf/tmp-glibc/work/kalama-oe-linux/adsprpc/13.0-r1/adsprpc/src/apps_std_imp.c:984: Successfully opened file /data/persist/sensors/registry/registry/default_sensors.tilt
01-01 03:09:23.958  1330  1484 I sscrpcd : /local/mnt/workspace/lnxbuild/project/trees_in_use/free_tree_dir/checkout/build-qti-distro-ubuntu-fullstack-perf/tmp-glibc/work/kalama-oe-linux/adsprpc/13.0-r1/adsprpc/src/apps_std_imp.c:984: Successfully opened file /data/persist/sensors/registry/registry/default_sensors.gyro_rot_matrix.attr_0
01-01 03:09:23.958  1330  1484 I sscrpcd : /local/mnt/workspace/lnxbuild/project/trees_in_use/free_tree_dir/checkout/build-qti-distro-ubuntu-fullstack-perf/tmp-glibc/work/kalama-oe-linux/adsprpc/13.0-r1/adsprpc/src/apps_std_imp.c:984: Successfully opened file /data/persist/sensors/registry/registry/default_sensors.gyro_rot_matrix.attr_0
01-01 03:09:23.970  1330  1484 I sscrpcd : /local/mnt/workspace/lnxbuild/project/trees_in_use/free_tree_dir/checkout/build-qti-distro-ubuntu-fullstack-perf/tmp-glibc/work/kalama-oe-linux/adsprpc/13.0-r1/adsprpc/src/apps_std_imp.c:984: Successfully opened file /data/persist/sensors/registry/registry/default_sensors.gyro_rot_matrix
01-01 03:09:23.970  1330  1484 I sscrpcd : /local/mnt/workspace/lnxbuild/project/trees_in_use/free_tree_dir/checkout/build-qti-distro-ubuntu-fullstack-perf/tmp-glibc/work/kalama-oe-linux/adsprpc/13.0-r1/adsprpc/src/apps_std_imp.c:984: Successfully opened file /data/persist/sensors/registry/registry/default_sensors.gyro_rot_matrix
01-01 03:09:23.973  1330  1484 I sscrpcd : /local/mnt/workspace/lnxbuild/project/trees_in_use/free_tree_dir/checkout/build-qti-distro-ubuntu-fullstack-perf/tmp-glibc/work/kalama-oe-linux/adsprpc/13.0-r1/adsprpc/src/apps_std_imp.c:984: Successfully opened file /data/persist/sensors/registry/registry/default_sensors.gravity.attr_0
01-01 03:09:23.973  1330  1484 I sscrpcd : /local/mnt/workspace/lnxbuild/project/trees_in_use/free_tree_dir/checkout/build-qti-distro-ubuntu-fullstack-perf/tmp-glibc/work/kalama-oe-linux/adsprpc/13.0-r1/adsprpc/src/apps_std_imp.c:984: Successfully opened file /data/persist/sensors/registry/registry/default_sensors.gravity.attr_0
01-01 03:09:23.974  1330  1484 I sscrpcd : /local/mnt/workspace/lnxbuild/project/trees_in_use/free_tree_dir/checkout/build-qti-distro-ubuntu-fullstack-perf/tmp-glibc/work/kalama-oe-linux/adsprpc/13.0-r1/adsprpc/src/apps_std_imp.c:984: Successfully opened file /data/persist/sensors/registry/registry/default_sensors.gravity
01-01 03:09:23.974  1330  1484 I sscrpcd : /local/mnt/workspace/lnxbuild/project/trees_in_use/free_tree_dir/checkout/build-qti-distro-ubuntu-fullstack-perf/tmp-glibc/work/kalama-oe-linux/adsprpc/13.0-r1/adsprpc/src/apps_std_imp.c:984: Successfully opened file /data/persist/sensors/registry/registry/default_sensors.gravity
01-01 03:09:23.975  1330  1484 I sscrpcd : /local/mnt/workspace/lnxbuild/project/trees_in_use/free_tree_dir/checkout/build-qti-distro-ubuntu-fullstack-perf/tmp-glibc/work/kalama-oe-linux/adsprpc/13.0-r1/adsprpc/src/apps_std_imp.c:984: Successfully opened file /data/persist/sensors/registry/registry/default_sensors.game_rv.attr_0
01-01 03:09:23.975  1330  1484 I sscrpcd : /local/mnt/workspace/lnxbuild/project/trees_in_use/free_tree_dir/checkout/build-qti-distro-ubuntu-fullstack-perf/tmp-glibc/work/kalama-oe-linux/adsprpc/13.0-r1/adsprpc/src/apps_std_imp.c:984: Successfully opened file /data/persist/sensors/registry/registry/default_sensors.game_rv.attr_0
01-01 03:09:23.976  1330  1484 I sscrpcd : /local/mnt/workspace/lnxbuild/project/trees_in_use/free_tree_dir/checkout/build-qti-distro-ubuntu-fullstack-perf/tmp-glibc/work/kalama-oe-linux/adsprpc/13.0-r1/adsprpc/src/apps_std_imp.c:984: Successfully opened file /data/persist/sensors/registry/registry/default_sensors.game_rv
01-01 03:09:23.976  1330  1484 I sscrpcd : /local/mnt/workspace/lnxbuild/project/trees_in_use/free_tree_dir/checkout/build-qti-distro-ubuntu-fullstack-perf/tmp-glibc/work/kalama-oe-linux/adsprpc/13.0-r1/adsprpc/src/apps_std_imp.c:984: Successfully opened file /data/persist/sensors/registry/registry/default_sensors.game_rv
01-01 03:09:23.977  1330  1484 I sscrpcd : /local/mnt/workspace/lnxbuild/project/trees_in_use/free_tree_dir/checkout/build-qti-distro-ubuntu-fullstack-perf/tmp-glibc/work/kalama-oe-linux/adsprpc/13.0-r1/adsprpc/src/apps_std_imp.c:984: Successfully opened file /data/persist/sensors/registry/registry/default_sensors.geomag_rv.attr_0
01-01 03:09:23.978  1330  1484 I sscrpcd : /local/mnt/workspace/lnxbuild/project/trees_in_use/free_tree_dir/checkout/build-qti-distro-ubuntu-fullstack-perf/tmp-glibc/work/kalama-oe-linux/adsprpc/13.0-r1/adsprpc/src/apps_std_imp.c:984: Successfully opened file /data/persist/sensors/registry/registry/default_sensors.geomag_rv.attr_0
01-01 03:09:23.979  1330  1484 I sscrpcd : /local/mnt/workspace/lnxbuild/project/trees_in_use/free_tree_dir/checkout/build-qti-distro-ubuntu-fullstack-perf/tmp-glibc/work/kalama-oe-linux/adsprpc/13.0-r1/adsprpc/src/apps_std_imp.c:984: Successfully opened file /data/persist/sensors/registry/registry/default_sensors.geomag_rv
01-01 03:09:23.979  1330  1484 I sscrpcd : /local/mnt/workspace/lnxbuild/project/trees_in_use/free_tree_dir/checkout/build-qti-distro-ubuntu-fullstack-perf/tmp-glibc/work/kalama-oe-linux/adsprpc/13.0-r1/adsprpc/src/apps_std_imp.c:984: Successfully opened file /data/persist/sensors/registry/registry/default_sensors.geomag_rv
01-01 03:09:23.980  1330  1484 I sscrpcd : /local/mnt/workspace/lnxbuild/project/trees_in_use/free_tree_dir/checkout/build-qti-distro-ubuntu-fullstack-perf/tmp-glibc/work/kalama-oe-linux/adsprpc/13.0-r1/adsprpc/src/apps_std_imp.c:984: Successfully opened file /data/persist/sensors/registry/registry/default_sensors.fmv.attr_0
01-01 03:09:23.981  1330  1484 I sscrpcd : /local/mnt/workspace/lnxbuild/project/trees_in_use/free_tree_dir/checkout/build-qti-distro-ubuntu-fullstack-perf/tmp-glibc/work/kalama-oe-linux/adsprpc/13.0-r1/adsprpc/src/apps_std_imp.c:984: Successfully opened file /data/persist/sensors/registry/registry/default_sensors.fmv.attr_0
01-01 03:09:23.987  1330  1484 I sscrpcd : /local/mnt/workspace/lnxbuild/project/trees_in_use/free_tree_dir/checkout/build-qti-distro-ubuntu-fullstack-perf/tmp-glibc/work/kalama-oe-linux/adsprpc/13.0-r1/adsprpc/src/apps_std_imp.c:984: Successfully opened file /data/persist/sensors/registry/registry/default_sensors.fmv
01-01 03:09:23.987  1330  1484 I sscrpcd : /local/mnt/workspace/lnxbuild/project/trees_in_use/free_tree_dir/checkout/build-qti-distro-ubuntu-fullstack-perf/tmp-glibc/work/kalama-oe-linux/adsprpc/13.0-r1/adsprpc/src/apps_std_imp.c:984: Successfully opened file /data/persist/sensors/registry/registry/default_sensors.fmv
01-01 03:09:23.989  1330  1484 I sscrpcd : /local/mnt/workspace/lnxbuild/project/trees_in_use/free_tree_dir/checkout/build-qti-distro-ubuntu-fullstack-perf/tmp-glibc/work/kalama-oe-linux/adsprpc/13.0-r1/adsprpc/src/apps_std_imp.c:984: Successfully opened file /data/persist/sensors/registry/registry/default_sensors.rotv.attr_0
01-01 03:09:23.989  1330  1484 I sscrpcd : /local/mnt/workspace/lnxbuild/project/trees_in_use/free_tree_dir/checkout/build-qti-distro-ubuntu-fullstack-perf/tmp-glibc/work/kalama-oe-linux/adsprpc/13.0-r1/adsprpc/src/apps_std_imp.c:984: Successfully opened file /data/persist/sensors/registry/registry/default_sensors.rotv.attr_0
01-01 03:09:23.990  1330  1484 I sscrpcd : /local/mnt/workspace/lnxbuild/project/trees_in_use/free_tree_dir/checkout/build-qti-distro-ubuntu-fullstack-perf/tmp-glibc/work/kalama-oe-linux/adsprpc/13.0-r1/adsprpc/src/apps_std_imp.c:984: Successfully opened file /data/persist/sensors/registry/registry/default_sensors.rotv
01-01 03:09:23.990  1330  1484 I sscrpcd : /local/mnt/workspace/lnxbuild/project/trees_in_use/free_tree_dir/checkout/build-qti-distro-ubuntu-fullstack-perf/tmp-glibc/work/kalama-oe-linux/adsprpc/13.0-r1/adsprpc/src/apps_std_imp.c:984: Successfully opened file /data/persist/sensors/registry/registry/default_sensors.rotv
01-01 03:09:23.991  1330  1484 I sscrpcd : /local/mnt/workspace/lnxbuild/project/trees_in_use/free_tree_dir/checkout/build-qti-distro-ubuntu-fullstack-perf/tmp-glibc/work/kalama-oe-linux/adsprpc/13.0-r1/adsprpc/src/apps_std_imp.c:984: Successfully opened file /data/persist/sensors/registry/registry/default_sensors
01-01 03:09:23.991  1330  1484 I sscrpcd : /local/mnt/workspace/lnxbuild/project/trees_in_use/free_tree_dir/checkout/build-qti-distro-ubuntu-fullstack-perf/tmp-glibc/work/kalama-oe-linux/adsprpc/13.0-r1/adsprpc/src/apps_std_imp.c:984: Successfully opened file /data/persist/sensors/registry/registry/default_sensors
01-01 03:09:23.993  1330  1484 I sscrpcd : /local/mnt/workspace/lnxbuild/project/trees_in_use/free_tree_dir/checkout/build-qti-distro-ubuntu-fullstack-perf/tmp-glibc/work/kalama-oe-linux/adsprpc/13.0-r1/adsprpc/src/apps_std_imp.c:984: Successfully opened file /data/persist/sensors/registry/registry/sns_dynamic_libraries.dyn_lib_1
01-01 03:09:23.993  1330  1484 I sscrpcd : /local/mnt/workspace/lnxbuild/project/trees_in_use/free_tree_dir/checkout/build-qti-distro-ubuntu-fullstack-perf/tmp-glibc/work/kalama-oe-linux/adsprpc/13.0-r1/adsprpc/src/apps_std_imp.c:984: Successfully opened file /data/persist/sensors/registry/registry/sns_dynamic_libraries.dyn_lib_1
01-01 03:09:23.994  1330  1484 I sscrpcd : /local/mnt/workspace/lnxbuild/project/trees_in_use/free_tree_dir/checkout/build-qti-distro-ubuntu-fullstack-perf/tmp-glibc/work/kalama-oe-linux/adsprpc/13.0-r1/adsprpc/src/apps_std_imp.c:984: Successfully opened file /data/persist/sensors/registry/registry/sns_dynamic_libraries
01-01 03:09:23.994  1330  1484 I sscrpcd : /local/mnt/workspace/lnxbuild/project/trees_in_use/free_tree_dir/checkout/build-qti-distro-ubuntu-fullstack-perf/tmp-glibc/work/kalama-oe-linux/adsprpc/13.0-r1/adsprpc/src/apps_std_imp.c:984: Successfully opened file /data/persist/sensors/registry/registry/sns_dynamic_libraries
01-01 03:09:23.995  1330  1484 I sscrpcd : /local/mnt/workspace/lnxbuild/project/trees_in_use/free_tree_dir/checkout/build-qti-distro-ubuntu-fullstack-perf/tmp-glibc/work/kalama-oe-linux/adsprpc/13.0-r1/adsprpc/src/apps_std_imp.c:984: Successfully opened file /data/persist/sensors/registry/registry/ak0991x_0_platform.config
01-01 03:09:23.995  1330  1484 I sscrpcd : /local/mnt/workspace/lnxbuild/project/trees_in_use/free_tree_dir/checkout/build-qti-distro-ubuntu-fullstack-perf/tmp-glibc/work/kalama-oe-linux/adsprpc/13.0-r1/adsprpc/src/apps_std_imp.c:984: Successfully opened file /data/persist/sensors/registry/registry/ak0991x_0_platform.config
01-01 03:09:23.996  1330  1484 I sscrpcd : /local/mnt/workspace/lnxbuild/project/trees_in_use/free_tree_dir/checkout/build-qti-distro-ubuntu-fullstack-perf/tmp-glibc/work/kalama-oe-linux/adsprpc/13.0-r1/adsprpc/src/apps_std_imp.c:984: Successfully opened file /data/persist/sensors/registry/registry/ak0991x_0_platform.placement
01-01 03:09:23.996  1330  1484 I sscrpcd : /local/mnt/workspace/lnxbuild/project/trees_in_use/free_tree_dir/checkout/build-qti-distro-ubuntu-fullstack-perf/tmp-glibc/work/kalama-oe-linux/adsprpc/13.0-r1/adsprpc/src/apps_std_imp.c:984: Successfully opened file /data/persist/sensors/registry/registry/ak0991x_0_platform.placement
01-01 03:09:23.997  1330  1484 I sscrpcd : /local/mnt/workspace/lnxbuild/project/trees_in_use/free_tree_dir/checkout/build-qti-distro-ubuntu-fullstack-perf/tmp-glibc/work/kalama-oe-linux/adsprpc/13.0-r1/adsprpc/src/apps_std_imp.c:984: Successfully opened file /data/persist/sensors/registry/registry/ak0991x_0_platform
01-01 03:09:23.998  1330  1484 I sscrpcd : /local/mnt/workspace/lnxbuild/project/trees_in_use/free_tree_dir/checkout/build-qti-distro-ubuntu-fullstack-perf/tmp-glibc/work/kalama-oe-linux/adsprpc/13.0-r1/adsprpc/src/apps_std_imp.c:984: Successfully opened file /data/persist/sensors/registry/registry/ak0991x_0_platform
01-01 03:09:23.998  1330  1484 I sscrpcd : /local/mnt/workspace/lnxbuild/project/trees_in_use/free_tree_dir/checkout/build-qti-distro-ubuntu-fullstack-perf/tmp-glibc/work/kalama-oe-linux/adsprpc/13.0-r1/adsprpc/src/apps_std_imp.c:984: Successfully opened file /data/persist/sensors/registry/registry/ak0991x_0.mag.config
01-01 03:09:23.999  1330  1484 I sscrpcd : /local/mnt/workspace/lnxbuild/project/trees_in_use/free_tree_dir/checkout/build-qti-distro-ubuntu-fullstack-perf/tmp-glibc/work/kalama-oe-linux/adsprpc/13.0-r1/adsprpc/src/apps_std_imp.c:984: Successfully opened file /data/persist/sensors/registry/registry/ak0991x_0.mag.config
01-01 03:09:23.999  1330  1484 I sscrpcd : /local/mnt/workspace/lnxbuild/project/trees_in_use/free_tree_dir/checkout/build-qti-distro-ubuntu-fullstack-perf/tmp-glibc/work/kalama-oe-linux/adsprpc/13.0-r1/adsprpc/src/apps_std_imp.c:984: Successfully opened file /data/persist/sensors/registry/registry/ak0991x_0.mag.config_2
01-01 03:09:24.000  1330  1484 I sscrpcd : /local/mnt/workspace/lnxbuild/project/trees_in_use/free_tree_dir/checkout/build-qti-distro-ubuntu-fullstack-perf/tmp-glibc/work/kalama-oe-linux/adsprpc/13.0-r1/adsprpc/src/apps_std_imp.c:984: Successfully opened file /data/persist/sensors/registry/registry/ak0991x_0.mag.config_2
01-01 03:09:24.000  1330  1484 I sscrpcd : /local/mnt/workspace/lnxbuild/project/trees_in_use/free_tree_dir/checkout/build-qti-distro-ubuntu-fullstack-perf/tmp-glibc/work/kalama-oe-linux/adsprpc/13.0-r1/adsprpc/src/apps_std_imp.c:984: Successfully opened file /data/persist/sensors/registry/registry/ak0991x_0.mag
01-01 03:09:24.001  1330  1484 I sscrpcd : /local/mnt/workspace/lnxbuild/project/trees_in_use/free_tree_dir/checkout/build-qti-distro-ubuntu-fullstack-perf/tmp-glibc/work/kalama-oe-linux/adsprpc/13.0-r1/adsprpc/src/apps_std_imp.c:984: Successfully opened file /data/persist/sensors/registry/registry/ak0991x_0.mag
01-01 03:09:24.001  1330  1484 I sscrpcd : /local/mnt/workspace/lnxbuild/project/trees_in_use/free_tree_dir/checkout/build-qti-distro-ubuntu-fullstack-perf/tmp-glibc/work/kalama-oe-linux/adsprpc/13.0-r1/adsprpc/src/apps_std_imp.c:984: Successfully opened file /data/persist/sensors/registry/registry/ak0991x_0
01-01 03:09:24.002  1330  1484 I sscrpcd : /local/mnt/workspace/lnxbuild/project/trees_in_use/free_tree_dir/checkout/build-qti-distro-ubuntu-fullstack-perf/tmp-glibc/work/kalama-oe-linux/adsprpc/13.0-r1/adsprpc/src/apps_std_imp.c:984: Successfully opened file /data/persist/sensors/registry/registry/ak0991x_0
01-01 03:09:24.002  1330  1484 I sscrpcd : /local/mnt/workspace/lnxbuild/project/trees_in_use/free_tree_dir/checkout/build-qti-distro-ubuntu-fullstack-perf/tmp-glibc/work/kalama-oe-linux/adsprpc/13.0-r1/adsprpc/src/apps_std_imp.c:984: Successfully opened file /data/persist/sensors/registry/registry/icm4x6xa_0_platform.config
01-01 03:09:24.003  1330  1484 I sscrpcd : /local/mnt/workspace/lnxbuild/project/trees_in_use/free_tree_dir/checkout/build-qti-distro-ubuntu-fullstack-perf/tmp-glibc/work/kalama-oe-linux/adsprpc/13.0-r1/adsprpc/src/apps_std_imp.c:984: Successfully opened file /data/persist/sensors/registry/registry/icm4x6xa_0_platform.config
01-01 03:09:24.004  1330  1484 I sscrpcd : /local/mnt/workspace/lnxbuild/project/trees_in_use/free_tree_dir/checkout/build-qti-distro-ubuntu-fullstack-perf/tmp-glibc/work/kalama-oe-linux/adsprpc/13.0-r1/adsprpc/src/apps_std_imp.c:984: Successfully opened file /data/persist/sensors/registry/registry/icm4x6xa_0_platform.orient
01-01 03:09:24.004  1330  1484 I sscrpcd : /local/mnt/workspace/lnxbuild/project/trees_in_use/free_tree_dir/checkout/build-qti-distro-ubuntu-fullstack-perf/tmp-glibc/work/kalama-oe-linux/adsprpc/13.0-r1/adsprpc/src/apps_std_imp.c:984: Successfully opened file /data/persist/sensors/registry/registry/icm4x6xa_0_platform.orient
01-01 03:09:24.005  1330  1484 I sscrpcd : /local/mnt/workspace/lnxbuild/project/trees_in_use/free_tree_dir/checkout/build-qti-distro-ubuntu-fullstack-perf/tmp-glibc/work/kalama-oe-linux/adsprpc/13.0-r1/adsprpc/src/apps_std_imp.c:984: Successfully opened file /data/persist/sensors/registry/registry/icm4x6xa_0_platform.gyro.fac_cal.corr_mat
01-01 03:09:24.005  1330  1484 I sscrpcd : /local/mnt/workspace/lnxbuild/project/trees_in_use/free_tree_dir/checkout/build-qti-distro-ubuntu-fullstack-perf/tmp-glibc/work/kalama-oe-linux/adsprpc/13.0-r1/adsprpc/src/apps_std_imp.c:984: Successfully opened file /data/persist/sensors/registry/registry/icm4x6xa_0_platform.gyro.fac_cal.corr_mat
01-01 03:09:24.007  1330  1484 I sscrpcd : /local/mnt/workspace/lnxbuild/project/trees_in_use/free_tree_dir/checkout/build-qti-distro-ubuntu-fullstack-perf/tmp-glibc/work/kalama-oe-linux/adsprpc/13.0-r1/adsprpc/src/apps_std_imp.c:984: Successfully opened file /data/persist/sensors/registry/registry/icm4x6xa_0_platform.gyro.fac_cal.bias
01-01 03:09:24.007  1330  1484 I sscrpcd : /local/mnt/workspace/lnxbuild/project/trees_in_use/free_tree_dir/checkout/build-qti-distro-ubuntu-fullstack-perf/tmp-glibc/work/kalama-oe-linux/adsprpc/13.0-r1/adsprpc/src/apps_std_imp.c:984: Successfully opened file /data/persist/sensors/registry/registry/icm4x6xa_0_platform.gyro.fac_cal.bias
01-01 03:09:24.008  1330  1484 I sscrpcd : /local/mnt/workspace/lnxbuild/project/trees_in_use/free_tree_dir/checkout/build-qti-distro-ubuntu-fullstack-perf/tmp-glibc/work/kalama-oe-linux/adsprpc/13.0-r1/adsprpc/src/apps_std_imp.c:984: Successfully opened file /data/persist/sensors/registry/registry/icm4x6xa_0_platform.gyro.fac_cal
01-01 03:09:24.009  1330  1484 I sscrpcd : /local/mnt/workspace/lnxbuild/project/trees_in_use/free_tree_dir/checkout/build-qti-distro-ubuntu-fullstack-perf/tmp-glibc/work/kalama-oe-linux/adsprpc/13.0-r1/adsprpc/src/apps_std_imp.c:984: Successfully opened file /data/persist/sensors/registry/registry/icm4x6xa_0_platform.gyro.fac_cal
01-01 03:09:24.009  1330  1484 I sscrpcd : /local/mnt/workspace/lnxbuild/project/trees_in_use/free_tree_dir/checkout/build-qti-distro-ubuntu-fullstack-perf/tmp-glibc/work/kalama-oe-linux/adsprpc/13.0-r1/adsprpc/src/apps_std_imp.c:984: Successfully opened file /data/persist/sensors/registry/registry/icm4x6xa_0_platform.gyro
01-01 03:09:24.010  1330  1484 I sscrpcd : /local/mnt/workspace/lnxbuild/project/trees_in_use/free_tree_dir/checkout/build-qti-distro-ubuntu-fullstack-perf/tmp-glibc/work/kalama-oe-linux/adsprpc/13.0-r1/adsprpc/src/apps_std_imp.c:984: Successfully opened file /data/persist/sensors/registry/registry/icm4x6xa_0_platform.gyro
01-01 03:09:24.011  1330  1484 I sscrpcd : /local/mnt/workspace/lnxbuild/project/trees_in_use/free_tree_dir/checkout/build-qti-distro-ubuntu-fullstack-perf/tmp-glibc/work/kalama-oe-linux/adsprpc/13.0-r1/adsprpc/src/apps_std_imp.c:984: Successfully opened file /data/persist/sensors/registry/registry/icm4x6xa_0_platform.accel.fac_cal.corr_mat
01-01 03:09:24.011  1330  1484 I sscrpcd : /local/mnt/workspace/lnxbuild/project/trees_in_use/free_tree_dir/checkout/build-qti-distro-ubuntu-fullstack-perf/tmp-glibc/work/kalama-oe-linux/adsprpc/13.0-r1/adsprpc/src/apps_std_imp.c:984: Successfully opened file /data/persist/sensors/registry/registry/icm4x6xa_0_platform.accel.fac_cal.corr_mat
