01-01 03:10:51.208   993  3337 I CamX    : [CORE_CFG][SENSOR ] camxsensornode.cpp:3501 ExecuteProcessRequest() Sensor[0]: HAL: ApplyGains: RequestID=5, CSLSyncID:5, [Gain:ExpTime]:[Long: 1.001957, 33333333 ns] [Mid: 0.000000, 0 ns] [Short: 0.000000, 0 ns], FLL:20604, inputFrameDuration: 33333333 ns, isVendorAEC:0, isFSMode:0, isFSCapture: 0, isStatsNode:0, isAEBEnabled: 0, ContextTypeId: 0
01-01 03:10:51.208   993  3337 I CamX    : [CORE_CFG][SENSOR ] camxsensornode.cpp:1748 PublishPerFrameSensorMetaData() Sensor[0] AppliedGains: ReqId[5], [Gain:ExpTime] [Long: 1.001957, 33333333 ns][Mid: 0.000000, 0 ns][Short: 0.000000, 0 ns][Sensitivity, Again, Dgain, ISPGain] [Long: 65, 1.001957, 1.000000, 1.001128][Mid: 0, 0.000000, 0.000000, 0.000000][Short: 0, 0.000000, 0.000000, 0.000000]frameDuration: 33515518, ISO100Gain:1.543211, rollingShutterSkew: 1626651, FilterArrangement: 4, resID 0, ContextTypeID: 0
01-01 03:10:51.210   993  3348 I         : AllocBuffer: Using color space: ITU_R_601
01-01 03:10:51.210   993  3348 I         : AllocBuffer: Color Primaries 5, Color Range 1, Gamma Transfer 6, Matrix Coefficients 5
01-01 03:10:51.210   993  3348 I Camera3Stream: GetBufferLocked: Allocated new buffer, total buffers allocated = 6
01-01 03:10:51.210   993  3348 I CamX    : [CORE_CFG][HAL    ] camxhal3.cpp:1691 process_capture_request() logical camera id 0, frame_number 5, settings 0x7f3c0071e0, priv_settings (nil), priv_result (nil), num_priv_phy_result 0, num_output_buffers 1
01-01 03:10:51.210   993  3348 E CamX    : [ERROR][META   ] camxmetabuffer.cpp:3295 SetTag() Cannot set 8066003d size 0 max 4
01-01 03:10:51.210   993  3348 E CamX    : [ERROR][META   ] camxmetabuffer.cpp:3295 SetTag() Cannot set 8066003d size 0 max 4
01-01 03:10:51.210   993  3348 I CHIUSECASE: [REQMAP ] chxadvancedcamerausecase.cpp:3908 ExecuteCaptureRequest() frame: 5  <==>  (chiFrameNum) chiOverrideFrameNum: 5
01-01 03:10:52.610   993  3348 I CamX    : [CORE_CFG][HAL    ] camxhal3.cpp:1776 process_capture_request() logical camera id 0, frame_number 5, num_output_buffers 1, resultOut 0
01-01 03:10:52.610   993  3336 E CamX    : [REQMAP][CORE   ] camxsession.cpp:5732 ProcessRequest() chiFrameNum: 5  <==>  requestId: 6  <==>  sequenceId: 5  <==> CSLSyncId: 6 -- Raw_0_cam_0
01-01 03:10:52.610   993  3336 E CamX    : [ERROR][FORMAT ] camximageformatmapperlinuxembedded.cpp:1030 ValidateBufferSize() Function NOT Implemented in LE!
01-01 03:10:52.610   993  3348 I         : AllocBuffer: Using color space: ITU_R_601
01-01 03:10:52.610   993  3348 I         : AllocBuffer: Color Primaries 5, Color Range 1, Gamma Transfer 6, Matrix Coefficients 5
01-01 03:10:52.610   993  3348 I Camera3Stream: GetBufferLocked: Allocated new buffer, total buffers allocated = 7
01-01 03:10:52.610   993  3348 I CamX    : [CORE_CFG][HAL    ] camxhal3.cpp:1691 process_capture_request() logical camera id 0, frame_number 6, settings 0x7f3c007db0, priv_settings (nil), priv_result (nil), num_priv_phy_result 0, num_output_buffers 1
01-01 03:10:52.610   993  3348 E CamX    : [ERROR][META   ] camxmetabuffer.cpp:3295 SetTag() Cannot set 8066003d size 0 max 4
01-01 03:10:52.610   993  3348 E CamX    : [ERROR][META   ] camxmetabuffer.cpp:3295 SetTag() Cannot set 8066003d size 0 max 4
01-01 03:10:52.610   993  3348 I CHIUSECASE: [REQMAP ] chxadvancedcamerausecase.cpp:3908 ExecuteCaptureRequest() frame: 6  <==>  (chiFrameNum) chiOverrideFrameNum: 6
01-01 03:10:52.610   993  3336 I CamX    : [CORE_CFG][HAL    ] camxhal3.cpp:1945 process_capture_result() frame_number 5, opsApi 0x7f88001fd0, partial_result 1, result 0x7f8951c380, num_physcam_metadata 0, num_output_buffers 0 priv_metadata (nil)
01-01 03:10:52.610   993  3336 I CamX    : [CORE_CFG][HAL    ] camxhal3.cpp:2026 process_capture_result() frame_number: 5
01-01 03:10:52.611   993  3336 I CamX    : [CORE_CFG][SENSOR ] camxsensornode.cpp:3501 ExecuteProcessRequest() Sensor[0]: HAL: ApplyGains: RequestID=6, CSLSyncID:6, [Gain:ExpTime]:[Long: 1.001957, 33333333 ns] [Mid: 0.000000, 0 ns] [Short: 0.000000, 0 ns], FLL:20604, inputFrameDuration: 33333333 ns, isVendorAEC:0, isFSMode:0, isFSCapture: 0, isStatsNode:0, isAEBEnabled: 0, ContextTypeId: 0
01-01 03:10:52.611   993  3336 I CamX    : [CORE_CFG][SENSOR ] camxsensornode.cpp:1748 PublishPerFrameSensorMetaData() Sensor[0] AppliedGains: ReqId[6], [Gain:ExpTime] [Long: 1.001957, 33333333 ns][Mid: 0.000000, 0 ns][Short: 0.000000, 0 ns][Sensitivity, Again, Dgain, ISPGain] [Long: 65, 1.001957, 1.000000, 1.001128][Mid: 0, 0.000000, 0.000000, 0.000000][Short: 0, 0.000000, 0.000000, 0.000000]frameDuration: 33515518, ISO100Gain:1.543211, rollingShutterSkew: 1626651, FilterArrangement: 4, resID 0, ContextTypeID: 0
01-01 03:10:53.791  1403  1468 E Diag-Router: diag: failed to create control node for slate_apps
01-01 03:10:53.791  1403  1468 E Diag-Router: diag: diag_glinkpkt_open_thread: Glinkpkt_open failed for perif: 12 with err: -1, retry_cnt: 17
01-01 03:10:53.791  1403  1469 E Diag-Router: diag: failed to create control node for slate_adsp
01-01 03:10:53.791  1403  1469 E Diag-Router: diag: diag_glinkpkt_open_thread: Glinkpkt_open failed for perif: 13 with err: -1, retry_cnt: 17
01-01 03:10:54.011   993  3348 I CamX    : [CORE_CFG][HAL    ] camxhal3.cpp:1776 process_capture_request() logical camera id 0, frame_number 6, num_output_buffers 1, resultOut 0
01-01 03:10:54.011   993  3341 E CamX    : [REQMAP][CORE   ] camxsession.cpp:5732 ProcessRequest() chiFrameNum: 6  <==>  requestId: 7  <==>  sequenceId: 6  <==> CSLSyncId: 7 -- Raw_0_cam_0
01-01 03:10:54.011   993  3341 E CamX    : [ERROR][FORMAT ] camximageformatmapperlinuxembedded.cpp:1030 ValidateBufferSize() Function NOT Implemented in LE!
01-01 03:10:54.011   993  3339 I CamX    : [CORE_CFG][HAL    ] camxhal3.cpp:1945 process_capture_result() frame_number 6, opsApi 0x7f88001fd0, partial_result 1, result 0x7f8951c380, num_physcam_metadata 0, num_output_buffers 0 priv_metadata (nil)
01-01 03:10:54.011   993  3348 I         : AllocBuffer: Using color space: ITU_R_601
01-01 03:10:54.011   993  3339 I CamX    : [CORE_CFG][HAL    ] camxhal3.cpp:2026 process_capture_result() frame_number: 6
01-01 03:10:54.011   993  3348 I         : AllocBuffer: Color Primaries 5, Color Range 1, Gamma Transfer 6, Matrix Coefficients 5
01-01 03:10:54.011   993  3348 I Camera3Stream: GetBufferLocked: Allocated new buffer, total buffers allocated = 8
01-01 03:10:54.011   993  3348 I CamX    : [CORE_CFG][HAL    ] camxhal3.cpp:1691 process_capture_request() logical camera id 0, frame_number 7, settings 0x7f3c008980, priv_settings (nil), priv_result (nil), num_priv_phy_result 0, num_output_buffers 1
01-01 03:10:54.011   993  3341 I CamX    : [CORE_CFG][SENSOR ] camxsensornode.cpp:3501 ExecuteProcessRequest() Sensor[0]: HAL: ApplyGains: RequestID=7, CSLSyncID:7, [Gain:ExpTime]:[Long: 1.001957, 33333333 ns] [Mid: 0.000000, 0 ns] [Short: 0.000000, 0 ns], FLL:20604, inputFrameDuration: 33333333 ns, isVendorAEC:0, isFSMode:0, isFSCapture: 0, isStatsNode:0, isAEBEnabled: 0, ContextTypeId: 0
01-01 03:10:54.011   993  3348 E CamX    : [ERROR][META   ] camxmetabuffer.cpp:3295 SetTag() Cannot set 8066003d size 0 max 4
01-01 03:10:54.011   993  3348 E CamX    : [ERROR][META   ] camxmetabuffer.cpp:3295 SetTag() Cannot set 8066003d size 0 max 4
01-01 03:10:54.011   993  3348 I CHIUSECASE: [REQMAP ] chxadvancedcamerausecase.cpp:3908 ExecuteCaptureRequest() frame: 7  <==>  (chiFrameNum) chiOverrideFrameNum: 7
01-01 03:10:54.011   993  3341 I CamX    : [CORE_CFG][SENSOR ] camxsensornode.cpp:1748 PublishPerFrameSensorMetaData() Sensor[0] AppliedGains: ReqId[7], [Gain:ExpTime] [Long: 1.001957, 33333333 ns][Mid: 0.000000, 0 ns][Short: 0.000000, 0 ns][Sensitivity, Again, Dgain, ISPGain] [Long: 65, 1.001957, 1.000000, 1.001128][Mid: 0, 0.000000, 0.000000, 0.000000][Short: 0, 0.000000, 0.000000, 0.000000]frameDuration: 33515518, ISO100Gain:1.543211, rollingShutterSkew: 1626651, FilterArrangement: 4, resID 0, ContextTypeID: 0
01-01 03:10:55.411   993  3348 I CamX    : [CORE_CFG][HAL    ] camxhal3.cpp:1776 process_capture_request() logical camera id 0, frame_number 7, num_output_buffers 1, resultOut 0
01-01 03:10:55.412   993  3333 E CamX    : [REQMAP][CORE   ] camxsession.cpp:5732 ProcessRequest() chiFrameNum: 7  <==>  requestId: 8  <==>  sequenceId: 7  <==> CSLSyncId: 8 -- Raw_0_cam_0
01-01 03:10:55.412   993  3333 E CamX    : [ERROR][FORMAT ] camximageformatmapperlinuxembedded.cpp:1030 ValidateBufferSize() Function NOT Implemented in LE!
01-01 03:10:55.412   993  3333 I CamX    : [CORE_CFG][SENSOR ] camxsensornode.cpp:3501 ExecuteProcessRequest() Sensor[0]: HAL: ApplyGains: RequestID=8, CSLSyncID:8, [Gain:ExpTime]:[Long: 1.001957, 33333333 ns] [Mid: 0.000000, 0 ns] [Short: 0.000000, 0 ns], FLL:20604, inputFrameDuration: 33333333 ns, isVendorAEC:0, isFSMode:0, isFSCapture: 0, isStatsNode:0, isAEBEnabled: 0, ContextTypeId: 0
01-01 03:10:55.412   993  3332 I CamX    : [CORE_CFG][HAL    ] camxhal3.cpp:1945 process_capture_result() frame_number 7, opsApi 0x7f88001fd0, partial_result 1, result 0x7f8951c380, num_physcam_metadata 0, num_output_buffers 0 priv_metadata (nil)
01-01 03:10:55.412   993  3332 I CamX    : [CORE_CFG][HAL    ] camxhal3.cpp:2026 process_capture_result() frame_number: 7
01-01 03:10:55.412   993  3333 I CamX    : [CORE_CFG][SENSOR ] camxsensornode.cpp:1748 PublishPerFrameSensorMetaData() Sensor[0] AppliedGains: ReqId[8], [Gain:ExpTime] [Long: 1.001957, 33333333 ns][Mid: 0.000000, 0 ns][Short: 0.000000, 0 ns][Sensitivity, Again, Dgain, ISPGain] [Long: 65, 1.001957, 1.000000, 1.001128][Mid: 0, 0.000000, 0.000000, 0.000000][Short: 0, 0.000000, 0.000000, 0.000000]frameDuration: 33515518, ISO100Gain:1.543211, rollingShutterSkew: 1626651, FilterArrangement: 4, resID 0, ContextTypeID: 0
01-01 03:10:55.412   993  3348 I         : AllocBuffer: Using color space: ITU_R_601
01-01 03:10:55.412   993  3348 I         : AllocBuffer: Color Primaries 5, Color Range 1, Gamma Transfer 6, Matrix Coefficients 5
01-01 03:10:55.412   993  3348 I Camera3Stream: GetBufferLocked: Allocated new buffer, total buffers allocated = 9
01-01 03:10:55.412   993  3348 I CamX    : [CORE_CFG][HAL    ] camxhal3.cpp:1691 process_capture_request() logical camera id 0, frame_number 8, settings 0x7f3c008980, priv_settings (nil), priv_result (nil), num_priv_phy_result 0, num_output_buffers 1
01-01 03:10:55.412   993  3348 E CamX    : [ERROR][META   ] camxmetabuffer.cpp:3295 SetTag() Cannot set 8066003d size 0 max 4
01-01 03:10:55.412   993  3348 E CamX    : [ERROR][META   ] camxmetabuffer.cpp:3295 SetTag() Cannot set 8066003d size 0 max 4
01-01 03:10:55.412   993  3348 I CHIUSECASE: [REQMAP ] chxadvancedcamerausecase.cpp:3908 ExecuteCaptureRequest() frame: 8  <==>  (chiFrameNum) chiOverrideFrameNum: 8
01-01 03:10:56.812   993  3348 I CamX    : [CORE_CFG][HAL    ] camxhal3.cpp:1776 process_capture_request() logical camera id 0, frame_number 8, num_output_buffers 1, resultOut 0
01-01 03:10:56.813   993  3338 E CamX    : [REQMAP][CORE   ] camxsession.cpp:5732 ProcessRequest() chiFrameNum: 8  <==>  requestId: 9  <==>  sequenceId: 8  <==> CSLSyncId: 9 -- Raw_0_cam_0
01-01 03:10:56.813   993  3338 E CamX    : [ERROR][FORMAT ] camximageformatmapperlinuxembedded.cpp:1030 ValidateBufferSize() Function NOT Implemented in LE!
01-01 03:10:56.813   993  3337 I CamX    : [CORE_CFG][HAL    ] camxhal3.cpp:1945 process_capture_result() frame_number 8, opsApi 0x7f88001fd0, partial_result 1, result 0x7f8951c380, num_physcam_metadata 0, num_output_buffers 0 priv_metadata (nil)
01-01 03:10:56.813   993  3338 I CamX    : [CORE_CFG][SENSOR ] camxsensornode.cpp:3501 ExecuteProcessRequest() Sensor[0]: HAL: ApplyGains: RequestID=9, CSLSyncID:9, [Gain:ExpTime]:[Long: 1.001957, 33333333 ns] [Mid: 0.000000, 0 ns] [Short: 0.000000, 0 ns], FLL:20604, inputFrameDuration: 33333333 ns, isVendorAEC:0, isFSMode:0, isFSCapture: 0, isStatsNode:0, isAEBEnabled: 0, ContextTypeId: 0
01-01 03:10:56.813   993  3337 I CamX    : [CORE_CFG][HAL    ] camxhal3.cpp:2026 process_capture_result() frame_number: 8
01-01 03:10:56.813   993  3338 I CamX    : [CORE_CFG][SENSOR ] camxsensornode.cpp:1748 PublishPerFrameSensorMetaData() Sensor[0] AppliedGains: ReqId[9], [Gain:ExpTime] [Long: 1.001957, 33333333 ns][Mid: 0.000000, 0 ns][Short: 0.000000, 0 ns][Sensitivity, Again, Dgain, ISPGain] [Long: 65, 1.001957, 1.000000, 1.001128][Mid: 0, 0.000000, 0.000000, 0.000000][Short: 0, 0.000000, 0.000000, 0.000000]frameDuration: 33515518, ISO100Gain:1.543211, rollingShutterSkew: 1626651, FilterArrangement: 4, resID 0, ContextTypeID: 0
01-01 03:10:56.814   993  3348 I         : AllocBuffer: Using color space: ITU_R_601
01-01 03:10:56.814   993  3348 I         : AllocBuffer: Color Primaries 5, Color Range 1, Gamma Transfer 6, Matrix Coefficients 5
01-01 03:10:56.814   993  3348 I Camera3Stream: GetBufferLocked: Allocated new buffer, total buffers allocated = 10
01-01 03:10:56.814   993  3348 I CamX    : [CORE_CFG][HAL    ] camxhal3.cpp:1691 process_capture_request() logical camera id 0, frame_number 9, settings 0x7f3c008e30, priv_settings (nil), priv_result (nil), num_priv_phy_result 0, num_output_buffers 1
01-01 03:10:56.814   993  3348 E CamX    : [ERROR][META   ] camxmetabuffer.cpp:3295 SetTag() Cannot set 8066003d size 0 max 4
01-01 03:10:56.814   993  3348 E CamX    : [ERROR][META   ] camxmetabuffer.cpp:3295 SetTag() Cannot set 8066003d size 0 max 4
01-01 03:10:56.814   993  3348 I CHIUSECASE: [REQMAP ] chxadvancedcamerausecase.cpp:3908 ExecuteCaptureRequest() frame: 9  <==>  (chiFrameNum) chiOverrideFrameNum: 9
01-01 03:10:57.137  1514  1540 E sec_channel  : Modemcomm: Init Instance on handle:0 failed with -3 
01-01 03:10:57.137  1514  1540 E sec_channel  : Modemcomm: Failed to get handle of SSGQMSCA service
01-01 03:10:58.214   993  3348 I CamX    : [CORE_CFG][HAL    ] camxhal3.cpp:1776 process_capture_request() logical camera id 0, frame_number 9, num_output_buffers 1, resultOut 0
01-01 03:10:58.214   993  3335 E CamX    : [REQMAP][CORE   ] camxsession.cpp:5732 ProcessRequest() chiFrameNum: 9  <==>  requestId: 10  <==>  sequenceId: 9  <==> CSLSyncId: 10 -- Raw_0_cam_0
01-01 03:10:58.214   993  3335 E CamX    : [ERROR][FORMAT ] camximageformatmapperlinuxembedded.cpp:1030 ValidateBufferSize() Function NOT Implemented in LE!
01-01 03:10:58.214   993  3336 I CamX    : [CORE_CFG][HAL    ] camxhal3.cpp:1945 process_capture_result() frame_number 9, opsApi 0x7f88001fd0, partial_result 1, result 0x7f8951c380, num_physcam_metadata 0, num_output_buffers 0 priv_metadata (nil)
01-01 03:10:58.214   993  3336 I CamX    : [CORE_CFG][HAL    ] camxhal3.cpp:2026 process_capture_result() frame_number: 9
01-01 03:10:58.215   993  3336 I CamX    : [CORE_CFG][SENSOR ] camxsensornode.cpp:3501 ExecuteProcessRequest() Sensor[0]: HAL: ApplyGains: RequestID=10, CSLSyncID:10, [Gain:ExpTime]:[Long: 1.001957, 33333333 ns] [Mid: 0.000000, 0 ns] [Short: 0.000000, 0 ns], FLL:20604, inputFrameDuration: 33333333 ns, isVendorAEC:0, isFSMode:0, isFSCapture: 0, isStatsNode:0, isAEBEnabled: 0, ContextTypeId: 0
01-01 03:10:58.215   993  3336 I CamX    : [CORE_CFG][SENSOR ] camxsensornode.cpp:1748 PublishPerFrameSensorMetaData() Sensor[0] AppliedGains: ReqId[10], [Gain:ExpTime] [Long: 1.001957, 33333333 ns][Mid: 0.000000, 0 ns][Short: 0.000000, 0 ns][Sensitivity, Again, Dgain, ISPGain] [Long: 65, 1.001957, 1.000000, 1.001128][Mid: 0, 0.000000, 0.000000, 0.000000][Short: 0, 0.000000, 0.000000, 0.000000]frameDuration: 33515518, ISO100Gain:1.543211, rollingShutterSkew: 1626651, FilterArrangement: 4, resID 0, ContextTypeID: 0
01-01 03:10:58.215   993  3348 I         : AllocBuffer: Using color space: ITU_R_601
01-01 03:10:58.215   993  3348 I         : AllocBuffer: Color Primaries 5, Color Range 1, Gamma Transfer 6, Matrix Coefficients 5
01-01 03:10:58.215   993  3348 I Camera3Stream: GetBufferLocked: Allocated new buffer, total buffers allocated = 11
01-01 03:10:58.215   993  3348 I CamX    : [CORE_CFG][HAL    ] camxhal3.cpp:1691 process_capture_request() logical camera id 0, frame_number 10, settings 0x7f3c009a00, priv_settings (nil), priv_result (nil), num_priv_phy_result 0, num_output_buffers 1
01-01 03:10:58.215   993  3348 E CamX    : [ERROR][META   ] camxmetabuffer.cpp:3295 SetTag() Cannot set 8066003d size 0 max 4
01-01 03:10:58.215   993  3348 E CamX    : [ERROR][META   ] camxmetabuffer.cpp:3295 SetTag() Cannot set 8066003d size 0 max 4
01-01 03:10:58.215   993  3348 I CHIUSECASE: [REQMAP ] chxadvancedcamerausecase.cpp:3908 ExecuteCaptureRequest() frame: 10  <==>  (chiFrameNum) chiOverrideFrameNum: 10
01-01 03:10:58.791  1403  1468 E Diag-Router: diag: failed to create control node for slate_apps
01-01 03:10:58.792  1403  1468 E Diag-Router: diag: diag_glinkpkt_open_thread: Glinkpkt_open failed for perif: 12 with err: -1, retry_cnt: 18
01-01 03:10:58.792  1403  1469 E Diag-Router: diag: failed to create control node for slate_adsp
01-01 03:10:58.792  1403  1469 E Diag-Router: diag: diag_glinkpkt_open_thread: Glinkpkt_open failed for perif: 13 with err: -1, retry_cnt: 18
01-01 03:10:59.615   993  3348 I CamX    : [CORE_CFG][HAL    ] camxhal3.cpp:1776 process_capture_request() logical camera id 0, frame_number 10, num_output_buffers 1, resultOut 0
01-01 03:10:59.616   993  3340 E CamX    : [REQMAP][CORE   ] camxsession.cpp:5732 ProcessRequest() chiFrameNum: 10  <==>  requestId: 11  <==>  sequenceId: 10  <==> CSLSyncId: 11 -- Raw_0_cam_0
01-01 03:10:59.616   993  3340 E CamX    : [ERROR][FORMAT ] camximageformatmapperlinuxembedded.cpp:1030 ValidateBufferSize() Function NOT Implemented in LE!
01-01 03:10:59.616   993  3340 I CamX    : [CORE_CFG][HAL    ] camxhal3.cpp:1945 process_capture_result() frame_number 10, opsApi 0x7f88001fd0, partial_result 1, result 0x7f8951c380, num_physcam_metadata 0, num_output_buffers 0 priv_metadata (nil)
01-01 03:10:59.616   993  3340 I CamX    : [CORE_CFG][HAL    ] camxhal3.cpp:2026 process_capture_result() frame_number: 10
01-01 03:10:59.616   993  3338 I CamX    : [CORE_CFG][SENSOR ] camxsensornode.cpp:3501 ExecuteProcessRequest() Sensor[0]: HAL: ApplyGains: RequestID=11, CSLSyncID:11, [Gain:ExpTime]:[Long: 1.001957, 33333333 ns] [Mid: 0.000000, 0 ns] [Short: 0.000000, 0 ns], FLL:20604, inputFrameDuration: 33333333 ns, isVendorAEC:0, isFSMode:0, isFSCapture: 0, isStatsNode:0, isAEBEnabled: 0, ContextTypeId: 0
01-01 03:10:59.616   993  3338 I CamX    : [CORE_CFG][SENSOR ] camxsensornode.cpp:1748 PublishPerFrameSensorMetaData() Sensor[0] AppliedGains: ReqId[11], [Gain:ExpTime] [Long: 1.001957, 33333333 ns][Mid: 0.000000, 0 ns][Short: 0.000000, 0 ns][Sensitivity, Again, Dgain, ISPGain] [Long: 65, 1.001957, 1.000000, 1.001128][Mid: 0, 0.000000, 0.000000, 0.000000][Short: 0, 0.000000, 0.000000, 0.000000]frameDuration: 33515518, ISO100Gain:1.543211, rollingShutterSkew: 1626651, FilterArrangement: 4, resID 0, ContextTypeID: 0
01-01 03:10:59.616   993  3348 I         : AllocBuffer: Using color space: ITU_R_601
01-01 03:10:59.616   993  3348 I         : AllocBuffer: Color Primaries 5, Color Range 1, Gamma Transfer 6, Matrix Coefficients 5
01-01 03:10:59.616   993  3348 I Camera3Stream: GetBufferLocked: Allocated new buffer, total buffers allocated = 12
01-01 03:10:59.616   993  3348 I CamX    : [CORE_CFG][HAL    ] camxhal3.cpp:1691 process_capture_request() logical camera id 0, frame_number 11, settings 0x7f3c00a5d0, priv_settings (nil), priv_result (nil), num_priv_phy_result 0, num_output_buffers 1
01-01 03:10:59.616   993  3348 E CamX    : [ERROR][META   ] camxmetabuffer.cpp:3295 SetTag() Cannot set 8066003d size 0 max 4
01-01 03:10:59.616   993  3348 E CamX    : [ERROR][META   ] camxmetabuffer.cpp:3295 SetTag() Cannot set 8066003d size 0 max 4
01-01 03:10:59.616   993  3348 I CHIUSECASE: [REQMAP ] chxadvancedcamerausecase.cpp:3908 ExecuteCaptureRequest() frame: 11  <==>  (chiFrameNum) chiOverrideFrameNum: 11
01-01 03:11:01.017   993  3348 I CamX    : [CORE_CFG][HAL    ] camxhal3.cpp:1776 process_capture_request() logical camera id 0, frame_number 11, num_output_buffers 1, resultOut 0
01-01 03:11:01.017   993  3333 E CamX    : [REQMAP][CORE   ] camxsession.cpp:5732 ProcessRequest() chiFrameNum: 11  <==>  requestId: 12  <==>  sequenceId: 11  <==> CSLSyncId: 12 -- Raw_0_cam_0
01-01 03:11:01.017   993  3333 E CamX    : [ERROR][FORMAT ] camximageformatmapperlinuxembedded.cpp:1030 ValidateBufferSize() Function NOT Implemented in LE!
01-01 03:11:01.017   993  3335 I CamX    : [CORE_CFG][HAL    ] camxhal3.cpp:1945 process_capture_result() frame_number 11, opsApi 0x7f88001fd0, partial_result 1, result 0x7f8951c380, num_physcam_metadata 0, num_output_buffers 0 priv_metadata (nil)
01-01 03:11:01.017   993  3335 I CamX    : [CORE_CFG][HAL    ] camxhal3.cpp:2026 process_capture_result() frame_number: 11
01-01 03:11:01.017   993  3348 I         : AllocBuffer: Using color space: ITU_R_601
01-01 03:11:01.017   993  3348 I         : AllocBuffer: Color Primaries 5, Color Range 1, Gamma Transfer 6, Matrix Coefficients 5
01-01 03:11:01.017   993  3348 I Camera3Stream: GetBufferLocked: Allocated new buffer, total buffers allocated = 13
01-01 03:11:01.017   993  3348 I CamX    : [CORE_CFG][HAL    ] camxhal3.cpp:1691 process_capture_request() logical camera id 0, frame_number 12, settings 0x7f3c00a5d0, priv_settings (nil), priv_result (nil), num_priv_phy_result 0, num_output_buffers 1
01-01 03:11:01.017   993  3335 I CamX    : [CORE_CFG][SENSOR ] camxsensornode.cpp:3501 ExecuteProcessRequest() Sensor[0]: HAL: ApplyGains: RequestID=12, CSLSyncID:12, [Gain:ExpTime]:[Long: 1.001957, 33333333 ns] [Mid: 0.000000, 0 ns] [Short: 0.000000, 0 ns], FLL:20604, inputFrameDuration: 33333333 ns, isVendorAEC:0, isFSMode:0, isFSCapture: 0, isStatsNode:0, isAEBEnabled: 0, ContextTypeId: 0
01-01 03:11:01.017   993  3348 E CamX    : [ERROR][META   ] camxmetabuffer.cpp:3295 SetTag() Cannot set 8066003d size 0 max 4
01-01 03:11:01.017   993  3348 E CamX    : [ERROR][META   ] camxmetabuffer.cpp:3295 SetTag() Cannot set 8066003d size 0 max 4
01-01 03:11:01.017   993  3348 I CHIUSECASE: [REQMAP ] chxadvancedcamerausecase.cpp:3908 ExecuteCaptureRequest() frame: 12  <==>  (chiFrameNum) chiOverrideFrameNum: 12
01-01 03:11:01.017   993  3335 I CamX    : [CORE_CFG][SENSOR ] camxsensornode.cpp:1748 PublishPerFrameSensorMetaData() Sensor[0] AppliedGains: ReqId[12], [Gain:ExpTime] [Long: 1.001957, 33333333 ns][Mid: 0.000000, 0 ns][Short: 0.000000, 0 ns][Sensitivity, Again, Dgain, ISPGain] [Long: 65, 1.001957, 1.000000, 1.001128][Mid: 0, 0.000000, 0.000000, 0.000000][Short: 0, 0.000000, 0.000000, 0.000000]frameDuration: 33515518, ISO100Gain:1.543211, rollingShutterSkew: 1626651, FilterArrangement: 4, resID 0, ContextTypeID: 0
01-01 03:11:01.817   993  3348 I CamX    : [CORE_CFG][HAL    ] camxhal3.cpp:1776 process_capture_request() logical camera id 0, frame_number 12, num_output_buffers 1, resultOut 0
01-01 03:11:01.818   993  3341 E CamX    : [REQMAP][CORE   ] camxsession.cpp:5732 ProcessRequest() chiFrameNum: 12  <==>  requestId: 13  <==>  sequenceId: 12  <==> CSLSyncId: 13 -- Raw_0_cam_0
01-01 03:11:01.818   993  3341 E CamX    : [ERROR][FORMAT ] camximageformatmapperlinuxembedded.cpp:1030 ValidateBufferSize() Function NOT Implemented in LE!
01-01 03:11:01.818   993  3339 I CamX    : [CORE_CFG][HAL    ] camxhal3.cpp:1945 process_capture_result() frame_number 12, opsApi 0x7f88001fd0, partial_result 1, result 0x7f8951c380, num_physcam_metadata 0, num_output_buffers 0 priv_metadata (nil)
01-01 03:11:01.818   993  3339 I CamX    : [CORE_CFG][HAL    ] camxhal3.cpp:2026 process_capture_result() frame_number: 12
01-01 03:11:01.818   993  3338 I CamX    : [CORE_CFG][SENSOR ] camxsensornode.cpp:3501 ExecuteProcessRequest() Sensor[0]: HAL: ApplyGains: RequestID=13, CSLSyncID:13, [Gain:ExpTime]:[Long: 1.001957, 33333333 ns] [Mid: 0.000000, 0 ns] [Short: 0.000000, 0 ns], FLL:20604, inputFrameDuration: 33333333 ns, isVendorAEC:0, isFSMode:0, isFSCapture: 0, isStatsNode:0, isAEBEnabled: 0, ContextTypeId: 0
01-01 03:11:01.818   993  3338 I CamX    : [CORE_CFG][SENSOR ] camxsensornode.cpp:1748 PublishPerFrameSensorMetaData() Sensor[0] AppliedGains: ReqId[13], [Gain:ExpTime] [Long: 1.001957, 33333333 ns][Mid: 0.000000, 0 ns][Short: 0.000000, 0 ns][Sensitivity, Again, Dgain, ISPGain] [Long: 65, 1.001957, 1.000000, 1.001128][Mid: 0, 0.000000, 0.000000, 0.000000][Short: 0, 0.000000, 0.000000, 0.000000]frameDuration: 33515518, ISO100Gain:1.543211, rollingShutterSkew: 1626651, FilterArrangement: 4, resID 0, ContextTypeID: 0
01-01 03:11:01.818   993  3340 E CamX    : [ERROR][CSL    ] camxcslhwinternal.cpp:3895 CSLHwInternalDefaultIoctl() Ioctl failed for device /dev/v4l-subdev1 (Type:CSLHwIFE, FD:11, Index:0) with error reason Cannot allocate memory
01-01 03:11:01.818   993  3340 W CamX    : [ WARN][CSL    ] camxcslhwinternal.cpp:4017 CSLHwInternalDefaultSubmit() ioctl failed for fd=11 index 0
01-01 03:11:01.818   993  3340 E CamX    : [ERROR][CSL    ] camxcslhw.cpp:2719 CSLSubmitHW() Error Submitting device, CSLHandle 13173248Devicehandle 3670274 DeviceIndex: 0 idx: 0
01-01 03:11:01.818   993  3340 E CamX    : [ERROR][ISP    ] camxifenode.cpp:4763 SubmitPacket() Node::Raw_IFE0_cam0 CSL Submit Failed: CamxResultEFailed
01-01 03:11:01.818   993  3340 I CamX    : [CORE_CFG][CORE   ] camxnodelegacy.cpp:3660 NodeTriggerSystemEvent() System Event: Node:Raw_IFE0_cam0 Type:65536 signaled pipeline:0 with error:1 DumpFlag=0 forceSigAbort=0
01-01 03:11:01.818   993  3340 I CamX    : [CORE_CFG][CORE   ] camxsession.cpp:1298 Pause() Pause:1 session 0x7f89fe65b0 Raw
01-01 03:11:01.818   993  3340 E CamX    : [ DUMP][CORE   ] camxsession.cpp:9346 DumpDebugInfo() +----------------------------------------------------------+
01-01 03:11:01.818   993  3340 E CamX    : [ DUMP][CORE   ] camxsession.cpp:9347 DumpDebugInfo() +            CALLING SESSION DUMP 0x7f89fe65b0             +
01-01 03:11:01.818   993  3340 E CamX    : [ DUMP][CORE   ] camxsession.cpp:9348 DumpDebugInfo() + numPipelines:             1
01-01 03:11:01.818   993  3340 E CamX    : [ DUMP][CORE   ] camxsession.cpp:9349 DumpDebugInfo() + livePendingRequests:      13
01-01 03:11:01.818   993  3340 E CamX    : [ DUMP][CORE   ] camxsession.cpp:9350 DumpDebugInfo() + maxLivePendingRequests:   6
01-01 03:11:01.818   993  3340 E CamX    : [ DUMP][CORE   ] camxsession.cpp:9351 DumpDebugInfo() + requestQueueDepth:        8
01-01 03:11:01.818   993  3340 E CamX    : [ DUMP][CORE   ] camxsession.cpp:9357 DumpDebugInfo() + Pipeline[0] Flush Status: 0
01-01 03:11:01.818   993  3340 E CamX    : [ DUMP][CORE   ] camxsession.cpp:9360 DumpDebugInfo() + usecaseNumBatchedFrames:  1
01-01 03:11:01.818   993  3340 E CamX    : [ DUMP][CORE   ] camxsession.cpp:9375 DumpDebugInfo() +------------------------------------------------------------------+
01-01 03:11:01.818   993  3340 E CamX    : [ DUMP][CORE   ] camxsession.cpp:9378 DumpDebugInfo() + Waiting for all results min Sequence Id:0  max Sequence Id:12
01-01 03:11:01.818   993  3340 E CamX    : [ DUMP][CORE   ] camxsession.cpp:9379 DumpDebugInfo() +------------------------------------------------------------------+
01-01 03:11:01.818   993  3340 E CamX    : [ DUMP][CORE   ] camxsession.cpp:9382 DumpDebugInfo() + Stuck on Sequence Id: 0 Request Id: 1
01-01 03:11:01.818   993  3340 E CamX    : [ DUMP][CORE   ] camxpipeline.cpp:6995 DumpDebugInfo() +----------------------------------------------------------+
01-01 03:11:01.818   993  3340 E CamX    : [ DUMP][CORE   ] camxpipeline.cpp:6996 DumpDebugInfo() +    PIPELINE DEBUG INFO     +
01-01 03:11:01.818   993  3340 E CamX    : [ DUMP][CORE   ] camxpipeline.cpp:7002 DumpDebugInfo() +  Pipeline Name: Raw_0_cam_0, Pipeline ID: 0, 0x7f89a17f30, CurrentRequestId: 13 cameraid=0
01-01 03:11:01.818   993  3340 E CamX    : [ DUMP][CORE   ] camxpipeline.cpp:7014 DumpDebugInfo() +------------------------------------------------------------------+
01-01 03:11:01.818   993  3340 E CamX    : [ DUMP][CORE   ] camxpipeline.cpp:7015 DumpDebugInfo() + Request info for the pending nodes
01-01 03:11:01.818   993  3340 E CamX    : [ DUMP][CORE   ] camxpipeline.cpp:7025 DumpDebugInfo() +   RequestId:       1
01-01 03:11:01.818   993  3340 E CamX    : [ DUMP][CORE   ] camxpipeline.cpp:7029 DumpDebugInfo() +    SequenceId[0]:  0
01-01 03:11:01.818   993  3340 E CamX    : [ DUMP][CORE   ] camxpipeline.cpp:7032 DumpDebugInfo() +     CSLSyncId:                       1
01-01 03:11:01.818   993  3340 E CamX    : [ DUMP][CORE   ] camxpipeline.cpp:7034 DumpDebugInfo() +     numNodes:                        2
01-01 03:11:01.818   993  3340 E CamX    : [ DUMP][CORE   ] camxpipeline.cpp:7036 DumpDebugInfo() +     numNodesRequestIdDone:           1
01-01 03:11:01.818   993  3340 E CamX    : [ DUMP][CORE   ] camxpipeline.cpp:7038 DumpDebugInfo() +     numNodesPartialMetadataDone:     2
01-01 03:11:01.818   993  3340 E CamX    : [ DUMP][CORE   ] camxpipeline.cpp:7040 DumpDebugInfo() +     numNodesMetadataDone:            2
01-01 03:11:01.818   993  3340 E CamX    : [ DUMP][CORE   ] camxpipeline.cpp:7042 DumpDebugInfo() +     numNodesConfigDone:              2
01-01 03:11:01.818   993  3340 E CamX    : [ DUMP][CORE   ] camxpipeline.cpp:7044 DumpDebugInfo() +     batchFrameIntervalNanoSeconds:   0
01-01 03:11:01.818   993  3340 E CamX    : [ DUMP][CORE   ] camxpipeline.cpp:7046 DumpDebugInfo() +     isSofdispatched:                 0
01-01 03:11:01.818   993  3340 E CamX    : [ DUMP][CORE   ] camxpipeline.cpp:7025 DumpDebugInfo() +   RequestId:       2
01-01 03:11:01.818   993  3340 E CamX    : [ DUMP][CORE   ] camxpipeline.cpp:7029 DumpDebugInfo() +    SequenceId[0]:  1
01-01 03:11:01.818   993  3340 E CamX    : [ DUMP][CORE   ] camxpipeline.cpp:7032 DumpDebugInfo() +     CSLSyncId:                       2
01-01 03:11:01.818   993  3340 E CamX    : [ DUMP][CORE   ] camxpipeline.cpp:7034 DumpDebugInfo() +     numNodes:                        2
01-01 03:11:01.818   993  3340 E CamX    : [ DUMP][CORE   ] camxpipeline.cpp:7036 DumpDebugInfo() +     numNodesRequestIdDone:           1
01-01 03:11:01.818   993  3340 E CamX    : [ DUMP][CORE   ] camxpipeline.cpp:7038 DumpDebugInfo() +     numNodesPartialMetadataDone:     2
01-01 03:11:01.818   993  3340 E CamX    : [ DUMP][CORE   ] camxpipeline.cpp:7040 DumpDebugInfo() +     numNodesMetadataDone:            2
01-01 03:11:01.819   993  3340 E CamX    : [ DUMP][CORE   ] camxpipeline.cpp:7042 DumpDebugInfo() +     numNodesConfigDone:              2
01-01 03:11:01.819   993  3340 E CamX    : [ DUMP][CORE   ] camxpipeline.cpp:7044 DumpDebugInfo() +     batchFrameIntervalNanoSeconds:   0
01-01 03:11:01.819   993  3340 E CamX    : [ DUMP][CORE   ] camxpipeline.cpp:7046 DumpDebugInfo() +     isSofdispatched:                 0
01-01 03:11:01.819   993  3340 E CamX    : [ DUMP][CORE   ] camxpipeline.cpp:7025 DumpDebugInfo() +   RequestId:       3
01-01 03:11:01.819   993  3340 E CamX    : [ DUMP][CORE   ] camxpipeline.cpp:7029 DumpDebugInfo() +    SequenceId[0]:  2
01-01 03:11:01.819   993  3340 E CamX    : [ DUMP][CORE   ] camxpipeline.cpp:7032 DumpDebugInfo() +     CSLSyncId:                       3
01-01 03:11:01.819   993  3340 E CamX    : [ DUMP][CORE   ] camxpipeline.cpp:7034 DumpDebugInfo() +     numNodes:                        2
01-01 03:11:01.819   993  3340 E CamX    : [ DUMP][CORE   ] camxpipeline.cpp:7036 DumpDebugInfo() +     numNodesRequestIdDone:           1
01-01 03:11:01.819   993  3340 E CamX    : [ DUMP][CORE   ] camxpipeline.cpp:7038 DumpDebugInfo() +     numNodesPartialMetadataDone:     2
01-01 03:11:01.819   993  3340 E CamX    : [ DUMP][CORE   ] camxpipeline.cpp:7040 DumpDebugInfo() +     numNodesMetadataDone:            2
01-01 03:11:01.819   993  3340 E CamX    : [ DUMP][CORE   ] camxpipeline.cpp:7042 DumpDebugInfo() +     numNodesConfigDone:              2
01-01 03:11:01.819   993  3340 E CamX    : [ DUMP][CORE   ] camxpipeline.cpp:7044 DumpDebugInfo() +     batchFrameIntervalNanoSeconds:   0
01-01 03:11:01.819   993  3340 E CamX    : [ DUMP][CORE   ] camxpipeline.cpp:7046 DumpDebugInfo() +     isSofdispatched:                 0
01-01 03:11:01.819   993  3340 E CamX    : [ DUMP][CORE   ] camxpipeline.cpp:7025 DumpDebugInfo() +   RequestId:       4
01-01 03:11:01.819   993  3340 E CamX    : [ DUMP][CORE   ] camxpipeline.cpp:7029 DumpDebugInfo() +    SequenceId[0]:  3
01-01 03:11:01.819   993  3340 E CamX    : [ DUMP][CORE   ] camxpipeline.cpp:7032 DumpDebugInfo() +     CSLSyncId:                       4
01-01 03:11:01.819   993  3340 E CamX    : [ DUMP][CORE   ] camxpipeline.cpp:7034 DumpDebugInfo() +     numNodes:                        2
01-01 03:11:01.819   993  3340 E CamX    : [ DUMP][CORE   ] camxpipeline.cpp:7036 DumpDebugInfo() +     numNodesRequestIdDone:           1
01-01 03:11:01.819   993  3340 E CamX    : [ DUMP][CORE   ] camxpipeline.cpp:7038 DumpDebugInfo() +     numNodesPartialMetadataDone:     2
01-01 03:11:01.819   993  3340 E CamX    : [ DUMP][CORE   ] camxpipeline.cpp:7040 DumpDebugInfo() +     numNodesMetadataDone:            2
01-01 03:11:01.819   993  3340 E CamX    : [ DUMP][CORE   ] camxpipeline.cpp:7042 DumpDebugInfo() +     numNodesConfigDone:              2
01-01 03:11:01.819   993  3340 E CamX    : [ DUMP][CORE   ] camxpipeline.cpp:7044 DumpDebugInfo() +     batchFrameIntervalNanoSeconds:   0
01-01 03:11:01.819   993  3340 E CamX    : [ DUMP][CORE   ] camxpipeline.cpp:7046 DumpDebugInfo() +     isSofdispatched:                 0
01-01 03:11:01.819   993  3340 E CamX    : [ DUMP][CORE   ] camxpipeline.cpp:7025 DumpDebugInfo() +   RequestId:       5
01-01 03:11:01.819   993  3340 E CamX    : [ DUMP][CORE   ] camxpipeline.cpp:7029 DumpDebugInfo() +    SequenceId[0]:  4
01-01 03:11:01.819   993  3340 E CamX    : [ DUMP][CORE   ] camxpipeline.cpp:7032 DumpDebugInfo() +     CSLSyncId:                       5
01-01 03:11:01.819   993  3340 E CamX    : [ DUMP][CORE   ] camxpipeline.cpp:7034 DumpDebugInfo() +     numNodes:                        2
01-01 03:11:01.819   993  3340 E CamX    : [ DUMP][CORE   ] camxpipeline.cpp:7036 DumpDebugInfo() +     numNodesRequestIdDone:           1
01-01 03:11:01.819   993  3340 E CamX    : [ DUMP][CORE   ] camxpipeline.cpp:7038 DumpDebugInfo() +     numNodesPartialMetadataDone:     2
01-01 03:11:01.819   993  3340 E CamX    : [ DUMP][CORE   ] camxpipeline.cpp:7040 DumpDebugInfo() +     numNodesMetadataDone:            2
01-01 03:11:01.819   993  3340 E CamX    : [ DUMP][CORE   ] camxpipeline.cpp:7042 DumpDebugInfo() +     numNodesConfigDone:              2
01-01 03:11:01.819   993  3340 E CamX    : [ DUMP][CORE   ] camxpipeline.cpp:7044 DumpDebugInfo() +     batchFrameIntervalNanoSeconds:   0
01-01 03:11:01.819   993  3340 E CamX    : [ DUMP][CORE   ] camxpipeline.cpp:7046 DumpDebugInfo() +     isSofdispatched:                 0
01-01 03:11:01.819   993  3340 E CamX    : [ DUMP][CORE   ] camxpipeline.cpp:7025 DumpDebugInfo() +   RequestId:       6
01-01 03:11:01.819   993  3340 E CamX    : [ DUMP][CORE   ] camxpipeline.cpp:7029 DumpDebugInfo() +    SequenceId[0]:  5
01-01 03:11:01.819   993  3340 E CamX    : [ DUMP][CORE   ] camxpipeline.cpp:7032 DumpDebugInfo() +     CSLSyncId:                       6
01-01 03:11:01.819   993  3340 E CamX    : [ DUMP][CORE   ] camxpipeline.cpp:7034 DumpDebugInfo() +     numNodes:                        2
01-01 03:11:01.819   993  3340 E CamX    : [ DUMP][CORE   ] camxpipeline.cpp:7036 DumpDebugInfo() +     numNodesRequestIdDone:           1
01-01 03:11:01.819   993  3340 E CamX    : [ DUMP][CORE   ] camxpipeline.cpp:7038 DumpDebugInfo() +     numNodesPartialMetadataDone:     2
01-01 03:11:01.819   993  3340 E CamX    : [ DUMP][CORE   ] camxpipeline.cpp:7040 DumpDebugInfo() +     numNodesMetadataDone:            2
01-01 03:11:01.819   993  3340 E CamX    : [ DUMP][CORE   ] camxpipeline.cpp:7042 DumpDebugInfo() +     numNodesConfigDone:              2
01-01 03:11:01.819   993  3340 E CamX    : [ DUMP][CORE   ] camxpipeline.cpp:7044 DumpDebugInfo() +     batchFrameIntervalNanoSeconds:   0
01-01 03:11:01.819   993  3340 E CamX    : [ DUMP][CORE   ] camxpipeline.cpp:7046 DumpDebugInfo() +     isSofdispatched:                 0
01-01 03:11:01.819   993  3340 E CamX    : [ DUMP][CORE   ] camxpipeline.cpp:7025 DumpDebugInfo() +   RequestId:       7
01-01 03:11:01.819   993  3340 E CamX    : [ DUMP][CORE   ] camxpipeline.cpp:7029 DumpDebugInfo() +    SequenceId[0]:  6
01-01 03:11:01.819   993  3340 E CamX    : [ DUMP][CORE   ] camxpipeline.cpp:7032 DumpDebugInfo() +     CSLSyncId:                       7
01-01 03:11:01.819   993  3340 E CamX    : [ DUMP][CORE   ] camxpipeline.cpp:7034 DumpDebugInfo() +     numNodes:                        2
01-01 03:11:01.819   993  3340 E CamX    : [ DUMP][CORE   ] camxpipeline.cpp:7036 DumpDebugInfo() +     numNodesRequestIdDone:           1
01-01 03:11:01.819   993  3340 E CamX    : [ DUMP][CORE   ] camxpipeline.cpp:7038 DumpDebugInfo() +     numNodesPartialMetadataDone:     2
01-01 03:11:01.819   993  3340 E CamX    : [ DUMP][CORE   ] camxpipeline.cpp:7040 DumpDebugInfo() +     numNodesMetadataDone:            2
01-01 03:11:01.819   993  3340 E CamX    : [ DUMP][CORE   ] camxpipeline.cpp:7042 DumpDebugInfo() +     numNodesConfigDone:              2
01-01 03:11:01.819   993  3340 E CamX    : [ DUMP][CORE   ] camxpipeline.cpp:7044 DumpDebugInfo() +     batchFrameIntervalNanoSeconds:   0
01-01 03:11:01.819   993  3340 E CamX    : [ DUMP][CORE   ] camxpipeline.cpp:7046 DumpDebugInfo() +     isSofdispatched:                 0
01-01 03:11:01.819   993  3340 E CamX    : [ DUMP][CORE   ] camxpipeline.cpp:7025 DumpDebugInfo() +   RequestId:       8
01-01 03:11:01.819   993  3340 E CamX    : [ DUMP][CORE   ] camxpipeline.cpp:7029 DumpDebugInfo() +    SequenceId[0]:  7
01-01 03:11:01.819   993  3340 E CamX    : [ DUMP][CORE   ] camxpipeline.cpp:7032 DumpDebugInfo() +     CSLSyncId:                       8
01-01 03:11:01.819   993  3340 E CamX    : [ DUMP][CORE   ] camxpipeline.cpp:7034 DumpDebugInfo() +     numNodes:                        2
01-01 03:11:01.819   993  3340 E CamX    : [ DUMP][CORE   ] camxpipeline.cpp:7036 DumpDebugInfo() +     numNodesRequestIdDone:           1
01-01 03:11:01.819   993  3340 E CamX    : [ DUMP][CORE   ] camxpipeline.cpp:7038 DumpDebugInfo() +     numNodesPartialMetadataDone:     2
01-01 03:11:01.819   993  3340 E CamX    : [ DUMP][CORE   ] camxpipeline.cpp:7040 DumpDebugInfo() +     numNodesMetadataDone:            2
01-01 03:11:01.819   993  3340 E CamX    : [ DUMP][CORE   ] camxpipeline.cpp:7042 DumpDebugInfo() +     numNodesConfigDone:              2
01-01 03:11:01.819   993  3340 E CamX    : [ DUMP][CORE   ] camxpipeline.cpp:7044 DumpDebugInfo() +     batchFrameIntervalNanoSeconds:   0
01-01 03:11:01.819   993  3340 E CamX    : [ DUMP][CORE   ] camxpipeline.cpp:7046 DumpDebugInfo() +     isSofdispatched:                 0
01-01 03:11:01.819   993  3340 E CamX    : [ DUMP][CORE   ] camxpipeline.cpp:7025 DumpDebugInfo() +   RequestId:       9
01-01 03:11:01.819   993  3340 E CamX    : [ DUMP][CORE   ] camxpipeline.cpp:7029 DumpDebugInfo() +    SequenceId[0]:  8
01-01 03:11:01.819   993  3340 E CamX    : [ DUMP][CORE   ] camxpipeline.cpp:7032 DumpDebugInfo() +     CSLSyncId:                       9
01-01 03:11:01.819   993  3340 E CamX    : [ DUMP][CORE   ] camxpipeline.cpp:7034 DumpDebugInfo() +     numNodes:                        2
01-01 03:11:01.819   993  3340 E CamX    : [ DUMP][CORE   ] camxpipeline.cpp:7036 DumpDebugInfo() +     numNodesRequestIdDone:           1
01-01 03:11:01.819   993  3340 E CamX    : [ DUMP][CORE   ] camxpipeline.cpp:7038 DumpDebugInfo() +     numNodesPartialMetadataDone:     2
01-01 03:11:01.819   993  3340 E CamX    : [ DUMP][CORE   ] camxpipeline.cpp:7040 DumpDebugInfo() +     numNodesMetadataDone:            2
01-01 03:11:01.819   993  3340 E CamX    : [ DUMP][CORE   ] camxpipeline.cpp:7042 DumpDebugInfo() +     numNodesConfigDone:              2
01-01 03:11:01.819   993  3340 E CamX    : [ DUMP][CORE   ] camxpipeline.cpp:7044 DumpDebugInfo() +     batchFrameIntervalNanoSeconds:   0
01-01 03:11:01.819   993  3340 E CamX    : [ DUMP][CORE   ] camxpipeline.cpp:7046 DumpDebugInfo() +     isSofdispatched:                 0
01-01 03:11:01.819   993  3340 E CamX    : [ DUMP][CORE   ] camxpipeline.cpp:7025 DumpDebugInfo() +   RequestId:       10
01-01 03:11:01.819   993  3340 E CamX    : [ DUMP][CORE   ] camxpipeline.cpp:7029 DumpDebugInfo() +    SequenceId[0]:  9
01-01 03:11:01.819   993  3340 E CamX    : [ DUMP][CORE   ] camxpipeline.cpp:7032 DumpDebugInfo() +     CSLSyncId:                       10
01-01 03:11:01.819   993  3340 E CamX    : [ DUMP][CORE   ] camxpipeline.cpp:7034 DumpDebugInfo() +     numNodes:                        2
01-01 03:11:01.819   993  3340 E CamX    : [ DUMP][CORE   ] camxpipeline.cpp:7036 DumpDebugInfo() +     numNodesRequestIdDone:           1
01-01 03:11:01.819   993  3340 E CamX    : [ DUMP][CORE   ] camxpipeline.cpp:7038 DumpDebugInfo() +     numNodesPartialMetadataDone:     2
01-01 03:11:01.819   993  3340 E CamX    : [ DUMP][CORE   ] camxpipeline.cpp:7040 DumpDebugInfo() +     numNodesMetadataDone:            2
01-01 03:11:01.819   993  3340 E CamX    : [ DUMP][CORE   ] camxpipeline.cpp:7042 DumpDebugInfo() +     numNodesConfigDone:              2
01-01 03:11:01.819   993  3340 E CamX    : [ DUMP][CORE   ] camxpipeline.cpp:7044 DumpDebugInfo() +     batchFrameIntervalNanoSeconds:   0
01-01 03:11:01.819   993  3340 E CamX    : [ DUMP][CORE   ] camxpipeline.cpp:7046 DumpDebugInfo() +     isSofdispatched:                 0
01-01 03:11:01.819   993  3340 E CamX    : [ DUMP][CORE   ] camxpipeline.cpp:7025 DumpDebugInfo() +   RequestId:       11
01-01 03:11:01.819   993  3340 E CamX    : [ DUMP][CORE   ] camxpipeline.cpp:7029 DumpDebugInfo() +    SequenceId[0]:  10
01-01 03:11:01.819   993  3340 E CamX    : [ DUMP][CORE   ] camxpipeline.cpp:7032 DumpDebugInfo() +     CSLSyncId:                       11
01-01 03:11:01.819   993  3340 E CamX    : [ DUMP][CORE   ] camxpipeline.cpp:7034 DumpDebugInfo() +     numNodes:                        2
01-01 03:11:01.819   993  3340 E CamX    : [ DUMP][CORE   ] camxpipeline.cpp:7036 DumpDebugInfo() +     numNodesRequestIdDone:           1
01-01 03:11:01.819   993  3340 E CamX    : [ DUMP][CORE   ] camxpipeline.cpp:7038 DumpDebugInfo() +     numNodesPartialMetadataDone:     2
01-01 03:11:01.819   993  3340 E CamX    : [ DUMP][CORE   ] camxpipeline.cpp:7040 DumpDebugInfo() +     numNodesMetadataDone:            2
01-01 03:11:01.819   993  3340 E CamX    : [ DUMP][CORE   ] camxpipeline.cpp:7042 DumpDebugInfo() +     numNodesConfigDone:              2
01-01 03:11:01.819   993  3340 E CamX    : [ DUMP][CORE   ] camxpipeline.cpp:7044 DumpDebugInfo() +     batchFrameIntervalNanoSeconds:   0
01-01 03:11:01.819   993  3340 E CamX    : [ DUMP][CORE   ] camxpipeline.cpp:7046 DumpDebugInfo() +     isSofdispatched:                 0
01-01 03:11:01.819   993  3340 E CamX    : [ DUMP][CORE   ] camxpipeline.cpp:7025 DumpDebugInfo() +   RequestId:       12
01-01 03:11:01.819   993  3340 E CamX    : [ DUMP][CORE   ] camxpipeline.cpp:7029 DumpDebugInfo() +    SequenceId[0]:  11
01-01 03:11:01.819   993  3340 E CamX    : [ DUMP][CORE   ] camxpipeline.cpp:7032 DumpDebugInfo() +     CSLSyncId:                       12
01-01 03:11:01.819   993  3340 E CamX    : [ DUMP][CORE   ] camxpipeline.cpp:7034 DumpDebugInfo() +     numNodes:                        2
01-01 03:11:01.819   993  3340 E CamX    : [ DUMP][CORE   ] camxpipeline.cpp:7036 DumpDebugInfo() +     numNodesRequestIdDone:           1
01-01 03:11:01.819   993  3340 E CamX    : [ DUMP][CORE   ] camxpipeline.cpp:7038 DumpDebugInfo() +     numNodesPartialMetadataDone:     2
01-01 03:11:01.819   993  3340 E CamX    : [ DUMP][CORE   ] camxpipeline.cpp:7040 DumpDebugInfo() +     numNodesMetadataDone:            2
01-01 03:11:01.819   993  3340 E CamX    : [ DUMP][CORE   ] camxpipeline.cpp:7042 DumpDebugInfo() +     numNodesConfigDone:              2
01-01 03:11:01.819   993  3340 E CamX    : [ DUMP][CORE   ] camxpipeline.cpp:7044 DumpDebugInfo() +     batchFrameIntervalNanoSeconds:   0
01-01 03:11:01.819   993  3340 E CamX    : [ DUMP][CORE   ] camxpipeline.cpp:7046 DumpDebugInfo() +     isSofdispatched:                 0
01-01 03:11:01.819   993  3340 E CamX    : [ DUMP][CORE   ] camxpipeline.cpp:7025 DumpDebugInfo() +   RequestId:       13
01-01 03:11:01.819   993  3340 E CamX    : [ DUMP][CORE   ] camxpipeline.cpp:7029 DumpDebugInfo() +    SequenceId[0]:  12
01-01 03:11:01.819   993  3340 E CamX    : [ DUMP][CORE   ] camxpipeline.cpp:7032 DumpDebugInfo() +     CSLSyncId:                       13
01-01 03:11:01.819   993  3348 I         : AllocBuffer: Using color space: ITU_R_601
01-01 03:11:01.819   993  3340 E CamX    : [ DUMP][CORE   ] camxpipeline.cpp:7034 DumpDebugInfo() +     numNodes:                        2
01-01 03:11:01.819   993  3340 E CamX    : [ DUMP][CORE   ] camxpipeline.cpp:7036 DumpDebugInfo() +     numNodesRequestIdDone:           1
01-01 03:11:01.819   993  3348 I         : AllocBuffer: Color Primaries 5, Color Range 1, Gamma Transfer 6, Matrix Coefficients 5
01-01 03:11:01.819   993  3340 E CamX    : [ DUMP][CORE   ] camxpipeline.cpp:7038 DumpDebugInfo() +     numNodesPartialMetadataDone:     2
01-01 03:11:01.819   993  3340 E CamX    : [ DUMP][CORE   ] camxpipeline.cpp:7040 DumpDebugInfo() +     numNodesMetadataDone:            1
01-01 03:11:01.819   993  3348 I Camera3Stream: GetBufferLocked: Allocated new buffer, total buffers allocated = 14
01-01 03:11:01.819   993  3340 E CamX    : [ DUMP][CORE   ] camxpipeline.cpp:7042 DumpDebugInfo() +     numNodesConfigDone:              1
01-01 03:11:01.819   993  3340 E CamX    : [ DUMP][CORE   ] camxpipeline.cpp:7044 DumpDebugInfo() +     batchFrameIntervalNanoSeconds:   0
01-01 03:11:01.819   993  3340 E CamX    : [ DUMP][CORE   ] camxpipeline.cpp:7046 DumpDebugInfo() +     isSofdispatched:                 0
01-01 03:11:01.819   993  3348 I CamX    : [CORE_CFG][HAL    ] camxhal3.cpp:1691 process_capture_request() logical camera id 0, frame_number 13, settings 0x7f3c00aa30, priv_settings (nil), priv_result (nil), num_priv_phy_result 0, num_output_buffers 1
01-01 03:11:01.819   993  3340 E CamX    : [ DUMP][CORE   ] camxpipeline.cpp:7050 DumpDebugInfo() +------------------------------------------------------------------+
01-01 03:11:01.819   993  3340 E CamX    : [ DUMP][CORE   ] camxpipeline.cpp:7051 DumpDebugInfo() +      METADATA DEBUG INFO       +
01-01 03:11:01.819   993  3340 E CamX    : [ DUMP][CORE   ] camxpipeline.cpp:7054 DumpDebugInfo() |      Requests Range - lastInOrderMetaCompletedRequestId: 12 currentRequest : 13
01-01 03:11:01.819   993  3340 E CamX    : [ DUMP][CORE   ] camxpipeline.cpp:7059 DumpDebugInfo() +----------------------------------------+
01-01 03:11:01.819   993  3340 E CamX    : [ DUMP][CORE   ] camxpipeline.cpp:7060 DumpDebugInfo() +      PERFRAMERESULT METADATA DUMP      +
01-01 03:11:01.819   993  3340 E CamX    : [ DUMP][CORE   ] camxpipeline.cpp:7074 DumpDebugInfo() + Request 13, MetaBuffer 0x7f8a504cf0
01-01 03:11:01.819   993  3348 E CamX    : [ERROR][META   ] camxmetabuffer.cpp:3295 SetTag() Cannot set 8066003d size 0 max 4
01-01 03:11:01.819   993  3340 E CamX    : [ DUMP][CORE   ] camxpipeline.cpp:8027 DumpMetadataPendingNodes() +   Metadata Pending nodes: IFE0 
01-01 03:11:01.819   993  3340 E CamX    : [ DUMP][CORE   ] camxpipeline.cpp:7079 DumpDebugInfo() +----------------------------------------+
01-01 03:11:01.819   993  3340 E CamX    : [ DUMP][CORE   ] camxpipeline.cpp:7080 DumpDebugInfo() +      PERFRAMEINPUT METADATA DUMP       +
01-01 03:11:01.819   993  3340 E CamX    : [ DUMP][CORE   ] camxpipeline.cpp:7094 DumpDebugInfo() + Request 13, MetaBuffer 0x7f8a8c9ac0
01-01 03:11:01.819   993  3340 E CamX    : [ DUMP][CORE   ] camxpipeline.cpp:6970 DumpMetadataPoolDebugInfo() +----------------------------------------------------------+
01-01 03:11:01.819   993  3340 E CamX    : [ DUMP][CORE   ] camxpipeline.cpp:6971 DumpMetadataPoolDebugInfo() +    METADATA POOL DEBUG INFO     +
01-01 03:11:01.819   993  3348 E CamX    : [ERROR][META   ] camxmetabuffer.cpp:3295 SetTag() Cannot set 8066003d size 0 max 4
01-01 03:11:01.819   993  3340 E CamX    : [ DUMP][CORE   ] camxmetadatapool.cpp:672 DumpMetadataPoolDebugInfo() Dumping [Metadata Type: PerFrameResult P:0x7f8a0f99b0] Metadata pool, Pooltype = 3 NumSlots = 16
01-01 03:11:01.819   993  3340 E CamX    : [ DUMP][CORE   ] camxmetadatapool.cpp:1685 DumpMetadataSlotDebugInfo() Slot Index =  0 IsValid = 0 Associated ReqId = 0 Metabuffer = (nil)
01-01 03:11:01.819   993  3348 I CHIUSECASE: [REQMAP ] chxadvancedcamerausecase.cpp:3908 ExecuteCaptureRequest() frame: 13  <==>  (chiFrameNum) chiOverrideFrameNum: 13
01-01 03:11:01.819   993  3340 E CamX    : [ DUMP][CORE   ] camxmetadatapool.cpp:1685 DumpMetadataSlotDebugInfo() Slot Index =  1 IsValid = 1 Associated ReqId = 1 Metabuffer = 0x7f8a3631c0
01-01 03:11:01.819   993  3340 E CamX    : [ DUMP][CORE   ] camxmetadatapool.cpp:1685 DumpMetadataSlotDebugInfo() Slot Index =  2 IsValid = 1 Associated ReqId = 2 Metabuffer = 0x7f8a385f50
01-01 03:11:01.819   993  3340 E CamX    : [ DUMP][CORE   ] camxmetadatapool.cpp:1685 DumpMetadataSlotDebugInfo() Slot Index =  3 IsValid = 1 Associated ReqId = 3 Metabuffer = 0x7f8a3a8c30
01-01 03:11:01.819   993  3340 E CamX    : [ DUMP][CORE   ] camxmetadatapool.cpp:1685 DumpMetadataSlotDebugInfo() Slot Index =  4 IsValid = 1 Associated ReqId = 4 Metabuffer = 0x7f8a3cb910
01-01 03:11:01.819   993  3340 E CamX    : [ DUMP][CORE   ] camxmetadatapool.cpp:1685 DumpMetadataSlotDebugInfo() Slot Index =  5 IsValid = 1 Associated ReqId = 5 Metabuffer = 0x7f8a3ee5f0
