--------- beginning of main
01-01 03:09:23.768   809   809 E adsprpcd: /local/mnt/workspace/lnxbuild/project/trees_in_use/free_tree_dir/checkout/build-qti-distro-ubuntu-fullstack-perf/tmp-glibc/work/kalama-oe-linux/adsprpc/13.0-r1/adsprpc/src/adsp_default_listener.c:84:Error 0x72: adsp_default_listener_start exiting
01-01 03:09:23.768   809   809 I adsprpcd: /local/mnt/workspace/lnxbuild/project/trees_in_use/free_tree_dir/checkout/build-qti-distro-ubuntu-fullstack-perf/tmp-glibc/work/kalama-oe-linux/adsprpc/13.0-r1/adsprpc/src/fastrpc_apps_user.c:4083: close_dev: unloading library libadsprpc.so
01-01 03:09:23.768   809   809 I adsprpcd: /local/mnt/workspace/lnxbuild/project/trees_in_use/free_tree_dir/checkout/build-qti-distro-ubuntu-fullstack-perf/tmp-glibc/work/kalama-oe-linux/adsprpc/13.0-r1/adsprpc/src/fastrpc_apps_user.c:3166: domain_deinit for domain 0: dev -1
01-01 03:09:23.768   809   809 I adsprpcd: /local/mnt/workspace/lnxbuild/project/trees_in_use/free_tree_dir/checkout/build-qti-distro-ubuntu-fullstack-perf/tmp-glibc/work/kalama-oe-linux/adsprpc/13.0-r1/adsprpc/src/fastrpc_apps_user.c:3166: domain_deinit for domain 1: dev -1
01-01 03:09:23.768   809   809 I adsprpcd: /local/mnt/workspace/lnxbuild/project/trees_in_use/free_tree_dir/checkout/build-qti-distro-ubuntu-fullstack-perf/tmp-glibc/work/kalama-oe-linux/adsprpc/13.0-r1/adsprpc/src/fastrpc_apps_user.c:3166: domain_deinit for domain 2: dev -1
01-01 03:09:23.768   809   809 I adsprpcd: /local/mnt/workspace/lnxbuild/project/trees_in_use/free_tree_dir/checkout/build-qti-distro-ubuntu-fullstack-perf/tmp-glibc/work/kalama-oe-linux/adsprpc/13.0-r1/adsprpc/src/fastrpc_apps_user.c:3166: domain_deinit for domain 3: dev -1
01-01 03:09:23.768   809   809 I adsprpcd: /local/mnt/workspace/lnxbuild/project/trees_in_use/free_tree_dir/checkout/build-qti-distro-ubuntu-fullstack-perf/tmp-glibc/work/kalama-oe-linux/adsprpc/13.0-r1/adsprpc/src/fastrpc_apps_user.c:3166: domain_deinit for domain 4: dev -1
01-01 03:09:23.768   809   809 I adsprpcd: /local/mnt/workspace/lnxbuild/project/trees_in_use/free_tree_dir/checkout/build-qti-distro-ubuntu-fullstack-perf/tmp-glibc/work/kalama-oe-linux/adsprpc/13.0-r1/adsprpc/src/fastrpc_apps_user.c:3166: domain_deinit for domain 5: dev -1
01-01 03:09:23.768   809   809 I adsprpcd: /local/mnt/workspace/lnxbuild/project/trees_in_use/free_tree_dir/checkout/build-qti-distro-ubuntu-fullstack-perf/tmp-glibc/work/kalama-oe-linux/adsprpc/13.0-r1/adsprpc/src/fastrpc_apps_user.c:3166: domain_deinit for domain 6: dev -1
01-01 03:09:23.768   809   809 I adsprpcd: /local/mnt/workspace/lnxbuild/project/trees_in_use/free_tree_dir/checkout/build-qti-distro-ubuntu-fullstack-perf/tmp-glibc/work/kalama-oe-linux/adsprpc/13.0-r1/adsprpc/src/fastrpc_apps_user.c:3166: domain_deinit for domain 7: dev -1
01-01 03:09:23.768   809   809 I adsprpcd: /local/mnt/workspace/lnxbuild/project/trees_in_use/free_tree_dir/checkout/build-qti-distro-ubuntu-fullstack-perf/tmp-glibc/work/kalama-oe-linux/adsprpc/13.0-r1/adsprpc/src/fastrpc_apps_user.c:3166: domain_deinit for domain 8: dev -1
01-01 03:09:23.768   809   809 I adsprpcd: /local/mnt/workspace/lnxbuild/project/trees_in_use/free_tree_dir/checkout/build-qti-distro-ubuntu-fullstack-perf/tmp-glibc/work/kalama-oe-linux/adsprpc/13.0-r1/adsprpc/src/fastrpc_apps_user.c:3166: domain_deinit for domain 9: dev -1
01-01 03:09:23.768   809   809 I adsprpcd: /local/mnt/workspace/lnxbuild/project/trees_in_use/free_tree_dir/checkout/build-qti-distro-ubuntu-fullstack-perf/tmp-glibc/work/kalama-oe-linux/adsprpc/13.0-r1/adsprpc/src/fastrpc_apps_user.c:3166: domain_deinit for domain 10: dev -1
01-01 03:09:23.768   809   809 I adsprpcd: /local/mnt/workspace/lnxbuild/project/trees_in_use/free_tree_dir/checkout/build-qti-distro-ubuntu-fullstack-perf/tmp-glibc/work/kalama-oe-linux/adsprpc/13.0-r1/adsprpc/src/fastrpc_apps_user.c:3166: domain_deinit for domain 11: dev -1
01-01 03:09:23.768   809   809 I adsprpcd: /local/mnt/workspace/lnxbuild/project/trees_in_use/free_tree_dir/checkout/build-qti-distro-ubuntu-fullstack-perf/tmp-glibc/work/kalama-oe-linux/adsprpc/13.0-r1/adsprpc/src/fastrpc_apps_user.c:3166: domain_deinit for domain 12: dev -1
01-01 03:09:23.768   809   809 I adsprpcd: /local/mnt/workspace/lnxbuild/project/trees_in_use/free_tree_dir/checkout/build-qti-distro-ubuntu-fullstack-perf/tmp-glibc/work/kalama-oe-linux/adsprpc/13.0-r1/adsprpc/src/fastrpc_apps_user.c:3166: domain_deinit for domain 13: dev -1
01-01 03:09:23.768   809   809 I adsprpcd: /local/mnt/workspace/lnxbuild/project/trees_in_use/free_tree_dir/checkout/build-qti-distro-ubuntu-fullstack-perf/tmp-glibc/work/kalama-oe-linux/adsprpc/13.0-r1/adsprpc/src/fastrpc_apps_user.c:3166: domain_deinit for domain 14: dev -1
01-01 03:09:23.768   809   809 I adsprpcd: /local/mnt/workspace/lnxbuild/project/trees_in_use/free_tree_dir/checkout/build-qti-distro-ubuntu-fullstack-perf/tmp-glibc/work/kalama-oe-linux/adsprpc/13.0-r1/adsprpc/src/fastrpc_apps_user.c:3166: domain_deinit for domain 15: dev -1
01-01 03:09:23.768   809   809 I adsprpcd: /local/mnt/workspace/lnxbuild/project/trees_in_use/free_tree_dir/checkout/build-qti-distro-ubuntu-fullstack-perf/tmp-glibc/work/kalama-oe-linux/adsprpc/13.0-r1/adsprpc/src/rpcmem_android.c:332: rpcmem_deinit_internal done
01-01 03:09:23.768   809   809 I adsprpcd: /local/mnt/workspace/lnxbuild/project/trees_in_use/free_tree_dir/checkout/build-qti-distro-ubuntu-fullstack-perf/tmp-glibc/work/kalama-oe-linux/adsprpc/13.0-r1/adsprpc/src/fastrpc_apps_user.c:4329: fastrpc_apps_user_deinit done
01-01 03:09:23.768   809   809 E adsprpcd: /local/mnt/workspace/lnxbuild/project/trees_in_use/free_tree_dir/checkout/build-qti-distro-ubuntu-fullstack-perf/tmp-glibc/work/kalama-oe-linux/adsprpc/13.0-r1/adsprpc/src/adsprpcd.c:56:fastRPC device driver is disabled, retrying...
01-01 03:09:23.768   809   809 E adsprpcd: /local/mnt/workspace/lnxbuild/project/trees_in_use/free_tree_dir/checkout/build-qti-distro-ubuntu-fullstack-perf/tmp-glibc/work/kalama-oe-linux/adsprpc/13.0-r1/adsprpc/src/adsprpcd.c:58:adsp daemon will restart after 25ms...
01-01 03:09:23.787  1403  1403 E Diag-Router: failed to create mhi usb handle -1
01-01 03:09:23.787  1403  1403 E Diag-Router: failed to create mhi usb handle -1
01-01 03:09:23.787  1403  1403 E Diag-Router: failed to create mhi usb handle -1
01-01 03:09:23.787  1403  1403 E Diag-Router: failed to create mhi usb handle -1
01-01 03:09:23.787  1403  1403 E Diag-Router: failed to create mhi usb handle -1
01-01 03:09:23.788  1403  1403 E Diag-Router: failed to create mhi usb handle -1
01-01 03:09:23.788  1403  1403 E Diag-Router: failed to create mhi usb handle -1
01-01 03:09:23.788  1403  1403 E Diag-Router: failed to create mhi usb handle -1
01-01 03:09:23.789  1403  1468 E Diag-Router: diag: failed to create control node for slate_apps
01-01 03:09:23.789  1403  1469 E Diag-Router: diag: failed to create control node for slate_adsp
01-01 03:09:23.792  1403  1403 I Diag-Router: diag: received qrtr new client notify for cntl ch periph:2
01-01 03:09:23.792  1403  1403 I Diag-Router: diag: rcvd qrtr new client on ctrl chnl for perif: 2, node: 1, port: 4051, svc: 127, ins: -20600808
01-01 03:09:23.792  1403  1403 I Diag-Router: diag: In diag_cntl_feature_mask received feature mask from [lpass] mask
01-01 03:09:23.792  1403  1403 D Diag-Router: diag: queue_push_cntlq: Sending cntl pkt of len: 18 to perif: lpass with port: node [4051: 1]
01-01 03:09:23.792  1403  1403 I Diag-Router: diag: Connecting CMD socket to 5: 24 perif: 2
01-01 03:09:23.792  1403  1403 I Diag-Router: diag: rcvd qrtr new server on cmd chnl for perif: 2, node: 1, port: 4052, svc: 4097, ins: 0
01-01 03:09:23.792  1403  1403 I Diag-Router: diag: received qrtr new client notify for cntl ch periph:6
01-01 03:09:23.792  1403  1403 I Diag-Router: diag: rcvd qrtr new client on ctrl chnl for perif: 6, node: 1, port: 4060, svc: 4097, ins: 0
01-01 03:09:23.792  1403  1403 I Diag-Router: diag: In diag_cntl_feature_mask received feature mask from [cdsp] mask
01-01 03:09:23.792  1403  1403 D Diag-Router: diag: queue_push_cntlq: Sending cntl pkt of len: 18 to perif: cdsp with port: node [4060: 1]
01-01 03:09:23.792  1403  1403 I Diag-Router: diag: Connecting CMD socket to 10: 11 perif: 6
01-01 03:09:23.792  1403  1403 I Diag-Router: diag: rcvd qrtr new server on cmd chnl for perif: 6, node: 1, port: 4061, svc: 4097, ins: 1
01-01 03:09:23.792  1403  1403 E Diag-Router: diag: diag_cntl_process_diag_id: received diag id request ctrl pkt from perif: lpass
01-01 03:09:23.792  1403  1403 E Diag-Router: diag: diag_cntl_process_diag_id: sent diag id ctrl pkt with id: 2 for process: msm/adsp/root_pd
01-01 03:09:23.792  1403  1403 D Diag-Router: diag: queue_push_cntlq: Sending cntl pkt of len: 33 to perif: lpass with port: node [4051: 1]
01-01 03:09:23.792  1403  1403 E Diag-Router: diag: diag_config_perif_buf: Config request for buffering mode: 0
01-01 03:09:23.792  1403  1403 D Diag-Router: diag: queue_push_cntlq: Sending cntl pkt of len: 13 to perif: lpass with port: node [4051: 1]
01-01 03:09:23.792  1403  1403 D Diag-Router: diag: No mask set, skip updating empty masks to peripheral: lpass
01-01 03:09:23.792  1403  1403 E Diag-Router: diag: diag_cntl_process_diag_id: received diag id request ctrl pkt from perif: lpass
01-01 03:09:23.792  1403  1403 E Diag-Router: diag: diag_cntl_process_diag_id: sent diag id ctrl pkt with id: 3 for process: msm/adsp/charger_pd
01-01 03:09:23.792  1403  1403 D Diag-Router: diag: queue_push_cntlq: Sending cntl pkt of len: 36 to perif: lpass with port: node [4051: 1]
01-01 03:09:23.792  1403  1403 E Diag-Router: diag: diag_cntl_process_diag_id: received diag id request ctrl pkt from perif: lpass
01-01 03:09:23.792  1403  1403 E Diag-Router: diag: diag_cntl_process_diag_id: sent diag id ctrl pkt with id: 4 for process: msm/adsp/audio_pd
01-01 03:09:23.792  1403  1403 D Diag-Router: diag: queue_push_cntlq: Sending cntl pkt of len: 34 to perif: lpass with port: node [4051: 1]
01-01 03:09:23.792  1403  1403 E Diag-Router: diag: diag_cntl_process_diag_id: received diag id request ctrl pkt from perif: cdsp
01-01 03:09:23.792  1403  1403 E Diag-Router: diag: diag_cntl_process_diag_id: sent diag id ctrl pkt with id: 5 for process: msm/cdsp/root_pd
01-01 03:09:23.792  1403  1403 D Diag-Router: diag: queue_push_cntlq: Sending cntl pkt of len: 33 to perif: cdsp with port: node [4060: 1]
01-01 03:09:23.792  1403  1403 E Diag-Router: diag: diag_config_perif_buf: Config request for buffering mode: 0
01-01 03:09:23.792  1403  1403 D Diag-Router: diag: queue_push_cntlq: Sending cntl pkt of len: 13 to perif: cdsp with port: node [4060: 1]
01-01 03:09:23.792  1403  1403 D Diag-Router: diag: No mask set, skip updating empty masks to peripheral: cdsp
01-01 03:09:23.792  1403  1403 E Diag-Router: diag: diag_cntl_process_diag_id: received diag id request ctrl pkt from perif: lpass
01-01 03:09:23.792  1403  1403 E Diag-Router: diag: diag_cntl_process_diag_id: sent diag id ctrl pkt with id: 6 for process: msm/adsp/sensor_pd
01-01 03:09:23.792  1403  1403 D Diag-Router: diag: queue_push_cntlq: Sending cntl pkt of len: 35 to perif: lpass with port: node [4051: 1]
01-01 03:09:23.793   809   809 I adsprpcd: /local/mnt/workspace/lnxbuild/project/trees_in_use/free_tree_dir/checkout/build-qti-distro-ubuntu-fullstack-perf/tmp-glibc/work/kalama-oe-linux/adsprpc/13.0-r1/adsprpc/src/rpcmem_android.c:181: set up allocator 0x559d195530 for DMA buf heap system, ION heap system, heap mask 0x2000000, flags 0x1, legacy flags 0x1
01-01 03:09:23.793   809   809 I adsprpcd: /local/mnt/workspace/lnxbuild/project/trees_in_use/free_tree_dir/checkout/build-qti-distro-ubuntu-fullstack-perf/tmp-glibc/work/kalama-oe-linux/adsprpc/13.0-r1/adsprpc/src/fastrpc_config.c:304: Reading configuration file: adsprpcd.debugconfig
01-01 03:09:23.793   809   809 I adsprpcd: /local/mnt/workspace/lnxbuild/project/trees_in_use/free_tree_dir/checkout/build-qti-distro-ubuntu-fullstack-perf/tmp-glibc/work/kalama-oe-linux/adsprpc/13.0-r1/adsprpc/src/fastrpc_config.c:335: fastrpc_config_init: Couldn't find file adsprpcd.debugconfig, errno (No such file or directory) at /usr/lib/rfsa/adsp, /dsp/adsp, /dsp, 
01-01 03:09:23.793   809   809 I adsprpcd: /local/mnt/workspace/lnxbuild/project/trees_in_use/free_tree_dir/checkout/build-qti-distro-ubuntu-fullstack-perf/tmp-glibc/work/kalama-oe-linux/adsprpc/13.0-r1/adsprpc/src/fastrpc_apps_user.c:4433: fastrpc_apps_user_init done  with default domain:0 and &fastrpc_trace:0x7fa4af18a0
01-01 03:09:23.793   809   809 I adsprpcd: /local/mnt/workspace/lnxbuild/project/trees_in_use/free_tree_dir/checkout/build-qti-distro-ubuntu-fullstack-perf/tmp-glibc/work/kalama-oe-linux/adsprpc/13.0-r1/adsprpc/src/fastrpc_apps_user.c:4547: multidsplib_env_init: libadsprpc.so loaded
01-01 03:09:23.793   809   809 D adsprpcd: /local/mnt/workspace/lnxbuild/project/trees_in_use/free_tree_dir/checkout/build-qti-distro-ubuntu-fullstack-perf/tmp-glibc/work/kalama-oe-linux/adsprpc/13.0-r1/adsprpc/src/adsprpcd.c:46:adsp_default_listener_start called
01-01 03:09:23.793   809   809 D adsprpcd: /local/mnt/workspace/lnxbuild/project/trees_in_use/free_tree_dir/checkout/build-qti-distro-ubuntu-fullstack-perf/tmp-glibc/work/kalama-oe-linux/adsprpc/13.0-r1/adsprpc/src/adsp_default_listener.c:51::info: calling: NULL != name
01-01 03:09:23.793   809   809 D adsprpcd: /local/mnt/workspace/lnxbuild/project/trees_in_use/free_tree_dir/checkout/build-qti-distro-ubuntu-fullstack-perf/tmp-glibc/work/kalama-oe-linux/adsprpc/13.0-r1/adsprpc/src/adsp_default_listener.c:51::info: passed: NULL != name
01-01 03:09:23.793   809   809 D adsprpcd: /local/mnt/workspace/lnxbuild/project/trees_in_use/free_tree_dir/checkout/build-qti-distro-ubuntu-fullstack-perf/tmp-glibc/work/kalama-oe-linux/adsprpc/13.0-r1/adsprpc/src/adsp_default_listener.c:60:adsp_default_listener_start started
01-01 03:09:23.793   809   809 D adsprpcd: /local/mnt/workspace/lnxbuild/project/trees_in_use/free_tree_dir/checkout/build-qti-distro-ubuntu-fullstack-perf/tmp-glibc/work/kalama-oe-linux/adsprpc/13.0-r1/adsprpc/src/adsp_default_listener.c:61::info: calling: !setenv("ADSP_LISTENER_MEM_CACHE_SIZE", "1048576", 0)
01-01 03:09:23.793   809   809 D adsprpcd: /local/mnt/workspace/lnxbuild/project/trees_in_use/free_tree_dir/checkout/build-qti-distro-ubuntu-fullstack-perf/tmp-glibc/work/kalama-oe-linux/adsprpc/13.0-r1/adsprpc/src/adsp_default_listener.c:61::info: passed: !setenv("ADSP_LISTENER_MEM_CACHE_SIZE", "1048576", 0)
01-01 03:09:23.793   809   809 D adsprpcd: /local/mnt/workspace/lnxbuild/project/trees_in_use/free_tree_dir/checkout/build-qti-distro-ubuntu-fullstack-perf/tmp-glibc/work/kalama-oe-linux/adsprpc/13.0-r1/adsprpc/src/adsp_default_listener.c:62::info: calling: 0 == (nErr = remote_handle_open(name, &fd))
01-01 03:09:23.793   809   809 I adsprpcd: /local/mnt/workspace/lnxbuild/project/trees_in_use/free_tree_dir/checkout/build-qti-distro-ubuntu-fullstack-perf/tmp-glibc/work/kalama-oe-linux/adsprpc/13.0-r1/adsprpc/src/fastrpc_apps_user.c:1653: remote_handle_open: Successfully opened handle 0xffffffff for '":;./\createstaticpd:audiopd on domain 0 (spawn time 0 us, load time 0 us)
01-01 03:09:23.793   809   809 D adsprpcd: /local/mnt/workspace/lnxbuild/project/trees_in_use/free_tree_dir/checkout/build-qti-distro-ubuntu-fullstack-perf/tmp-glibc/work/kalama-oe-linux/adsprpc/13.0-r1/adsprpc/src/adsp_default_listener.c:62::info: passed: 0 == (nErr = remote_handle_open(name, &fd))
01-01 03:09:23.793   809   809 D adsprpcd: /local/mnt/workspace/lnxbuild/project/trees_in_use/free_tree_dir/checkout/build-qti-distro-ubuntu-fullstack-perf/tmp-glibc/work/kalama-oe-linux/adsprpc/13.0-r1/adsprpc/src/adsp_default_listener.c:63::info: calling: 0 == (nErr = remote_handle_open("adsp_default_listener", &listener_fd))
01-01 03:09:23.794   809   809 I adsprpcd: /local/mnt/workspace/lnxbuild/project/trees_in_use/free_tree_dir/checkout/build-qti-distro-ubuntu-fullstack-perf/tmp-glibc/work/kalama-oe-linux/adsprpc/13.0-r1/adsprpc/src/fastrpc_apps_user.c:3427: close_device_node: closed dev 5 on domain 0
01-01 03:09:23.794   809   809 I adsprpcd: /local/mnt/workspace/lnxbuild/project/trees_in_use/free_tree_dir/checkout/build-qti-distro-ubuntu-fullstack-perf/tmp-glibc/work/kalama-oe-linux/adsprpc/13.0-r1/adsprpc/src/fastrpc_apps_user.c:3427: close_device_node: closed dev 5 on domain 0
01-01 03:09:23.794   809   809 E adsprpcd: /local/mnt/workspace/lnxbuild/project/trees_in_use/free_tree_dir/checkout/build-qti-distro-ubuntu-fullstack-perf/tmp-glibc/work/kalama-oe-linux/adsprpc/13.0-r1/adsprpc/src/fastrpc_apps_user.c:4073: Error 0x72: apps_dev_init failed for domain 0, errno Transport endpoint is not connected, ioErr 0
01-01 03:09:23.794   809   809 I adsprpcd: /local/mnt/workspace/lnxbuild/project/trees_in_use/free_tree_dir/checkout/build-qti-distro-ubuntu-fullstack-perf/tmp-glibc/work/kalama-oe-linux/adsprpc/13.0-r1/adsprpc/src/fastrpc_apps_user.c:3166: domain_deinit for domain 0: dev -1
01-01 03:09:23.794   809   809 E adsprpcd: /local/mnt/workspace/lnxbuild/project/trees_in_use/free_tree_dir/checkout/build-qti-distro-ubuntu-fullstack-perf/tmp-glibc/work/kalama-oe-linux/adsprpc/13.0-r1/adsprpc/src/fastrpc_apps_user.c:4259: Error 0x72: open_dev (-1) failed for domain 0 (errno Transport endpoint is not connected)
01-01 03:09:23.794   809   809 I adsprpcd: /local/mnt/workspace/lnxbuild/project/trees_in_use/free_tree_dir/checkout/build-qti-distro-ubuntu-fullstack-perf/tmp-glibc/work/kalama-oe-linux/adsprpc/13.0-r1/adsprpc/src/fastrpc_apps_user.c:3427: close_device_node: closed dev 5 on domain 0
01-01 03:09:23.794   809   809 E adsprpcd: /local/mnt/workspace/lnxbuild/project/trees_in_use/free_tree_dir/checkout/build-qti-distro-ubuntu-fullstack-perf/tmp-glibc/work/kalama-oe-linux/adsprpc/13.0-r1/adsprpc/src/fastrpc_apps_user.c:1657: Error 0x72: remote_handle_open failed for adsp_default_listener (errno Success)
01-01 03:09:23.794   809   809 E adsprpcd: /local/mnt/workspace/lnxbuild/project/trees_in_use/free_tree_dir/checkout/build-qti-distro-ubuntu-fullstack-perf/tmp-glibc/work/kalama-oe-linux/adsprpc/13.0-r1/adsprpc/src/adsp_default_listener.c:63::error: 0x72: 0 == (nErr = remote_handle_open("adsp_default_listener", &listener_fd))
01-01 03:09:23.794   809   809 E adsprpcd: /local/mnt/workspace/lnxbuild/project/trees_in_use/free_tree_dir/checkout/build-qti-distro-ubuntu-fullstack-perf/tmp-glibc/work/kalama-oe-linux/adsprpc/13.0-r1/adsprpc/src/adsp_default_listener.c:84:Error 0x72: adsp_default_listener_start exiting
01-01 03:09:23.794   809   809 I adsprpcd: /local/mnt/workspace/lnxbuild/project/trees_in_use/free_tree_dir/checkout/build-qti-distro-ubuntu-fullstack-perf/tmp-glibc/work/kalama-oe-linux/adsprpc/13.0-r1/adsprpc/src/fastrpc_apps_user.c:4083: close_dev: unloading library libadsprpc.so
01-01 03:09:23.794   809   809 I adsprpcd: /local/mnt/workspace/lnxbuild/project/trees_in_use/free_tree_dir/checkout/build-qti-distro-ubuntu-fullstack-perf/tmp-glibc/work/kalama-oe-linux/adsprpc/13.0-r1/adsprpc/src/fastrpc_apps_user.c:3166: domain_deinit for domain 0: dev -1
01-01 03:09:23.794   809   809 I adsprpcd: /local/mnt/workspace/lnxbuild/project/trees_in_use/free_tree_dir/checkout/build-qti-distro-ubuntu-fullstack-perf/tmp-glibc/work/kalama-oe-linux/adsprpc/13.0-r1/adsprpc/src/fastrpc_apps_user.c:3166: domain_deinit for domain 1: dev -1
01-01 03:09:23.794   809   809 I adsprpcd: /local/mnt/workspace/lnxbuild/project/trees_in_use/free_tree_dir/checkout/build-qti-distro-ubuntu-fullstack-perf/tmp-glibc/work/kalama-oe-linux/adsprpc/13.0-r1/adsprpc/src/fastrpc_apps_user.c:3166: domain_deinit for domain 2: dev -1
01-01 03:09:23.794   809   809 I adsprpcd: /local/mnt/workspace/lnxbuild/project/trees_in_use/free_tree_dir/checkout/build-qti-distro-ubuntu-fullstack-perf/tmp-glibc/work/kalama-oe-linux/adsprpc/13.0-r1/adsprpc/src/fastrpc_apps_user.c:3166: domain_deinit for domain 3: dev -1
01-01 03:09:23.794   809   809 I adsprpcd: /local/mnt/workspace/lnxbuild/project/trees_in_use/free_tree_dir/checkout/build-qti-distro-ubuntu-fullstack-perf/tmp-glibc/work/kalama-oe-linux/adsprpc/13.0-r1/adsprpc/src/fastrpc_apps_user.c:3166: domain_deinit for domain 4: dev -1
01-01 03:09:23.794   809   809 I adsprpcd: /local/mnt/workspace/lnxbuild/project/trees_in_use/free_tree_dir/checkout/build-qti-distro-ubuntu-fullstack-perf/tmp-glibc/work/kalama-oe-linux/adsprpc/13.0-r1/adsprpc/src/fastrpc_apps_user.c:3166: domain_deinit for domain 5: dev -1
01-01 03:09:23.794   809   809 I adsprpcd: /local/mnt/workspace/lnxbuild/project/trees_in_use/free_tree_dir/checkout/build-qti-distro-ubuntu-fullstack-perf/tmp-glibc/work/kalama-oe-linux/adsprpc/13.0-r1/adsprpc/src/fastrpc_apps_user.c:3166: domain_deinit for domain 6: dev -1
01-01 03:09:23.794   809   809 I adsprpcd: /local/mnt/workspace/lnxbuild/project/trees_in_use/free_tree_dir/checkout/build-qti-distro-ubuntu-fullstack-perf/tmp-glibc/work/kalama-oe-linux/adsprpc/13.0-r1/adsprpc/src/fastrpc_apps_user.c:3166: domain_deinit for domain 7: dev -1
01-01 03:09:23.794   809   809 I adsprpcd: /local/mnt/workspace/lnxbuild/project/trees_in_use/free_tree_dir/checkout/build-qti-distro-ubuntu-fullstack-perf/tmp-glibc/work/kalama-oe-linux/adsprpc/13.0-r1/adsprpc/src/fastrpc_apps_user.c:3166: domain_deinit for domain 8: dev -1
01-01 03:09:23.794   809   809 I adsprpcd: /local/mnt/workspace/lnxbuild/project/trees_in_use/free_tree_dir/checkout/build-qti-distro-ubuntu-fullstack-perf/tmp-glibc/work/kalama-oe-linux/adsprpc/13.0-r1/adsprpc/src/fastrpc_apps_user.c:3166: domain_deinit for domain 9: dev -1
01-01 03:09:23.794   809   809 I adsprpcd: /local/mnt/workspace/lnxbuild/project/trees_in_use/free_tree_dir/checkout/build-qti-distro-ubuntu-fullstack-perf/tmp-glibc/work/kalama-oe-linux/adsprpc/13.0-r1/adsprpc/src/fastrpc_apps_user.c:3166: domain_deinit for domain 10: dev -1
01-01 03:09:23.794   809   809 I adsprpcd: /local/mnt/workspace/lnxbuild/project/trees_in_use/free_tree_dir/checkout/build-qti-distro-ubuntu-fullstack-perf/tmp-glibc/work/kalama-oe-linux/adsprpc/13.0-r1/adsprpc/src/fastrpc_apps_user.c:3166: domain_deinit for domain 11: dev -1
01-01 03:09:23.794   809   809 I adsprpcd: /local/mnt/workspace/lnxbuild/project/trees_in_use/free_tree_dir/checkout/build-qti-distro-ubuntu-fullstack-perf/tmp-glibc/work/kalama-oe-linux/adsprpc/13.0-r1/adsprpc/src/fastrpc_apps_user.c:3166: domain_deinit for domain 12: dev -1
01-01 03:09:23.794   809   809 I adsprpcd: /local/mnt/workspace/lnxbuild/project/trees_in_use/free_tree_dir/checkout/build-qti-distro-ubuntu-fullstack-perf/tmp-glibc/work/kalama-oe-linux/adsprpc/13.0-r1/adsprpc/src/fastrpc_apps_user.c:3166: domain_deinit for domain 13: dev -1
01-01 03:09:23.794   809   809 I adsprpcd: /local/mnt/workspace/lnxbuild/project/trees_in_use/free_tree_dir/checkout/build-qti-distro-ubuntu-fullstack-perf/tmp-glibc/work/kalama-oe-linux/adsprpc/13.0-r1/adsprpc/src/fastrpc_apps_user.c:3166: domain_deinit for domain 14: dev -1
01-01 03:09:23.794   809   809 I adsprpcd: /local/mnt/workspace/lnxbuild/project/trees_in_use/free_tree_dir/checkout/build-qti-distro-ubuntu-fullstack-perf/tmp-glibc/work/kalama-oe-linux/adsprpc/13.0-r1/adsprpc/src/fastrpc_apps_user.c:3166: domain_deinit for domain 15: dev -1
01-01 03:09:23.794   809   809 I adsprpcd: /local/mnt/workspace/lnxbuild/project/trees_in_use/free_tree_dir/checkout/build-qti-distro-ubuntu-fullstack-perf/tmp-glibc/work/kalama-oe-linux/adsprpc/13.0-r1/adsprpc/src/rpcmem_android.c:332: rpcmem_deinit_internal done
01-01 03:09:23.794   809   809 I adsprpcd: /local/mnt/workspace/lnxbuild/project/trees_in_use/free_tree_dir/checkout/build-qti-distro-ubuntu-fullstack-perf/tmp-glibc/work/kalama-oe-linux/adsprpc/13.0-r1/adsprpc/src/fastrpc_apps_user.c:4329: fastrpc_apps_user_deinit done
01-01 03:09:23.794   809   809 E adsprpcd: /local/mnt/workspace/lnxbuild/project/trees_in_use/free_tree_dir/checkout/build-qti-distro-ubuntu-fullstack-perf/tmp-glibc/work/kalama-oe-linux/adsprpc/13.0-r1/adsprpc/src/adsprpcd.c:56:fastRPC device driver is disabled, retrying...
01-01 03:09:23.794   809   809 E adsprpcd: /local/mnt/workspace/lnxbuild/project/trees_in_use/free_tree_dir/checkout/build-qti-distro-ubuntu-fullstack-perf/tmp-glibc/work/kalama-oe-linux/adsprpc/13.0-r1/adsprpc/src/adsprpcd.c:58:adsp daemon will restart after 25ms...
01-01 03:09:23.820   809   809 I adsprpcd: /local/mnt/workspace/lnxbuild/project/trees_in_use/free_tree_dir/checkout/build-qti-distro-ubuntu-fullstack-perf/tmp-glibc/work/kalama-oe-linux/adsprpc/13.0-r1/adsprpc/src/rpcmem_android.c:181: set up allocator 0x559d195530 for DMA buf heap system, ION heap system, heap mask 0x2000000, flags 0x1, legacy flags 0x1
01-01 03:09:23.820   809   809 I adsprpcd: /local/mnt/workspace/lnxbuild/project/trees_in_use/free_tree_dir/checkout/build-qti-distro-ubuntu-fullstack-perf/tmp-glibc/work/kalama-oe-linux/adsprpc/13.0-r1/adsprpc/src/fastrpc_config.c:304: Reading configuration file: adsprpcd.debugconfig
01-01 03:09:23.820   809   809 I adsprpcd: /local/mnt/workspace/lnxbuild/project/trees_in_use/free_tree_dir/checkout/build-qti-distro-ubuntu-fullstack-perf/tmp-glibc/work/kalama-oe-linux/adsprpc/13.0-r1/adsprpc/src/fastrpc_config.c:335: fastrpc_config_init: Couldn't find file adsprpcd.debugconfig, errno (No such file or directory) at /usr/lib/rfsa/adsp, /dsp/adsp, /dsp, 
01-01 03:09:23.820   809   809 I adsprpcd: /local/mnt/workspace/lnxbuild/project/trees_in_use/free_tree_dir/checkout/build-qti-distro-ubuntu-fullstack-perf/tmp-glibc/work/kalama-oe-linux/adsprpc/13.0-r1/adsprpc/src/fastrpc_apps_user.c:4433: fastrpc_apps_user_init done  with default domain:0 and &fastrpc_trace:0x7fa4af18a0
01-01 03:09:23.820   809   809 I adsprpcd: /local/mnt/workspace/lnxbuild/project/trees_in_use/free_tree_dir/checkout/build-qti-distro-ubuntu-fullstack-perf/tmp-glibc/work/kalama-oe-linux/adsprpc/13.0-r1/adsprpc/src/fastrpc_apps_user.c:4547: multidsplib_env_init: libadsprpc.so loaded
01-01 03:09:23.820   809   809 D adsprpcd: /local/mnt/workspace/lnxbuild/project/trees_in_use/free_tree_dir/checkout/build-qti-distro-ubuntu-fullstack-perf/tmp-glibc/work/kalama-oe-linux/adsprpc/13.0-r1/adsprpc/src/adsprpcd.c:46:adsp_default_listener_start called
01-01 03:09:23.820   809   809 D adsprpcd: /local/mnt/workspace/lnxbuild/project/trees_in_use/free_tree_dir/checkout/build-qti-distro-ubuntu-fullstack-perf/tmp-glibc/work/kalama-oe-linux/adsprpc/13.0-r1/adsprpc/src/adsp_default_listener.c:51::info: calling: NULL != name
01-01 03:09:23.820   809   809 D adsprpcd: /local/mnt/workspace/lnxbuild/project/trees_in_use/free_tree_dir/checkout/build-qti-distro-ubuntu-fullstack-perf/tmp-glibc/work/kalama-oe-linux/adsprpc/13.0-r1/adsprpc/src/adsp_default_listener.c:51::info: passed: NULL != name
01-01 03:09:23.820   809   809 D adsprpcd: /local/mnt/workspace/lnxbuild/project/trees_in_use/free_tree_dir/checkout/build-qti-distro-ubuntu-fullstack-perf/tmp-glibc/work/kalama-oe-linux/adsprpc/13.0-r1/adsprpc/src/adsp_default_listener.c:60:adsp_default_listener_start started
01-01 03:09:23.820   809   809 D adsprpcd: /local/mnt/workspace/lnxbuild/project/trees_in_use/free_tree_dir/checkout/build-qti-distro-ubuntu-fullstack-perf/tmp-glibc/work/kalama-oe-linux/adsprpc/13.0-r1/adsprpc/src/adsp_default_listener.c:61::info: calling: !setenv("ADSP_LISTENER_MEM_CACHE_SIZE", "1048576", 0)
01-01 03:09:23.820   809   809 D adsprpcd: /local/mnt/workspace/lnxbuild/project/trees_in_use/free_tree_dir/checkout/build-qti-distro-ubuntu-fullstack-perf/tmp-glibc/work/kalama-oe-linux/adsprpc/13.0-r1/adsprpc/src/adsp_default_listener.c:61::info: passed: !setenv("ADSP_LISTENER_MEM_CACHE_SIZE", "1048576", 0)
01-01 03:09:23.820   809   809 D adsprpcd: /local/mnt/workspace/lnxbuild/project/trees_in_use/free_tree_dir/checkout/build-qti-distro-ubuntu-fullstack-perf/tmp-glibc/work/kalama-oe-linux/adsprpc/13.0-r1/adsprpc/src/adsp_default_listener.c:62::info: calling: 0 == (nErr = remote_handle_open(name, &fd))
01-01 03:09:23.820   809   809 I adsprpcd: /local/mnt/workspace/lnxbuild/project/trees_in_use/free_tree_dir/checkout/build-qti-distro-ubuntu-fullstack-perf/tmp-glibc/work/kalama-oe-linux/adsprpc/13.0-r1/adsprpc/src/fastrpc_apps_user.c:1653: remote_handle_open: Successfully opened handle 0xffffffff for '":;./\createstaticpd:audiopd on domain 0 (spawn time 0 us, load time 0 us)
01-01 03:09:23.820   809   809 D adsprpcd: /local/mnt/workspace/lnxbuild/project/trees_in_use/free_tree_dir/checkout/build-qti-distro-ubuntu-fullstack-perf/tmp-glibc/work/kalama-oe-linux/adsprpc/13.0-r1/adsprpc/src/adsp_default_listener.c:62::info: passed: 0 == (nErr = remote_handle_open(name, &fd))
01-01 03:09:23.820   809   809 D adsprpcd: /local/mnt/workspace/lnxbuild/project/trees_in_use/free_tree_dir/checkout/build-qti-distro-ubuntu-fullstack-perf/tmp-glibc/work/kalama-oe-linux/adsprpc/13.0-r1/adsprpc/src/adsp_default_listener.c:63::info: calling: 0 == (nErr = remote_handle_open("adsp_default_listener", &listener_fd))
01-01 03:09:23.827   809   809 I adsprpcd: /local/mnt/workspace/lnxbuild/project/trees_in_use/free_tree_dir/checkout/build-qti-distro-ubuntu-fullstack-perf/tmp-glibc/work/kalama-oe-linux/adsprpc/13.0-r1/adsprpc/src/fastrpc_apps_user.c:3427: close_device_node: closed dev 5 on domain 0
01-01 03:09:23.839   809   809 I adsprpcd: /local/mnt/workspace/lnxbuild/project/trees_in_use/free_tree_dir/checkout/build-qti-distro-ubuntu-fullstack-perf/tmp-glibc/work/kalama-oe-linux/adsprpc/13.0-r1/adsprpc/src/fastrpc_apps_user.c:3427: close_device_node: closed dev 5 on domain 0
01-01 03:09:23.839   809   809 E adsprpcd: /local/mnt/workspace/lnxbuild/project/trees_in_use/free_tree_dir/checkout/build-qti-distro-ubuntu-fullstack-perf/tmp-glibc/work/kalama-oe-linux/adsprpc/13.0-r1/adsprpc/src/fastrpc_apps_user.c:4073: Error 0x72: apps_dev_init failed for domain 0, errno Transport endpoint is not connected, ioErr 0
01-01 03:09:23.839   809   809 I adsprpcd: /local/mnt/workspace/lnxbuild/project/trees_in_use/free_tree_dir/checkout/build-qti-distro-ubuntu-fullstack-perf/tmp-glibc/work/kalama-oe-linux/adsprpc/13.0-r1/adsprpc/src/fastrpc_apps_user.c:3166: domain_deinit for domain 0: dev -1
01-01 03:09:23.839   809   809 E adsprpcd: /local/mnt/workspace/lnxbuild/project/trees_in_use/free_tree_dir/checkout/build-qti-distro-ubuntu-fullstack-perf/tmp-glibc/work/kalama-oe-linux/adsprpc/13.0-r1/adsprpc/src/fastrpc_apps_user.c:4259: Error 0x72: open_dev (-1) failed for domain 0 (errno Transport endpoint is not connected)
01-01 03:09:23.840   809   809 I adsprpcd: /local/mnt/workspace/lnxbuild/project/trees_in_use/free_tree_dir/checkout/build-qti-distro-ubuntu-fullstack-perf/tmp-glibc/work/kalama-oe-linux/adsprpc/13.0-r1/adsprpc/src/fastrpc_apps_user.c:3427: close_device_node: closed dev 5 on domain 0
01-01 03:09:23.840   809   809 E adsprpcd: /local/mnt/workspace/lnxbuild/project/trees_in_use/free_tree_dir/checkout/build-qti-distro-ubuntu-fullstack-perf/tmp-glibc/work/kalama-oe-linux/adsprpc/13.0-r1/adsprpc/src/fastrpc_apps_user.c:1657: Error 0x72: remote_handle_open failed for adsp_default_listener (errno Success)
01-01 03:09:23.840   809   809 E adsprpcd: /local/mnt/workspace/lnxbuild/project/trees_in_use/free_tree_dir/checkout/build-qti-distro-ubuntu-fullstack-perf/tmp-glibc/work/kalama-oe-linux/adsprpc/13.0-r1/adsprpc/src/adsp_default_listener.c:63::error: 0x72: 0 == (nErr = remote_handle_open("adsp_default_listener", &listener_fd))
01-01 03:09:23.840   809   809 E adsprpcd: /local/mnt/workspace/lnxbuild/project/trees_in_use/free_tree_dir/checkout/build-qti-distro-ubuntu-fullstack-perf/tmp-glibc/work/kalama-oe-linux/adsprpc/13.0-r1/adsprpc/src/adsp_default_listener.c:84:Error 0x72: adsp_default_listener_start exiting
01-01 03:09:23.840   809   809 I adsprpcd: /local/mnt/workspace/lnxbuild/project/trees_in_use/free_tree_dir/checkout/build-qti-distro-ubuntu-fullstack-perf/tmp-glibc/work/kalama-oe-linux/adsprpc/13.0-r1/adsprpc/src/fastrpc_apps_user.c:4083: close_dev: unloading library libadsprpc.so
01-01 03:09:23.840   809   809 I adsprpcd: /local/mnt/workspace/lnxbuild/project/trees_in_use/free_tree_dir/checkout/build-qti-distro-ubuntu-fullstack-perf/tmp-glibc/work/kalama-oe-linux/adsprpc/13.0-r1/adsprpc/src/fastrpc_apps_user.c:3166: domain_deinit for domain 0: dev -1
01-01 03:09:23.840   809   809 I adsprpcd: /local/mnt/workspace/lnxbuild/project/trees_in_use/free_tree_dir/checkout/build-qti-distro-ubuntu-fullstack-perf/tmp-glibc/work/kalama-oe-linux/adsprpc/13.0-r1/adsprpc/src/fastrpc_apps_user.c:3166: domain_deinit for domain 1: dev -1
01-01 03:09:23.840   809   809 I adsprpcd: /local/mnt/workspace/lnxbuild/project/trees_in_use/free_tree_dir/checkout/build-qti-distro-ubuntu-fullstack-perf/tmp-glibc/work/kalama-oe-linux/adsprpc/13.0-r1/adsprpc/src/fastrpc_apps_user.c:3166: domain_deinit for domain 2: dev -1
01-01 03:09:23.840   809   809 I adsprpcd: /local/mnt/workspace/lnxbuild/project/trees_in_use/free_tree_dir/checkout/build-qti-distro-ubuntu-fullstack-perf/tmp-glibc/work/kalama-oe-linux/adsprpc/13.0-r1/adsprpc/src/fastrpc_apps_user.c:3166: domain_deinit for domain 3: dev -1
01-01 03:09:23.840   809   809 I adsprpcd: /local/mnt/workspace/lnxbuild/project/trees_in_use/free_tree_dir/checkout/build-qti-distro-ubuntu-fullstack-perf/tmp-glibc/work/kalama-oe-linux/adsprpc/13.0-r1/adsprpc/src/fastrpc_apps_user.c:3166: domain_deinit for domain 4: dev -1
01-01 03:09:23.840   809   809 I adsprpcd: /local/mnt/workspace/lnxbuild/project/trees_in_use/free_tree_dir/checkout/build-qti-distro-ubuntu-fullstack-perf/tmp-glibc/work/kalama-oe-linux/adsprpc/13.0-r1/adsprpc/src/fastrpc_apps_user.c:3166: domain_deinit for domain 5: dev -1
01-01 03:09:23.840   809   809 I adsprpcd: /local/mnt/workspace/lnxbuild/project/trees_in_use/free_tree_dir/checkout/build-qti-distro-ubuntu-fullstack-perf/tmp-glibc/work/kalama-oe-linux/adsprpc/13.0-r1/adsprpc/src/fastrpc_apps_user.c:3166: domain_deinit for domain 6: dev -1
01-01 03:09:23.840   809   809 I adsprpcd: /local/mnt/workspace/lnxbuild/project/trees_in_use/free_tree_dir/checkout/build-qti-distro-ubuntu-fullstack-perf/tmp-glibc/work/kalama-oe-linux/adsprpc/13.0-r1/adsprpc/src/fastrpc_apps_user.c:3166: domain_deinit for domain 7: dev -1
01-01 03:09:23.840   809   809 I adsprpcd: /local/mnt/workspace/lnxbuild/project/trees_in_use/free_tree_dir/checkout/build-qti-distro-ubuntu-fullstack-perf/tmp-glibc/work/kalama-oe-linux/adsprpc/13.0-r1/adsprpc/src/fastrpc_apps_user.c:3166: domain_deinit for domain 8: dev -1
01-01 03:09:23.840   809   809 I adsprpcd: /local/mnt/workspace/lnxbuild/project/trees_in_use/free_tree_dir/checkout/build-qti-distro-ubuntu-fullstack-perf/tmp-glibc/work/kalama-oe-linux/adsprpc/13.0-r1/adsprpc/src/fastrpc_apps_user.c:3166: domain_deinit for domain 9: dev -1
01-01 03:09:23.840   809   809 I adsprpcd: /local/mnt/workspace/lnxbuild/project/trees_in_use/free_tree_dir/checkout/build-qti-distro-ubuntu-fullstack-perf/tmp-glibc/work/kalama-oe-linux/adsprpc/13.0-r1/adsprpc/src/fastrpc_apps_user.c:3166: domain_deinit for domain 10: dev -1
01-01 03:09:23.840   809   809 I adsprpcd: /local/mnt/workspace/lnxbuild/project/trees_in_use/free_tree_dir/checkout/build-qti-distro-ubuntu-fullstack-perf/tmp-glibc/work/kalama-oe-linux/adsprpc/13.0-r1/adsprpc/src/fastrpc_apps_user.c:3166: domain_deinit for domain 11: dev -1
01-01 03:09:23.840   809   809 I adsprpcd: /local/mnt/workspace/lnxbuild/project/trees_in_use/free_tree_dir/checkout/build-qti-distro-ubuntu-fullstack-perf/tmp-glibc/work/kalama-oe-linux/adsprpc/13.0-r1/adsprpc/src/fastrpc_apps_user.c:3166: domain_deinit for domain 12: dev -1
01-01 03:09:23.840   809   809 I adsprpcd: /local/mnt/workspace/lnxbuild/project/trees_in_use/free_tree_dir/checkout/build-qti-distro-ubuntu-fullstack-perf/tmp-glibc/work/kalama-oe-linux/adsprpc/13.0-r1/adsprpc/src/fastrpc_apps_user.c:3166: domain_deinit for domain 13: dev -1
01-01 03:09:23.840   809   809 I adsprpcd: /local/mnt/workspace/lnxbuild/project/trees_in_use/free_tree_dir/checkout/build-qti-distro-ubuntu-fullstack-perf/tmp-glibc/work/kalama-oe-linux/adsprpc/13.0-r1/adsprpc/src/fastrpc_apps_user.c:3166: domain_deinit for domain 14: dev -1
01-01 03:09:23.840   809   809 I adsprpcd: /local/mnt/workspace/lnxbuild/project/trees_in_use/free_tree_dir/checkout/build-qti-distro-ubuntu-fullstack-perf/tmp-glibc/work/kalama-oe-linux/adsprpc/13.0-r1/adsprpc/src/fastrpc_apps_user.c:3166: domain_deinit for domain 15: dev -1
01-01 03:09:23.840   809   809 I adsprpcd: /local/mnt/workspace/lnxbuild/project/trees_in_use/free_tree_dir/checkout/build-qti-distro-ubuntu-fullstack-perf/tmp-glibc/work/kalama-oe-linux/adsprpc/13.0-r1/adsprpc/src/rpcmem_android.c:332: rpcmem_deinit_internal done
01-01 03:09:23.840   809   809 I adsprpcd: /local/mnt/workspace/lnxbuild/project/trees_in_use/free_tree_dir/checkout/build-qti-distro-ubuntu-fullstack-perf/tmp-glibc/work/kalama-oe-linux/adsprpc/13.0-r1/adsprpc/src/fastrpc_apps_user.c:4329: fastrpc_apps_user_deinit done
01-01 03:09:23.840   809   809 E adsprpcd: /local/mnt/workspace/lnxbuild/project/trees_in_use/free_tree_dir/checkout/build-qti-distro-ubuntu-fullstack-perf/tmp-glibc/work/kalama-oe-linux/adsprpc/13.0-r1/adsprpc/src/adsprpcd.c:56:fastRPC device driver is disabled, retrying...
01-01 03:09:23.840   809   809 E adsprpcd: /local/mnt/workspace/lnxbuild/project/trees_in_use/free_tree_dir/checkout/build-qti-distro-ubuntu-fullstack-perf/tmp-glibc/work/kalama-oe-linux/adsprpc/13.0-r1/adsprpc/src/adsprpcd.c:58:adsp daemon will restart after 25ms...
01-01 03:09:23.856  1330  1330 I sscrpcd : /local/mnt/workspace/lnxbuild/project/trees_in_use/free_tree_dir/checkout/build-qti-distro-ubuntu-fullstack-perf/tmp-glibc/work/kalama-oe-linux/adsprpc/13.0-r1/adsprpc/src/fastrpc_apps_user.c:2213: update_kernel_wakelock_status: updated kernel wakelock control status to 1 for domain 0
01-01 03:09:23.856  1330  1330 I sscrpcd : /local/mnt/workspace/lnxbuild/project/trees_in_use/free_tree_dir/checkout/build-qti-distro-ubuntu-fullstack-perf/tmp-glibc/work/kalama-oe-linux/adsprpc/13.0-r1/adsprpc/src/fastrpc_perf.c:273: fastrpc_perf_init: enabled systrace 0x0 and RPC traces (kernel 0, dsp 0) with frequency 1000
01-01 03:09:23.856  1330  1485 I sscrpcd : /local/mnt/workspace/lnxbuild/project/trees_in_use/free_tree_dir/checkout/build-qti-distro-ubuntu-fullstack-perf/tmp-glibc/work/kalama-oe-linux/adsprpc/13.0-r1/adsprpc/src/log_config.c:348: file_watcher_thread starting for domain 0
01-01 03:09:23.856  1330  1485 W sscrpcd : /local/mnt/workspace/lnxbuild/project/trees_in_use/free_tree_dir/checkout/build-qti-distro-ubuntu-fullstack-perf/tmp-glibc/work/kalama-oe-linux/adsprpc/13.0-r1/adsprpc/src/log_config.c:358:file_watcher_thread: Couldn't find file sscrpcd.farf, errno (No such file or directory)
01-01 03:09:23.858  1330  1330 I sscrpcd : /local/mnt/workspace/lnxbuild/project/trees_in_use/free_tree_dir/checkout/build-qti-distro-ubuntu-fullstack-perf/tmp-glibc/work/kalama-oe-linux/adsprpc/13.0-r1/adsprpc/src/fastrpc_apps_user.c:1653: remote_handle_open: Successfully opened handle 0xb2892870 for adsp_default_listener on domain 0 (spawn time 0 us, load time 0 us)
01-01 03:09:23.858  1330  1330 D sscrpcd : /local/mnt/workspace/lnxbuild/project/trees_in_use/free_tree_dir/checkout/build-qti-distro-ubuntu-fullstack-perf/tmp-glibc/work/kalama-oe-linux/adsprpc/13.0-r1/adsprpc/src/adsp_default_listener.c:63::info: passed: 0 == (nErr = remote_handle_open("adsp_default_listener", &listener_fd))
01-01 03:09:23.858  1330  1330 D sscrpcd : /local/mnt/workspace/lnxbuild/project/trees_in_use/free_tree_dir/checkout/build-qti-distro-ubuntu-fullstack-perf/tmp-glibc/work/kalama-oe-linux/adsprpc/13.0-r1/adsprpc/src/adsp_default_listener.c:64::info: calling: 0 == (nErr = adsp_default_listener_register())
01-01 03:09:23.858  1470  1470 V SmcInvoke_TZCom: TZCom_getRootEnvObject calling getSelfCreds
01-01 03:09:23.858  1470  1470 V SmcInvoke_TZCom: TZCom_getRootEnvObject calling CIO_open
01-01 03:09:23.858  1470  1470 V SmcInvoke_TZCom: TZCom_getRootEnvObject calling IClientEnv_registerAsClient
01-01 03:09:23.858  1330  1484 I sscrpcd : /local/mnt/workspace/lnxbuild/project/trees_in_use/free_tree_dir/checkout/build-qti-distro-ubuntu-fullstack-perf/tmp-glibc/work/kalama-oe-linux/adsprpc/13.0-r1/adsprpc/src/listener_android.c:116: listener thread starting
01-01 03:09:23.858  1330  1330 I sscrpcd : /local/mnt/workspace/lnxbuild/project/trees_in_use/free_tree_dir/checkout/build-qti-distro-ubuntu-fullstack-perf/tmp-glibc/work/kalama-oe-linux/adsprpc/13.0-r1/adsprpc/src/fastrpc_apps_user.c:1653: remote_handle_open: Successfully opened handle 0xb2892320 for adsp_default_listener on domain 0 (spawn time 0 us, load time 0 us)
01-01 03:09:23.858  1330  1330 D sscrpcd : /local/mnt/workspace/lnxbuild/project/trees_in_use/free_tree_dir/checkout/build-qti-distro-ubuntu-fullstack-perf/tmp-glibc/work/kalama-oe-linux/adsprpc/13.0-r1/adsprpc/src/adsp_default_listener.c:64::info: passed: 0 == (nErr = adsp_default_listener_register())
01-01 03:09:23.858  1330  1330 D sscrpcd : /local/mnt/workspace/lnxbuild/project/trees_in_use/free_tree_dir/checkout/build-qti-distro-ubuntu-fullstack-perf/tmp-glibc/work/kalama-oe-linux/adsprpc/13.0-r1/adsprpc/src/adsp_default_listener.c:65::info: calling: 0 == (nErr = remote_handle_open(ITRANSPORT_PREFIX "geteventfd", (remote_handle*)&pfd.fd))
01-01 03:09:23.858  1330  1330 I sscrpcd : /local/mnt/workspace/lnxbuild/project/trees_in_use/free_tree_dir/checkout/build-qti-distro-ubuntu-fullstack-perf/tmp-glibc/work/kalama-oe-linux/adsprpc/13.0-r1/adsprpc/src/fastrpc_apps_user.c:1653: remote_handle_open: Successfully opened handle 0x8 for '":;./\geteventfd on domain 0 (spawn time 0 us, load time 0 us)
01-01 03:09:23.858  1330  1330 D sscrpcd : /local/mnt/workspace/lnxbuild/project/trees_in_use/free_tree_dir/checkout/build-qti-distro-ubuntu-fullstack-perf/tmp-glibc/work/kalama-oe-linux/adsprpc/13.0-r1/adsprpc/src/adsp_default_listener.c:65::info: passed: 0 == (nErr = remote_handle_open(ITRANSPORT_PREFIX "geteventfd", (remote_handle*)&pfd.fd))
01-01 03:09:23.858  1330  1330 D sscrpcd : /local/mnt/workspace/lnxbuild/project/trees_in_use/free_tree_dir/checkout/build-qti-distro-ubuntu-fullstack-perf/tmp-glibc/work/kalama-oe-linux/adsprpc/13.0-r1/adsprpc/src/adsp_default_listener.c:72::info: calling: 0 < poll(&pfd, 1, -1)
01-01 03:09:23.859  1330  1484 I sscrpcd : /local/mnt/workspace/lnxbuild/project/trees_in_use/free_tree_dir/checkout/build-qti-distro-ubuntu-fullstack-perf/tmp-glibc/work/kalama-oe-linux/adsprpc/13.0-r1/adsprpc/src/mod_table.c:701: open_mod_table_open_from_static: reverse module apps_std opened with handle 0xaab846f0 (idx 0)
01-01 03:09:23.859  1330  1484 I sscrpcd : /local/mnt/workspace/lnxbuild/project/trees_in_use/free_tree_dir/checkout/build-qti-distro-ubuntu-fullstack-perf/tmp-glibc/work/kalama-oe-linux/adsprpc/13.0-r1/adsprpc/src/mod_table.c:467: is_reverse_handle_opened: reverse module apps_std already found with handle 0xaab846f0 (idx 0) refs 2
01-01 03:09:23.859  1330  1484 I sscrpcd : /local/mnt/workspace/lnxbuild/project/trees_in_use/free_tree_dir/checkout/build-qti-distro-ubuntu-fullstack-perf/tmp-glibc/work/kalama-oe-linux/adsprpc/13.0-r1/adsprpc/src/mod_table.c:701: open_mod_table_open_from_static: reverse module apps_std opened with handle 0xaab846f0 (idx 0)
01-01 03:09:23.859  1470  1470 V SmcInvoke_TZCom: TZCom_getRootEnvObject return, ret=0
01-01 03:09:23.860  1330  1484 E sscrpcd : /local/mnt/workspace/lnxbuild/project/trees_in_use/free_tree_dir/checkout/build-qti-distro-ubuntu-fullstack-perf/tmp-glibc/work/kalama-oe-linux/adsprpc/13.0-r1/adsprpc/src/mod_table.c:858: Error 0x2: open_mod_table_handle_invoke failed for handle:0xaab846f0, sc:0x13050100
01-01 03:09:23.860  1330  1484 E sscrpcd : /local/mnt/workspace/lnxbuild/project/trees_in_use/free_tree_dir/checkout/build-qti-distro-ubuntu-fullstack-perf/tmp-glibc/work/kalama-oe-linux/adsprpc/13.0-r1/adsprpc/src/listener_android.c:66:Error 0x200: apps_remotectl_close: mod_table_close failed for handle:0xaab846f0 (dlErr )
01-01 03:09:23.860  1330  1484 E sscrpcd : /local/mnt/workspace/lnxbuild/project/trees_in_use/free_tree_dir/checkout/build-qti-distro-ubuntu-fullstack-perf/tmp-glibc/work/kalama-oe-linux/adsprpc/13.0-r1/adsprpc/src/mod_table.c:858: Error 0x200: open_mod_table_handle_invoke failed for handle:0x0, sc:0x1010200
01-01 03:09:23.861  1470  1470 V         : FdWrapper_new, me=0x559eb99090, descriptor=10
01-01 03:09:23.861  1330  1484 I sscrpcd : /local/mnt/workspace/lnxbuild/project/trees_in_use/free_tree_dir/checkout/build-qti-distro-ubuntu-fullstack-perf/tmp-glibc/work/kalama-oe-linux/adsprpc/13.0-r1/adsprpc/src/apps_std_imp.c:984: Successfully opened file /vendor/etc/sensors/sns_reg_config
01-01 03:09:23.861  1470  1470 V SmcInvoke_TZCom: TZCom_getRootEnvObject calling getSelfCreds
01-01 03:09:23.861  1470  1470 V SmcInvoke_TZCom: TZCom_getRootEnvObject calling CIO_open
01-01 03:09:23.861  1470  1470 V SmcInvoke_TZCom: TZCom_getRootEnvObject calling IClientEnv_registerAsClient
01-01 03:09:23.861  1330  1484 I sscrpcd : /local/mnt/workspace/lnxbuild/project/trees_in_use/free_tree_dir/checkout/build-qti-distro-ubuntu-fullstack-perf/tmp-glibc/work/kalama-oe-linux/adsprpc/13.0-r1/adsprpc/src/apps_std_imp.c:984: Successfully opened file /vendor/etc/sensors/sns_reg_config
01-01 03:09:23.861  1330  1484 I sscrpcd : /local/mnt/workspace/lnxbuild/project/trees_in_use/free_tree_dir/checkout/build-qti-distro-ubuntu-fullstack-perf/tmp-glibc/work/kalama-oe-linux/adsprpc/13.0-r1/adsprpc/src/apps_std_imp.c:984: Successfully opened file /vendor/etc/sensors/sns_reg_config
01-01 03:09:23.862  1470  1470 V SmcInvoke_TZCom: TZCom_getRootEnvObject return, ret=0
01-01 03:09:23.862  1330  1484 I sscrpcd : /local/mnt/workspace/lnxbuild/project/trees_in_use/free_tree_dir/checkout/build-qti-distro-ubuntu-fullstack-perf/tmp-glibc/work/kalama-oe-linux/adsprpc/13.0-r1/adsprpc/src/apps_std_imp.c:984: Successfully opened file /sys/devices/soc0/hw_platform
01-01 03:09:23.863  1330  1484 I sscrpcd : /local/mnt/workspace/lnxbuild/project/trees_in_use/free_tree_dir/checkout/build-qti-distro-ubuntu-fullstack-perf/tmp-glibc/work/kalama-oe-linux/adsprpc/13.0-r1/adsprpc/src/apps_std_imp.c:984: Successfully opened file /sys/devices/soc0/hw_platform
01-01 03:09:23.864  1330  1484 I sscrpcd : /local/mnt/workspace/lnxbuild/project/trees_in_use/free_tree_dir/checkout/build-qti-distro-ubuntu-fullstack-perf/tmp-glibc/work/kalama-oe-linux/adsprpc/13.0-r1/adsprpc/src/apps_std_imp.c:984: Successfully opened file /sys/devices/soc0/platform_subtype
01-01 03:09:23.864  1330  1484 I sscrpcd : /local/mnt/workspace/lnxbuild/project/trees_in_use/free_tree_dir/checkout/build-qti-distro-ubuntu-fullstack-perf/tmp-glibc/work/kalama-oe-linux/adsprpc/13.0-r1/adsprpc/src/apps_std_imp.c:984: Successfully opened file /sys/devices/soc0/platform_subtype
01-01 03:09:23.864  1470  1470 V         : FdWrapper_new, me=0x559eb99950, descriptor=15
01-01 03:09:23.865  1330  1484 I sscrpcd : /local/mnt/workspace/lnxbuild/project/trees_in_use/free_tree_dir/checkout/build-qti-distro-ubuntu-fullstack-perf/tmp-glibc/work/kalama-oe-linux/adsprpc/13.0-r1/adsprpc/src/apps_std_imp.c:984: Successfully opened file /sys/devices/soc0/platform_subtype_id
01-01 03:09:23.865  1470  1470 V SmcInvoke_TZCom: TZCom_getRootEnvObject calling getSelfCreds
01-01 03:09:23.865  1470  1470 V SmcInvoke_TZCom: TZCom_getRootEnvObject calling CIO_open
01-01 03:09:23.865  1470  1470 V SmcInvoke_TZCom: TZCom_getRootEnvObject calling IClientEnv_registerAsClient
01-01 03:09:23.865   809   809 I adsprpcd: /local/mnt/workspace/lnxbuild/project/trees_in_use/free_tree_dir/checkout/build-qti-distro-ubuntu-fullstack-perf/tmp-glibc/work/kalama-oe-linux/adsprpc/13.0-r1/adsprpc/src/rpcmem_android.c:181: set up allocator 0x559d195530 for DMA buf heap system, ION heap system, heap mask 0x2000000, flags 0x1, legacy flags 0x1
01-01 03:09:23.865   809   809 I adsprpcd: /local/mnt/workspace/lnxbuild/project/trees_in_use/free_tree_dir/checkout/build-qti-distro-ubuntu-fullstack-perf/tmp-glibc/work/kalama-oe-linux/adsprpc/13.0-r1/adsprpc/src/fastrpc_config.c:304: Reading configuration file: adsprpcd.debugconfig
01-01 03:09:23.865   809   809 I adsprpcd: /local/mnt/workspace/lnxbuild/project/trees_in_use/free_tree_dir/checkout/build-qti-distro-ubuntu-fullstack-perf/tmp-glibc/work/kalama-oe-linux/adsprpc/13.0-r1/adsprpc/src/fastrpc_config.c:335: fastrpc_config_init: Couldn't find file adsprpcd.debugconfig, errno (No such file or directory) at /usr/lib/rfsa/adsp, /dsp/adsp, /dsp, 
01-01 03:09:23.865   809   809 I adsprpcd: /local/mnt/workspace/lnxbuild/project/trees_in_use/free_tree_dir/checkout/build-qti-distro-ubuntu-fullstack-perf/tmp-glibc/work/kalama-oe-linux/adsprpc/13.0-r1/adsprpc/src/fastrpc_apps_user.c:4433: fastrpc_apps_user_init done  with default domain:0 and &fastrpc_trace:0x7fa4af18a0
01-01 03:09:23.865   809   809 I adsprpcd: /local/mnt/workspace/lnxbuild/project/trees_in_use/free_tree_dir/checkout/build-qti-distro-ubuntu-fullstack-perf/tmp-glibc/work/kalama-oe-linux/adsprpc/13.0-r1/adsprpc/src/fastrpc_apps_user.c:4547: multidsplib_env_init: libadsprpc.so loaded
01-01 03:09:23.865   809   809 D adsprpcd: /local/mnt/workspace/lnxbuild/project/trees_in_use/free_tree_dir/checkout/build-qti-distro-ubuntu-fullstack-perf/tmp-glibc/work/kalama-oe-linux/adsprpc/13.0-r1/adsprpc/src/adsprpcd.c:46:adsp_default_listener_start called
01-01 03:09:23.865   809   809 D adsprpcd: /local/mnt/workspace/lnxbuild/project/trees_in_use/free_tree_dir/checkout/build-qti-distro-ubuntu-fullstack-perf/tmp-glibc/work/kalama-oe-linux/adsprpc/13.0-r1/adsprpc/src/adsp_default_listener.c:51::info: calling: NULL != name
