01-01 00:57:36.856  1036  3237 E CamX    : [ DUMP][CORE   ] camxdeferredrequestqueue.cpp:1898 DumpState() -----------------------
01-01 00:57:36.856  1036  3237 E CamX    : [ DUMP][CORE   ] camxdeferredrequestqueue.cpp:1899 DumpState() Internal dependencies: 
01-01 00:57:36.856  1036  3237 E CamX    : [ DUMP][CORE   ] camxdeferredrequestqueue.cpp:2039 DumpState() -----------------------
01-01 00:57:36.856  1036  3237 E CamX    : [ DUMP][CORE   ] camxdeferredrequestqueue.cpp:2040 DumpState() Chi dependencies: 
01-01 00:57:36.858  1036  3237 E CamX    : [ DUMP][HAL    ] camxhaldevice.cpp:531 TriggerDumpEvent() +------------------------------------------------------------------+
01-01 00:57:36.858  1036  3237 E CamX    : [ DUMP][HAL    ] camxhaldevice.cpp:534 TriggerDumpEvent() +                  Dump took 193 ms                         +
01-01 00:57:36.858  1036  3237 E CamX    : [ DUMP][HAL    ] camxhaldevice.cpp:536 TriggerDumpEvent() +------------------------------------------------------------------+
01-01 00:57:36.858  1036  3237 I CamX    : [CORE_CFG][HAL    ] camxhaldevice.cpp:587 TriggerDumpEvent() Camera Core Dump: Completed, result CamxResultSuccess
01-01 00:57:36.858  1036  3237 I CHIUSECASE: [CORE_CFG ] chxextensionmodule.cpp:7067 TriggerCoreDump() Core Debug Dump for CameraId 0 took 193ms
01-01 00:57:36.858  1036  3237 E CamX    : [ERROR][HAL    ] camxhaldevice.cpp:849 Notify() type 00000001, frame_number 0, error_code 00000003, error_stream (nil)
01-01 00:57:36.858  1036  3237 W RecorderCameraContext: CameraErrorCb: Camera: 0, Error: 3, Request: 0, FrameNumber: 0
01-01 00:57:36.858  1036  3237 W RecorderCameraContext: CameraErrorCb: An error has occurred in producing an output result metadata buffer for frame: 0 
01-01 00:57:36.858  1036  3237 E CamX    : [ERROR][HAL    ] camxhaldevice.cpp:849 Notify() type 00000001, frame_number 0, error_code 00000004, error_stream 0x7f68002248
01-01 00:57:36.858  1036  3237 W RecorderCameraContext: CameraErrorCb: Camera: 0, Error: 4, Request: 0, FrameNumber: 0
01-01 00:57:36.858  1036  3237 W RecorderCameraContext: CameraErrorCb: Frame 0 returned with error! Notify all threads waiting for pending frames!!
01-01 00:57:36.858  1036  3237 E ANDR-PERF: CLIENT-SOCK: connectToPerf() 121: Failed to connect to perfservice
01-01 00:57:36.858  1036  3237 E ANDR-PERF: CLIENT-SOCK: perf_hint_acq_rel_private() 525: Error in connecting to Perf Service
01-01 00:57:36.858  1036  3237 W CamX    : [ WARN][POWER  ] camxperflockmanager.cpp:625 PowerHintInternal() Acquire perfhint failed type 1331
01-01 00:57:36.858  1036  3237 W CamX    : [ WARN][POWER  ] camxperflockmanager.cpp:488 AcquirePerfLock() Failed to acquire perflock type: 4 result: CamxResultEInvalidArg
01-01 00:57:36.858  1036  3216 E         : FlushLogToFile():1581 Offlinelog failed to open file and write
01-01 00:57:36.858  1036  3237 I CamX    : [CORE_CFG][HAL    ] camxhal3.cpp:1945 process_capture_result() frame_number 0, opsApi 0x7f60001fd0, partial_result 0, result (nil), num_physcam_metadata 0, num_output_buffers 1 priv_metadata (nil)
01-01 00:57:36.858  1036  3237 I CamX    : [CORE_CFG][HAL    ] camxhal3.cpp:1992 process_capture_result()     output_buffers[0] : 0x7f2f7edd30, buffer: 0x7f2002aab0, priv: (nil), status: 00000001, stream: 0x7f68002248 release_fence -1
01-01 00:57:36.858  1036  3237 W Camera3Stream: ReturnBufferToClient: Got buffer(0x7f2002aaa0) from stream(0), frame_number(0) and  ts(0) with error status!
01-01 00:57:36.858  1036  3216 E         : FlushLogToFile():1581 Offlinelog failed to open file and write
01-01 00:57:36.858  3208  3211 V ProcessState: Spawning new pooled thread, name=Binder_3
01-01 00:57:36.858  1036  3237 W RecorderCameraContext: CameraErrorCb: Camera: 0, Error: 4, Request: 0, FrameNumber: 0
01-01 00:57:36.858  1036  3237 W RecorderCameraContext: CameraErrorCb: Frame 0 returned with error! Notify all threads waiting for pending frames!!
01-01 00:57:36.858  1036  3216 E         : FlushLogToFile():1581 Offlinelog failed to open file and write
01-01 00:57:36.858  1036  3237 I CameraAdaptor: RemovePendingRequestLocked: Received error in the capture request. Added to the error requests vector.
01-01 00:57:36.858  1036  3237 I CamX    : [CORE_CFG][HAL    ] camxhal3.cpp:2026 process_capture_result() frame_number: 0
01-01 00:57:36.858  1036  3216 E         : FlushLogToFile():1581 Offlinelog failed to open file and write
01-01 00:57:36.858  1036  3237 E CamX    : [ERROR][HAL    ] camxhaldevice.cpp:849 Notify() type 00000001, frame_number 1, error_code 00000003, error_stream (nil)
01-01 00:57:36.858  1036  3237 W RecorderCameraContext: CameraErrorCb: Camera: 0, Error: 3, Request: 0, FrameNumber: 1
01-01 00:57:36.858  1036  3237 W RecorderCameraContext: CameraErrorCb: An error has occurred in producing an output result metadata buffer for frame: 1 
01-01 00:57:36.858  1036  3216 E         : FlushLogToFile():1581 Offlinelog failed to open file and write
01-01 00:57:36.858  1036  3237 E CamX    : [ERROR][HAL    ] camxhaldevice.cpp:849 Notify() type 00000001, frame_number 1, error_code 00000004, error_stream 0x7f68002248
01-01 00:57:36.858  1036  3237 W RecorderCameraContext: CameraErrorCb: Camera: 0, Error: 4, Request: 0, FrameNumber: 1
01-01 00:57:36.858  1036  3237 W RecorderCameraContext: CameraErrorCb: Frame 1 returned with error! Notify all threads waiting for pending frames!!
01-01 00:57:36.858  1036  3216 E         : FlushLogToFile():1581 Offlinelog failed to open file and write
01-01 00:57:36.858  1036  3237 I CamX    : [CORE_CFG][HAL    ] camxhal3.cpp:1945 process_capture_result() frame_number 1, opsApi 0x7f60001fd0, partial_result 0, result (nil), num_physcam_metadata 0, num_output_buffers 1 priv_metadata (nil)
01-01 00:57:36.858  1036  3237 I CamX    : [CORE_CFG][HAL    ] camxhal3.cpp:1992 process_capture_result()     output_buffers[0] : 0x7f2f7edd30, buffer: 0x7f2002c410, priv: (nil), status: 00000001, stream: 0x7f68002248 release_fence -1
01-01 00:57:36.858  1036  3237 W Camera3Stream: ReturnBufferToClient: Got buffer(0x7f2002c400) from stream(0), frame_number(1) and  ts(0) with error status!
01-01 00:57:36.858  1036  3216 E         : FlushLogToFile():1581 Offlinelog failed to open file and write
01-01 00:57:36.858  1036  3237 W RecorderCameraContext: CameraErrorCb: Camera: 0, Error: 4, Request: 0, FrameNumber: 1
01-01 00:57:36.858  1036  3237 W RecorderCameraContext: CameraErrorCb: Frame 1 returned with error! Notify all threads waiting for pending frames!!
01-01 00:57:36.858  1036  3216 E         : FlushLogToFile():1581 Offlinelog failed to open file and write
01-01 00:57:36.858  1036  3237 I CameraAdaptor: RemovePendingRequestLocked: Received error in the capture request. Added to the error requests vector.
01-01 00:57:36.858  1036  3237 I CamX    : [CORE_CFG][HAL    ] camxhal3.cpp:2026 process_capture_result() frame_number: 1
01-01 00:57:36.858  1036  3237 E CamX    : [ERROR][HAL    ] camxhaldevice.cpp:849 Notify() type 00000001, frame_number 2, error_code 00000003, error_stream (nil)
01-01 00:57:36.858  1036  3237 W RecorderCameraContext: CameraErrorCb: Camera: 0, Error: 3, Request: 0, FrameNumber: 2
01-01 00:57:36.858  1036  3216 E         : FlushLogToFile():1581 Offlinelog failed to open file and write
01-01 00:57:36.858  1036  3237 W RecorderCameraContext: CameraErrorCb: An error has occurred in producing an output result metadata buffer for frame: 2 
01-01 00:57:36.858  1036  3237 E CamX    : [ERROR][HAL    ] camxhaldevice.cpp:849 Notify() type 00000001, frame_number 2, error_code 00000004, error_stream 0x7f68002248
01-01 00:57:36.858  1036  3216 E         : FlushLogToFile():1581 Offlinelog failed to open file and write
01-01 00:57:36.858  1036  3237 W RecorderCameraContext: CameraErrorCb: Camera: 0, Error: 4, Request: 0, FrameNumber: 2
01-01 00:57:36.858  1036  3237 W RecorderCameraContext: CameraErrorCb: Frame 2 returned with error! Notify all threads waiting for pending frames!!
01-01 00:57:36.858  1036  3216 E         : FlushLogToFile():1581 Offlinelog failed to open file and write
01-01 00:57:36.858  1036  3237 I CamX    : [CORE_CFG][HAL    ] camxhal3.cpp:1945 process_capture_result() frame_number 2, opsApi 0x7f60001fd0, partial_result 0, result (nil), num_physcam_metadata 0, num_output_buffers 1 priv_metadata (nil)
01-01 00:57:36.858  1036  3237 I CamX    : [CORE_CFG][HAL    ] camxhal3.cpp:1992 process_capture_result()     output_buffers[0] : 0x7f2f7edd30, buffer: 0x7f2002c850, priv: (nil), status: 00000001, stream: 0x7f68002248 release_fence -1
01-01 00:57:36.858  1036  3216 E         : FlushLogToFile():1581 Offlinelog failed to open file and write
01-01 00:57:36.858  1036  3237 W Camera3Stream: ReturnBufferToClient: Got buffer(0x7f2002c840) from stream(0), frame_number(2) and  ts(0) with error status!
01-01 00:57:36.858  1036  3237 W RecorderCameraContext: CameraErrorCb: Camera: 0, Error: 4, Request: 0, FrameNumber: 2
01-01 00:57:36.858  1036  3237 W RecorderCameraContext: CameraErrorCb: Frame 2 returned with error! Notify all threads waiting for pending frames!!
01-01 00:57:36.858  1036  3216 E         : FlushLogToFile():1581 Offlinelog failed to open file and write
01-01 00:57:36.858  1036  3237 I CameraAdaptor: RemovePendingRequestLocked: Received error in the capture request. Added to the error requests vector.
01-01 00:57:36.858  1036  3237 I CamX    : [CORE_CFG][HAL    ] camxhal3.cpp:2026 process_capture_result() frame_number: 2
01-01 00:57:36.858  1036  3237 E CamX    : [ERROR][HAL    ] camxhaldevice.cpp:849 Notify() type 00000001, frame_number 3, error_code 00000003, error_stream (nil)
01-01 00:57:36.858  1036  3216 E         : FlushLogToFile():1581 Offlinelog failed to open file and write
01-01 00:57:36.858  1036  3237 W RecorderCameraContext: CameraErrorCb: Camera: 0, Error: 3, Request: 0, FrameNumber: 3
01-01 00:57:36.858  1036  3216 E         : FlushLogToFile():1581 Offlinelog failed to open file and write
01-01 00:57:36.858  1036  3237 W RecorderCameraContext: CameraErrorCb: An error has occurred in producing an output result metadata buffer for frame: 3 
01-01 00:57:36.858  1036  3216 E         : FlushLogToFile():1581 Offlinelog failed to open file and write
01-01 00:57:36.858  1036  3237 E CamX    : [ERROR][HAL    ] camxhaldevice.cpp:849 Notify() type 00000001, frame_number 3, error_code 00000004, error_stream 0x7f68002248
01-01 00:57:36.858  1036  3216 E         : FlushLogToFile():1581 Offlinelog failed to open file and write
01-01 00:57:36.858  1036  3237 W RecorderCameraContext: CameraErrorCb: Camera: 0, Error: 4, Request: 0, FrameNumber: 3
01-01 00:57:36.858  1036  3237 W RecorderCameraContext: CameraErrorCb: Frame 3 returned with error! Notify all threads waiting for pending frames!!
01-01 00:57:36.858  3208  3280 V ProcessState: Spawning new pooled thread, name=Binder_4
01-01 00:57:36.858  1036  3237 I CamX    : [CORE_CFG][HAL    ] camxhal3.cpp:1945 process_capture_result() frame_number 3, opsApi 0x7f60001fd0, partial_result 0, result (nil), num_physcam_metadata 0, num_output_buffers 1 priv_metadata (nil)
01-01 00:57:36.858  1036  3237 I CamX    : [CORE_CFG][HAL    ] camxhal3.cpp:1992 process_capture_result()     output_buffers[0] : 0x7f2f7edd30, buffer: 0x7f2002ced0, priv: (nil), status: 00000001, stream: 0x7f68002248 release_fence -1
01-01 00:57:36.858  1036  3237 W Camera3Stream: ReturnBufferToClient: Got buffer(0x7f2002cec0) from stream(0), frame_number(3) and  ts(0) with error status!
01-01 00:57:36.858  1036  3237 W RecorderCameraContext: CameraErrorCb: Camera: 0, Error: 4, Request: 0, FrameNumber: 3
01-01 00:57:36.858  1036  3237 W RecorderCameraContext: CameraErrorCb: Frame 3 returned with error! Notify all threads waiting for pending frames!!
01-01 00:57:36.858  1036  3237 I CameraAdaptor: RemovePendingRequestLocked: Received error in the capture request. Added to the error requests vector.
01-01 00:57:36.858  1036  3237 I CamX    : [CORE_CFG][HAL    ] camxhal3.cpp:2026 process_capture_result() frame_number: 3
01-01 00:57:36.858  1036  3237 E CamX    : [ERROR][HAL    ] camxhaldevice.cpp:849 Notify() type 00000001, frame_number 4, error_code 00000003, error_stream (nil)
01-01 00:57:36.858  1036  3237 W RecorderCameraContext: CameraErrorCb: Camera: 0, Error: 3, Request: 0, FrameNumber: 4
01-01 00:57:36.858  1036  3237 W RecorderCameraContext: CameraErrorCb: An error has occurred in producing an output result metadata buffer for frame: 4 
01-01 00:57:36.858  1036  3237 E CamX    : [ERROR][HAL    ] camxhaldevice.cpp:849 Notify() type 00000001, frame_number 4, error_code 00000004, error_stream 0x7f68002248
01-01 00:57:36.858  1036  3217 E         : FlushLogToFile():1581 Offlinelog failed to open file and write
01-01 00:57:36.858  1036  3237 W RecorderCameraContext: CameraErrorCb: Camera: 0, Error: 4, Request: 0, FrameNumber: 4
01-01 00:57:36.858  1036  3237 W RecorderCameraContext: CameraErrorCb: Frame 4 returned with error! Notify all threads waiting for pending frames!!
01-01 00:57:36.858  1036  3237 I CamX    : [CORE_CFG][HAL    ] camxhal3.cpp:1945 process_capture_result() frame_number 4, opsApi 0x7f60001fd0, partial_result 0, result (nil), num_physcam_metadata 0, num_output_buffers 1 priv_metadata (nil)
01-01 00:57:36.858  1036  3237 I CamX    : [CORE_CFG][HAL    ] camxhal3.cpp:1992 process_capture_result()     output_buffers[0] : 0x7f2f7edd30, buffer: 0x7f2002bea0, priv: (nil), status: 00000001, stream: 0x7f68002248 release_fence -1
01-01 00:57:36.858  1036  3237 W Camera3Stream: ReturnBufferToClient: Got buffer(0x7f2002be90) from stream(0), frame_number(4) and  ts(0) with error status!
01-01 00:57:36.858  1036  3237 W RecorderCameraContext: CameraErrorCb: Camera: 0, Error: 4, Request: 0, FrameNumber: 4
01-01 00:57:36.858  1036  3237 W RecorderCameraContext: CameraErrorCb: Frame 4 returned with error! Notify all threads waiting for pending frames!!
01-01 00:57:36.858  1036  3237 I CameraAdaptor: RemovePendingRequestLocked: Received error in the capture request. Added to the error requests vector.
01-01 00:57:36.858  1036  3237 I CamX    : [CORE_CFG][HAL    ] camxhal3.cpp:2026 process_capture_result() frame_number: 4
01-01 00:57:36.858  1036  3237 E CamX    : [ERROR][HAL    ] camxhaldevice.cpp:849 Notify() type 00000001, frame_number 5, error_code 00000003, error_stream (nil)
01-01 00:57:36.858  1036  3237 W RecorderCameraContext: CameraErrorCb: Camera: 0, Error: 3, Request: 0, FrameNumber: 5
01-01 00:57:36.858  1036  3237 W RecorderCameraContext: CameraErrorCb: An error has occurred in producing an output result metadata buffer for frame: 5 
01-01 00:57:36.858  1036  3237 E CamX    : [ERROR][HAL    ] camxhaldevice.cpp:849 Notify() type 00000001, frame_number 5, error_code 00000004, error_stream 0x7f68002248
01-01 00:57:36.858  1036  3237 W RecorderCameraContext: CameraErrorCb: Camera: 0, Error: 4, Request: 0, FrameNumber: 5
01-01 00:57:36.858  1036  3237 W RecorderCameraContext: CameraErrorCb: Frame 5 returned with error! Notify all threads waiting for pending frames!!
01-01 00:57:36.858  1036  3237 I CamX    : [CORE_CFG][HAL    ] camxhal3.cpp:1945 process_capture_result() frame_number 5, opsApi 0x7f60001fd0, partial_result 0, result (nil), num_physcam_metadata 0, num_output_buffers 1 priv_metadata (nil)
01-01 00:57:36.858  1036  3237 I CamX    : [CORE_CFG][HAL    ] camxhal3.cpp:1992 process_capture_result()     output_buffers[0] : 0x7f2f7edd30, buffer: 0x7f2002c210, priv: (nil), status: 00000001, stream: 0x7f68002248 release_fence -1
01-01 00:57:36.858  1036  3237 W Camera3Stream: ReturnBufferToClient: Got buffer(0x7f2002c200) from stream(0), frame_number(5) and  ts(0) with error status!
01-01 00:57:36.858  1036  3237 W RecorderCameraContext: CameraErrorCb: Camera: 0, Error: 4, Request: 0, FrameNumber: 5
01-01 00:57:36.858  3208  3210 V ProcessState: Spawning new pooled thread, name=Binder_5
01-01 00:57:36.858  1036  3237 W RecorderCameraContext: CameraErrorCb: Frame 5 returned with error! Notify all threads waiting for pending frames!!
01-01 00:57:36.858  1036  3237 I CameraAdaptor: RemovePendingRequestLocked: Received error in the capture request. Added to the error requests vector.
01-01 00:57:36.858  1036  3237 I CamX    : [CORE_CFG][HAL    ] camxhal3.cpp:2026 process_capture_result() frame_number: 5
01-01 00:57:36.858  1036  3237 I CHIUSECASE: [CORE_CFG ] chxextensionmodule.cpp:7552 RequestThreadProcessing() Recovery: Raising SigAbrt to debug the root cause - CameraId=0
01-01 00:57:37.043  1543  1561 E sec_channel  : Modemcomm: Init Instance on handle:0 failed with -3 
01-01 00:57:37.043  1543  1561 E sec_channel  : Modemcomm: Failed to get handle of SSGQMSCA service
01-01 00:57:37.064  3208  3210 I RecorderClient: ServiceDeathHandler Enter 
01-01 00:57:37.064  1026  1026 I ServiceManager: service 'qmmf_recorder.service' died
01-01 00:57:37.064  3208  3210 I RecorderClient: ServiceDeathHandler Exit 
01-01 00:57:37.064  3208  3208 W RecorderClient: CheckServiceStatus Not connected to Recorder service!
01-01 00:57:37.064  3208  3208 E Recorder: PauseSession: PauseSession failed!
01-01 00:57:37.253  3290  3290 I RecorderImpl: RecorderImpl: Enter
01-01 00:57:37.253  3290  3290 I RecorderImpl: RecorderImpl: Exit
01-01 00:57:37.253  3290  3290 I RecorderImpl: CreateRecorder: Recorder Instance Created Successfully(0x0x55735c1e80)
01-01 00:57:37.253  3290  3290 I RecorderImpl: Init: Enter
01-01 00:57:37.253  3290  3290 I RecorderCameraSource: CameraSource: Enter
01-01 00:57:37.253  3290  3290 I RecorderCameraSource: CameraSource: Exit
01-01 00:57:37.253  3290  3290 I RecorderCameraSource: CreateCameraSource: CameraSource Instance Created Successfully(0x55735c20a0)
01-01 00:57:37.253  3290  3290 I RecorderImpl: Init: CameraSource Instance Created Successfully!
01-01 00:57:37.253  3290  3290 I OfflineJPEG: OfflineJpegEncoder: Enter 
01-01 00:57:37.253  3290  3290 I OfflineJPEG: OfflineJpegEncoder: Exit 
01-01 00:57:37.253  3290  3290 I OfflineJPEG: Init: Enter 
01-01 00:57:37.265  3290  3290 I qmmf-server: /local/mnt/workspace/lnxbuild/project/trees_in_use/free_tree_dir/checkout/build-qti-distro-ubuntu-fullstack-perf/tmp-glibc/work/kalama-oe-linux/adsprpc/13.0-r1/adsprpc/src/rpcmem_android.c:181: set up allocator 0x55735db450 for DMA buf heap system, ION heap system, heap mask 0x2000000, flags 0x1, legacy flags 0x1
01-01 00:57:37.265  3290  3290 I qmmf-server: /local/mnt/workspace/lnxbuild/project/trees_in_use/free_tree_dir/checkout/build-qti-distro-ubuntu-fullstack-perf/tmp-glibc/work/kalama-oe-linux/adsprpc/13.0-r1/adsprpc/src/fastrpc_config.c:304: Reading configuration file: qmmf-server.debugconfig
01-01 00:57:37.265  3290  3290 I qmmf-server: /local/mnt/workspace/lnxbuild/project/trees_in_use/free_tree_dir/checkout/build-qti-distro-ubuntu-fullstack-perf/tmp-glibc/work/kalama-oe-linux/adsprpc/13.0-r1/adsprpc/src/fastrpc_config.c:335: fastrpc_config_init: Couldn't find file qmmf-server.debugconfig, errno (No such file or directory) at /usr/lib/rfsa/adsp, /dsp/cdsp, /dsp, 
01-01 00:57:37.265  3290  3290 I qmmf-server: /local/mnt/workspace/lnxbuild/project/trees_in_use/free_tree_dir/checkout/build-qti-distro-ubuntu-fullstack-perf/tmp-glibc/work/kalama-oe-linux/adsprpc/13.0-r1/adsprpc/src/fastrpc_apps_user.c:4433: fastrpc_apps_user_init done  with default domain:3 and &fastrpc_trace:0x7f8c4e28a0
01-01 00:57:37.265  3290  3290 I qmmf-server: /local/mnt/workspace/lnxbuild/project/trees_in_use/free_tree_dir/checkout/build-qti-distro-ubuntu-fullstack-perf/tmp-glibc/work/kalama-oe-linux/adsprpc/13.0-r1/adsprpc/src/fastrpc_apps_user.c:4547: multidsplib_env_init: libcdsprpc.so loaded
01-01 00:57:37.265  3290  3290 I qmmf-server: /local/mnt/workspace/lnxbuild/project/trees_in_use/free_tree_dir/checkout/build-qti-distro-ubuntu-fullstack-perf/tmp-glibc/work/kalama-oe-linux/adsprpc/13.0-r1/adsprpc/src/rpcmem_android.c:181: set up allocator 0x55735d8be0 for DMA buf heap system, ION heap system, heap mask 0x2000000, flags 0x1, legacy flags 0x1
01-01 00:57:37.265  3290  3290 I qmmf-server: /local/mnt/workspace/lnxbuild/project/trees_in_use/free_tree_dir/checkout/build-qti-distro-ubuntu-fullstack-perf/tmp-glibc/work/kalama-oe-linux/adsprpc/13.0-r1/adsprpc/src/fastrpc_config.c:304: Reading configuration file: qmmf-server.debugconfig
01-01 00:57:37.265  3290  3290 I qmmf-server: /local/mnt/workspace/lnxbuild/project/trees_in_use/free_tree_dir/checkout/build-qti-distro-ubuntu-fullstack-perf/tmp-glibc/work/kalama-oe-linux/adsprpc/13.0-r1/adsprpc/src/fastrpc_config.c:335: fastrpc_config_init: Couldn't find file qmmf-server.debugconfig, errno (No such file or directory) at /usr/lib/rfsa/adsp, /dsp/adsp, /dsp, 
01-01 00:57:37.265  3290  3290 I qmmf-server: /local/mnt/workspace/lnxbuild/project/trees_in_use/free_tree_dir/checkout/build-qti-distro-ubuntu-fullstack-perf/tmp-glibc/work/kalama-oe-linux/adsprpc/13.0-r1/adsprpc/src/fastrpc_apps_user.c:4433: fastrpc_apps_user_init done  with default domain:0 and &fastrpc_trace:0x7f8c4218a0
01-01 00:57:37.265  3290  3290 E qmmf-server: /local/mnt/workspace/lnxbuild/project/trees_in_use/free_tree_dir/checkout/build-qti-distro-ubuntu-fullstack-perf/tmp-glibc/work/kalama-oe-linux/adsprpc/13.0-r1/adsprpc/src/fastrpc_apps_user.c:4512: Warning: libadsprpc.so 2 instances of libxdsprpc (already loaded libcdsprpc.so). Only 1 allowed
01-01 00:57:37.265  3290  3290 I qmmf-server: /local/mnt/workspace/lnxbuild/project/trees_in_use/free_tree_dir/checkout/build-qti-distro-ubuntu-fullstack-perf/tmp-glibc/work/kalama-oe-linux/adsprpc/13.0-r1/adsprpc/src/fastrpc_apps_user.c:4547: multidsplib_env_init: libadsprpc.so loaded
01-01 00:57:37.267  3290  3290 V CamX    : [ VERB][CORE   ] camxoverridesettingsfile.cpp:430 Initialize() Could not find override settings text file at: /vendor/etc/camera/camxoverridesettings.txt
01-01 00:57:37.267  3290  3290 V CamX    : [ VERB][CORE   ] camxoverridesettingsfile.cpp:430 Initialize() Could not find override settings text file at: ./camxoverridesettings.txt
01-01 00:57:37.267  3290  3290 I CamX    : [CORE_CFG][CORE   ] camxoverridesettingsfile.cpp:273 DumpOverriddenSettings() =============== BEGIN DUMP OF OVERRIDE SETTINGS ===============
01-01 00:57:37.267  3290  3290 I CamX    : [CORE_CFG][CORE   ] camxoverridesettingsfile.cpp:274 DumpOverriddenSettings() <Setting> (<Hash>) = <Value>
01-01 00:57:37.267  3290  3290 I CamX    : [CORE_CFG][CORE   ] camxoverridesettingsfile.cpp:278 DumpOverriddenSettings() ================ END DUMP OF OVERRIDE SETTINGS ================
01-01 00:57:37.267  3290  3290 V CamX    : [ VERB][CORE   ] camxsettingsmanager.cpp:395 LoadCamxSettingsOps() Loading from:com.qti.settings.sm8550.so, size:56
01-01 00:57:37.267  3290  3290 V CamX    : [ VERB][UTILS  ] camxhashmap.cpp:211 GetInPlace() Key not found
01-01 00:57:37.267  3290  3290 V CamX    : [ VERB][UTILS  ] camxhashmap.cpp:211 GetInPlace() Key not found
01-01 00:57:37.267  3290  3290 V CamX    : [ VERB][UTILS  ] camxhashmap.cpp:211 GetInPlace() Key not found
01-01 00:57:37.267  3290  3290 V CamX    : [ VERB][UTILS  ] camxhashmap.cpp:211 GetInPlace() Key not found
01-01 00:57:37.267  3290  3290 V CamX    : [ VERB][UTILS  ] camxhashmap.cpp:211 GetInPlace() Key not found
01-01 00:57:37.267  3290  3290 V CamX    : [ VERB][UTILS  ] camxhashmap.cpp:211 GetInPlace() Key not found
01-01 00:57:37.267  3290  3290 V CamX    : [ VERB][UTILS  ] camxhashmap.cpp:211 GetInPlace() Key not found
01-01 00:57:37.268  3290  3290 V CamX    : [ VERB][UTILS  ] camxhashmap.cpp:211 GetInPlace() Key not found
01-01 00:57:37.268  3290  3290 V CamX    : [ VERB][UTILS  ] camxhashmap.cpp:211 GetInPlace() Key not found
01-01 00:57:37.268  3290  3290 V CamX    : [ VERB][UTILS  ] camxhashmap.cpp:211 GetInPlace() Key not found
01-01 00:57:37.268  3290  3290 V CamX    : [ VERB][UTILS  ] camxhashmap.cpp:211 GetInPlace() Key not found
01-01 00:57:37.268  3290  3290 V CamX    : [ VERB][UTILS  ] camxhashmap.cpp:211 GetInPlace() Key not found
01-01 00:57:37.268  3290  3290 V CamX    : [ VERB][UTILS  ] camxhashmap.cpp:211 GetInPlace() Key not found
01-01 00:57:37.268  3290  3290 V CamX    : [ VERB][UTILS  ] camxhashmap.cpp:211 GetInPlace() Key not found
01-01 00:57:37.268  3290  3290 V CamX    : [ VERB][UTILS  ] camxhashmap.cpp:211 GetInPlace() Key not found
01-01 00:57:37.268  3290  3290 V CamX    : [ VERB][UTILS  ] camxhashmap.cpp:211 GetInPlace() Key not found
01-01 00:57:37.268  3290  3290 V CamX    : [ VERB][UTILS  ] camxhashmap.cpp:211 GetInPlace() Key not found
01-01 00:57:37.268  3290  3290 V CamX    : [ VERB][UTILS  ] camxhashmap.cpp:211 GetInPlace() Key not found
01-01 00:57:37.268  3290  3290 V CamX    : [ VERB][UTILS  ] camxhashmap.cpp:211 GetInPlace() Key not found
01-01 00:57:37.268  3290  3290 V CamX    : [ VERB][UTILS  ] camxhashmap.cpp:211 GetInPlace() Key not found
01-01 00:57:37.268  3290  3290 V CamX    : [ VERB][UTILS  ] camxhashmap.cpp:211 GetInPlace() Key not found
01-01 00:57:37.268  3290  3290 V CamX    : [ VERB][UTILS  ] camxhashmap.cpp:211 GetInPlace() Key not found
01-01 00:57:37.268  3290  3290 V CamX    : [ VERB][UTILS  ] camxhashmap.cpp:211 GetInPlace() Key not found
01-01 00:57:37.268  3290  3290 V CamX    : [ VERB][UTILS  ] camxhashmap.cpp:211 GetInPlace() Key not found
01-01 00:57:37.268  3290  3290 V CamX    : [ VERB][UTILS  ] camxhashmap.cpp:211 GetInPlace() Key not found
01-01 00:57:37.268  3290  3290 V CamX    : [ VERB][UTILS  ] camxhashmap.cpp:211 GetInPlace() Key not found
01-01 00:57:37.268  3290  3290 V CamX    : [ VERB][UTILS  ] camxhashmap.cpp:211 GetInPlace() Key not found
01-01 00:57:37.268  3290  3290 V CamX    : [ VERB][UTILS  ] camxhashmap.cpp:211 GetInPlace() Key not found
01-01 00:57:37.268  3290  3290 V CamX    : [ VERB][UTILS  ] camxhashmap.cpp:211 GetInPlace() Key not found
01-01 00:57:37.268  3290  3290 V CamX    : [ VERB][UTILS  ] camxhashmap.cpp:211 GetInPlace() Key not found
01-01 00:57:37.268  3290  3290 V CamX    : [ VERB][UTILS  ] camxhashmap.cpp:211 GetInPlace() Key not found
01-01 00:57:37.268  3290  3290 V CamX    : [ VERB][UTILS  ] camxhashmap.cpp:211 GetInPlace() Key not found
01-01 00:57:37.268  3290  3290 V CamX    : [ VERB][UTILS  ] camxhashmap.cpp:211 GetInPlace() Key not found
01-01 00:57:37.268  3290  3290 V CamX    : [ VERB][UTILS  ] camxhashmap.cpp:211 GetInPlace() Key not found
01-01 00:57:37.268  3290  3290 V CamX    : [ VERB][UTILS  ] camxhashmap.cpp:211 GetInPlace() Key not found
01-01 00:57:37.268  3290  3290 V CamX    : [ VERB][UTILS  ] camxhashmap.cpp:211 GetInPlace() Key not found
01-01 00:57:37.268  3290  3290 V CamX    : [ VERB][UTILS  ] camxhashmap.cpp:211 GetInPlace() Key not found
01-01 00:57:37.268  3290  3290 V CamX    : [ VERB][UTILS  ] camxhashmap.cpp:211 GetInPlace() Key not found
01-01 00:57:37.268  3290  3290 V CamX    : [ VERB][UTILS  ] camxhashmap.cpp:211 GetInPlace() Key not found
01-01 00:57:37.268  3290  3290 V CamX    : [ VERB][UTILS  ] camxhashmap.cpp:211 GetInPlace() Key not found
01-01 00:57:37.268  3290  3290 V CamX    : [ VERB][UTILS  ] camxhashmap.cpp:211 GetInPlace() Key not found
01-01 00:57:37.268  3290  3290 V CamX    : [ VERB][UTILS  ] camxhashmap.cpp:211 GetInPlace() Key not found
01-01 00:57:37.268  3290  3290 V CamX    : [ VERB][UTILS  ] camxhashmap.cpp:211 GetInPlace() Key not found
01-01 00:57:37.268  3290  3290 V CamX    : [ VERB][UTILS  ] camxhashmap.cpp:211 GetInPlace() Key not found
01-01 00:57:37.268  3290  3290 V CamX    : [ VERB][UTILS  ] camxhashmap.cpp:211 GetInPlace() Key not found
01-01 00:57:37.268  3290  3290 V CamX    : [ VERB][UTILS  ] camxhashmap.cpp:211 GetInPlace() Key not found
01-01 00:57:37.268  3290  3290 V CamX    : [ VERB][UTILS  ] camxhashmap.cpp:211 GetInPlace() Key not found
01-01 00:57:37.268  3290  3290 V CamX    : [ VERB][UTILS  ] camxhashmap.cpp:211 GetInPlace() Key not found
01-01 00:57:37.268  3290  3290 V CamX    : [ VERB][UTILS  ] camxhashmap.cpp:211 GetInPlace() Key not found
01-01 00:57:37.268  3290  3290 V CamX    : [ VERB][UTILS  ] camxhashmap.cpp:211 GetInPlace() Key not found
01-01 00:57:37.268  3290  3290 V CamX    : [ VERB][UTILS  ] camxhashmap.cpp:211 GetInPlace() Key not found
01-01 00:57:37.268  3290  3290 V CamX    : [ VERB][UTILS  ] camxhashmap.cpp:211 GetInPlace() Key not found
01-01 00:57:37.268  3290  3290 V CamX    : [ VERB][UTILS  ] camxhashmap.cpp:211 GetInPlace() Key not found
01-01 00:57:37.268  3290  3290 V CamX    : [ VERB][UTILS  ] camxhashmap.cpp:211 GetInPlace() Key not found
01-01 00:57:37.268  3290  3290 V CamX    : [ VERB][UTILS  ] camxhashmap.cpp:211 GetInPlace() Key not found
01-01 00:57:37.268  3290  3290 V CamX    : [ VERB][UTILS  ] camxhashmap.cpp:211 GetInPlace() Key not found
01-01 00:57:37.268  3290  3290 V CamX    : [ VERB][UTILS  ] camxhashmap.cpp:211 GetInPlace() Key not found
01-01 00:57:37.268  3290  3290 V CamX    : [ VERB][UTILS  ] camxhashmap.cpp:211 GetInPlace() Key not found
01-01 00:57:37.268  3290  3290 V CamX    : [ VERB][UTILS  ] camxhashmap.cpp:211 GetInPlace() Key not found
01-01 00:57:37.268  3290  3290 V CamX    : [ VERB][UTILS  ] camxhashmap.cpp:211 GetInPlace() Key not found
01-01 00:57:37.268  3290  3290 V CamX    : [ VERB][UTILS  ] camxhashmap.cpp:211 GetInPlace() Key not found
01-01 00:57:37.268  3290  3290 V CamX    : [ VERB][UTILS  ] camxhashmap.cpp:211 GetInPlace() Key not found
01-01 00:57:37.268  3290  3290 V CamX    : [ VERB][UTILS  ] camxhashmap.cpp:211 GetInPlace() Key not found
01-01 00:57:37.268  3290  3290 V CamX    : [ VERB][UTILS  ] camxhashmap.cpp:211 GetInPlace() Key not found
01-01 00:57:37.268  3290  3290 V CamX    : [ VERB][UTILS  ] camxhashmap.cpp:211 GetInPlace() Key not found
01-01 00:57:37.268  3290  3290 V CamX    : [ VERB][UTILS  ] camxhashmap.cpp:211 GetInPlace() Key not found
01-01 00:57:37.268  3290  3290 V CamX    : [ VERB][UTILS  ] camxhashmap.cpp:211 GetInPlace() Key not found
01-01 00:57:37.268  3290  3290 V CamX    : [ VERB][UTILS  ] camxhashmap.cpp:211 GetInPlace() Key not found
01-01 00:57:37.268  3290  3290 V CamX    : [ VERB][UTILS  ] camxhashmap.cpp:211 GetInPlace() Key not found
01-01 00:57:37.268  3290  3290 V CamX    : [ VERB][UTILS  ] camxhashmap.cpp:211 GetInPlace() Key not found
01-01 00:57:37.268  3290  3290 V CamX    : [ VERB][UTILS  ] camxhashmap.cpp:211 GetInPlace() Key not found
01-01 00:57:37.268  3290  3290 V CamX    : [ VERB][UTILS  ] camxhashmap.cpp:211 GetInPlace() Key not found
01-01 00:57:37.268  3290  3290 V CamX    : [ VERB][UTILS  ] camxhashmap.cpp:211 GetInPlace() Key not found
01-01 00:57:37.268  3290  3290 V CamX    : [ VERB][UTILS  ] camxhashmap.cpp:211 GetInPlace() Key not found
01-01 00:57:37.268  3290  3290 V CamX    : [ VERB][UTILS  ] camxhashmap.cpp:211 GetInPlace() Key not found
01-01 00:57:37.268  3290  3290 V CamX    : [ VERB][UTILS  ] camxhashmap.cpp:211 GetInPlace() Key not found
01-01 00:57:37.268  3290  3290 V CamX    : [ VERB][UTILS  ] camxhashmap.cpp:211 GetInPlace() Key not found
01-01 00:57:37.268  3290  3290 V CamX    : [ VERB][UTILS  ] camxhashmap.cpp:211 GetInPlace() Key not found
01-01 00:57:37.268  3290  3290 V CamX    : [ VERB][UTILS  ] camxhashmap.cpp:211 GetInPlace() Key not found
01-01 00:57:37.268  3290  3290 V CamX    : [ VERB][UTILS  ] camxhashmap.cpp:211 GetInPlace() Key not found
01-01 00:57:37.268  3290  3290 V CamX    : [ VERB][UTILS  ] camxhashmap.cpp:211 GetInPlace() Key not found
01-01 00:57:37.268  3290  3290 V CamX    : [ VERB][UTILS  ] camxhashmap.cpp:211 GetInPlace() Key not found
01-01 00:57:37.268  3290  3290 V CamX    : [ VERB][UTILS  ] camxhashmap.cpp:211 GetInPlace() Key not found
01-01 00:57:37.268  3290  3290 V CamX    : [ VERB][UTILS  ] camxhashmap.cpp:211 GetInPlace() Key not found
01-01 00:57:37.268  3290  3290 V CamX    : [ VERB][UTILS  ] camxhashmap.cpp:211 GetInPlace() Key not found
01-01 00:57:37.268  3290  3290 V CamX    : [ VERB][UTILS  ] camxhashmap.cpp:211 GetInPlace() Key not found
01-01 00:57:37.268  3290  3290 V CamX    : [ VERB][UTILS  ] camxhashmap.cpp:211 GetInPlace() Key not found
01-01 00:57:37.268  3290  3290 V CamX    : [ VERB][UTILS  ] camxhashmap.cpp:211 GetInPlace() Key not found
01-01 00:57:37.268  3290  3290 V CamX    : [ VERB][UTILS  ] camxhashmap.cpp:211 GetInPlace() Key not found
01-01 00:57:37.268  3290  3290 V CamX    : [ VERB][UTILS  ] camxhashmap.cpp:211 GetInPlace() Key not found
01-01 00:57:37.268  3290  3290 V CamX    : [ VERB][UTILS  ] camxhashmap.cpp:211 GetInPlace() Key not found
01-01 00:57:37.268  3290  3290 V CamX    : [ VERB][UTILS  ] camxhashmap.cpp:211 GetInPlace() Key not found
01-01 00:57:37.268  3290  3290 V CamX    : [ VERB][UTILS  ] camxhashmap.cpp:211 GetInPlace() Key not found
01-01 00:57:37.268  3290  3290 V CamX    : [ VERB][UTILS  ] camxhashmap.cpp:211 GetInPlace() Key not found
01-01 00:57:37.268  3290  3290 V CamX    : [ VERB][UTILS  ] camxhashmap.cpp:211 GetInPlace() Key not found
01-01 00:57:37.268  3290  3290 V CamX    : [ VERB][UTILS  ] camxhashmap.cpp:211 GetInPlace() Key not found
01-01 00:57:37.268  3290  3290 V CamX    : [ VERB][UTILS  ] camxhashmap.cpp:211 GetInPlace() Key not found
01-01 00:57:37.268  3290  3290 V CamX    : [ VERB][UTILS  ] camxhashmap.cpp:211 GetInPlace() Key not found
01-01 00:57:37.268  3290  3290 V CamX    : [ VERB][UTILS  ] camxhashmap.cpp:211 GetInPlace() Key not found
01-01 00:57:37.268  3290  3290 V CamX    : [ VERB][UTILS  ] camxhashmap.cpp:211 GetInPlace() Key not found
01-01 00:57:37.268  3290  3290 V CamX    : [ VERB][UTILS  ] camxhashmap.cpp:211 GetInPlace() Key not found
01-01 00:57:37.268  3290  3290 V CamX    : [ VERB][UTILS  ] camxhashmap.cpp:211 GetInPlace() Key not found
01-01 00:57:37.268  3290  3290 V CamX    : [ VERB][UTILS  ] camxhashmap.cpp:211 GetInPlace() Key not found
01-01 00:57:37.268  3290  3290 V CamX    : [ VERB][UTILS  ] camxhashmap.cpp:211 GetInPlace() Key not found
01-01 00:57:37.268  3290  3290 V CamX    : [ VERB][UTILS  ] camxhashmap.cpp:211 GetInPlace() Key not found
01-01 00:57:37.268  3290  3290 V CamX    : [ VERB][UTILS  ] camxhashmap.cpp:211 GetInPlace() Key not found
01-01 00:57:37.268  3290  3290 V CamX    : [ VERB][UTILS  ] camxhashmap.cpp:211 GetInPlace() Key not found
01-01 00:57:37.268  3290  3290 V CamX    : [ VERB][UTILS  ] camxhashmap.cpp:211 GetInPlace() Key not found
01-01 00:57:37.268  3290  3290 V CamX    : [ VERB][UTILS  ] camxhashmap.cpp:211 GetInPlace() Key not found
01-01 00:57:37.268  3290  3290 V CamX    : [ VERB][UTILS  ] camxhashmap.cpp:211 GetInPlace() Key not found
01-01 00:57:37.268  3290  3290 V CamX    : [ VERB][UTILS  ] camxhashmap.cpp:211 GetInPlace() Key not found
01-01 00:57:37.268  3290  3290 V CamX    : [ VERB][UTILS  ] camxhashmap.cpp:211 GetInPlace() Key not found
01-01 00:57:37.268  3290  3290 V CamX    : [ VERB][UTILS  ] camxhashmap.cpp:211 GetInPlace() Key not found
01-01 00:57:37.268  3290  3290 V CamX    : [ VERB][UTILS  ] camxhashmap.cpp:211 GetInPlace() Key not found
01-01 00:57:37.268  3290  3290 V CamX    : [ VERB][UTILS  ] camxhashmap.cpp:211 GetInPlace() Key not found
01-01 00:57:37.268  3290  3290 V CamX    : [ VERB][UTILS  ] camxhashmap.cpp:211 GetInPlace() Key not found
01-01 00:57:37.268  3290  3290 V CamX    : [ VERB][UTILS  ] camxhashmap.cpp:211 GetInPlace() Key not found
01-01 00:57:37.268  3290  3290 V CamX    : [ VERB][UTILS  ] camxhashmap.cpp:211 GetInPlace() Key not found
01-01 00:57:37.268  3290  3290 V CamX    : [ VERB][UTILS  ] camxhashmap.cpp:211 GetInPlace() Key not found
01-01 00:57:37.268  3290  3290 V CamX    : [ VERB][UTILS  ] camxhashmap.cpp:211 GetInPlace() Key not found
01-01 00:57:37.268  3290  3290 V CamX    : [ VERB][UTILS  ] camxhashmap.cpp:211 GetInPlace() Key not found
01-01 00:57:37.268  3290  3290 V CamX    : [ VERB][UTILS  ] camxhashmap.cpp:211 GetInPlace() Key not found
01-01 00:57:37.268  3290  3290 V CamX    : [ VERB][UTILS  ] camxhashmap.cpp:211 GetInPlace() Key not found
01-01 00:57:37.268  3290  3290 V CamX    : [ VERB][UTILS  ] camxhashmap.cpp:211 GetInPlace() Key not found
01-01 00:57:37.268  3290  3290 V CamX    : [ VERB][UTILS  ] camxhashmap.cpp:211 GetInPlace() Key not found
01-01 00:57:37.268  3290  3290 V CamX    : [ VERB][UTILS  ] camxhashmap.cpp:211 GetInPlace() Key not found
01-01 00:57:37.268  3290  3290 V CamX    : [ VERB][UTILS  ] camxhashmap.cpp:211 GetInPlace() Key not found
01-01 00:57:37.268  3290  3290 V CamX    : [ VERB][UTILS  ] camxhashmap.cpp:211 GetInPlace() Key not found
01-01 00:57:37.268  3290  3290 V CamX    : [ VERB][UTILS  ] camxhashmap.cpp:211 GetInPlace() Key not found
01-01 00:57:37.268  3290  3290 V CamX    : [ VERB][UTILS  ] camxhashmap.cpp:211 GetInPlace() Key not found
01-01 00:57:37.268  3290  3290 V CamX    : [ VERB][UTILS  ] camxhashmap.cpp:211 GetInPlace() Key not found
01-01 00:57:37.268  3290  3290 V CamX    : [ VERB][UTILS  ] camxhashmap.cpp:211 GetInPlace() Key not found
01-01 00:57:37.268  3290  3290 V CamX    : [ VERB][UTILS  ] camxhashmap.cpp:211 GetInPlace() Key not found
01-01 00:57:37.268  3290  3290 V CamX    : [ VERB][UTILS  ] camxhashmap.cpp:211 GetInPlace() Key not found
01-01 00:57:37.268  3290  3290 V CamX    : [ VERB][UTILS  ] camxhashmap.cpp:211 GetInPlace() Key not found
01-01 00:57:37.268  3290  3290 V CamX    : [ VERB][UTILS  ] camxhashmap.cpp:211 GetInPlace() Key not found
01-01 00:57:37.268  3290  3290 V CamX    : [ VERB][UTILS  ] camxhashmap.cpp:211 GetInPlace() Key not found
01-01 00:57:37.268  3290  3290 V CamX    : [ VERB][UTILS  ] camxhashmap.cpp:211 GetInPlace() Key not found
01-01 00:57:37.268  3290  3290 V CamX    : [ VERB][UTILS  ] camxhashmap.cpp:211 GetInPlace() Key not found
01-01 00:57:37.268  3290  3290 V CamX    : [ VERB][UTILS  ] camxhashmap.cpp:211 GetInPlace() Key not found
01-01 00:57:37.268  3290  3290 V CamX    : [ VERB][UTILS  ] camxhashmap.cpp:211 GetInPlace() Key not found
01-01 00:57:37.268  3290  3290 V CamX    : [ VERB][UTILS  ] camxhashmap.cpp:211 GetInPlace() Key not found
01-01 00:57:37.268  3290  3290 V CamX    : [ VERB][UTILS  ] camxhashmap.cpp:211 GetInPlace() Key not found
01-01 00:57:37.268  3290  3290 V CamX    : [ VERB][UTILS  ] camxhashmap.cpp:211 GetInPlace() Key not found
01-01 00:57:37.268  3290  3290 V CamX    : [ VERB][UTILS  ] camxhashmap.cpp:211 GetInPlace() Key not found
01-01 00:57:37.268  3290  3290 V CamX    : [ VERB][UTILS  ] camxhashmap.cpp:211 GetInPlace() Key not found
01-01 00:57:37.268  3290  3290 V CamX    : [ VERB][UTILS  ] camxhashmap.cpp:211 GetInPlace() Key not found
01-01 00:57:37.268  3290  3290 V CamX    : [ VERB][UTILS  ] camxhashmap.cpp:211 GetInPlace() Key not found
01-01 00:57:37.268  3290  3290 V CamX    : [ VERB][UTILS  ] camxhashmap.cpp:211 GetInPlace() Key not found
01-01 00:57:37.268  3290  3290 V CamX    : [ VERB][UTILS  ] camxhashmap.cpp:211 GetInPlace() Key not found
01-01 00:57:37.268  3290  3290 V CamX    : [ VERB][UTILS  ] camxhashmap.cpp:211 GetInPlace() Key not found
01-01 00:57:37.268  3290  3290 V CamX    : [ VERB][UTILS  ] camxhashmap.cpp:211 GetInPlace() Key not found
01-01 00:57:37.268  3290  3290 V CamX    : [ VERB][UTILS  ] camxhashmap.cpp:211 GetInPlace() Key not found
01-01 00:57:37.268  3290  3290 V CamX    : [ VERB][UTILS  ] camxhashmap.cpp:211 GetInPlace() Key not found
01-01 00:57:37.268  3290  3290 V CamX    : [ VERB][UTILS  ] camxhashmap.cpp:211 GetInPlace() Key not found
01-01 00:57:37.268  3290  3290 V CamX    : [ VERB][UTILS  ] camxhashmap.cpp:211 GetInPlace() Key not found
01-01 00:57:37.268  3290  3290 V CamX    : [ VERB][UTILS  ] camxhashmap.cpp:211 GetInPlace() Key not found
01-01 00:57:37.268  3290  3290 V CamX    : [ VERB][UTILS  ] camxhashmap.cpp:211 GetInPlace() Key not found
01-01 00:57:37.268  3290  3290 V CamX    : [ VERB][UTILS  ] camxhashmap.cpp:211 GetInPlace() Key not found
01-01 00:57:37.268  3290  3290 V CamX    : [ VERB][UTILS  ] camxhashmap.cpp:211 GetInPlace() Key not found
01-01 00:57:37.268  3290  3290 V CamX    : [ VERB][UTILS  ] camxhashmap.cpp:211 GetInPlace() Key not found
01-01 00:57:37.268  3290  3290 V CamX    : [ VERB][UTILS  ] camxhashmap.cpp:211 GetInPlace() Key not found
01-01 00:57:37.268  3290  3290 V CamX    : [ VERB][UTILS  ] camxhashmap.cpp:211 GetInPlace() Key not found
01-01 00:57:37.268  3290  3290 V CamX    : [ VERB][UTILS  ] camxhashmap.cpp:211 GetInPlace() Key not found
01-01 00:57:37.268  3290  3290 V CamX    : [ VERB][UTILS  ] camxhashmap.cpp:211 GetInPlace() Key not found
01-01 00:57:37.268  3290  3290 V CamX    : [ VERB][UTILS  ] camxhashmap.cpp:211 GetInPlace() Key not found
01-01 00:57:37.268  3290  3290 V CamX    : [ VERB][UTILS  ] camxhashmap.cpp:211 GetInPlace() Key not found
01-01 00:57:37.268  3290  3290 V CamX    : [ VERB][UTILS  ] camxhashmap.cpp:211 GetInPlace() Key not found
01-01 00:57:37.268  3290  3290 V CamX    : [ VERB][UTILS  ] camxhashmap.cpp:211 GetInPlace() Key not found
01-01 00:57:37.268  3290  3290 V CamX    : [ VERB][UTILS  ] camxhashmap.cpp:211 GetInPlace() Key not found
01-01 00:57:37.268  3290  3290 V CamX    : [ VERB][UTILS  ] camxhashmap.cpp:211 GetInPlace() Key not found
01-01 00:57:37.268  3290  3290 V CamX    : [ VERB][UTILS  ] camxhashmap.cpp:211 GetInPlace() Key not found
01-01 00:57:37.268  3290  3290 V CamX    : [ VERB][UTILS  ] camxhashmap.cpp:211 GetInPlace() Key not found
01-01 00:57:37.268  3290  3290 V CamX    : [ VERB][UTILS  ] camxhashmap.cpp:211 GetInPlace() Key not found
01-01 00:57:37.268  3290  3290 V CamX    : [ VERB][UTILS  ] camxhashmap.cpp:211 GetInPlace() Key not found
01-01 00:57:37.268  3290  3290 V CamX    : [ VERB][UTILS  ] camxhashmap.cpp:211 GetInPlace() Key not found
01-01 00:57:37.268  3290  3290 V CamX    : [ VERB][UTILS  ] camxhashmap.cpp:211 GetInPlace() Key not found
01-01 00:57:37.268  3290  3290 V CamX    : [ VERB][UTILS  ] camxhashmap.cpp:211 GetInPlace() Key not found
01-01 00:57:37.268  3290  3290 V CamX    : [ VERB][UTILS  ] camxhashmap.cpp:211 GetInPlace() Key not found
01-01 00:57:37.268  3290  3290 V CamX    : [ VERB][UTILS  ] camxhashmap.cpp:211 GetInPlace() Key not found
01-01 00:57:37.268  3290  3290 V CamX    : [ VERB][UTILS  ] camxhashmap.cpp:211 GetInPlace() Key not found
01-01 00:57:37.268  3290  3290 V CamX    : [ VERB][UTILS  ] camxhashmap.cpp:211 GetInPlace() Key not found
01-01 00:57:37.268  3290  3290 V CamX    : [ VERB][UTILS  ] camxhashmap.cpp:211 GetInPlace() Key not found
01-01 00:57:37.268  3290  3290 V CamX    : [ VERB][UTILS  ] camxhashmap.cpp:211 GetInPlace() Key not found
01-01 00:57:37.268  3290  3290 V CamX    : [ VERB][UTILS  ] camxhashmap.cpp:211 GetInPlace() Key not found
01-01 00:57:37.268  3290  3290 V CamX    : [ VERB][UTILS  ] camxhashmap.cpp:211 GetInPlace() Key not found
01-01 00:57:37.268  3290  3290 V CamX    : [ VERB][UTILS  ] camxhashmap.cpp:211 GetInPlace() Key not found
01-01 00:57:37.268  3290  3290 V CamX    : [ VERB][UTILS  ] camxhashmap.cpp:211 GetInPlace() Key not found
01-01 00:57:37.268  3290  3290 V CamX    : [ VERB][UTILS  ] camxhashmap.cpp:211 GetInPlace() Key not found
01-01 00:57:37.268  3290  3290 V CamX    : [ VERB][UTILS  ] camxhashmap.cpp:211 GetInPlace() Key not found
01-01 00:57:37.268  3290  3290 V CamX    : [ VERB][UTILS  ] camxhashmap.cpp:211 GetInPlace() Key not found
01-01 00:57:37.268  3290  3290 V CamX    : [ VERB][UTILS  ] camxhashmap.cpp:211 GetInPlace() Key not found
01-01 00:57:37.268  3290  3290 V CamX    : [ VERB][UTILS  ] camxhashmap.cpp:211 GetInPlace() Key not found
01-01 00:57:37.268  3290  3290 V CamX    : [ VERB][UTILS  ] camxhashmap.cpp:211 GetInPlace() Key not found
01-01 00:57:37.268  3290  3290 V CamX    : [ VERB][UTILS  ] camxhashmap.cpp:211 GetInPlace() Key not found
01-01 00:57:37.268  3290  3290 V CamX    : [ VERB][UTILS  ] camxhashmap.cpp:211 GetInPlace() Key not found
01-01 00:57:37.268  3290  3290 V CamX    : [ VERB][UTILS  ] camxhashmap.cpp:211 GetInPlace() Key not found
01-01 00:57:37.268  3290  3290 V CamX    : [ VERB][UTILS  ] camxhashmap.cpp:211 GetInPlace() Key not found
01-01 00:57:37.268  3290  3290 V CamX    : [ VERB][UTILS  ] camxhashmap.cpp:211 GetInPlace() Key not found
01-01 00:57:37.268  3290  3290 V CamX    : [ VERB][UTILS  ] camxhashmap.cpp:211 GetInPlace() Key not found
01-01 00:57:37.268  3290  3290 V CamX    : [ VERB][UTILS  ] camxhashmap.cpp:211 GetInPlace() Key not found
01-01 00:57:37.268  3290  3290 V CamX    : [ VERB][UTILS  ] camxhashmap.cpp:211 GetInPlace() Key not found
01-01 00:57:37.268  3290  3290 V CamX    : [ VERB][UTILS  ] camxhashmap.cpp:211 GetInPlace() Key not found
01-01 00:57:37.268  3290  3290 V CamX    : [ VERB][UTILS  ] camxhashmap.cpp:211 GetInPlace() Key not found
01-01 00:57:37.268  3290  3290 V CamX    : [ VERB][UTILS  ] camxhashmap.cpp:211 GetInPlace() Key not found
01-01 00:57:37.268  3290  3290 V CamX    : [ VERB][UTILS  ] camxhashmap.cpp:211 GetInPlace() Key not found
01-01 00:57:37.268  3290  3290 V CamX    : [ VERB][UTILS  ] camxhashmap.cpp:211 GetInPlace() Key not found
01-01 00:57:37.268  3290  3290 V CamX    : [ VERB][UTILS  ] camxhashmap.cpp:211 GetInPlace() Key not found
01-01 00:57:37.268  3290  3290 V CamX    : [ VERB][UTILS  ] camxhashmap.cpp:211 GetInPlace() Key not found
01-01 00:57:37.268  3290  3290 V CamX    : [ VERB][UTILS  ] camxhashmap.cpp:211 GetInPlace() Key not found
01-01 00:57:37.268  3290  3290 V CamX    : [ VERB][UTILS  ] camxhashmap.cpp:211 GetInPlace() Key not found
01-01 00:57:37.268  3290  3290 V CamX    : [ VERB][UTILS  ] camxhashmap.cpp:211 GetInPlace() Key not found
01-01 00:57:37.268  3290  3290 V CamX    : [ VERB][UTILS  ] camxhashmap.cpp:211 GetInPlace() Key not found
01-01 00:57:37.268  3290  3290 V CamX    : [ VERB][UTILS  ] camxhashmap.cpp:211 GetInPlace() Key not found
01-01 00:57:37.268  3290  3290 V CamX    : [ VERB][UTILS  ] camxhashmap.cpp:211 GetInPlace() Key not found
01-01 00:57:37.268  3290  3290 V CamX    : [ VERB][UTILS  ] camxhashmap.cpp:211 GetInPlace() Key not found
01-01 00:57:37.268  3290  3290 V CamX    : [ VERB][UTILS  ] camxhashmap.cpp:211 GetInPlace() Key not found
01-01 00:57:37.268  3290  3290 V CamX    : [ VERB][UTILS  ] camxhashmap.cpp:211 GetInPlace() Key not found
01-01 00:57:37.268  3290  3290 V CamX    : [ VERB][UTILS  ] camxhashmap.cpp:211 GetInPlace() Key not found
01-01 00:57:37.268  3290  3290 V CamX    : [ VERB][UTILS  ] camxhashmap.cpp:211 GetInPlace() Key not found
01-01 00:57:37.268  3290  3290 V CamX    : [ VERB][UTILS  ] camxhashmap.cpp:211 GetInPlace() Key not found
01-01 00:57:37.268  3290  3290 V CamX    : [ VERB][UTILS  ] camxhashmap.cpp:211 GetInPlace() Key not found
01-01 00:57:37.268  3290  3290 V CamX    : [ VERB][UTILS  ] camxhashmap.cpp:211 GetInPlace() Key not found
01-01 00:57:37.268  3290  3290 V CamX    : [ VERB][UTILS  ] camxhashmap.cpp:211 GetInPlace() Key not found
01-01 00:57:37.268  3290  3290 V CamX    : [ VERB][UTILS  ] camxhashmap.cpp:211 GetInPlace() Key not found
01-01 00:57:37.268  3290  3290 V CamX    : [ VERB][UTILS  ] camxhashmap.cpp:211 GetInPlace() Key not found
01-01 00:57:37.268  3290  3290 V CamX    : [ VERB][UTILS  ] camxhashmap.cpp:211 GetInPlace() Key not found
01-01 00:57:37.268  3290  3290 V CamX    : [ VERB][UTILS  ] camxhashmap.cpp:211 GetInPlace() Key not found
01-01 00:57:37.268  3290  3290 V CamX    : [ VERB][UTILS  ] camxhashmap.cpp:211 GetInPlace() Key not found
01-01 00:57:37.268  3290  3290 V CamX    : [ VERB][UTILS  ] camxhashmap.cpp:211 GetInPlace() Key not found
01-01 00:57:37.268  3290  3290 V CamX    : [ VERB][UTILS  ] camxhashmap.cpp:211 GetInPlace() Key not found
01-01 00:57:37.268  3290  3290 V CamX    : [ VERB][UTILS  ] camxhashmap.cpp:211 GetInPlace() Key not found
01-01 00:57:37.268  3290  3290 V CamX    : [ VERB][UTILS  ] camxhashmap.cpp:211 GetInPlace() Key not found
01-01 00:57:37.268  3290  3290 V CamX    : [ VERB][UTILS  ] camxhashmap.cpp:211 GetInPlace() Key not found
01-01 00:57:37.268  3290  3290 V CamX    : [ VERB][UTILS  ] camxhashmap.cpp:211 GetInPlace() Key not found
01-01 00:57:37.268  3290  3290 V CamX    : [ VERB][UTILS  ] camxhashmap.cpp:211 GetInPlace() Key not found
01-01 00:57:37.268  3290  3290 V CamX    : [ VERB][UTILS  ] camxhashmap.cpp:211 GetInPlace() Key not found
01-01 00:57:37.268  3290  3290 V CamX    : [ VERB][UTILS  ] camxhashmap.cpp:211 GetInPlace() Key not found
01-01 00:57:37.268  3290  3290 V CamX    : [ VERB][UTILS  ] camxhashmap.cpp:211 GetInPlace() Key not found
01-01 00:57:37.268  3290  3290 V CamX    : [ VERB][UTILS  ] camxhashmap.cpp:211 GetInPlace() Key not found
01-01 00:57:37.268  3290  3290 V CamX    : [ VERB][UTILS  ] camxhashmap.cpp:211 GetInPlace() Key not found
01-01 00:57:37.268  3290  3290 V CamX    : [ VERB][UTILS  ] camxhashmap.cpp:211 GetInPlace() Key not found
01-01 00:57:37.268  3290  3290 V CamX    : [ VERB][UTILS  ] camxhashmap.cpp:211 GetInPlace() Key not found
01-01 00:57:37.268  3290  3290 V CamX    : [ VERB][UTILS  ] camxhashmap.cpp:211 GetInPlace() Key not found
01-01 00:57:37.268  3290  3290 V CamX    : [ VERB][UTILS  ] camxhashmap.cpp:211 GetInPlace() Key not found
01-01 00:57:37.268  3290  3290 V CamX    : [ VERB][UTILS  ] camxhashmap.cpp:211 GetInPlace() Key not found
01-01 00:57:37.268  3290  3290 V CamX    : [ VERB][UTILS  ] camxhashmap.cpp:211 GetInPlace() Key not found
01-01 00:57:37.268  3290  3290 V CamX    : [ VERB][UTILS  ] camxhashmap.cpp:211 GetInPlace() Key not found
01-01 00:57:37.268  3290  3290 V CamX    : [ VERB][UTILS  ] camxhashmap.cpp:211 GetInPlace() Key not found
01-01 00:57:37.268  3290  3290 V CamX    : [ VERB][UTILS  ] camxhashmap.cpp:211 GetInPlace() Key not found
01-01 00:57:37.268  3290  3290 V CamX    : [ VERB][UTILS  ] camxhashmap.cpp:211 GetInPlace() Key not found
01-01 00:57:37.268  3290  3290 V CamX    : [ VERB][UTILS  ] camxhashmap.cpp:211 GetInPlace() Key not found
01-01 00:57:37.268  3290  3290 V CamX    : [ VERB][UTILS  ] camxhashmap.cpp:211 GetInPlace() Key not found
01-01 00:57:37.268  3290  3290 V CamX    : [ VERB][UTILS  ] camxhashmap.cpp:211 GetInPlace() Key not found
01-01 00:57:37.268  3290  3290 V CamX    : [ VERB][UTILS  ] camxhashmap.cpp:211 GetInPlace() Key not found
