01-01 01:00:27.068 14890 14890 V CamX    : [ VERB][UTILS  ] camxhashmap.cpp:211 GetInPlace() Key not found
01-01 01:00:27.068 14890 14890 V CamX    : [ VERB][UTILS  ] camxhashmap.cpp:211 GetInPlace() Key not found
01-01 01:00:27.068 14890 14890 V CamX    : [ VERB][UTILS  ] camxhashmap.cpp:211 GetInPlace() Key not found
01-01 01:00:27.068 14890 14890 V CamX    : [ VERB][UTILS  ] camxhashmap.cpp:211 GetInPlace() Key not found
01-01 01:00:27.068 14890 14890 V CamX    : [ VERB][UTILS  ] camxhashmap.cpp:211 GetInPlace() Key not found
01-01 01:00:27.068 14890 14890 V CamX    : [ VERB][UTILS  ] camxhashmap.cpp:211 GetInPlace() Key not found
01-01 01:00:27.068 14890 14890 V CamX    : [ VERB][UTILS  ] camxhashmap.cpp:211 GetInPlace() Key not found
01-01 01:00:27.068 14890 14890 V CamX    : [ VERB][UTILS  ] camxhashmap.cpp:211 GetInPlace() Key not found
01-01 01:00:27.068 14890 14890 V CamX    : [ VERB][UTILS  ] camxhashmap.cpp:211 GetInPlace() Key not found
01-01 01:00:27.068 14890 14890 V CamX    : [ VERB][UTILS  ] camxhashmap.cpp:211 GetInPlace() Key not found
01-01 01:00:27.068 14890 14890 V CamX    : [ VERB][UTILS  ] camxhashmap.cpp:211 GetInPlace() Key not found
01-01 01:00:27.068 14890 14890 V CamX    : [ VERB][UTILS  ] camxhashmap.cpp:211 GetInPlace() Key not found
01-01 01:00:27.068 14890 14890 V CamX    : [ VERB][UTILS  ] camxhashmap.cpp:211 GetInPlace() Key not found
01-01 01:00:27.068 14890 14890 V CamX    : [ VERB][UTILS  ] camxhashmap.cpp:211 GetInPlace() Key not found
01-01 01:00:27.068 14890 14890 V CamX    : [ VERB][UTILS  ] camxhashmap.cpp:211 GetInPlace() Key not found
01-01 01:00:27.068 14890 14890 V CamX    : [ VERB][UTILS  ] camxhashmap.cpp:211 GetInPlace() Key not found
01-01 01:00:27.068 14890 14890 V CamX    : [ VERB][UTILS  ] camxhashmap.cpp:211 GetInPlace() Key not found
01-01 01:00:27.068 14890 14890 V CamX    : [ VERB][UTILS  ] camxhashmap.cpp:211 GetInPlace() Key not found
01-01 01:00:27.068 14890 14890 V CamX    : [ VERB][UTILS  ] camxhashmap.cpp:211 GetInPlace() Key not found
01-01 01:00:27.068 14890 14890 V CamX    : [ VERB][UTILS  ] camxhashmap.cpp:211 GetInPlace() Key not found
01-01 01:00:27.068 14890 14890 V CamX    : [ VERB][UTILS  ] camxhashmap.cpp:211 GetInPlace() Key not found
01-01 01:00:27.068 14890 14890 V CamX    : [ VERB][UTILS  ] camxhashmap.cpp:211 GetInPlace() Key not found
01-01 01:00:27.068 14890 14890 V CamX    : [ VERB][UTILS  ] camxhashmap.cpp:211 GetInPlace() Key not found
01-01 01:00:27.068 14890 14890 V CamX    : [ VERB][UTILS  ] camxhashmap.cpp:211 GetInPlace() Key not found
01-01 01:00:27.068 14890 14890 V CamX    : [ VERB][UTILS  ] camxhashmap.cpp:211 GetInPlace() Key not found
01-01 01:00:27.068 14890 14890 V CamX    : [ VERB][UTILS  ] camxhashmap.cpp:211 GetInPlace() Key not found
01-01 01:00:27.068 14890 14890 V CamX    : [ VERB][UTILS  ] camxhashmap.cpp:211 GetInPlace() Key not found
01-01 01:00:27.068 14890 14890 V CamX    : [ VERB][UTILS  ] camxhashmap.cpp:211 GetInPlace() Key not found
01-01 01:00:27.068 14890 14890 V CamX    : [ VERB][UTILS  ] camxhashmap.cpp:211 GetInPlace() Key not found
01-01 01:00:27.068 14890 14890 V CamX    : [ VERB][UTILS  ] camxhashmap.cpp:211 GetInPlace() Key not found
01-01 01:00:27.068 14890 14890 V CamX    : [ VERB][UTILS  ] camxhashmap.cpp:211 GetInPlace() Key not found
01-01 01:00:27.068 14890 14890 V CamX    : [ VERB][UTILS  ] camxhashmap.cpp:211 GetInPlace() Key not found
01-01 01:00:27.068 14890 14890 V CamX    : [ VERB][UTILS  ] camxhashmap.cpp:211 GetInPlace() Key not found
01-01 01:00:27.068 14890 14890 V CamX    : [ VERB][UTILS  ] camxhashmap.cpp:211 GetInPlace() Key not found
01-01 01:00:27.068 14890 14890 V CamX    : [ VERB][UTILS  ] camxhashmap.cpp:211 GetInPlace() Key not found
01-01 01:00:27.068 14890 14890 V CamX    : [ VERB][UTILS  ] camxhashmap.cpp:211 GetInPlace() Key not found
01-01 01:00:27.068 14890 14890 V CamX    : [ VERB][UTILS  ] camxhashmap.cpp:211 GetInPlace() Key not found
01-01 01:00:27.068 14890 14890 V CamX    : [ VERB][UTILS  ] camxhashmap.cpp:211 GetInPlace() Key not found
01-01 01:00:27.068 14890 14890 V CamX    : [ VERB][UTILS  ] camxhashmap.cpp:211 GetInPlace() Key not found
01-01 01:00:27.068 14890 14890 V CamX    : [ VERB][UTILS  ] camxhashmap.cpp:211 GetInPlace() Key not found
01-01 01:00:27.068 14890 14890 V CamX    : [ VERB][UTILS  ] camxhashmap.cpp:211 GetInPlace() Key not found
01-01 01:00:27.068 14890 14890 V CamX    : [ VERB][UTILS  ] camxhashmap.cpp:211 GetInPlace() Key not found
01-01 01:00:27.068 14890 14890 V CamX    : [ VERB][UTILS  ] camxhashmap.cpp:211 GetInPlace() Key not found
01-01 01:00:27.068 14890 14890 V CamX    : [ VERB][UTILS  ] camxhashmap.cpp:211 GetInPlace() Key not found
01-01 01:00:27.068 14890 14890 V CamX    : [ VERB][UTILS  ] camxhashmap.cpp:211 GetInPlace() Key not found
01-01 01:00:27.068 14890 14890 V CamX    : [ VERB][UTILS  ] camxhashmap.cpp:211 GetInPlace() Key not found
01-01 01:00:27.068 14890 14890 V CamX    : [ VERB][UTILS  ] camxhashmap.cpp:211 GetInPlace() Key not found
01-01 01:00:27.068 14890 14890 V CamX    : [ VERB][UTILS  ] camxhashmap.cpp:211 GetInPlace() Key not found
01-01 01:00:27.068 14890 14890 V CamX    : [ VERB][UTILS  ] camxhashmap.cpp:211 GetInPlace() Key not found
01-01 01:00:27.068 14890 14890 V CamX    : [ VERB][UTILS  ] camxhashmap.cpp:211 GetInPlace() Key not found
01-01 01:00:27.068 14890 14890 V CamX    : [ VERB][UTILS  ] camxhashmap.cpp:211 GetInPlace() Key not found
01-01 01:00:27.069 14890 14890 V CamX    : [ VERB][UTILS  ] camxhashmap.cpp:211 GetInPlace() Key not found
01-01 01:00:27.069 14890 14890 V CamX    : [ VERB][UTILS  ] camxhashmap.cpp:211 GetInPlace() Key not found
01-01 01:00:27.069 14890 14890 V CamX    : [ VERB][UTILS  ] camxhashmap.cpp:211 GetInPlace() Key not found
01-01 01:00:27.069 14890 14890 V CamX    : [ VERB][UTILS  ] camxhashmap.cpp:211 GetInPlace() Key not found
01-01 01:00:27.069 14890 14890 V CamX    : [ VERB][UTILS  ] camxhashmap.cpp:211 GetInPlace() Key not found
01-01 01:00:27.069 14890 14890 V CamX    : [ VERB][UTILS  ] camxhashmap.cpp:211 GetInPlace() Key not found
01-01 01:00:27.069 14890 14890 V CamX    : [ VERB][UTILS  ] camxhashmap.cpp:211 GetInPlace() Key not found
01-01 01:00:27.069 14890 14890 V CamX    : [ VERB][UTILS  ] camxhashmap.cpp:211 GetInPlace() Key not found
01-01 01:00:27.069 14890 14890 V CamX    : [ VERB][UTILS  ] camxhashmap.cpp:211 GetInPlace() Key not found
01-01 01:00:27.069 14890 14890 V CamX    : [ VERB][UTILS  ] camxhashmap.cpp:211 GetInPlace() Key not found
01-01 01:00:27.069 14890 14890 V CamX    : [ VERB][UTILS  ] camxhashmap.cpp:211 GetInPlace() Key not found
01-01 01:00:27.069 14890 14890 V CamX    : [ VERB][UTILS  ] camxhashmap.cpp:211 GetInPlace() Key not found
01-01 01:00:27.069 14890 14890 V CamX    : [ VERB][UTILS  ] camxhashmap.cpp:211 GetInPlace() Key not found
01-01 01:00:27.069 14890 14890 V CamX    : [ VERB][UTILS  ] camxhashmap.cpp:211 GetInPlace() Key not found
01-01 01:00:27.069 14890 14890 V CamX    : [ VERB][UTILS  ] camxhashmap.cpp:211 GetInPlace() Key not found
01-01 01:00:27.069 14890 14890 V CamX    : [ VERB][UTILS  ] camxhashmap.cpp:211 GetInPlace() Key not found
01-01 01:00:27.069 14890 14890 V CamX    : [ VERB][UTILS  ] camxhashmap.cpp:211 GetInPlace() Key not found
01-01 01:00:27.069 14890 14890 V CamX    : [ VERB][UTILS  ] camxhashmap.cpp:211 GetInPlace() Key not found
01-01 01:00:27.069 14890 14890 V CamX    : [ VERB][UTILS  ] camxhashmap.cpp:211 GetInPlace() Key not found
01-01 01:00:27.069 14890 14890 V CamX    : [ VERB][UTILS  ] camxhashmap.cpp:211 GetInPlace() Key not found
01-01 01:00:27.069 14890 14890 V CamX    : [ VERB][UTILS  ] camxhashmap.cpp:211 GetInPlace() Key not found
01-01 01:00:27.069 14890 14890 V CamX    : [ VERB][UTILS  ] camxhashmap.cpp:211 GetInPlace() Key not found
01-01 01:00:27.069 14890 14890 V CamX    : [ VERB][UTILS  ] camxhashmap.cpp:211 GetInPlace() Key not found
01-01 01:00:27.069 14890 14890 V CamX    : [ VERB][UTILS  ] camxhashmap.cpp:211 GetInPlace() Key not found
01-01 01:00:27.069 14890 14890 V CamX    : [ VERB][UTILS  ] camxhashmap.cpp:211 GetInPlace() Key not found
01-01 01:00:27.069 14890 14890 V CamX    : [ VERB][UTILS  ] camxhashmap.cpp:211 GetInPlace() Key not found
01-01 01:00:27.069 14890 14890 V CamX    : [ VERB][UTILS  ] camxhashmap.cpp:211 GetInPlace() Key not found
01-01 01:00:27.069 14890 14890 V CamX    : [ VERB][UTILS  ] camxhashmap.cpp:211 GetInPlace() Key not found
01-01 01:00:27.069 14890 14890 V CamX    : [ VERB][UTILS  ] camxhashmap.cpp:211 GetInPlace() Key not found
01-01 01:00:27.069 14890 14890 V CamX    : [ VERB][UTILS  ] camxhashmap.cpp:211 GetInPlace() Key not found
01-01 01:00:27.069 14890 14890 V CamX    : [ VERB][UTILS  ] camxhashmap.cpp:211 GetInPlace() Key not found
01-01 01:00:27.069 14890 14890 V CamX    : [ VERB][UTILS  ] camxhashmap.cpp:211 GetInPlace() Key not found
01-01 01:00:27.069 14890 14890 V CamX    : [ VERB][UTILS  ] camxhashmap.cpp:211 GetInPlace() Key not found
01-01 01:00:27.069 14890 14890 V CamX    : [ VERB][UTILS  ] camxhashmap.cpp:211 GetInPlace() Key not found
01-01 01:00:27.069 14890 14890 V CamX    : [ VERB][UTILS  ] camxhashmap.cpp:211 GetInPlace() Key not found
01-01 01:00:27.069 14890 14890 V CamX    : [ VERB][UTILS  ] camxhashmap.cpp:211 GetInPlace() Key not found
01-01 01:00:27.069 14890 14890 V CamX    : [ VERB][UTILS  ] camxhashmap.cpp:211 GetInPlace() Key not found
01-01 01:00:27.069 14890 14890 V CamX    : [ VERB][UTILS  ] camxhashmap.cpp:211 GetInPlace() Key not found
01-01 01:00:27.069 14890 14890 V CamX    : [ VERB][UTILS  ] camxhashmap.cpp:211 GetInPlace() Key not found
01-01 01:00:27.069 14890 14890 V CamX    : [ VERB][UTILS  ] camxhashmap.cpp:211 GetInPlace() Key not found
01-01 01:00:27.069 14890 14890 I CamX    : [CORE_CFG][CSL    ] camxcslhwinternalcpas.cpp:111 CSLHwCPASKMDQueryCap() Query cap family=2, platform version=7.8.0, cpas version=1.0.0
01-01 01:00:27.086 14890 14890 W CamX    : [ WARN][CSL    ] camxcslhwinternal.cpp:3855 CSLHwInternalFDIoctl() Ioctl failed for FD:7 with error reason Invalid argument
01-01 01:00:27.086 14890 14890 E CamX    : [ERROR][UTILS  ] camxosutilslinuxembedded.cpp:864 ThreadSetPolicyPriority() Failed to set thread priority 1
01-01 01:00:27.098 14890 14890 E CamX    : [ERROR][UTILS  ] camxosutilslinuxembedded.cpp:1024 LibMap() dlopen: /usr/lib/camera/components/com.qti.node.fcv.so: undefined symbol: g_enableChxLogs, on '/usr/lib/camera/components/com.qti.node.fcv.so'
01-01 01:00:27.153 14890 14890 I CamX    : [CORE_CFG][SENSOR ] camximagesensormoduledatamanager.cpp:576 GenerateAuxiliaryCSIPHYDatarateMaskMap() Creating file (/data/vendor/camera/CSIPHYAuxDatarateMask.txt) to store CSIPHY aux datarate mask
01-01 01:00:27.153 14890 14890 I CamX    : [CORE_CFG][SENSOR ] camximagesensormoduledatamanager.cpp:622 GenerateAuxiliaryCSIPHYDatarateMaskMap() [CSIPHY DBG] Map for CameraID:AuxDatarateMask
01-01 01:00:27.153 14890 14890 I CamX    : [CORE_CFG][SENSOR ] camximagesensormoduledatamanager.cpp:623 GenerateAuxiliaryCSIPHYDatarateMaskMap() [CSIPHY DBG] -----------------
01-01 01:00:27.153 14890 14890 I CamX    : [CORE_CFG][SENSOR ] camximagesensormoduledatamanager.cpp:632 GenerateAuxiliaryCSIPHYDatarateMaskMap() [CSIPHY DBG] -----------------
01-01 01:00:27.531 14890 14890 I CamX    : [CORE_CFG][SENSOR ] camxhwinterface.cpp:731 ProbeImageSensorModules() TOTAL PROBED SENSORS: 1
01-01 01:00:27.531 14890 14890 I CamX    : [CORE_CFG][SENSOR ] camxhwinterface.cpp:742 ProbeImageSensorModules() Index[0] slotId[2] position [0] name[vd56g3_rear_left]
01-01 01:00:27.531 14890 14890 W CamX    : [ WARN][SENSOR ] camximagesensormoduledata.cpp:1202 CreateSensorSubModules() Flash driver data not found, sensor 2 have no flash support
01-01 01:00:27.531 14890 14890 W CamX    : [ WARN][SENSOR ] camximagesensormoduledata.cpp:1228 CreateSensorSubModules() camera 2 have no GMSL support, pSensorDriverData 0x5576f3dea0, gmslInfoExists 0, isGmslModule 0
01-01 01:00:27.531 14890 14890 I CamX    : [CORE_CFG][HWL    ] camxhwenvironment.cpp:915 GetHWResourceInfo() HW resource cost for sensor[0] vd56g3_rear_left numIFEs needed 1 maxPPS = 46300800.000000 clockRate threshold 466000000.000000 required 27780482.000000 Stream combination fps 30.000000 Dimension 1000x1000 maxLineWidthRequired 1000 lineWidth 7296
01-01 01:00:27.531 14890 14890 I CamX    : [CORE_CFG][UTILS  ] camxosutilslinuxembedded.cpp:2175 SetCoreDumpDirectoryPath() Camera Core Dump: Create root Dir: /data/vendor/camera/coredump return = -1
01-01 01:00:27.531 14890 14890 W CamX    : [ WARN][UTILS  ] camxosutilslinuxembedded.cpp:2240 SetCoreDumpDirectoryPath() Camera Core Dump: Create Dir Failed: Path =  return = -1 errno: 13: Permission denied
01-01 01:00:27.531 14890 14890 I CamX    : [CORE_CFG][UTILS  ] camxosutilslinuxembedded.cpp:2288 SetMetadataDumpDirectoryPath() Camera Metadata Dump: Create root Dir: /data/vendor/camera/metadata return = -1
01-01 01:00:27.531 14890 14890 I Camx    : CamxFormatUtil_GetFlexibleYUVFormats array count size 7, CamxFormatUtilMaxFlexibleFormats 13
01-01 01:00:27.531 14890 14890 I CamX    : [CORE_CFG][FORMAT ] camximageformatmapperlinuxembedded.cpp:106 Initialize() format 0x113 uses alignment 64X64
01-01 01:00:27.531 14890 14890 I CamX    : [CORE_CFG][FORMAT ] camximageformatmapperlinuxembedded.cpp:106 Initialize() format 0x125 uses alignment 128X32
01-01 01:00:27.531 14890 14890 I CamX    : [CORE_CFG][FORMAT ] camximageformatmapperlinuxembedded.cpp:106 Initialize() format 0x126 uses alignment 512X512
01-01 01:00:27.531 14890 14890 I CamX    : [CORE_CFG][FORMAT ] camximageformatmapperlinuxembedded.cpp:106 Initialize() format 0x128 uses alignment 512X512
01-01 01:00:27.531 14890 14890 I CamX    : [CORE_CFG][FORMAT ] camximageformatmapperlinuxembedded.cpp:106 Initialize() format 0x129 uses alignment 512X512
01-01 01:00:27.531 14890 14890 I CamX    : [CORE_CFG][FORMAT ] camximageformatmapperlinuxembedded.cpp:106 Initialize() format 0x130 uses alignment 512X512
01-01 01:00:27.531 14890 14890 I CamX    : [CORE_CFG][FORMAT ] camximageformatmapperlinuxembedded.cpp:106 Initialize() format 0x127 uses alignment 64X64
01-01 01:00:27.531 14890 14890 I CamX    : [CORE_CFG][FORMAT ] camximageformatmapperlinuxembedded.cpp:106 Initialize() format 0x7fa30c04 uses alignment 128X32
01-01 01:00:27.531 14890 14890 I CamX    : [CORE_CFG][FORMAT ] camximageformatmapperlinuxembedded.cpp:106 Initialize() format 0x116 uses alignment 512X512
01-01 01:00:27.531 14890 14890 I CamX    : [CORE_CFG][FORMAT ] camximageformatmapperlinuxembedded.cpp:106 Initialize() format 0x102 uses alignment 512X512
01-01 01:00:27.531 14890 14890 I CamX    : [CORE_CFG][CORE   ] camxvendortags.cpp:3967 InitializeVendorTagInfo() Create HwInterface : result:0
01-01 01:00:27.533 14890 14890 E CamX    : [ERROR][CORE   ] camxvendortags.cpp:3919 VendorTagManager() Locationmap has duplicated entry! Failed to insert com.qti.node.eisv3PerspectiveGridTransform
01-01 01:00:27.533 14890 14890 E CamX    : [ERROR][CORE   ] camxvendortags.cpp:3919 VendorTagManager() Locationmap has duplicated entry! Failed to insert com.qti.node.eisv3EIS3Handle
01-01 01:00:27.533 14890 14890 E CamX    : [ERROR][CORE   ] camxvendortags.cpp:3919 VendorTagManager() Locationmap has duplicated entry! Failed to insert com.qti.node.eisv3EISv3TimeIntervalSync
01-01 01:00:27.533 14890 14890 E CamX    : [ERROR][CORE   ] camxvendortags.cpp:3919 VendorTagManager() Locationmap has duplicated entry! Failed to insert com.qti.node.gyrornnSFEAlignmentMargin
01-01 01:00:27.533 14890 14890 E CamX    : [ERROR][CORE   ] camxvendortags.cpp:3919 VendorTagManager() Locationmap has duplicated entry! Failed to insert com.qti.node.gyrornnSFEAlignmentGrid
01-01 01:00:27.533 14890 14890 E CamX    : [ERROR][CORE   ] camxvendortags.cpp:3919 VendorTagManager() Locationmap has duplicated entry! Failed to insert com.qti.node.gyrornnSFEAlignmentShiftOffset
01-01 01:00:27.533 14890 14890 E CamX    : [ERROR][CORE   ] camxvendortags.cpp:3919 VendorTagManager() Locationmap has duplicated entry! Failed to insert org.quic.camera.scratchbufferdataScratchBufferData
01-01 01:00:27.533 14890 14890 V HAL     : loaded HAL id=camera path=/usr/lib/hw/camera.qcom.so hmi=0x7fb7a0d498 handle=0x5576e04400
01-01 01:00:27.534 14890 14890 I OfflineJPEG: Init: Exit 
01-01 01:00:27.534 14890 14890 I RecorderImpl: Init: Exit
01-01 01:00:27.534 14890 14890 I RecorderService: RecorderService: RecorderService Instantiated! 
01-01 01:00:27.534 14890 14890 V ProcessState: Spawning new pooled thread, name=Binder_1
01-01 01:00:29.288  1508  1527 E sec_channel  : Modemcomm: Init Instance on handle:0 failed with -3 
01-01 01:00:29.288  1508  1527 E sec_channel  : Modemcomm: Failed to get handle of SSGSCA service as well - exiting
01-01 01:00:35.298  1508  1527 E sec_channel  : Modemcomm: Init Instance on handle:0 failed with -3 
01-01 01:00:35.298  1508  1527 E sec_channel  : Modemcomm: Failed to get handle of SSGQMSCA service
01-01 01:00:40.310  1508  1527 E sec_channel  : Modemcomm: Init Instance on handle:0 failed with -3 
01-01 01:00:40.310  1508  1527 E sec_channel  : Modemcomm: Failed to get handle of SSGSCA service as well - exiting
01-01 01:00:46.318  1508  1527 E sec_channel  : Modemcomm: Init Instance on handle:0 failed with -3 
01-01 01:00:46.318  1508  1527 E sec_channel  : Modemcomm: Failed to get handle of SSGQMSCA service
01-01 01:00:51.323  1508  1527 E sec_channel  : Modemcomm: Init Instance on handle:0 failed with -3 
01-01 01:00:51.323  1508  1527 E sec_channel  : Modemcomm: Failed to get handle of SSGSCA service as well - exiting
01-01 01:00:57.332  1508  1527 E sec_channel  : Modemcomm: Init Instance on handle:0 failed with -3 
01-01 01:00:57.332  1508  1527 E sec_channel  : Modemcomm: Failed to get handle of SSGQMSCA service
01-01 01:01:02.339  1508  1527 E sec_channel  : Modemcomm: Init Instance on handle:0 failed with -3 
01-01 01:01:02.339  1508  1527 E sec_channel  : Modemcomm: Failed to get handle of SSGSCA service as well - exiting
01-01 01:01:08.349  1508  1527 E sec_channel  : Modemcomm: Init Instance on handle:0 failed with -3 
01-01 01:01:08.349  1508  1527 E sec_channel  : Modemcomm: Failed to get handle of SSGQMSCA service
01-01 01:01:13.355  1508  1527 E sec_channel  : Modemcomm: Init Instance on handle:0 failed with -3 
01-01 01:01:13.355  1508  1527 E sec_channel  : Modemcomm: Failed to get handle of SSGSCA service as well - exiting
01-01 01:01:14.358  1508  1527 E sec_channel  : ModemThreadHandler: Msg dispatch failed for Modem
01-01 01:01:14.358  1508  1527 E sec_channel  : Modemcomm: qmi_client_send_msg_sync for ssgsca svc failed -18
01-01 01:01:19.369  1508  1527 E sec_channel  : Modemcomm: Init Instance on handle:0 failed with -3 
01-01 01:01:19.369  1508  1527 E sec_channel  : Modemcomm: Failed to get handle of SSGQMSCA service
01-01 01:01:24.378  1508  1527 E sec_channel  : Modemcomm: Init Instance on handle:0 failed with -3 
01-01 01:01:24.378  1508  1527 E sec_channel  : Modemcomm: Failed to get handle of SSGSCA service as well - exiting
01-01 01:01:30.387  1508  1527 E sec_channel  : Modemcomm: Init Instance on handle:0 failed with -3 
01-01 01:01:30.387  1508  1527 E sec_channel  : Modemcomm: Failed to get handle of SSGQMSCA service
01-01 01:01:35.393  1508  1527 E sec_channel  : Modemcomm: Init Instance on handle:0 failed with -3 
01-01 01:01:35.393  1508  1527 E sec_channel  : Modemcomm: Failed to get handle of SSGSCA service as well - exiting
01-01 01:01:41.402  1508  1527 E sec_channel  : Modemcomm: Init Instance on handle:0 failed with -3 
01-01 01:01:41.402  1508  1527 E sec_channel  : Modemcomm: Failed to get handle of SSGQMSCA service
01-01 01:01:46.410  1508  1527 E sec_channel  : Modemcomm: Init Instance on handle:0 failed with -3 
01-01 01:01:46.410  1508  1527 E sec_channel  : Modemcomm: Failed to get handle of SSGSCA service as well - exiting
01-01 01:01:52.417  1508  1527 E sec_channel  : Modemcomm: Init Instance on handle:0 failed with -3 
01-01 01:01:52.417  1508  1527 E sec_channel  : Modemcomm: Failed to get handle of SSGQMSCA service
01-01 01:01:57.425  1508  1527 E sec_channel  : Modemcomm: Init Instance on handle:0 failed with -3 
01-01 01:01:57.425  1508  1527 E sec_channel  : Modemcomm: Failed to get handle of SSGSCA service as well - exiting
01-01 01:02:03.431  1508  1527 E sec_channel  : Modemcomm: Init Instance on handle:0 failed with -3 
01-01 01:02:03.432  1508  1527 E sec_channel  : Modemcomm: Failed to get handle of SSGQMSCA service
01-01 01:02:08.438  1508  1527 E sec_channel  : Modemcomm: Init Instance on handle:0 failed with -3 
01-01 01:02:08.439  1508  1527 E sec_channel  : Modemcomm: Failed to get handle of SSGSCA service as well - exiting
01-01 01:02:09.441  1508  1527 E sec_channel  : Modemcomm: qmi_client_send_msg_sync for ssgsca svc failed -18
01-01 01:02:14.453  1508  1527 E sec_channel  : Modemcomm: Init Instance on handle:0 failed with -3 
01-01 01:02:14.453  1508  1527 E sec_channel  : Modemcomm: Failed to get handle of SSGQMSCA service
01-01 01:02:19.461  1508  1527 E sec_channel  : Modemcomm: Init Instance on handle:0 failed with -3 
01-01 01:02:19.461  1508  1527 E sec_channel  : Modemcomm: Failed to get handle of SSGSCA service as well - exiting
01-01 01:02:25.469  1508  1527 E sec_channel  : Modemcomm: Init Instance on handle:0 failed with -3 
01-01 01:02:25.469  1508  1527 E sec_channel  : Modemcomm: Failed to get handle of SSGQMSCA service
01-01 01:02:30.475  1508  1527 E sec_channel  : Modemcomm: Init Instance on handle:0 failed with -3 
01-01 01:02:30.475  1508  1527 E sec_channel  : Modemcomm: Failed to get handle of SSGSCA service as well - exiting
01-01 01:02:36.484  1508  1527 E sec_channel  : Modemcomm: Init Instance on handle:0 failed with -3 
01-01 01:02:36.484  1508  1527 E sec_channel  : Modemcomm: Failed to get handle of SSGQMSCA service
01-01 01:02:41.491  1508  1527 E sec_channel  : Modemcomm: Init Instance on handle:0 failed with -3 
01-01 01:02:41.491  1508  1527 E sec_channel  : Modemcomm: Failed to get handle of SSGSCA service as well - exiting
01-01 01:02:47.500  1508  1527 E sec_channel  : Modemcomm: Init Instance on handle:0 failed with -3 
01-01 01:02:47.501  1508  1527 E sec_channel  : Modemcomm: Failed to get handle of SSGQMSCA service
01-01 01:02:52.510  1508  1527 E sec_channel  : Modemcomm: Init Instance on handle:0 failed with -3 
01-01 01:02:52.511  1508  1527 E sec_channel  : Modemcomm: Failed to get handle of SSGSCA service as well - exiting
01-01 01:02:58.519  1508  1527 E sec_channel  : Modemcomm: Init Instance on handle:0 failed with -3 
01-01 01:02:58.519  1508  1527 E sec_channel  : Modemcomm: Failed to get handle of SSGQMSCA service
01-01 01:03:03.529  1508  1527 E sec_channel  : Modemcomm: Init Instance on handle:0 failed with -3 
01-01 01:03:03.529  1508  1527 E sec_channel  : Modemcomm: Failed to get handle of SSGSCA service as well - exiting
01-01 01:03:04.529  1508  1527 E sec_channel  : Modemcomm: qmi_client_send_msg_sync for ssgsca svc failed -18
01-01 01:03:09.537  1508  1527 E sec_channel  : Modemcomm: Init Instance on handle:0 failed with -3 
01-01 01:03:09.537  1508  1527 E sec_channel  : Modemcomm: Failed to get handle of SSGQMSCA service
01-01 01:03:14.545  1508  1527 E sec_channel  : Modemcomm: Init Instance on handle:0 failed with -3 
01-01 01:03:14.545  1508  1527 E sec_channel  : Modemcomm: Failed to get handle of SSGSCA service as well - exiting
01-01 01:03:20.557  1508  1527 E sec_channel  : Modemcomm: Init Instance on handle:0 failed with -3 
01-01 01:03:20.557  1508  1527 E sec_channel  : Modemcomm: Failed to get handle of SSGQMSCA service
01-01 01:03:25.564  1508  1527 E sec_channel  : Modemcomm: Init Instance on handle:0 failed with -3 
01-01 01:03:25.565  1508  1527 E sec_channel  : Modemcomm: Failed to get handle of SSGSCA service as well - exiting
01-01 01:03:31.578  1508  1527 E sec_channel  : Modemcomm: Init Instance on handle:0 failed with -3 
01-01 01:03:31.578  1508  1527 E sec_channel  : Modemcomm: Failed to get handle of SSGQMSCA service
01-01 01:03:36.589  1508  1527 E sec_channel  : Modemcomm: Init Instance on handle:0 failed with -3 
01-01 01:03:36.589  1508  1527 E sec_channel  : Modemcomm: Failed to get handle of SSGSCA service as well - exiting
01-01 01:03:42.599  1508  1527 E sec_channel  : Modemcomm: Init Instance on handle:0 failed with -3 
01-01 01:03:42.599  1508  1527 E sec_channel  : Modemcomm: Failed to get handle of SSGQMSCA service
01-01 01:03:47.609  1508  1527 E sec_channel  : Modemcomm: Init Instance on handle:0 failed with -3 
01-01 01:03:47.609  1508  1527 E sec_channel  : Modemcomm: Failed to get handle of SSGSCA service as well - exiting
01-01 01:03:53.617  1508  1527 E sec_channel  : Modemcomm: Init Instance on handle:0 failed with -3 
01-01 01:03:53.617  1508  1527 E sec_channel  : Modemcomm: Failed to get handle of SSGQMSCA service
01-01 01:03:58.626  1508  1527 E sec_channel  : Modemcomm: Init Instance on handle:0 failed with -3 
01-01 01:03:58.626  1508  1527 E sec_channel  : Modemcomm: Failed to get handle of SSGSCA service as well - exiting
01-01 01:03:59.627  1508  1527 E sec_channel  : Modemcomm: qmi_client_send_msg_sync for ssgsca svc failed -18
01-01 01:04:04.633  1508  1527 E sec_channel  : Modemcomm: Init Instance on handle:0 failed with -3 
01-01 01:04:04.633  1508  1527 E sec_channel  : Modemcomm: Failed to get handle of SSGQMSCA service
01-01 01:04:09.642  1508  1527 E sec_channel  : Modemcomm: Init Instance on handle:0 failed with -3 
01-01 01:04:09.643  1508  1527 E sec_channel  : Modemcomm: Failed to get handle of SSGSCA service as well - exiting
01-01 01:04:15.651  1508  1527 E sec_channel  : Modemcomm: Init Instance on handle:0 failed with -3 
01-01 01:04:15.651  1508  1527 E sec_channel  : Modemcomm: Failed to get handle of SSGQMSCA service
01-01 01:04:20.657  1508  1527 E sec_channel  : Modemcomm: Init Instance on handle:0 failed with -3 
01-01 01:04:20.657  1508  1527 E sec_channel  : Modemcomm: Failed to get handle of SSGSCA service as well - exiting
01-01 01:04:26.666  1508  1527 E sec_channel  : Modemcomm: Init Instance on handle:0 failed with -3 
01-01 01:04:26.666  1508  1527 E sec_channel  : Modemcomm: Failed to get handle of SSGQMSCA service
01-01 01:04:31.672  1508  1527 E sec_channel  : Modemcomm: Init Instance on handle:0 failed with -3 
01-01 01:04:31.672  1508  1527 E sec_channel  : Modemcomm: Failed to get handle of SSGSCA service as well - exiting
01-01 01:04:37.682  1508  1527 E sec_channel  : Modemcomm: Init Instance on handle:0 failed with -3 
01-01 01:04:37.682  1508  1527 E sec_channel  : Modemcomm: Failed to get handle of SSGQMSCA service
01-01 01:04:42.691  1508  1527 E sec_channel  : Modemcomm: Init Instance on handle:0 failed with -3 
01-01 01:04:42.691  1508  1527 E sec_channel  : Modemcomm: Failed to get handle of SSGSCA service as well - exiting
01-01 01:04:48.702  1508  1527 E sec_channel  : Modemcomm: Init Instance on handle:0 failed with -3 
01-01 01:04:48.702  1508  1527 E sec_channel  : Modemcomm: Failed to get handle of SSGQMSCA service
01-01 01:04:51.681 18975 18975 I RecorderClient: RecorderClient Enter 
01-01 01:04:51.683 18975 18975 I Adreno-UNKNOWN: <ReadGpuID:351>: Reading chip ID through GSL
01-01 01:04:51.693 18975 18975 V ProcessState: Spawning new pooled thread, name=Binder_1
01-01 01:04:51.693 18975 18975 I RecorderClient: RecorderClient Exit (0x0x5581dc3110)
01-01 01:04:51.693 18975 18975 W RecorderClient: CheckServiceStatus Not connected to Recorder service!
01-01 01:04:51.694 14890 14903 I RecorderRemoteCallBack: RemoteCallBack: Enter 
01-01 01:04:51.694 14890 14903 I RecorderRemoteCallBack: RemoteCallBack: Exit client_id(1) (0x0x7f9c0010b0)
01-01 01:04:51.694 14890 14903 I RecorderImpl: RegisterClient: Enter client_id(1)
01-01 01:04:51.694 14890 14903 I RecorderImpl: RegisterClient: client_session_map_.size(1)
01-01 01:04:51.694 14890 14903 I RecorderImpl: RegisterClient: client_sessions_state_.size(1)
01-01 01:04:51.694 14890 14903 I RecorderImpl: RegisterClient: client_sessions_mutex_map_.size(1)
01-01 01:04:51.694 14890 14903 I RecorderImpl: RegisterClient: session_track_map.size(0)
01-01 01:04:51.694 14890 14903 I RecorderImpl: RegisterClient: sessions_state_map.size(0)
01-01 01:04:51.694 14890 14903 I RecorderImpl: RegisterClient: client_status_map_.size(0)
01-01 01:04:51.694 14890 14903 I OfflineJPEG: RegisterClient: Enter client_id 1
01-01 01:04:51.694 14890 14903 I OfflineJPEG: RegisterClient: Client 1 registered successfully
01-01 01:04:51.694 14890 14903 I OfflineJPEG: RegisterClient: Exit client_id 1
01-01 01:04:51.694 14890 14903 I RecorderImpl: RegisterClient: Exit client_id(1)
01-01 01:04:51.694 14890 14903 I RecorderService: Connect: Service is connected with client (1)
01-01 01:04:51.694 18975 18977 V ProcessState: Spawning new pooled thread, name=Binder_2
01-01 01:04:51.694 18975 18975 I RecorderClient: Connect: client_id(1)
01-01 01:04:51.694 18975 18975 E Camera2-Metadata: Mismatched tag type when updating entry mode (0) of type byte; got type int32 data instead 
01-01 01:04:51.694 18975 18975 E Camera2-Metadata: Mismatched tag type when updating entry mode (0) of type byte; got type int32 data instead 
01-01 01:04:51.694 18975 18975 E Camera2-Metadata: Mismatched tag type when updating entry mode (0) of type byte; got type int32 data instead 
01-01 01:04:51.694 18975 18975 E Camera2-Metadata: Mismatched tag type when updating entry mode (0) of type byte; got type int32 data instead 
01-01 01:04:51.694 18975 18975 E Camera2-Metadata: Mismatched tag type when updating entry mode (0) of type byte; got type int32 data instead 
01-01 01:04:51.694 18975 18975 E Camera2-Metadata: Mismatched tag type when updating entry mode (0) of type byte; got type int64 data instead 
01-01 01:04:51.694 18975 18975 E Camera2-Metadata: Mismatched tag type when updating entry mode (0) of type byte; got type int32 data instead 
01-01 01:04:51.694 18975 18975 E Camera2-Metadata: Mismatched tag type when updating entry mode (0) of type byte; got type int64 data instead 
01-01 01:04:51.694 18975 18975 E Camera2-Metadata: Mismatched tag type when updating entry mode (0) of type byte; got type int32 data instead 
01-01 01:04:51.694 18975 18975 E Camera2-Metadata: Mismatched tag type when updating entry mode (0) of type byte; got type int32 data instead 
01-01 01:04:51.695 18975 18975 E Camera2-Metadata: Mismatched tag type when updating entry mode (0) of type byte; got type int32 data instead 
01-01 01:04:51.695 18975 18975 E Camera2-Metadata: Mismatched tag type when updating entry mode (0) of type byte; got type int32 data instead 
01-01 01:04:51.697 14890 14903 I RecorderService: StartCamera: Enter client_id(1)
01-01 01:04:51.697 14890 14903 I RecorderCameraSource: StartCamera: Camera Id(0) to open!
01-01 01:04:51.697 14890 14903 I RecorderCameraContext: CameraContext: Enter
01-01 01:04:51.697 14890 14903 V HAL     : loaded HAL id=camera path=/usr/lib/hw/camera.qcom.so hmi=0x7fb7a0d498 handle=0x5576e04400
01-01 01:04:51.697 14890 14903 I CameraAdaptor: Initialize: Camera Module author: Qualcomm Technologies, Inc., version: 256 name: QTI Camera HAL
01-01 01:04:51.697 14890 14903 I CamX    : [CORE_CFG][HAL    ] camxhal3module.cpp:739 HAL3Module() ***************************************************
01-01 01:04:51.697 14890 14903 I CamX    : [CORE_CFG][HAL    ] camxhal3module.cpp:740 HAL3Module() SHA1:     7c2c4abe8d19b61e2c4bebd249cb8f0e8591e0fa
01-01 01:04:51.697 14890 14903 I CamX    : [CORE_CFG][HAL    ] camxhal3module.cpp:741 HAL3Module() COMMITID: Ie11caf355aca432c51edc000a9af89eddb3e00b8
01-01 01:04:51.697 14890 14903 I CamX    : [CORE_CFG][HAL    ] camxhal3module.cpp:742 HAL3Module() BUILD TS: 9/26/2024 16:48:9
01-01 01:04:51.697 14890 14903 I CamX    : [CORE_CFG][HAL    ] camxhal3module.cpp:743 HAL3Module() ***************************************************
01-01 01:04:51.703 14890 14903 E CamX    : [ DUMP][CORE   ] camxresourcemanager.cpp:311 Initialize() hwType 3, numHw 3 
01-01 01:04:51.703 14890 14903 E CamX    : [ DUMP][CORE   ] camxresourcemanager.cpp:311 Initialize() hwType 5, numHw 2 
01-01 01:04:51.703 14890 14903 E CamX    : [ DUMP][CORE   ] camxresourcemanager.cpp:311 Initialize() hwType 1, numHw 3 
01-01 01:04:51.703 14890 14903 E CamX    : [ DUMP][CORE   ] camxresourcemanager.cpp:311 Initialize() hwType 6, numHw 2 
01-01 01:04:51.711 14890 14903 W CamX    : [ WARN][CORE   ] camxvendortags.cpp:367 QueryVendorTagLocation() Vendor tag ExtraHALBuffers in section com.qti.node.swmctf does not exist!
01-01 01:04:51.711 14890 14903 E CamX    : [ERROR][CORE   ] camxvendortags.cpp:3605 CacheVendorTagLocations() Failed to find TagId: 289, Section com.qti.node.swmctf, TagName ExtraHALBuffers
01-01 01:04:51.711 14890 14903 W CamX    : [ WARN][CORE   ] camxvendortags.cpp:367 QueryVendorTagLocation() Vendor tag SupportedFeature in section com.qti.node.fcv does not exist!
01-01 01:04:51.711 14890 14903 E CamX    : [ERROR][CORE   ] camxvendortags.cpp:3605 CacheVendorTagLocations() Failed to find TagId: 398, Section com.qti.node.fcv, TagName SupportedFeature
01-01 01:04:51.711 14890 14903 W CamX    : [ WARN][CORE   ] camxvendortags.cpp:367 QueryVendorTagLocation() Vendor tag CurrentMode in section com.qti.node.fcv does not exist!
01-01 01:04:51.711 14890 14903 E CamX    : [ERROR][CORE   ] camxvendortags.cpp:3605 CacheVendorTagLocations() Failed to find TagId: 399, Section com.qti.node.fcv, TagName CurrentMode
01-01 01:04:51.711 14890 14903 W CamX    : [ WARN][CORE   ] camxvendortags.cpp:367 QueryVendorTagLocation() Vendor tag ProcessedFrameNumber in section com.qti.node.fcv does not exist!
01-01 01:04:51.711 14890 14903 E CamX    : [ERROR][CORE   ] camxvendortags.cpp:3605 CacheVendorTagLocations() Failed to find TagId: 400, Section com.qti.node.fcv, TagName ProcessedFrameNumber
01-01 01:04:51.711 14890 14903 W CamX    : [ WARN][CORE   ] camxvendortags.cpp:367 QueryVendorTagLocation() Vendor tag FrameDimension in section com.qti.node.fcv does not exist!
01-01 01:04:51.711 14890 14903 E CamX    : [ERROR][CORE   ] camxvendortags.cpp:3605 CacheVendorTagLocations() Failed to find TagId: 401, Section com.qti.node.fcv, TagName FrameDimension
01-01 01:04:51.711 14890 14903 W CamX    : [ WARN][CORE   ] camxvendortags.cpp:367 QueryVendorTagLocation() Vendor tag BypassCameraId in section com.qti.node.fcv does not exist!
01-01 01:04:51.711 14890 14903 E CamX    : [ERROR][CORE   ] camxvendortags.cpp:3605 CacheVendorTagLocations() Failed to find TagId: 402, Section com.qti.node.fcv, TagName BypassCameraId
01-01 01:04:51.712 14890 14903 W CamX    : [ WARN][CORE   ] camxvendortags.cpp:367 QueryVendorTagLocation() Vendor tag Depth2LUT in section com.qti.node.dummydepth does not exist!
01-01 01:04:51.712 14890 14903 E CamX    : [ERROR][CORE   ] camxvendortags.cpp:3605 CacheVendorTagLocations() Failed to find TagId: 495, Section com.qti.node.dummydepth, TagName Depth2LUT
01-01 01:04:51.712 14890 14903 I CHIUSECASE: [CORE_CFG ] chimcxcameraconfig.cpp:145 PickMatchingCameraXML() Building LogicalCameraInfo from kailua_c8550_dk.xml based on override setting
01-01 01:04:51.712 14890 14903 I CHIUSECASE: [CORE_CFG ] chxextensionmodule.cpp:3790 FillHwDeviceInformation() Building LogicalCameraInfo from kailua_c8550_dk.xml
01-01 01:04:51.712 14890 14903 W CHIUSECASE: [WARN   ] chxlogicalcameras.h:561 isDeviceAvailable() Can't build "Cam9_LogicalImpl". Failed to find slotId 9
01-01 01:04:51.712 14890 14903 W CHIUSECASE: [WARN   ] chxlogicalcameras.h:561 isDeviceAvailable() Can't build "Cam8_LogicalImpl". Failed to find slotId 8
01-01 01:04:51.712 14890 14903 W CHIUSECASE: [WARN   ] chxlogicalcameras.h:561 isDeviceAvailable() Can't build "Cam3_LogicalImpl". Failed to find slotId 3
01-01 01:04:51.712 14890 14903 W CHIUSECASE: [WARN   ] chxlogicalcameras.h:561 isDeviceAvailable() Can't build "Cam1_LogicalImpl". Failed to find slotId 1
01-01 01:04:51.712 14890 14903 W CHIUSECASE: [WARN   ] chxlogicalcameras.h:561 isDeviceAvailable() Can't build "Cam0_LogicalImpl". Failed to find slotId 0
01-01 01:04:51.712 14890 14903 W CHIUSECASE: [WARN   ] chxlogicalcameras.h:561 isDeviceAvailable() Can't build "Cam7_LogicalImpl". Failed to find slotId 7
01-01 01:04:51.712 14890 14903 W CHIUSECASE: [WARN   ] chxlogicalcameras.h:561 isDeviceAvailable() Can't build "Cam6_LogicalImpl". Failed to find slotId 6
01-01 01:04:51.712 14890 14903 W CHIUSECASE: [WARN   ] chxlogicalcameras.h:561 isDeviceAvailable() Can't build "Cam5_LogicalImpl". Failed to find slotId 5
01-01 01:04:51.712 14890 14903 W CHIUSECASE: [WARN   ] chxlogicalcameras.h:561 isDeviceAvailable() Can't build "Cam4_LogicalImpl". Failed to find slotId 4
01-01 01:04:51.712 14890 14903 W CHIUSECASE: [WARN   ] chxlogicalcameras.h:561 isDeviceAvailable() Can't build "Cam15_LogicalImpl". Failed to find slotId 15
01-01 01:04:51.712 14890 14903 W CHIUSECASE: [WARN   ] chxlogicalcameras.h:561 isDeviceAvailable() Can't build "Cam14_LogicalImpl". Failed to find slotId 14
01-01 01:04:51.712 14890 14903 W CHIUSECASE: [WARN   ] chxlogicalcameras.h:561 isDeviceAvailable() Can't build "Cam13_LogicalImpl". Failed to find slotId 13
01-01 01:04:51.712 14890 14903 W CHIUSECASE: [WARN   ] chxlogicalcameras.h:561 isDeviceAvailable() Can't build "Cam12_LogicalImpl". Failed to find slotId 12
01-01 01:04:51.712 14890 14903 W CHIUSECASE: [WARN   ] chxlogicalcameras.h:561 isDeviceAvailable() Can't build "Cam11_LogicalImpl". Failed to find slotId 11
01-01 01:04:51.712 14890 14903 W CHIUSECASE: [WARN   ] chxlogicalcameras.h:561 isDeviceAvailable() Can't build "Cam10_LogicalImpl". Failed to find slotId 10
01-01 01:04:51.712 14890 14903 I CHIUSECASE: [CORE_CFG ] chxextensionmodule.cpp:3963 EnumerateGeneratedCameras() Building Cam2_LogicalImpl fold 0
01-01 01:04:51.712 14890 14903 I CHIUSECASE: [CORE_CFG ] chxlogicalcameras.cpp:515 EnforceCameraIdInvariants() Cam.(frameworkId 0, cameraId = 0, xmlCameraId = 2, fold 0, ppDeviceInfo[0].(cameraId = 0, frameworkId = 0, sensorId = 2, logicalCamId 0, isPrimary = 1))
01-01 01:04:51.712 14890 14903 I CHIUSECASE: [CORE_CFG ] chxextensionmodule.cpp:2678 InitializeResourceManager() Resource Manager is enabled
01-01 01:04:51.712 14890 14903 I CHIUSECASE: [CORE_CFG ] chimcxdevicecaps.cpp:2057 LegacyPublishLogicalCameraType() Publishing LogicalCameraId 0 - DeviceInfo.cameraId 0
01-01 01:04:51.712 14890 14903 W CamX    : [ WARN][CORE   ] camxvendortags.cpp:367 QueryVendorTagLocation() Vendor tag physicalCameraIds in section org.codeaurora.qcamera3.logicalCameraType does not exist!
01-01 01:04:51.712 14890 14903 W CamX    : [ WARN][CORE   ] camxvendortags.cpp:367 QueryVendorTagLocation() Vendor tag NumOfBayerMerge in section org.codeaurora.qcamera3.sessionParameters does not exist!
01-01 01:04:51.714 14890 14903 W CHIUSECASE: [WARN   ] chxextensionmodule.cpp:2486 DumpLogicalCameraInfo() Failed to dump camera confiration: Unable to open log file
01-01 01:04:51.714 14890 14903 E CamX    : [ERROR][CHI    ] camxchi.cpp:3307 ChiStartCSSAONUsecase() Invalid CSS((nil)) / static settings(0x5576e4ec40)
01-01 01:04:51.714 14890 14903 I CHIUSECASE: [CORE_CFG ] chxextensionmodule.cpp:2727 GetNumCameras() ExposedNumOfCamera:1, all:1 legacy 0
01-01 01:04:51.714 14890 14903 I CamX    : [CORE_CFG][HAL    ] camxhal3module.cpp:1382 CheckForLogicalCamsAffectedByFoldEvent() 0 Camera(s) became unavailable by foldEvent
01-01 01:04:51.714 14890 14903 I CameraAdaptor: Initialize: Number of cameras: 1
01-01 01:04:51.717 14890 14903 E CamX    : [ERROR][HAL    ] camxhal3module.cpp:162 StartHotPlugThread() Opening of device fd failed No such file or directory
01-01 01:04:51.717 14890 14903 W         : GBMDevice: Falling back to /dev/dma_heap/qcom,system 
01-01 01:04:51.717 14890 14903 I Adreno-UNKNOWN: <ReadGpuID:351>: Reading chip ID through GSL
01-01 01:04:51.728 14890 14903 I RecorderCameraContext: CameraContext: Exit
01-01 01:04:51.728 14890 14903 W RecorderCameraContext: OpenCamera: Invalid sensor mode(-1) received, falling back to auto mode selection
01-01 01:04:51.728 14890 14903 I RecorderCameraContext: OpenCamera: PCR FRC disable
01-01 01:04:51.729 14890 14903 E CamX    : [ERROR][HAL    ] camxhal3module.cpp:1496 UpdateHDMIResolution()  HDMI Device not present 
01-01 01:04:51.729 14890 14903 E cutils-trace: Error opening trace file: Permission denied (13)
01-01 01:04:51.729 14890 14903 I CamX    : [CORE_CFG][HAL    ] camxhal3.cpp:493 open() HalOp: Begin OPEN, logicalCameraId: 0, cameraId: 0
01-01 01:04:51.729 14890 14903 E CamX    : [ DUMP][CORE   ] camxresourcemanager.h:1501 Dump() --------------------
01-01 01:04:51.729 14890 14903 E CamX    : [ DUMP][CORE   ] camxresourcemanager.h:1502 Dump()     Key      Cost   
01-01 01:04:51.729 14890 14903 E CamX    : [ DUMP][CORE   ] camxresourcemanager.h:1503 Dump() --------------------
01-01 01:04:51.729 14890 14903 E CamX    : [ DUMP][CORE   ] camxresourcemanager.h:1512 Dump()   {1, 0} :   100
01-01 01:04:51.729 14890 14903 E CamX    : [ DUMP][CORE   ] camxresourcemanager.cpp:106 DumpState() [IPEHw : 0], AvailableResource = 100
01-01 01:04:51.729 14890 14903 E CamX    : [ DUMP][CORE   ] camxresourcemanager.cpp:106 DumpState() [IFEHw : 0], AvailableResource = 100
01-01 01:04:51.729 14890 14903 E CamX    : [ DUMP][CORE   ] camxresourcemanager.cpp:106 DumpState() [IFEHw : 1], AvailableResource = 100
01-01 01:04:51.729 14890 14903 E CamX    : [ DUMP][CORE   ] camxresourcemanager.cpp:106 DumpState() [SensorHw : 0], AvailableResource = 0
01-01 01:04:51.729 14890 14903 E CamX    : [ DUMP][CORE   ] camxresourcemanager.cpp:106 DumpState() [CSIPHYHw : 4], AvailableResource = 100
01-01 01:04:51.729 14890 14903 E CamX    : [ DUMP][CORE   ] camxresourcemanager.h:479 DumpState() 
01-01 01:04:51.729 14890 14903 E CamX    : 
01-01 01:04:51.729 14890 14903 E CamX    : [ DUMP][CORE   ] camxresourcemanager.h:480 DumpState() reservation Id: 0
01-01 01:04:51.729 14890 14903 E CamX    : [ DUMP][CORE   ] camxresourcemanager.h:481 DumpState() ----------------------------------
01-01 01:04:51.729 14890 14903 E CamX    : [ DUMP][CORE   ] camxresourcemanager.h:482 DumpState()     Key      reservation
01-01 01:04:51.729 14890 14903 E CamX    : [ DUMP][CORE   ] camxresourcemanager.h:483 DumpState() ----------------------------------
01-01 01:04:51.729 14890 14903 E CamX    : [ DUMP][CORE   ] camxresourcemanager.h:492 DumpState()   {1, 0} :     100
01-01 01:04:51.729 14890 14903 E CamX    : [ DUMP][CORE   ] camxresourcemanager.h:1501 Dump() --------------------
01-01 01:04:51.729 14890 14903 E CamX    : [ DUMP][CORE   ] camxresourcemanager.h:1502 Dump()     Key      Cost   
01-01 01:04:51.729 14890 14903 E CamX    : [ DUMP][CORE   ] camxresourcemanager.h:1503 Dump() --------------------
01-01 01:04:51.729 14890 14903 E CamX    : [ DUMP][CORE   ] camxresourcemanager.h:1512 Dump()   {5, 4} :   50
01-01 01:04:51.729 14890 14903 I CHIUSECASE: [CORE_CFG ] chxextensionmodule.cpp:2077 ExtendOpen() Using XML for Logical Cameras -- file: kailua_c8550_dk.xml
01-01 01:04:51.729 14890 14903 I CamX    : [CORE_CFG][HAL    ] camxhal3module.cpp:1156 ProcessCameraOpen() Number of cameras opened 1
01-01 01:04:51.730 14890 14903 I CamX    : [CORE_CFG][HAL    ] camxhal3.cpp:541 open() HalOp: End OPEN, logicalCameraId: 0, cameraId: 0
01-01 01:04:51.731 14890 14903 I CamX    : [CORE_CFG][HAL    ] camxthermalmanager.cpp:96 Initialize() Successfully registered with the Thermal Engine
01-01 01:04:51.731 14890 14903 I CamX    : [CORE_CFG][HAL    ] camxthermalmanager.cpp:145 RegisterHALDevice() Registered pHALDevice=0x7f9c1113b0 CameraId=0
01-01 01:04:51.731 14890 14903 I         : Run: C3-0-Monitor thread is active!
01-01 01:04:51.731 14890 14903 I         : Run: C3-0-Handler thread is active!
01-01 01:04:51.731 14890 14903 E CamX    : [ERROR][HAL    ] camxhal3module.cpp:1496 UpdateHDMIResolution()  HDMI Device not present 
01-01 01:04:51.732 14890 14903 I RecorderCameraContext: OpenCamera: Non-zsl snapshot capture request created successfully!
01-01 01:04:51.732 14890 14903 I RecorderCameraSource: StartCamera: Camera(0) opened successfully!
01-01 01:04:51.732 14890 14903 I RecorderImpl: StartCamera: Number of clients connected(1)
01-01 01:04:51.732 14890 14903 I RecorderImpl: StartCamera client_id(1): number of cameras(1) owned!
01-01 01:04:51.732 14890 14903 I RecorderImpl: StartCamera: client_id(1): camera_id(0)
01-01 01:04:51.732 14890 14903 I RecorderService: StartCamera: Exit client_id(1)
01-01 01:04:51.732 14890 14890 V ProcessState: Spawning new pooled thread, name=Binder_3
01-01 01:04:51.732 14890 19002 V ProcessState: Spawning new pooled thread, name=Binder_4
01-01 01:04:51.733 18975 18975 I Recorder: GetCameraCharacteristics: Enter
01-01 01:04:51.733 14890 14890 I RecorderService: GetCameraCharacteristics: Enter client_id(1)
01-01 01:04:51.733 14890 14890 I RecorderService: GetCameraCharacteristics: Exit client_id(1)
01-01 01:04:51.733 18975 18975 I Recorder: GetCameraCharacteristics: Exit
01-01 01:04:51.734 14890 14890 I RecorderService: CreateSession: Enter client_id(1)
01-01 01:04:51.734 14890 14890 I RecorderImpl: CreateSession: Client(1): Session(1) created successfully
01-01 01:04:51.734 14890 14890 I RecorderService: CreateSession: Exit client_id(1)
01-01 01:04:51.734 18975 18975 I Recorder: GetCameraCharacteristics: Enter
01-01 01:04:51.734 14890 14890 I RecorderService: GetCameraCharacteristics: Enter client_id(1)
01-01 01:04:51.734 14890 14890 I RecorderService: GetCameraCharacteristics: Exit client_id(1)
01-01 01:04:51.734 18975 18975 I Recorder: GetCameraCharacteristics: Exit
01-01 01:04:51.734 14890 14890 I RecorderService: CreateVideoTrack: Enter client_id(1)
01-01 01:04:51.734 14890 14890 I RecorderImpl: CreateVideoTrack: client_id(1):session_id(1) client_track_id(1):service_track_id(1010001)
01-01 01:04:51.734 14890 14890 I RecorderCameraSource: CreateTrackSource: Normal stream should be create.
01-01 01:04:51.734 14890 14890 I RecorderFRC: FrameRateController: FrameSkip: Track(1010001): Enter
01-01 01:04:51.734 14890 14890 I RecorderFRC: FrameRateController: FrameSkip: Track(1010001): Exit(0x557831f2b0)
01-01 01:04:51.734 14890 14890 I RecorderFRC: SetFrameRate: FrameSkip: Track(1010001): FPS changed from (0.00) to (30.00)
01-01 01:04:51.734 14890 14890 I RecorderFRC: FrameRateController: FrameRepeat: Track(1010001): Enter
01-01 01:04:51.734 14890 14890 I RecorderFRC: FrameRateController: FrameRepeat: Track(1010001): Exit(0x557831f410)
01-01 01:04:51.734 14890 14890 I RecorderFRC: SetFrameRate: FrameRepeat: Track(1010001): FPS changed from (0.00) to (30.00)
01-01 01:04:51.734 14890 14890 I RecorderCameraSource: TrackSource: TrackSource (0x0x557831efc0)
01-01 01:04:51.734 14890 14890 I RecorderCameraContext: CameraPort: Enter
01-01 01:04:51.734 14890 14890 I RecorderCameraContext: CameraPort: Exit (0x0x557831f5d0)
01-01 01:04:51.734 14890 14890 I RecorderCameraContext: Init: track_id(01010001) total buffer count(14)
01-01 01:04:51.734 14890 14890 I RecorderCameraContext: Init: Camera Device Stream(0) is created Succussfully withflag(0x700) and format(0x25)!
01-01 01:04:51.734 14890 14890 I RecorderCameraContext: Init: track_id(01010001) is mapped to camera stream_id(0)
01-01 01:04:51.734 14890 14890 I RecorderCameraContext: CreateStream: Global Streaming request created successfully!
01-01 01:04:51.734 14890 14890 I RecorderCameraContext: CreateStream: Number of Active ports=1
01-01 01:04:51.734 14890 14890 I RecorderCameraSource: Init: TrackSource(0x0x557831efc0)(1000x1000) and Camera Device Stream  Created Successfully for Track(1010001)
01-01 01:04:51.734 14890 14890 I RecorderCameraContext: GetPort: Found port for track_id(1010001)
01-01 01:04:51.734 14890 14890 I RecorderCameraContext: AddConsumer: Consumer(0x55782f2cf0) added to track_id(16842753)
01-01 01:04:51.734 14890 14890 I RecorderImpl: CreateVideoTrack: client_id(1):session_id(1), TrackSource for client_track_id(1):service_track_id(1010001) Added Successfully in CameraSource!
01-01 01:04:51.734 14890 14890 I RecorderImpl: CreateVideoTrack: client_id(1), session_id(1), num sessions=1
01-01 01:04:51.734 14890 14890 I RecorderImpl: CreateVideoTrack: num of tracks=1
01-01 01:04:51.734 14890 14890 I RecorderImpl: CreateVideoTrack: client_track_id(1):service_track_id(1010001)
01-01 01:04:51.734 14890 14890 I RecorderService: CreateVideoTrack: Exit client_id(1)
01-01 01:04:51.734 18975 18975 I RecorderClient: UpdateSessionTopology session_id(1): track_id(1)
01-01 01:04:51.734 18975 18975 I Recorder: GetCameraParam: Enter
01-01 01:04:51.735 14890 14890 I RecorderService: GetCameraParam: Enter client_id(1)
01-01 01:04:51.735 14890 14890 I RecorderService: GetCameraParam: Exit client_id(1)
01-01 01:04:51.735 18975 18975 I Recorder: GetCameraParam: Exit
01-01 01:04:51.735 18975 18975 I Recorder: SetCameraParam: Enter
01-01 01:04:51.735 14890 14890 I RecorderService: SetCameraParam: Enter client_id(1)
01-01 01:04:51.735 14890 14890 I RecorderService: SetCameraParam: Exit client_id(1)
01-01 01:04:51.735 18975 18975 I Recorder: SetCameraParam: Exit
01-01 01:04:51.735 18975 18975 I Recorder: GetCameraParam: Enter
01-01 01:04:51.735 14890 14890 I RecorderService: GetCameraParam: Enter client_id(1)
01-01 01:04:51.735 14890 14890 I RecorderService: GetCameraParam: Exit client_id(1)
01-01 01:04:51.735 18975 18975 I Recorder: GetCameraParam: Exit
01-01 01:04:51.735 18975 18975 E VendorTagDescriptor: lookupTag: Section 'org.codeaurora.qcamera3.ir_led' does not exist.
01-01 01:04:51.735 18975 18975 E VendorTagDescriptor: lookupTag: Section 'org.codeaurora.qcamera3.multicam_exptime' does not exist.
01-01 01:04:51.735 18975 18975 E VendorTagDescriptor: lookupTag: Section 'org.codeaurora.qcamera3.multicam_exptime' does not exist.
01-01 01:04:51.735 18975 18975 I Recorder: SetCameraParam: Enter
01-01 01:04:51.735 14890 14890 I RecorderService: SetCameraParam: Enter client_id(1)
