01-01 00:21:43.766  3980  3980 I CamX    : [CORE_CFG][CORE   ] camxsession.cpp:2963 Initialize() Session (0x55c0148f10) Initialized Preview
01-01 00:21:43.766  3980  4412 W CamX    : [ WARN][CORE   ] camxnodelegacy.cpp:5762 GetSingleDataFromPipeline() Node::Preview_IFE0_cam0 request: 1 from future offset original requestId: 1 last request 0 offset 0 flush 0 tag com.qti.chi.qllControl.QLLConfiguration
01-01 00:21:43.766  3980  4412 W CamX    : [ WARN][CORE   ] camxnodelegacy.cpp:5762 GetSingleDataFromPipeline() Node::Preview_IFE0_cam0 request: 1 from future offset original requestId: 1 last request 0 offset 0 flush 0 tag com.qti.chi.qllControl.QLLConfiguration
01-01 00:21:43.766  3980  4412 W CamX    : [ WARN][CORE   ] camxnodelegacy.cpp:5762 GetSingleDataFromPipeline() Node::Preview_IFE0_cam0 request: 1 from future offset original requestId: 1 last request 0 offset 0 flush 0 tag org.quic.camera2.oem.trigger.OEM_AEC_IQTrigger
01-01 00:21:43.766  3980  4412 W CamX    : [ WARN][CORE   ] camxnodelegacy.cpp:5762 GetSingleDataFromPipeline() Node::Preview_IFE0_cam0 request: 1 from future offset original requestId: 1 last request 0 offset 0 flush 0 tag org.quic.camera2.oem.trigger.OEM_AWB_IQTrigger
01-01 00:21:43.766  3980  4412 W CamX    : [ WARN][CORE   ] camxnodelegacy.cpp:5762 GetSingleDataFromPipeline() Node::Preview_IFE0_cam0 request: 1 from future offset original requestId: 1 last request 0 offset 0 flush 0 tag org.quic.camera2.oem.trigger.OEM_AF_IQTrigger
01-01 00:21:43.766  3980  4412 W CamX    : [ WARN][CORE   ] camxnodelegacy.cpp:5762 GetSingleDataFromPipeline() Node::Preview_IFE0_cam0 request: 1 from future offset original requestId: 1 last request 0 offset 0 flush 0 tag org.quic.camera2.oem.trigger.OEM_Reserve_IQTrigger
01-01 00:21:43.766  3980  4412 E CamX    : [ERROR][ISP    ] camxifenode.cpp:28242 UpdateActiveSensorDataInTriggerData() sensor full: (1000 x 1000), calculated resolution: (1124 x 1000)
01-01 00:21:43.771  3980  4412 I CamX    : [CORE_CFG][CSL    ] camxcslhw.cpp:1137 CSLAcquireDeviceHW() DeviceAcquired: Name=CSLHwIFE phDevice=0x430102 name:/dev/v4l-subdev1 dIndex 0 hIndex 2 sessionName Preview
01-01 00:21:43.771  3980  4414 I CamX    : [CORE_CFG][PPROC  ] camxipeutils.cpp:866 SetConfigIODataUtil() node Preview_IPE19_cam0, extraPassNum 0 firmwarePortId 0 format 3, width 640, height 480, ubwc version 0, lossy 0, fromdownscale 0, buffer size 460800, icaMaxUpscalingQ16 0
01-01 00:21:43.771  3980  4414 I CamX    : [CORE_CFG][PPROC  ] camxipeutils.cpp:866 SetConfigIODataUtil() node Preview_IPE19_cam0, extraPassNum 0 firmwarePortId 3 format 18, width 160, height 120, ubwc version 0, lossy 0, fromdownscale 0, buffer size 49152, icaMaxUpscalingQ16 0
01-01 00:21:43.771  3980  4414 I CamX    : [CORE_CFG][PPROC  ] camxipeutils.cpp:773 SetConfigIODataUtil() node Preview_IPE19_cam0, Input, firmwarePortId 1 format 18, width 160, height 120, ubwc version 0, lossy 0, fromdownscale 0, buffer size 49152
01-01 00:21:43.771  3980  4414 I CamX    : [CORE_CFG][PPROC  ] camxipeutils.cpp:773 SetConfigIODataUtil() node Preview_IPE19_cam0, Output, firmwarePortId 8 format 3, width 640, height 480, ubwc version 0, lossy 0, fromdownscale 0, buffer size 460800
01-01 00:21:43.771  3980  4414 I CamX    : [CORE_CFG][PPROC  ] camxipeutils.cpp:773 SetConfigIODataUtil() node Preview_IPE19_cam0, Input, firmwarePortId 0 format 3, width 640, height 480, ubwc version 0, lossy 0, fromdownscale 0, buffer size 460800
01-01 00:21:43.771  3980  4414 I CamX    : [CORE_CFG][MEMMGR ] camxmempoolgroup.cpp:489 RegisterBufferManager() [MPG_11]-->[Preview_IPE19_cam0_Intermediate_0_ExtraToMain_3-1] : NumBufMgrs=1, type=CamX, heap=1, Original Immediate=1, Max=1, SelfTuned Immediate=0, Max=1, needDedicatedBuffers=1, lateBinding=0, numBatched=1, deviceCount=1, devices=12, 0, flags=0x9 width=160, height=120, format=18, size=49152
01-01 00:21:43.775  3980  4412 W CamX    : [ WARN][FD     ] camxfdmanagernode.cpp:603 PostPipelineCreate() GetCameraConfiguration failed status 6 try later..
01-01 00:21:43.776  3980  4412 I CamX    : [CORE_CFG][FD     ] camxfdutils.cpp:549 LoadFDTuningData() Loading of /usr/lib/camera/fdconfigpreview.bin successful !
01-01 00:21:43.776  3980  4412 W CamX    : [ WARN][FD     ] camxfdutils.cpp:371 GetFDConfig() Static min face size setting is not supported
01-01 00:21:43.776  3980  4005 I CamX    : [CORE_CFG][FD     ] camxdlfdenginelibwrapper.cpp:224 FDELibWrapperCreateDLFDV73Handle() Registering DLFD V2 V73 640x480 network, current frameAspectRatio 1.333333
01-01 00:21:43.777  3980  4414 I CamX    : [CORE_CFG][CSL    ] camxcslhw.cpp:1137 CSLAcquireDeviceHW() DeviceAcquired: Name=CSLHwICP phDevice=0x760103 name:/dev/v4l-subdev21 dIndex 12 hIndex 3 sessionName Preview
01-01 00:21:43.778  3980  4413 I CamX    : [CORE_CFG][PPROC  ] camxipeutils.cpp:773 SetConfigIODataUtil() node Preview_IPE0_cam0, Output, firmwarePortId 8 format 4, width 1000, height 1000, ubwc version 0, lossy 0, fromdownscale 0, buffer size 1572864
01-01 00:21:43.778  3980  4413 I CamX    : [CORE_CFG][PPROC  ] camxipeutils.cpp:773 SetConfigIODataUtil() node Preview_IPE0_cam0, Input, firmwarePortId 2 format 18, width 64, height 64, ubwc version 0, lossy 0, fromdownscale 0, buffer size 16384
01-01 00:21:43.778  3980  4413 I CamX    : [CORE_CFG][PPROC  ] camxipeutils.cpp:773 SetConfigIODataUtil() node Preview_IPE0_cam0, Input, firmwarePortId 1 format 18, width 250, height 250, ubwc version 0, lossy 0, fromdownscale 0, buffer size 163840
01-01 00:21:43.778  3980  4413 I CamX    : [CORE_CFG][PPROC  ] camxipeutils.cpp:773 SetConfigIODataUtil() node Preview_IPE0_cam0, Input, firmwarePortId 0 format 12, width 1000, height 1000, ubwc version 2, lossy 0, fromdownscale 0, buffer size 2359296
01-01 00:21:43.778  3980  4415 I camx-hal3-test: /local/mnt/workspace/lnxbuild/project/trees_in_use/free_tree_dir/checkout/build-qti-distro-ubuntu-fullstack-perf/tmp-glibc/work/kalama-oe-linux/adsprpc/13.0-r1/adsprpc/src/fastrpc_apps_user.c:3580: Successfully opened /dsp/cdsp/fastrpc_shell_3, domain 3
01-01 00:21:43.782  3980  4413 I CamX    : [CORE_CFG][CSL    ] camxcslhw.cpp:1137 CSLAcquireDeviceHW() DeviceAcquired: Name=CSLHwICP phDevice=0x1b0104 name:/dev/v4l-subdev21 dIndex 12 hIndex 4 sessionName Preview
01-01 00:21:43.782  3980  4412 I CamX    : [CORE_CFG][CORE   ] camxpipeline.h:3879 SetPipelineStatus() Preview_0_cam_0 status is now PipelineStatus::PRE_FINALIZED
01-01 00:21:43.800  3980  4415 I camx-hal3-test: /local/mnt/workspace/lnxbuild/project/trees_in_use/free_tree_dir/checkout/build-qti-distro-ubuntu-fullstack-perf/tmp-glibc/work/kalama-oe-linux/adsprpc/13.0-r1/adsprpc/src/fastrpc_apps_user.c:3683: Created user PD on domain 3, debug_trace 0x0, enabled attr=> RPC timeout:0, Debug Mode:N, CRC check:N, Unsigned:N, Signed:Y, Adapt QOS:N, PD dump: (Config:N, Debug:N), Perf: (Kernel:N, DSP:N), Iregion:N, QTF Tracing:N, UAF heap:N userPD initmem length:0x3
01-01 00:21:43.802  3980  4002 I CamX    : [CORE_CFG][CSL    ] camxcslhw.cpp:1137 CSLAcquireDeviceHW() DeviceAcquired: Name=CSLHwImageSensor phDevice=0x120101 name:/dev/v4l-subdev12 dIndex 14 hIndex 1 sessionName Preview
01-01 00:21:43.802  3980  4002 I CamX    : [CORE_CFG][SENSOR ] camxsensornode.cpp:9403 AcquireDevice() Preview_Sensor0_cam0: Sensor[0] [vd56g3_rear_left] Acquired Sensor, hCSL: 0x6b0200 hSensorDevice: 0x120101
01-01 00:21:43.802  3980  4002 W CamX    : [ WARN][CSL    ] camxcslhwinternal.cpp:4017 CSLHwInternalDefaultSubmit() ioctl failed for fd=23 index 14
01-01 00:21:43.802  3980  4002 E CamX    : [ERROR][CSL    ] camxcslhw.cpp:2719 CSLSubmitHW() Error Submitting device, CSLHandle 7012864Devicehandle 1179905 DeviceIndex: 14 idx: 0
01-01 00:21:43.802  3980  4002 E CamX    : [ERROR][SENSOR ] camxsensornode.cpp:9872 LoadSensorInitConfigCmd() Sensor[0] initialization failed, result: CamxResultEFailed
01-01 00:21:43.802  3980  4002 E CamX    : [ERROR][SENSOR ] camxsensornode.cpp:9703 SensorThreadJobCallback() Sensor[0] workerCore failed with result CamxResultEFailed
01-01 00:21:43.802  3980  4002 E CamX    : [ERROR][SENSOR ] camxsensornode.cpp:10307 CreateSensorSubmodules() Sensor[0] Creating submodules failed due to failed sensor configuration
01-01 00:21:43.802  3980  4002 E CamX    : [ERROR][SENSOR ] camxsensornode.cpp:9703 SensorThreadJobCallback() Sensor[0] workerCore failed with result CamxResultEFailed
01-01 00:21:43.802  3980  4002 E CamX    : [ERROR][SENSOR ] camxsensornode.cpp:5863 LoadSensorConfigCmds() Sensor[0] Initialization failed, cannot configure sensor!
01-01 00:21:43.802  3980  4002 E CamX    : [ERROR][SENSOR ] camxsensornode.cpp:9703 SensorThreadJobCallback() Sensor[0] workerCore failed with result CamxResultEFailed
01-01 00:21:43.802  3980  4416 I camx-hal3-test: /local/mnt/workspace/lnxbuild/project/trees_in_use/free_tree_dir/checkout/build-qti-distro-ubuntu-fullstack-perf/tmp-glibc/work/kalama-oe-linux/adsprpc/13.0-r1/adsprpc/src/listener_android.c:116: listener thread starting
01-01 00:21:43.802  3980  4415 I camx-hal3-test: /local/mnt/workspace/lnxbuild/project/trees_in_use/free_tree_dir/checkout/build-qti-distro-ubuntu-fullstack-perf/tmp-glibc/work/kalama-oe-linux/adsprpc/13.0-r1/adsprpc/src/fastrpc_perf.c:273: fastrpc_perf_init: enabled systrace 0x0 and RPC traces (kernel 0, dsp 0) with frequency 1000
01-01 00:21:43.802  3980  4418 I camx-hal3-test: /local/mnt/workspace/lnxbuild/project/trees_in_use/free_tree_dir/checkout/build-qti-distro-ubuntu-fullstack-perf/tmp-glibc/work/kalama-oe-linux/adsprpc/13.0-r1/adsprpc/src/log_config.c:348: file_watcher_thread starting for domain 3
01-01 00:21:43.802  3980  4418 W camx-hal3-test: /local/mnt/workspace/lnxbuild/project/trees_in_use/free_tree_dir/checkout/build-qti-distro-ubuntu-fullstack-perf/tmp-glibc/work/kalama-oe-linux/adsprpc/13.0-r1/adsprpc/src/log_config.c:358:file_watcher_thread: Couldn't find file camx-hal3-test.farf, errno (No such file or directory)
01-01 00:21:43.804  3980  4416 I camx-hal3-test: /local/mnt/workspace/lnxbuild/project/trees_in_use/free_tree_dir/checkout/build-qti-distro-ubuntu-fullstack-perf/tmp-glibc/work/kalama-oe-linux/adsprpc/13.0-r1/adsprpc/src/mod_table.c:467: is_reverse_handle_opened: reverse module apps_std already found with handle 0x7ccf56f0 (idx 0) refs 2
01-01 00:21:43.804  3980  4416 I camx-hal3-test: /local/mnt/workspace/lnxbuild/project/trees_in_use/free_tree_dir/checkout/build-qti-distro-ubuntu-fullstack-perf/tmp-glibc/work/kalama-oe-linux/adsprpc/13.0-r1/adsprpc/src/mod_table.c:701: open_mod_table_open_from_static: reverse module apps_std opened with handle 0x7ccf56f0 (idx 0)
01-01 00:21:43.804  3980  4416 I camx-hal3-test: /local/mnt/workspace/lnxbuild/project/trees_in_use/free_tree_dir/checkout/build-qti-distro-ubuntu-fullstack-perf/tmp-glibc/work/kalama-oe-linux/adsprpc/13.0-r1/adsprpc/src/apps_std_imp.c:1004: Successfully opened file libbitml_nsp_v2_skel.so
01-01 00:21:43.807  3980  4416 E camx-hal3-test: /local/mnt/workspace/lnxbuild/project/trees_in_use/free_tree_dir/checkout/build-qti-distro-ubuntu-fullstack-perf/tmp-glibc/work/kalama-oe-linux/adsprpc/13.0-r1/adsprpc/src/mod_table.c:858: Error 0x2: open_mod_table_handle_invoke failed for handle:0x7ccf56f0, sc:0x13050100
01-01 00:21:43.808  3980  4416 E camx-hal3-test: /local/mnt/workspace/lnxbuild/project/trees_in_use/free_tree_dir/checkout/build-qti-distro-ubuntu-fullstack-perf/tmp-glibc/work/kalama-oe-linux/adsprpc/13.0-r1/adsprpc/src/mod_table.c:858: Error 0x2: open_mod_table_handle_invoke failed for handle:0x7ccf56f0, sc:0x13050100
01-01 00:21:43.809  3980  4416 I camx-hal3-test: /local/mnt/workspace/lnxbuild/project/trees_in_use/free_tree_dir/checkout/build-qti-distro-ubuntu-fullstack-perf/tmp-glibc/work/kalama-oe-linux/adsprpc/13.0-r1/adsprpc/src/mod_table.c:467: is_reverse_handle_opened: reverse module apps_mem already found with handle 0x7ccf57f0 (idx 1) refs 2
01-01 00:21:43.809  3980  4416 I camx-hal3-test: /local/mnt/workspace/lnxbuild/project/trees_in_use/free_tree_dir/checkout/build-qti-distro-ubuntu-fullstack-perf/tmp-glibc/work/kalama-oe-linux/adsprpc/13.0-r1/adsprpc/src/mod_table.c:701: open_mod_table_open_from_static: reverse module apps_mem opened with handle 0x7ccf57f0 (idx 0)
01-01 00:21:43.847  3980  3980 E CamX    : [ERROR][META   ] camxmetabuffer.cpp:3295 SetTag() Cannot set 8066003d size 0 max 4
01-01 00:21:43.847  3980  3980 I CamX    : [CORE_CFG][HAL    ] camxhal3.cpp:1519 configure_streams()  FINAL stream[0] = 0x55bd9ffe40 - info:
01-01 00:21:43.847  3980  3980 I CamX    : [CORE_CFG][HAL    ] camxhal3.cpp:1522 configure_streams()             format       : 35, HAL_PIXEL_FORMAT_YCbCr_420_888
01-01 00:21:43.847  3980  3980 I CamX    : [CORE_CFG][HAL    ] camxhal3.cpp:1524 configure_streams()             width        : 1000
01-01 00:21:43.847  3980  3980 I CamX    : [CORE_CFG][HAL    ] camxhal3.cpp:1526 configure_streams()             height       : 1000
01-01 00:21:43.847  3980  3980 I CamX    : [CORE_CFG][HAL    ] camxhal3.cpp:1529 configure_streams()             stream_type  : 00000000, CAMERA3_STREAM_OUTPUT
01-01 00:21:43.847  3980  3980 I CamX    : [CORE_CFG][HAL    ] camxhal3.cpp:1531 configure_streams()             usage        : 00060033
01-01 00:21:43.847  3980  3980 I CamX    : [CORE_CFG][HAL    ] camxhal3.cpp:1535 configure_streams()             max_buffers  : 12
01-01 00:21:43.847  3980  3980 I CamX    : [CORE_CFG][HAL    ] camxhal3.cpp:1545 configure_streams()             rotation     : 00000000, CAMERA3_STREAM_ROTATION_0
01-01 00:21:43.847  3980  3980 I CamX    : [CORE_CFG][HAL    ] camxhal3.cpp:1548 configure_streams()             data_space   : 00000000, HAL_DATASPACE_UNKNOWN
01-01 00:21:43.847  3980  3980 I CamX    : [CORE_CFG][HAL    ] camxhal3.cpp:1550 configure_streams()             priv         : 0x55bd306c90
01-01 00:21:43.847  3980  3980 I CamX    : [CORE_CFG][HAL    ] camxhal3.cpp:1553 configure_streams()             streamUsecase         : 0
01-01 00:21:43.847  3980  3980 I CamX    : [CORE_CFG][HAL    ] camxhal3.cpp:1556 configure_streams()             hdr_profile           : 00000000, HDR_PROFILE_UNKNOWN
01-01 00:21:43.847  3980  3980 I CamX    : [CORE_CFG][HAL    ] camxhal3.cpp:1559 configure_streams()             reserved[0]         : 0x55bd306c98
01-01 00:21:43.847  3980  3980 I CamX    : [CORE_CFG][HAL    ] camxhal3.cpp:1561 configure_streams()             reserved[1]         : (nil)
01-01 00:21:43.847  3980  3980 I CamX    : [CORE_CFG][HAL    ] camxhal3.cpp:1576 configure_streams()    pHalStream: 0x55bd306c98 format : 0x23, overrideFormat : 0x23 consumer usage: 0, producer usage: 60033
01-01 00:21:43.847  3980  3980 I CamX    : [CORE_CFG][HAL    ] camxhal3.cpp:1584 configure_streams() HalOp: End CONFIG, logicalCameraId: 0, cameraId: 0
01-01 00:21:43.847  3980  3980 D QCamxHAL3TestDevice: configureStreams 1016:[CAMERAID] Creating a pool of  buffers for stream 0 max_buffers 12
01-01 00:21:43.848  3980  3980 I QCamxHAL3TestDevice: AllocateGbmBuffer 625:GBM_FORMAT_YCbCr_420_888
01-01 00:21:43.848  3980  3980 I QCamxHAL3TestDevice: AllocateGbmBuffer 690:gbm format = 5000002f, gbm usage = 660000
01-01 00:21:43.848  3980  3980 I QCamxHAL3TestDevice: AllocateGbmBuffer 719:FD = 98 Format: 5000000f => width: 1000 height:1024 stride:1024 
01-01 00:21:43.848  3980  3980 I QCamxHAL3TestDevice: AllocateGbmBuffer 746:buffer object size:1572864
01-01 00:21:43.848  3980  3980 I QCamxHAL3TestDevice: GetIndexForCameraExternalImageFormat 554:format 23 usage 60033
01-01 00:21:43.848  3980  3980 I QCamxHAL3TestDevice: GetPlaneLayoutInfo 603:index -1 stride alignment 64 scanline align 64 wxh 1024x1024
01-01 00:21:43.848  3980  3980 I QCamxHAL3TestDevice: AllocateGbmBuffer 781: stride:1024 slice 1024
01-01 00:21:43.848  3980  3980 I QCamxHAL3TestDevice: AllocateGbmBuffer 625:GBM_FORMAT_YCbCr_420_888
01-01 00:21:43.848  3980  3980 I QCamxHAL3TestDevice: AllocateGbmBuffer 690:gbm format = 5000002f, gbm usage = 660000
01-01 00:21:43.848  3980  3980 I QCamxHAL3TestDevice: AllocateGbmBuffer 719:FD = 102 Format: 5000000f => width: 1000 height:1024 stride:1024 
01-01 00:21:43.848  3980  3980 I QCamxHAL3TestDevice: AllocateGbmBuffer 746:buffer object size:1572864
01-01 00:21:43.848  3980  3980 I QCamxHAL3TestDevice: GetIndexForCameraExternalImageFormat 554:format 23 usage 60033
01-01 00:21:43.848  3980  3980 I QCamxHAL3TestDevice: GetPlaneLayoutInfo 603:index -1 stride alignment 64 scanline align 64 wxh 1024x1024
01-01 00:21:43.848  3980  3980 I QCamxHAL3TestDevice: AllocateGbmBuffer 781: stride:1024 slice 1024
01-01 00:21:43.848  3980  3980 I QCamxHAL3TestDevice: AllocateGbmBuffer 625:GBM_FORMAT_YCbCr_420_888
01-01 00:21:43.848  3980  3980 I QCamxHAL3TestDevice: AllocateGbmBuffer 690:gbm format = 5000002f, gbm usage = 660000
01-01 00:21:43.848  3980  3980 I QCamxHAL3TestDevice: AllocateGbmBuffer 719:FD = 106 Format: 5000000f => width: 1000 height:1024 stride:1024 
01-01 00:21:43.848  3980  3980 I QCamxHAL3TestDevice: AllocateGbmBuffer 746:buffer object size:1572864
01-01 00:21:43.848  3980  3980 I QCamxHAL3TestDevice: GetIndexForCameraExternalImageFormat 554:format 23 usage 60033
01-01 00:21:43.848  3980  3980 I QCamxHAL3TestDevice: GetPlaneLayoutInfo 603:index -1 stride alignment 64 scanline align 64 wxh 1024x1024
01-01 00:21:43.848  3980  3980 I QCamxHAL3TestDevice: AllocateGbmBuffer 781: stride:1024 slice 1024
01-01 00:21:43.848  3980  3980 I QCamxHAL3TestDevice: AllocateGbmBuffer 625:GBM_FORMAT_YCbCr_420_888
01-01 00:21:43.848  3980  3980 I QCamxHAL3TestDevice: AllocateGbmBuffer 690:gbm format = 5000002f, gbm usage = 660000
01-01 00:21:43.849  3980  3980 I QCamxHAL3TestDevice: AllocateGbmBuffer 719:FD = 110 Format: 5000000f => width: 1000 height:1024 stride:1024 
01-01 00:21:43.849  3980  3980 I QCamxHAL3TestDevice: AllocateGbmBuffer 746:buffer object size:1572864
01-01 00:21:43.849  3980  3980 I QCamxHAL3TestDevice: GetIndexForCameraExternalImageFormat 554:format 23 usage 60033
01-01 00:21:43.849  3980  3980 I QCamxHAL3TestDevice: GetPlaneLayoutInfo 603:index -1 stride alignment 64 scanline align 64 wxh 1024x1024
01-01 00:21:43.849  3980  3980 I QCamxHAL3TestDevice: AllocateGbmBuffer 781: stride:1024 slice 1024
01-01 00:21:43.849  3980  3980 I QCamxHAL3TestDevice: AllocateGbmBuffer 625:GBM_FORMAT_YCbCr_420_888
01-01 00:21:43.849  3980  3980 I QCamxHAL3TestDevice: AllocateGbmBuffer 690:gbm format = 5000002f, gbm usage = 660000
01-01 00:21:43.849  3980  3980 I QCamxHAL3TestDevice: AllocateGbmBuffer 719:FD = 114 Format: 5000000f => width: 1000 height:1024 stride:1024 
01-01 00:21:43.849  3980  3980 I QCamxHAL3TestDevice: AllocateGbmBuffer 746:buffer object size:1572864
01-01 00:21:43.849  3980  3980 I QCamxHAL3TestDevice: GetIndexForCameraExternalImageFormat 554:format 23 usage 60033
01-01 00:21:43.849  3980  3980 I QCamxHAL3TestDevice: GetPlaneLayoutInfo 603:index -1 stride alignment 64 scanline align 64 wxh 1024x1024
01-01 00:21:43.849  3980  3980 I QCamxHAL3TestDevice: AllocateGbmBuffer 781: stride:1024 slice 1024
01-01 00:21:43.849  3980  3980 I QCamxHAL3TestDevice: AllocateGbmBuffer 625:GBM_FORMAT_YCbCr_420_888
01-01 00:21:43.849  3980  3980 I QCamxHAL3TestDevice: AllocateGbmBuffer 690:gbm format = 5000002f, gbm usage = 660000
01-01 00:21:43.849  3980  3980 I QCamxHAL3TestDevice: AllocateGbmBuffer 719:FD = 118 Format: 5000000f => width: 1000 height:1024 stride:1024 
01-01 00:21:43.849  3980  3980 I QCamxHAL3TestDevice: AllocateGbmBuffer 746:buffer object size:1572864
01-01 00:21:43.849  3980  3980 I QCamxHAL3TestDevice: GetIndexForCameraExternalImageFormat 554:format 23 usage 60033
01-01 00:21:43.849  3980  3980 I QCamxHAL3TestDevice: GetPlaneLayoutInfo 603:index -1 stride alignment 64 scanline align 64 wxh 1024x1024
01-01 00:21:43.849  3980  3980 I QCamxHAL3TestDevice: AllocateGbmBuffer 781: stride:1024 slice 1024
01-01 00:21:43.849  3980  3980 I QCamxHAL3TestDevice: AllocateGbmBuffer 625:GBM_FORMAT_YCbCr_420_888
01-01 00:21:43.849  3980  3980 I QCamxHAL3TestDevice: AllocateGbmBuffer 690:gbm format = 5000002f, gbm usage = 660000
01-01 00:21:43.849  3980  3980 I QCamxHAL3TestDevice: AllocateGbmBuffer 719:FD = 122 Format: 5000000f => width: 1000 height:1024 stride:1024 
01-01 00:21:43.849  3980  3980 I QCamxHAL3TestDevice: AllocateGbmBuffer 746:buffer object size:1572864
01-01 00:21:43.849  3980  3980 I QCamxHAL3TestDevice: GetIndexForCameraExternalImageFormat 554:format 23 usage 60033
01-01 00:21:43.849  3980  3980 I QCamxHAL3TestDevice: GetPlaneLayoutInfo 603:index -1 stride alignment 64 scanline align 64 wxh 1024x1024
01-01 00:21:43.849  3980  3980 I QCamxHAL3TestDevice: AllocateGbmBuffer 781: stride:1024 slice 1024
01-01 00:21:43.850  3980  3980 I QCamxHAL3TestDevice: AllocateGbmBuffer 625:GBM_FORMAT_YCbCr_420_888
01-01 00:21:43.850  3980  3980 I QCamxHAL3TestDevice: AllocateGbmBuffer 690:gbm format = 5000002f, gbm usage = 660000
01-01 00:21:43.850  3980  3980 I QCamxHAL3TestDevice: AllocateGbmBuffer 719:FD = 126 Format: 5000000f => width: 1000 height:1024 stride:1024 
01-01 00:21:43.850  3980  3980 I QCamxHAL3TestDevice: AllocateGbmBuffer 746:buffer object size:1572864
01-01 00:21:43.850  3980  3980 I QCamxHAL3TestDevice: GetIndexForCameraExternalImageFormat 554:format 23 usage 60033
01-01 00:21:43.850  3980  3980 I QCamxHAL3TestDevice: GetPlaneLayoutInfo 603:index -1 stride alignment 64 scanline align 64 wxh 1024x1024
01-01 00:21:43.850  3980  3980 I QCamxHAL3TestDevice: AllocateGbmBuffer 781: stride:1024 slice 1024
01-01 00:21:43.850  3980  3980 I QCamxHAL3TestDevice: AllocateGbmBuffer 625:GBM_FORMAT_YCbCr_420_888
01-01 00:21:43.850  3980  3980 I QCamxHAL3TestDevice: AllocateGbmBuffer 690:gbm format = 5000002f, gbm usage = 660000
01-01 00:21:43.850  3980  3980 I QCamxHAL3TestDevice: AllocateGbmBuffer 719:FD = 130 Format: 5000000f => width: 1000 height:1024 stride:1024 
01-01 00:21:43.850  3980  3980 I QCamxHAL3TestDevice: AllocateGbmBuffer 746:buffer object size:1572864
01-01 00:21:43.850  3980  3980 I QCamxHAL3TestDevice: GetIndexForCameraExternalImageFormat 554:format 23 usage 60033
01-01 00:21:43.850  3980  3980 I QCamxHAL3TestDevice: GetPlaneLayoutInfo 603:index -1 stride alignment 64 scanline align 64 wxh 1024x1024
01-01 00:21:43.850  3980  3980 I QCamxHAL3TestDevice: AllocateGbmBuffer 781: stride:1024 slice 1024
01-01 00:21:43.850  3980  3980 I QCamxHAL3TestDevice: AllocateGbmBuffer 625:GBM_FORMAT_YCbCr_420_888
01-01 00:21:43.850  3980  3980 I QCamxHAL3TestDevice: AllocateGbmBuffer 690:gbm format = 5000002f, gbm usage = 660000
01-01 00:21:43.850  3980  3980 I QCamxHAL3TestDevice: AllocateGbmBuffer 719:FD = 134 Format: 5000000f => width: 1000 height:1024 stride:1024 
01-01 00:21:43.850  3980  3980 I QCamxHAL3TestDevice: AllocateGbmBuffer 746:buffer object size:1572864
01-01 00:21:43.850  3980  3980 I QCamxHAL3TestDevice: GetIndexForCameraExternalImageFormat 554:format 23 usage 60033
01-01 00:21:43.851  3980  3980 I QCamxHAL3TestDevice: GetPlaneLayoutInfo 603:index -1 stride alignment 64 scanline align 64 wxh 1024x1024
01-01 00:21:43.851  3980  3980 I QCamxHAL3TestDevice: AllocateGbmBuffer 781: stride:1024 slice 1024
01-01 00:21:43.851  3980  3980 I QCamxHAL3TestDevice: AllocateGbmBuffer 625:GBM_FORMAT_YCbCr_420_888
01-01 00:21:43.851  3980  3980 I QCamxHAL3TestDevice: AllocateGbmBuffer 690:gbm format = 5000002f, gbm usage = 660000
01-01 00:21:43.851  3980  3980 I QCamxHAL3TestDevice: AllocateGbmBuffer 719:FD = 138 Format: 5000000f => width: 1000 height:1024 stride:1024 
01-01 00:21:43.851  3980  3980 I QCamxHAL3TestDevice: AllocateGbmBuffer 746:buffer object size:1572864
01-01 00:21:43.851  3980  3980 I QCamxHAL3TestDevice: GetIndexForCameraExternalImageFormat 554:format 23 usage 60033
01-01 00:21:43.851  3980  3980 I QCamxHAL3TestDevice: GetPlaneLayoutInfo 603:index -1 stride alignment 64 scanline align 64 wxh 1024x1024
01-01 00:21:43.851  3980  3980 I QCamxHAL3TestDevice: AllocateGbmBuffer 781: stride:1024 slice 1024
01-01 00:21:43.851  3980  3980 I QCamxHAL3TestDevice: AllocateGbmBuffer 625:GBM_FORMAT_YCbCr_420_888
01-01 00:21:43.851  3980  3980 I QCamxHAL3TestDevice: AllocateGbmBuffer 690:gbm format = 5000002f, gbm usage = 660000
01-01 00:21:43.851  3980  3980 I QCamxHAL3TestDevice: AllocateGbmBuffer 719:FD = 142 Format: 5000000f => width: 1000 height:1024 stride:1024 
01-01 00:21:43.851  3980  3980 I QCamxHAL3TestDevice: AllocateGbmBuffer 746:buffer object size:1572864
01-01 00:21:43.851  3980  3980 I QCamxHAL3TestDevice: GetIndexForCameraExternalImageFormat 554:format 23 usage 60033
01-01 00:21:43.851  3980  3980 I QCamxHAL3TestDevice: GetPlaneLayoutInfo 603:index -1 stride alignment 64 scanline align 64 wxh 1024x1024
01-01 00:21:43.851  3980  3980 I QCamxHAL3TestDevice: AllocateGbmBuffer 781: stride:1024 slice 1024
01-01 00:21:43.851  3980  3980 E QCamxHAL3TestDevice: configureStreams 1025:size for stream 0x55bd9ffe40 size 12 
01-01 00:21:43.851  3980  3980 I QCamxHAL3TestDevice: constructDefaultRequestSettings 1126:AECOMP ae_comp_range min = -12, max = 12
01-01 00:21:43.851  3980  3980 I QCamxHAL3Test: main 394:CAM0>>
01-01 00:21:43.851  3980  4421 I QCamxHAL3TestDevice: doCapturePostProcess 157:doCapturePostProcess capture result handle thread start
01-01 00:21:43.852  3980  4422 I QCamxHAL3TestDevice: AllocateGbmBuffer 625:GBM_FORMAT_YCbCr_420_888
01-01 00:21:43.852  3980  4422 I QCamxHAL3TestDevice: AllocateGbmBuffer 690:gbm format = 5000002f, gbm usage = 660000
01-01 00:21:43.852  3980  4422 I QCamxHAL3TestDevice: AllocateGbmBuffer 719:FD = 146 Format: 5000000f => width: 1000 height:1024 stride:1024 
01-01 00:21:43.852  3980  4422 I QCamxHAL3TestDevice: AllocateGbmBuffer 746:buffer object size:1572864
01-01 00:21:43.852  3980  4422 I QCamxHAL3TestDevice: GetIndexForCameraExternalImageFormat 554:format 23 usage 60033
01-01 00:21:43.852  3980  4422 I QCamxHAL3TestDevice: GetPlaneLayoutInfo 603:index -1 stride alignment 64 scanline align 64 wxh 1024x1024
01-01 00:21:43.852  3980  4422 I QCamxHAL3TestDevice: AllocateGbmBuffer 781: stride:1024 slice 1024
01-01 00:21:43.852  3980  4422 I QCamxHAL3TestDevice: ProcessOneCaptureRequest 1380:output_buffers[0]:0x7f080ba4b0
01-01 00:21:43.852  3980  4422 I QCamxHAL3TestDevice: ProcessOneCaptureRequest 1401:AECOMP frame:0 ae_comp value = 0
01-01 00:21:43.852  3980  4422 I CamX    : [CORE_CFG][HAL    ] camxhal3.cpp:1693 process_capture_request() logical camera id 0, frame_number 0, settings 0x7f08162b10, priv_settings (nil), priv_result (nil), num_priv_phy_result 0, num_output_buffers 1
01-01 00:21:43.852  3980  4422 E CamX    : [ERROR][META   ] camxmetabuffer.cpp:3295 SetTag() Cannot set 8066003d size 0 max 4
01-01 00:21:43.852  3980  4422 E CamX    : [ERROR][META   ] camxmetabuffer.cpp:3295 SetTag() Cannot set 8066003d size 0 max 4
01-01 00:21:43.852  3980  4422 I CHIUSECASE: [REQMAP ] chxadvancedcamerausecase.cpp:3890 ExecuteCaptureRequest() frame: 0  <==>  (chiFrameNum) chiOverrideFrameNum: 0
01-01 00:21:43.852  3980  4422 E CamX    : [ DUMP][CORE   ] camxresourcemanager.h:1493 Dump() --------------------
01-01 00:21:43.852  3980  4422 E CamX    : [ DUMP][CORE   ] camxresourcemanager.h:1494 Dump()     Key      Cost   
01-01 00:21:43.852  3980  4422 E CamX    : [ DUMP][CORE   ] camxresourcemanager.h:1495 Dump() --------------------
01-01 00:21:43.852  3980  4422 E CamX    : [ DUMP][CORE   ] camxresourcemanager.h:1504 Dump()   {1, 0} :   100
01-01 00:21:43.852  3980  4422 E CamX    : [ DUMP][CORE   ] camxresourcemanager.h:1504 Dump()   {2, 0} :   33
01-01 00:21:43.852  3980  4422 E CamX    : [ DUMP][CORE   ] camxresourcemanager.h:1504 Dump()   {5, 4} :   50
01-01 00:21:43.852  3980  4422 E CamX    : [ DUMP][CORE   ] camxresourcemanager.cpp:106 DumpState() [IPEHw : 0], AvailableResource = 100
01-01 00:21:43.853  3980  4422 E CamX    : [ DUMP][CORE   ] camxresourcemanager.cpp:106 DumpState() [IFEHw : 0], AvailableResource = 67
01-01 00:21:43.853  3980  4422 E CamX    : [ DUMP][CORE   ] camxresourcemanager.cpp:106 DumpState() [IFEHw : 1], AvailableResource = 100
01-01 00:21:43.853  3980  4422 E CamX    : [ DUMP][CORE   ] camxresourcemanager.cpp:106 DumpState() [SensorHw : 0], AvailableResource = 0
01-01 00:21:43.853  3980  4422 E CamX    : [ DUMP][CORE   ] camxresourcemanager.cpp:106 DumpState() [CSIPHYHw : 4], AvailableResource = 50
01-01 00:21:43.853  3980  4422 E CamX    : [ DUMP][CORE   ] camxresourcemanager.cpp:180 DumpState() 
01-01 00:21:43.853  3980  4422 E CamX    : 
01-01 00:21:43.853  3980  4422 E CamX    : [ DUMP][CORE   ] camxresourcemanager.cpp:181 DumpState() client {Preview_0, 0x55bec3b0a0}
01-01 00:21:43.853  3980  4422 E CamX    : [ DUMP][CORE   ] camxresourcemanager.cpp:182 DumpState() -------------------------
01-01 00:21:43.853  3980  4422 E CamX    : [ DUMP][CORE   ] camxresourcemanager.cpp:183 DumpState()     Key     Allocation
01-01 00:21:43.853  3980  4422 E CamX    : [ DUMP][CORE   ] camxresourcemanager.cpp:184 DumpState() -------------------------
01-01 00:21:43.853  3980  4422 E CamX    : [ DUMP][CORE   ] camxresourcemanager.cpp:193 DumpState()   {1, 0} :   100
01-01 00:21:43.853  3980  4422 E CamX    : [ DUMP][CORE   ] camxresourcemanager.cpp:193 DumpState()   {2, 0} :   33
01-01 00:21:43.853  3980  4422 E CamX    : [ DUMP][CORE   ] camxresourcemanager.cpp:193 DumpState()   {5, 4} :   50
01-01 00:21:43.853  3980  4422 E CamX    : [ DUMP][CORE   ] camxresourcemanager.h:478 DumpState() 
01-01 00:21:43.853  3980  4422 E CamX    : 
01-01 00:21:43.853  3980  4422 E CamX    : [ DUMP][CORE   ] camxresourcemanager.h:479 DumpState() reservation Id: 0
01-01 00:21:43.853  3980  4422 E CamX    : [ DUMP][CORE   ] camxresourcemanager.h:480 DumpState() ----------------------------------
01-01 00:21:43.853  3980  4422 E CamX    : [ DUMP][CORE   ] camxresourcemanager.h:481 DumpState()     Key      reservation
01-01 00:21:43.853  3980  4422 E CamX    : [ DUMP][CORE   ] camxresourcemanager.h:482 DumpState() ----------------------------------
01-01 00:21:43.853  3980  4422 E CamX    : [ DUMP][CORE   ] camxresourcemanager.h:491 DumpState()   {1, 0} :     0
01-01 00:21:43.853  3980  4422 E CamX    : [ DUMP][CORE   ] camxresourcemanager.h:491 DumpState()   {5, 4} :     0
01-01 00:21:43.853  3980  4422 E CamX    : [ERROR][SENSOR ] camxsensornode.cpp:1052 PrepareStreamOn() Sensor[0] not configured, curConfigStatus: 6
01-01 00:21:43.853  3980  4422 I CamX    : [CORE_CFG][SENSOR ] camxsensornode.cpp:1065 PrepareStreamOn() Sensor[0] [vd56g3_rear_left] ConfigStatus:6 isEarlyPCREnabled:0
01-01 00:21:43.853  3980  4422 E CamX    : [ERROR][CORE   ] camxpipeline.cpp:3395 FinalizePipeline() Pipeline::Preview_0_cam_0 PrepareStreamOn failed with CamxResultEFailed
01-01 00:21:43.853  3980  4422 E CamX    : [ERROR][CORE   ] camxsession.cpp:4059 ProcessCaptureRequest() Preview: FinalizePipeline failed pipelineIndex 0 PipelineName: Previewresult: CamxResultEFailed
01-01 00:21:43.853  3980  4422 E CamX    : [ERROR][CHI    ] camxchicontext.cpp:6889 SubmitRequest() Request 0 failed when submitting requests.
01-01 00:21:43.853  3980  4422 E CamX    : [ERROR][CHI    ] camxchi.cpp:3226 ChiSubmitPipelineRequest() Submit request failed with error 1.
01-01 00:21:43.853  3980  4422 E CHIUSECASE: [ERROR  ] chxadvancedcamerausecase.cpp:3896 ExecuteCaptureRequest() Submit request failure for session:0
01-01 00:21:43.853  3980  4422 E CHIUSECASE: [ERROR  ] chxadvancedcamerausecase.cpp:3918 ExecuteCaptureRequest() Defer thread or submit request failure for session:0
01-01 00:21:43.853  3980  4422 E CHIUSECASE: [ERROR  ] chxusecase.cpp:833 ProcessCaptureRequest() ECR Errored Out! Usecase:1 cameraId:0 in state: CamxResultEFailed
01-01 00:21:43.853  3980  4422 I CamX    : [CORE_CFG][HAL    ] camxhal3.cpp:1778 process_capture_request() logical camera id 0, frame_number 0, num_output_buffers 1, resultOut -19
01-01 00:21:43.853  3980  4422 E QCamxHAL3TestDevice: ProcessOneCaptureRequest 1406:process_capture_quest failed, frame:0
01-01 00:21:43.853  3980  4422 I QCamxHAL3TestLog: signal_handler 88:=========>>>catch signal 11 <<< from tid:4422====== 
01-01 00:21:43.853  3980  4422 I QCamxHAL3TestLog: signal_handler 103:Run cmd: cat /proc/3980/maps | grep '/usr' | grep 'r-xp' | tee /data/misc/camera/trace_3980[11].txt 
01-01 00:21:43.866  3980  4422 I QCamxHAL3TestLog: signal_handler 106:Dump stack start... 
01-01 00:21:43.866  3980  4422 I QCamxHAL3TestLog: dump 58:backtrace() returned 8 addresses 
01-01 00:21:43.866  3980  4422 I QCamxHAL3TestLog: dump 67:[00] camx-hal3-test(_ZN16QCamxHAL3TestLog4dumpEPc+0x34) [0x5583624284] 
01-01 00:21:43.870  3980  4422 I QCamxHAL3TestLog: dump 67:[01] camx-hal3-test(_ZN16QCamxHAL3TestLog14signal_handlerEi+0x1e4) [0x5583624634] 
01-01 00:21:43.873  3980  4422 I QCamxHAL3TestLog: dump 67:[02] /lib/libcamxcommonutils.so(_ZN4CamX13SignalCatcherEiP9siginfo_tPv+0x300) [0x7f7c801290] 
01-01 00:21:43.876  3980  4422 I QCamxHAL3TestLog: dump 67:[03] linux-vdso.so.1(__kernel_rt_sigreturn+0) [0x7f8022c84c] 
01-01 00:21:43.879  3980  4422 I QCamxHAL3TestLog: dump 67:[04] camx-hal3-test(_ZN19QCamxHAL3TestDevice24ProcessOneCaptureRequestEPiS0_+0xa68) [0x5583614598] 
01-01 00:21:43.882  3980  4416 I camx-hal3-test: /local/mnt/workspace/lnxbuild/project/trees_in_use/free_tree_dir/checkout/build-qti-distro-ubuntu-fullstack-perf/tmp-glibc/work/kalama-oe-linux/adsprpc/13.0-r1/adsprpc/src/apps_std_imp.c:984: Successfully opened file /dsp/cdsp/libc++.so.1
01-01 00:21:43.882  3980  4422 I QCamxHAL3TestLog: dump 67:[05] camx-hal3-test(_Z23doprocessCaptureRequestPv+0x37c) [0x5583614a9c] 
01-01 00:21:43.887  3980  4422 I QCamxHAL3TestLog: dump 67:[06] /lib/aarch64-linux-gnu/libc.so.6(+0x7d5c8) [0x7f7f0cd5c8] 
01-01 00:21:43.891  3980  4422 I QCamxHAL3TestLog: dump 67:[07] /lib/aarch64-linux-gnu/libc.so.6(+0xe5edc) [0x7f7f135edc] 
01-01 00:21:43.894  3980  4422 I QCamxHAL3TestLog: signal_handler 108:Dump stack end... 
01-01 00:21:43.894  3980  4422 I QCamxHAL3TestLog: signal_handler 113:Run cmd: ls -l /proc/3980/fd > /data/misc/camera/fd_3980[11].txt 
01-01 00:21:43.897  3980  4416 I camx-hal3-test: /local/mnt/workspace/lnxbuild/project/trees_in_use/free_tree_dir/checkout/build-qti-distro-ubuntu-fullstack-perf/tmp-glibc/work/kalama-oe-linux/adsprpc/13.0-r1/adsprpc/src/apps_std_imp.c:984: Successfully opened file /dsp/cdsp/libc++abi.so.1
01-01 00:21:43.909  3980  4422 I QCamxHAL3TestLog: signal_handler 119:Run cmd: cat /proc/3980/maps > /data/misc/camera/maps_3980[11].txt 
01-01 00:21:43.915  3980  4422 I QCamxHAL3TestLog: signal_handler 125:Run cmd: cat /proc/meminfo > /data/misc/camera/meminfo_3980[11].txt 
01-01 00:21:43.922  3980  4422 I QCamxHAL3TestLog: signal_handler 131:Run cmd: ps -T > /data/misc/camera/ps_3980[11].txt 
01-01 00:21:43.941  3980  4415 I camx-hal3-test: /local/mnt/workspace/lnxbuild/project/trees_in_use/free_tree_dir/checkout/build-qti-distro-ubuntu-fullstack-perf/tmp-glibc/work/kalama-oe-linux/adsprpc/13.0-r1/adsprpc/src/fastrpc_apps_user.c:1705: remote_handle64_open: Successfully opened handle 0x7f0c000ff0 (remote handle 0xf941b20) for file:///libbitml_nsp_v2_skel.so?bitml_nsp_v2_domains_skel_handle_invoke&_modver=1.0&_dom=cdsp on domain 3 (spawn time 0 us, load time 0 us), num of open handles: 1
01-01 00:21:43.949  3980  4422 I QCamxHAL3TestLog: signal_handler 137:Run cmd: top -b -n 1 > /data/misc/camera/top_3980[11].txt