01-01 03:09:24.012  1330  1484 I sscrpcd : /local/mnt/workspace/lnxbuild/project/trees_in_use/free_tree_dir/checkout/build-qti-distro-ubuntu-fullstack-perf/tmp-glibc/work/kalama-oe-linux/adsprpc/13.0-r1/adsprpc/src/apps_std_imp.c:984: Successfully opened file /data/persist/sensors/registry/registry/icm4x6xa_0_platform.accel.fac_cal.bias
01-01 03:09:24.012  1330  1484 I sscrpcd : /local/mnt/workspace/lnxbuild/project/trees_in_use/free_tree_dir/checkout/build-qti-distro-ubuntu-fullstack-perf/tmp-glibc/work/kalama-oe-linux/adsprpc/13.0-r1/adsprpc/src/apps_std_imp.c:984: Successfully opened file /data/persist/sensors/registry/registry/icm4x6xa_0_platform.accel.fac_cal.bias
01-01 03:09:24.013  1330  1484 I sscrpcd : /local/mnt/workspace/lnxbuild/project/trees_in_use/free_tree_dir/checkout/build-qti-distro-ubuntu-fullstack-perf/tmp-glibc/work/kalama-oe-linux/adsprpc/13.0-r1/adsprpc/src/apps_std_imp.c:984: Successfully opened file /data/persist/sensors/registry/registry/icm4x6xa_0_platform.accel.fac_cal
01-01 03:09:24.013  1330  1484 I sscrpcd : /local/mnt/workspace/lnxbuild/project/trees_in_use/free_tree_dir/checkout/build-qti-distro-ubuntu-fullstack-perf/tmp-glibc/work/kalama-oe-linux/adsprpc/13.0-r1/adsprpc/src/apps_std_imp.c:984: Successfully opened file /data/persist/sensors/registry/registry/icm4x6xa_0_platform.accel.fac_cal
01-01 03:09:24.014  1330  1484 I sscrpcd : /local/mnt/workspace/lnxbuild/project/trees_in_use/free_tree_dir/checkout/build-qti-distro-ubuntu-fullstack-perf/tmp-glibc/work/kalama-oe-linux/adsprpc/13.0-r1/adsprpc/src/apps_std_imp.c:984: Successfully opened file /data/persist/sensors/registry/registry/icm4x6xa_0_platform.accel
01-01 03:09:24.014  1330  1484 I sscrpcd : /local/mnt/workspace/lnxbuild/project/trees_in_use/free_tree_dir/checkout/build-qti-distro-ubuntu-fullstack-perf/tmp-glibc/work/kalama-oe-linux/adsprpc/13.0-r1/adsprpc/src/apps_std_imp.c:984: Successfully opened file /data/persist/sensors/registry/registry/icm4x6xa_0_platform.accel
01-01 03:09:24.015  1330  1484 I sscrpcd : /local/mnt/workspace/lnxbuild/project/trees_in_use/free_tree_dir/checkout/build-qti-distro-ubuntu-fullstack-perf/tmp-glibc/work/kalama-oe-linux/adsprpc/13.0-r1/adsprpc/src/apps_std_imp.c:984: Successfully opened file /data/persist/sensors/registry/registry/icm4x6xa_0_platform.temp.fac_cal.scale
01-01 03:09:24.015  1330  1484 I sscrpcd : /local/mnt/workspace/lnxbuild/project/trees_in_use/free_tree_dir/checkout/build-qti-distro-ubuntu-fullstack-perf/tmp-glibc/work/kalama-oe-linux/adsprpc/13.0-r1/adsprpc/src/apps_std_imp.c:984: Successfully opened file /data/persist/sensors/registry/registry/icm4x6xa_0_platform.temp.fac_cal.scale
01-01 03:09:24.016  1330  1484 I sscrpcd : /local/mnt/workspace/lnxbuild/project/trees_in_use/free_tree_dir/checkout/build-qti-distro-ubuntu-fullstack-perf/tmp-glibc/work/kalama-oe-linux/adsprpc/13.0-r1/adsprpc/src/apps_std_imp.c:984: Successfully opened file /data/persist/sensors/registry/registry/icm4x6xa_0_platform.temp.fac_cal.bias
01-01 03:09:24.016  1330  1484 I sscrpcd : /local/mnt/workspace/lnxbuild/project/trees_in_use/free_tree_dir/checkout/build-qti-distro-ubuntu-fullstack-perf/tmp-glibc/work/kalama-oe-linux/adsprpc/13.0-r1/adsprpc/src/apps_std_imp.c:984: Successfully opened file /data/persist/sensors/registry/registry/icm4x6xa_0_platform.temp.fac_cal.bias
01-01 03:09:24.017  1330  1484 I sscrpcd : /local/mnt/workspace/lnxbuild/project/trees_in_use/free_tree_dir/checkout/build-qti-distro-ubuntu-fullstack-perf/tmp-glibc/work/kalama-oe-linux/adsprpc/13.0-r1/adsprpc/src/apps_std_imp.c:984: Successfully opened file /data/persist/sensors/registry/registry/icm4x6xa_0_platform.temp.fac_cal
01-01 03:09:24.017  1330  1484 I sscrpcd : /local/mnt/workspace/lnxbuild/project/trees_in_use/free_tree_dir/checkout/build-qti-distro-ubuntu-fullstack-perf/tmp-glibc/work/kalama-oe-linux/adsprpc/13.0-r1/adsprpc/src/apps_std_imp.c:984: Successfully opened file /data/persist/sensors/registry/registry/icm4x6xa_0_platform.temp.fac_cal
01-01 03:09:24.018  1330  1484 I sscrpcd : /local/mnt/workspace/lnxbuild/project/trees_in_use/free_tree_dir/checkout/build-qti-distro-ubuntu-fullstack-perf/tmp-glibc/work/kalama-oe-linux/adsprpc/13.0-r1/adsprpc/src/apps_std_imp.c:984: Successfully opened file /data/persist/sensors/registry/registry/icm4x6xa_0_platform.temp
01-01 03:09:24.019  1330  1484 I sscrpcd : /local/mnt/workspace/lnxbuild/project/trees_in_use/free_tree_dir/checkout/build-qti-distro-ubuntu-fullstack-perf/tmp-glibc/work/kalama-oe-linux/adsprpc/13.0-r1/adsprpc/src/apps_std_imp.c:984: Successfully opened file /data/persist/sensors/registry/registry/icm4x6xa_0_platform.temp
01-01 03:09:24.019  1330  1484 I sscrpcd : /local/mnt/workspace/lnxbuild/project/trees_in_use/free_tree_dir/checkout/build-qti-distro-ubuntu-fullstack-perf/tmp-glibc/work/kalama-oe-linux/adsprpc/13.0-r1/adsprpc/src/apps_std_imp.c:984: Successfully opened file /data/persist/sensors/registry/registry/icm4x6xa_0_platform.md.config
01-01 03:09:24.020  1330  1484 I sscrpcd : /local/mnt/workspace/lnxbuild/project/trees_in_use/free_tree_dir/checkout/build-qti-distro-ubuntu-fullstack-perf/tmp-glibc/work/kalama-oe-linux/adsprpc/13.0-r1/adsprpc/src/apps_std_imp.c:984: Successfully opened file /data/persist/sensors/registry/registry/icm4x6xa_0_platform.md.config
01-01 03:09:24.020  1330  1484 I sscrpcd : /local/mnt/workspace/lnxbuild/project/trees_in_use/free_tree_dir/checkout/build-qti-distro-ubuntu-fullstack-perf/tmp-glibc/work/kalama-oe-linux/adsprpc/13.0-r1/adsprpc/src/apps_std_imp.c:984: Successfully opened file /data/persist/sensors/registry/registry/icm4x6xa_0_platform.md
01-01 03:09:24.021  1330  1484 I sscrpcd : /local/mnt/workspace/lnxbuild/project/trees_in_use/free_tree_dir/checkout/build-qti-distro-ubuntu-fullstack-perf/tmp-glibc/work/kalama-oe-linux/adsprpc/13.0-r1/adsprpc/src/apps_std_imp.c:984: Successfully opened file /data/persist/sensors/registry/registry/icm4x6xa_0_platform.md
01-01 03:09:24.022  1330  1484 I sscrpcd : /local/mnt/workspace/lnxbuild/project/trees_in_use/free_tree_dir/checkout/build-qti-distro-ubuntu-fullstack-perf/tmp-glibc/work/kalama-oe-linux/adsprpc/13.0-r1/adsprpc/src/apps_std_imp.c:984: Successfully opened file /data/persist/sensors/registry/registry/icm4x6xa_0_platform.placement
01-01 03:09:24.022  1330  1484 I sscrpcd : /local/mnt/workspace/lnxbuild/project/trees_in_use/free_tree_dir/checkout/build-qti-distro-ubuntu-fullstack-perf/tmp-glibc/work/kalama-oe-linux/adsprpc/13.0-r1/adsprpc/src/apps_std_imp.c:984: Successfully opened file /data/persist/sensors/registry/registry/icm4x6xa_0_platform.placement
01-01 03:09:24.023  1330  1484 I sscrpcd : /local/mnt/workspace/lnxbuild/project/trees_in_use/free_tree_dir/checkout/build-qti-distro-ubuntu-fullstack-perf/tmp-glibc/work/kalama-oe-linux/adsprpc/13.0-r1/adsprpc/src/apps_std_imp.c:984: Successfully opened file /data/persist/sensors/registry/registry/icm4x6xa_0_platform
01-01 03:09:24.023  1330  1484 I sscrpcd : /local/mnt/workspace/lnxbuild/project/trees_in_use/free_tree_dir/checkout/build-qti-distro-ubuntu-fullstack-perf/tmp-glibc/work/kalama-oe-linux/adsprpc/13.0-r1/adsprpc/src/apps_std_imp.c:984: Successfully opened file /data/persist/sensors/registry/registry/icm4x6xa_0_platform
01-01 03:09:24.024  1330  1484 I sscrpcd : /local/mnt/workspace/lnxbuild/project/trees_in_use/free_tree_dir/checkout/build-qti-distro-ubuntu-fullstack-perf/tmp-glibc/work/kalama-oe-linux/adsprpc/13.0-r1/adsprpc/src/apps_std_imp.c:984: Successfully opened file /data/persist/sensors/registry/registry/icm4x6xa_0.accel.config
01-01 03:09:24.025  1330  1484 I sscrpcd : /local/mnt/workspace/lnxbuild/project/trees_in_use/free_tree_dir/checkout/build-qti-distro-ubuntu-fullstack-perf/tmp-glibc/work/kalama-oe-linux/adsprpc/13.0-r1/adsprpc/src/apps_std_imp.c:984: Successfully opened file /data/persist/sensors/registry/registry/icm4x6xa_0.accel.config
01-01 03:09:24.025  1330  1484 I sscrpcd : /local/mnt/workspace/lnxbuild/project/trees_in_use/free_tree_dir/checkout/build-qti-distro-ubuntu-fullstack-perf/tmp-glibc/work/kalama-oe-linux/adsprpc/13.0-r1/adsprpc/src/apps_std_imp.c:984: Successfully opened file /data/persist/sensors/registry/registry/icm4x6xa_0.accel
01-01 03:09:24.026  1330  1484 I sscrpcd : /local/mnt/workspace/lnxbuild/project/trees_in_use/free_tree_dir/checkout/build-qti-distro-ubuntu-fullstack-perf/tmp-glibc/work/kalama-oe-linux/adsprpc/13.0-r1/adsprpc/src/apps_std_imp.c:984: Successfully opened file /data/persist/sensors/registry/registry/icm4x6xa_0.accel
01-01 03:09:24.026  1330  1484 I sscrpcd : /local/mnt/workspace/lnxbuild/project/trees_in_use/free_tree_dir/checkout/build-qti-distro-ubuntu-fullstack-perf/tmp-glibc/work/kalama-oe-linux/adsprpc/13.0-r1/adsprpc/src/apps_std_imp.c:984: Successfully opened file /data/persist/sensors/registry/registry/icm4x6xa_0.gyro.config
01-01 03:09:24.027  1330  1484 I sscrpcd : /local/mnt/workspace/lnxbuild/project/trees_in_use/free_tree_dir/checkout/build-qti-distro-ubuntu-fullstack-perf/tmp-glibc/work/kalama-oe-linux/adsprpc/13.0-r1/adsprpc/src/apps_std_imp.c:984: Successfully opened file /data/persist/sensors/registry/registry/icm4x6xa_0.gyro.config
01-01 03:09:24.027  1330  1484 I sscrpcd : /local/mnt/workspace/lnxbuild/project/trees_in_use/free_tree_dir/checkout/build-qti-distro-ubuntu-fullstack-perf/tmp-glibc/work/kalama-oe-linux/adsprpc/13.0-r1/adsprpc/src/apps_std_imp.c:984: Successfully opened file /data/persist/sensors/registry/registry/icm4x6xa_0.gyro
01-01 03:09:24.028  1330  1484 I sscrpcd : /local/mnt/workspace/lnxbuild/project/trees_in_use/free_tree_dir/checkout/build-qti-distro-ubuntu-fullstack-perf/tmp-glibc/work/kalama-oe-linux/adsprpc/13.0-r1/adsprpc/src/apps_std_imp.c:984: Successfully opened file /data/persist/sensors/registry/registry/icm4x6xa_0.gyro
01-01 03:09:24.029  1330  1484 I sscrpcd : /local/mnt/workspace/lnxbuild/project/trees_in_use/free_tree_dir/checkout/build-qti-distro-ubuntu-fullstack-perf/tmp-glibc/work/kalama-oe-linux/adsprpc/13.0-r1/adsprpc/src/apps_std_imp.c:984: Successfully opened file /data/persist/sensors/registry/registry/icm4x6xa_0.md.config
01-01 03:09:24.029  1330  1484 I sscrpcd : /local/mnt/workspace/lnxbuild/project/trees_in_use/free_tree_dir/checkout/build-qti-distro-ubuntu-fullstack-perf/tmp-glibc/work/kalama-oe-linux/adsprpc/13.0-r1/adsprpc/src/apps_std_imp.c:984: Successfully opened file /data/persist/sensors/registry/registry/icm4x6xa_0.md.config
01-01 03:09:24.030  1330  1484 I sscrpcd : /local/mnt/workspace/lnxbuild/project/trees_in_use/free_tree_dir/checkout/build-qti-distro-ubuntu-fullstack-perf/tmp-glibc/work/kalama-oe-linux/adsprpc/13.0-r1/adsprpc/src/apps_std_imp.c:984: Successfully opened file /data/persist/sensors/registry/registry/icm4x6xa_0.md
01-01 03:09:24.030  1330  1484 I sscrpcd : /local/mnt/workspace/lnxbuild/project/trees_in_use/free_tree_dir/checkout/build-qti-distro-ubuntu-fullstack-perf/tmp-glibc/work/kalama-oe-linux/adsprpc/13.0-r1/adsprpc/src/apps_std_imp.c:984: Successfully opened file /data/persist/sensors/registry/registry/icm4x6xa_0.md
01-01 03:09:24.031  1330  1484 I sscrpcd : /local/mnt/workspace/lnxbuild/project/trees_in_use/free_tree_dir/checkout/build-qti-distro-ubuntu-fullstack-perf/tmp-glibc/work/kalama-oe-linux/adsprpc/13.0-r1/adsprpc/src/apps_std_imp.c:984: Successfully opened file /data/persist/sensors/registry/registry/icm4x6xa_0.freefall.config
01-01 03:09:24.032  1330  1484 I sscrpcd : /local/mnt/workspace/lnxbuild/project/trees_in_use/free_tree_dir/checkout/build-qti-distro-ubuntu-fullstack-perf/tmp-glibc/work/kalama-oe-linux/adsprpc/13.0-r1/adsprpc/src/apps_std_imp.c:984: Successfully opened file /data/persist/sensors/registry/registry/icm4x6xa_0.freefall.config
01-01 03:09:24.035  1330  1484 I sscrpcd : /local/mnt/workspace/lnxbuild/project/trees_in_use/free_tree_dir/checkout/build-qti-distro-ubuntu-fullstack-perf/tmp-glibc/work/kalama-oe-linux/adsprpc/13.0-r1/adsprpc/src/apps_std_imp.c:984: Successfully opened file /data/persist/sensors/registry/registry/icm4x6xa_0.freefall
01-01 03:09:24.035  1330  1484 I sscrpcd : /local/mnt/workspace/lnxbuild/project/trees_in_use/free_tree_dir/checkout/build-qti-distro-ubuntu-fullstack-perf/tmp-glibc/work/kalama-oe-linux/adsprpc/13.0-r1/adsprpc/src/apps_std_imp.c:984: Successfully opened file /data/persist/sensors/registry/registry/icm4x6xa_0.freefall
01-01 03:09:24.036  1330  1484 I sscrpcd : /local/mnt/workspace/lnxbuild/project/trees_in_use/free_tree_dir/checkout/build-qti-distro-ubuntu-fullstack-perf/tmp-glibc/work/kalama-oe-linux/adsprpc/13.0-r1/adsprpc/src/apps_std_imp.c:984: Successfully opened file /data/persist/sensors/registry/registry/icm4x6xa_0.temp.config
01-01 03:09:24.036  1330  1484 I sscrpcd : /local/mnt/workspace/lnxbuild/project/trees_in_use/free_tree_dir/checkout/build-qti-distro-ubuntu-fullstack-perf/tmp-glibc/work/kalama-oe-linux/adsprpc/13.0-r1/adsprpc/src/apps_std_imp.c:984: Successfully opened file /data/persist/sensors/registry/registry/icm4x6xa_0.temp.config
01-01 03:09:24.038  1330  1484 I sscrpcd : /local/mnt/workspace/lnxbuild/project/trees_in_use/free_tree_dir/checkout/build-qti-distro-ubuntu-fullstack-perf/tmp-glibc/work/kalama-oe-linux/adsprpc/13.0-r1/adsprpc/src/apps_std_imp.c:984: Successfully opened file /data/persist/sensors/registry/registry/icm4x6xa_0.temp
01-01 03:09:24.039  1330  1484 I sscrpcd : /local/mnt/workspace/lnxbuild/project/trees_in_use/free_tree_dir/checkout/build-qti-distro-ubuntu-fullstack-perf/tmp-glibc/work/kalama-oe-linux/adsprpc/13.0-r1/adsprpc/src/apps_std_imp.c:984: Successfully opened file /data/persist/sensors/registry/registry/icm4x6xa_0.temp
01-01 03:09:24.040  1330  1484 I sscrpcd : /local/mnt/workspace/lnxbuild/project/trees_in_use/free_tree_dir/checkout/build-qti-distro-ubuntu-fullstack-perf/tmp-glibc/work/kalama-oe-linux/adsprpc/13.0-r1/adsprpc/src/apps_std_imp.c:984: Successfully opened file /data/persist/sensors/registry/registry/icm4x6xa_0
01-01 03:09:24.040  1330  1484 I sscrpcd : /local/mnt/workspace/lnxbuild/project/trees_in_use/free_tree_dir/checkout/build-qti-distro-ubuntu-fullstack-perf/tmp-glibc/work/kalama-oe-linux/adsprpc/13.0-r1/adsprpc/src/apps_std_imp.c:984: Successfully opened file /data/persist/sensors/registry/registry/icm4x6xa_0
01-01 03:09:24.042  1330  1484 I sscrpcd : /local/mnt/workspace/lnxbuild/project/trees_in_use/free_tree_dir/checkout/build-qti-distro-ubuntu-fullstack-perf/tmp-glibc/work/kalama-oe-linux/adsprpc/13.0-r1/adsprpc/src/apps_std_imp.c:984: Successfully opened file /data/persist/sensors/registry/registry/sns_amd
01-01 03:09:24.043  1330  1484 I sscrpcd : /local/mnt/workspace/lnxbuild/project/trees_in_use/free_tree_dir/checkout/build-qti-distro-ubuntu-fullstack-perf/tmp-glibc/work/kalama-oe-linux/adsprpc/13.0-r1/adsprpc/src/apps_std_imp.c:984: Successfully opened file /data/persist/sensors/registry/registry/sns_amd
01-01 03:09:24.045  1330  1484 I sscrpcd : /local/mnt/workspace/lnxbuild/project/trees_in_use/free_tree_dir/checkout/build-qti-distro-ubuntu-fullstack-perf/tmp-glibc/work/kalama-oe-linux/adsprpc/13.0-r1/adsprpc/src/apps_std_imp.c:984: Successfully opened file /data/persist/sensors/registry/registry/bma4_0_platform.config
01-01 03:09:24.045  1330  1484 I sscrpcd : /local/mnt/workspace/lnxbuild/project/trees_in_use/free_tree_dir/checkout/build-qti-distro-ubuntu-fullstack-perf/tmp-glibc/work/kalama-oe-linux/adsprpc/13.0-r1/adsprpc/src/apps_std_imp.c:984: Successfully opened file /data/persist/sensors/registry/registry/bma4_0_platform.config
01-01 03:09:24.046  1330  1484 I sscrpcd : /local/mnt/workspace/lnxbuild/project/trees_in_use/free_tree_dir/checkout/build-qti-distro-ubuntu-fullstack-perf/tmp-glibc/work/kalama-oe-linux/adsprpc/13.0-r1/adsprpc/src/apps_std_imp.c:984: Successfully opened file /data/persist/sensors/registry/registry/bma4_0_platform.orient
01-01 03:09:24.046  1330  1484 I sscrpcd : /local/mnt/workspace/lnxbuild/project/trees_in_use/free_tree_dir/checkout/build-qti-distro-ubuntu-fullstack-perf/tmp-glibc/work/kalama-oe-linux/adsprpc/13.0-r1/adsprpc/src/apps_std_imp.c:984: Successfully opened file /data/persist/sensors/registry/registry/bma4_0_platform.orient
01-01 03:09:24.047  1330  1484 I sscrpcd : /local/mnt/workspace/lnxbuild/project/trees_in_use/free_tree_dir/checkout/build-qti-distro-ubuntu-fullstack-perf/tmp-glibc/work/kalama-oe-linux/adsprpc/13.0-r1/adsprpc/src/apps_std_imp.c:984: Successfully opened file /data/persist/sensors/registry/registry/bma4_0_platform.accel.fac_cal.corr_mat
01-01 03:09:24.047  1330  1484 I sscrpcd : /local/mnt/workspace/lnxbuild/project/trees_in_use/free_tree_dir/checkout/build-qti-distro-ubuntu-fullstack-perf/tmp-glibc/work/kalama-oe-linux/adsprpc/13.0-r1/adsprpc/src/apps_std_imp.c:984: Successfully opened file /data/persist/sensors/registry/registry/bma4_0_platform.accel.fac_cal.corr_mat
01-01 03:09:24.048  1330  1484 I sscrpcd : /local/mnt/workspace/lnxbuild/project/trees_in_use/free_tree_dir/checkout/build-qti-distro-ubuntu-fullstack-perf/tmp-glibc/work/kalama-oe-linux/adsprpc/13.0-r1/adsprpc/src/apps_std_imp.c:984: Successfully opened file /data/persist/sensors/registry/registry/bma4_0_platform.accel.fac_cal.bias
01-01 03:09:24.049  1330  1484 I sscrpcd : /local/mnt/workspace/lnxbuild/project/trees_in_use/free_tree_dir/checkout/build-qti-distro-ubuntu-fullstack-perf/tmp-glibc/work/kalama-oe-linux/adsprpc/13.0-r1/adsprpc/src/apps_std_imp.c:984: Successfully opened file /data/persist/sensors/registry/registry/bma4_0_platform.accel.fac_cal.bias
01-01 03:09:24.050  1330  1484 I sscrpcd : /local/mnt/workspace/lnxbuild/project/trees_in_use/free_tree_dir/checkout/build-qti-distro-ubuntu-fullstack-perf/tmp-glibc/work/kalama-oe-linux/adsprpc/13.0-r1/adsprpc/src/apps_std_imp.c:984: Successfully opened file /data/persist/sensors/registry/registry/bma4_0_platform.accel.fac_cal
01-01 03:09:24.050  1330  1484 I sscrpcd : /local/mnt/workspace/lnxbuild/project/trees_in_use/free_tree_dir/checkout/build-qti-distro-ubuntu-fullstack-perf/tmp-glibc/work/kalama-oe-linux/adsprpc/13.0-r1/adsprpc/src/apps_std_imp.c:984: Successfully opened file /data/persist/sensors/registry/registry/bma4_0_platform.accel.fac_cal
01-01 03:09:24.051  1330  1484 I sscrpcd : /local/mnt/workspace/lnxbuild/project/trees_in_use/free_tree_dir/checkout/build-qti-distro-ubuntu-fullstack-perf/tmp-glibc/work/kalama-oe-linux/adsprpc/13.0-r1/adsprpc/src/apps_std_imp.c:984: Successfully opened file /data/persist/sensors/registry/registry/bma4_0_platform.accel
01-01 03:09:24.051  1330  1484 I sscrpcd : /local/mnt/workspace/lnxbuild/project/trees_in_use/free_tree_dir/checkout/build-qti-distro-ubuntu-fullstack-perf/tmp-glibc/work/kalama-oe-linux/adsprpc/13.0-r1/adsprpc/src/apps_std_imp.c:984: Successfully opened file /data/persist/sensors/registry/registry/bma4_0_platform.accel
01-01 03:09:24.052  1330  1484 I sscrpcd : /local/mnt/workspace/lnxbuild/project/trees_in_use/free_tree_dir/checkout/build-qti-distro-ubuntu-fullstack-perf/tmp-glibc/work/kalama-oe-linux/adsprpc/13.0-r1/adsprpc/src/apps_std_imp.c:984: Successfully opened file /data/persist/sensors/registry/registry/bma4_0_platform.temp.fac_cal.scale
01-01 03:09:24.053  1330  1484 I sscrpcd : /local/mnt/workspace/lnxbuild/project/trees_in_use/free_tree_dir/checkout/build-qti-distro-ubuntu-fullstack-perf/tmp-glibc/work/kalama-oe-linux/adsprpc/13.0-r1/adsprpc/src/apps_std_imp.c:984: Successfully opened file /data/persist/sensors/registry/registry/bma4_0_platform.temp.fac_cal.scale
01-01 03:09:24.054  1330  1484 I sscrpcd : /local/mnt/workspace/lnxbuild/project/trees_in_use/free_tree_dir/checkout/build-qti-distro-ubuntu-fullstack-perf/tmp-glibc/work/kalama-oe-linux/adsprpc/13.0-r1/adsprpc/src/apps_std_imp.c:984: Successfully opened file /data/persist/sensors/registry/registry/bma4_0_platform.temp.fac_cal.bias
01-01 03:09:24.054  1330  1484 I sscrpcd : /local/mnt/workspace/lnxbuild/project/trees_in_use/free_tree_dir/checkout/build-qti-distro-ubuntu-fullstack-perf/tmp-glibc/work/kalama-oe-linux/adsprpc/13.0-r1/adsprpc/src/apps_std_imp.c:984: Successfully opened file /data/persist/sensors/registry/registry/bma4_0_platform.temp.fac_cal.bias
01-01 03:09:24.055  1330  1484 I sscrpcd : /local/mnt/workspace/lnxbuild/project/trees_in_use/free_tree_dir/checkout/build-qti-distro-ubuntu-fullstack-perf/tmp-glibc/work/kalama-oe-linux/adsprpc/13.0-r1/adsprpc/src/apps_std_imp.c:984: Successfully opened file /data/persist/sensors/registry/registry/bma4_0_platform.temp.fac_cal
01-01 03:09:24.055  1330  1484 I sscrpcd : /local/mnt/workspace/lnxbuild/project/trees_in_use/free_tree_dir/checkout/build-qti-distro-ubuntu-fullstack-perf/tmp-glibc/work/kalama-oe-linux/adsprpc/13.0-r1/adsprpc/src/apps_std_imp.c:984: Successfully opened file /data/persist/sensors/registry/registry/bma4_0_platform.temp.fac_cal
01-01 03:09:24.056  1330  1484 I sscrpcd : /local/mnt/workspace/lnxbuild/project/trees_in_use/free_tree_dir/checkout/build-qti-distro-ubuntu-fullstack-perf/tmp-glibc/work/kalama-oe-linux/adsprpc/13.0-r1/adsprpc/src/apps_std_imp.c:984: Successfully opened file /data/persist/sensors/registry/registry/bma4_0_platform.temp
01-01 03:09:24.056  1330  1484 I sscrpcd : /local/mnt/workspace/lnxbuild/project/trees_in_use/free_tree_dir/checkout/build-qti-distro-ubuntu-fullstack-perf/tmp-glibc/work/kalama-oe-linux/adsprpc/13.0-r1/adsprpc/src/apps_std_imp.c:984: Successfully opened file /data/persist/sensors/registry/registry/bma4_0_platform.temp
01-01 03:09:24.057  1330  1484 I sscrpcd : /local/mnt/workspace/lnxbuild/project/trees_in_use/free_tree_dir/checkout/build-qti-distro-ubuntu-fullstack-perf/tmp-glibc/work/kalama-oe-linux/adsprpc/13.0-r1/adsprpc/src/apps_std_imp.c:984: Successfully opened file /data/persist/sensors/registry/registry/bma4_0_platform.md.config
01-01 03:09:24.057  1330  1484 I sscrpcd : /local/mnt/workspace/lnxbuild/project/trees_in_use/free_tree_dir/checkout/build-qti-distro-ubuntu-fullstack-perf/tmp-glibc/work/kalama-oe-linux/adsprpc/13.0-r1/adsprpc/src/apps_std_imp.c:984: Successfully opened file /data/persist/sensors/registry/registry/bma4_0_platform.md.config
01-01 03:09:24.058  1330  1484 I sscrpcd : /local/mnt/workspace/lnxbuild/project/trees_in_use/free_tree_dir/checkout/build-qti-distro-ubuntu-fullstack-perf/tmp-glibc/work/kalama-oe-linux/adsprpc/13.0-r1/adsprpc/src/apps_std_imp.c:984: Successfully opened file /data/persist/sensors/registry/registry/bma4_0_platform.md
01-01 03:09:24.059  1330  1484 I sscrpcd : /local/mnt/workspace/lnxbuild/project/trees_in_use/free_tree_dir/checkout/build-qti-distro-ubuntu-fullstack-perf/tmp-glibc/work/kalama-oe-linux/adsprpc/13.0-r1/adsprpc/src/apps_std_imp.c:984: Successfully opened file /data/persist/sensors/registry/registry/bma4_0_platform.md
01-01 03:09:24.060  1330  1484 I sscrpcd : /local/mnt/workspace/lnxbuild/project/trees_in_use/free_tree_dir/checkout/build-qti-distro-ubuntu-fullstack-perf/tmp-glibc/work/kalama-oe-linux/adsprpc/13.0-r1/adsprpc/src/apps_std_imp.c:984: Successfully opened file /data/persist/sensors/registry/registry/bma4_0_platform.placement
01-01 03:09:24.060  1330  1484 I sscrpcd : /local/mnt/workspace/lnxbuild/project/trees_in_use/free_tree_dir/checkout/build-qti-distro-ubuntu-fullstack-perf/tmp-glibc/work/kalama-oe-linux/adsprpc/13.0-r1/adsprpc/src/apps_std_imp.c:984: Successfully opened file /data/persist/sensors/registry/registry/bma4_0_platform.placement
01-01 03:09:24.063  1330  1484 I sscrpcd : /local/mnt/workspace/lnxbuild/project/trees_in_use/free_tree_dir/checkout/build-qti-distro-ubuntu-fullstack-perf/tmp-glibc/work/kalama-oe-linux/adsprpc/13.0-r1/adsprpc/src/apps_std_imp.c:984: Successfully opened file /data/persist/sensors/registry/registry/bma4_0_platform
01-01 03:09:24.063  1330  1484 I sscrpcd : /local/mnt/workspace/lnxbuild/project/trees_in_use/free_tree_dir/checkout/build-qti-distro-ubuntu-fullstack-perf/tmp-glibc/work/kalama-oe-linux/adsprpc/13.0-r1/adsprpc/src/apps_std_imp.c:984: Successfully opened file /data/persist/sensors/registry/registry/bma4_0_platform
01-01 03:09:24.065  1330  1484 I sscrpcd : /local/mnt/workspace/lnxbuild/project/trees_in_use/free_tree_dir/checkout/build-qti-distro-ubuntu-fullstack-perf/tmp-glibc/work/kalama-oe-linux/adsprpc/13.0-r1/adsprpc/src/apps_std_imp.c:984: Successfully opened file /data/persist/sensors/registry/registry/bma4_0.accel.config
01-01 03:09:24.066  1330  1484 I sscrpcd : /local/mnt/workspace/lnxbuild/project/trees_in_use/free_tree_dir/checkout/build-qti-distro-ubuntu-fullstack-perf/tmp-glibc/work/kalama-oe-linux/adsprpc/13.0-r1/adsprpc/src/apps_std_imp.c:984: Successfully opened file /data/persist/sensors/registry/registry/bma4_0.accel.config
01-01 03:09:24.067  1330  1484 I sscrpcd : /local/mnt/workspace/lnxbuild/project/trees_in_use/free_tree_dir/checkout/build-qti-distro-ubuntu-fullstack-perf/tmp-glibc/work/kalama-oe-linux/adsprpc/13.0-r1/adsprpc/src/apps_std_imp.c:984: Successfully opened file /data/persist/sensors/registry/registry/bma4_0.accel
01-01 03:09:24.067  1330  1484 I sscrpcd : /local/mnt/workspace/lnxbuild/project/trees_in_use/free_tree_dir/checkout/build-qti-distro-ubuntu-fullstack-perf/tmp-glibc/work/kalama-oe-linux/adsprpc/13.0-r1/adsprpc/src/apps_std_imp.c:984: Successfully opened file /data/persist/sensors/registry/registry/bma4_0.accel
01-01 03:09:24.088  1330  1484 I sscrpcd : /local/mnt/workspace/lnxbuild/project/trees_in_use/free_tree_dir/checkout/build-qti-distro-ubuntu-fullstack-perf/tmp-glibc/work/kalama-oe-linux/adsprpc/13.0-r1/adsprpc/src/apps_std_imp.c:984: Successfully opened file /data/persist/sensors/registry/registry/bma4_0.md.config
01-01 03:09:24.088  1330  1484 I sscrpcd : /local/mnt/workspace/lnxbuild/project/trees_in_use/free_tree_dir/checkout/build-qti-distro-ubuntu-fullstack-perf/tmp-glibc/work/kalama-oe-linux/adsprpc/13.0-r1/adsprpc/src/apps_std_imp.c:984: Successfully opened file /data/persist/sensors/registry/registry/bma4_0.md.config
01-01 03:09:24.089  1330  1484 I sscrpcd : /local/mnt/workspace/lnxbuild/project/trees_in_use/free_tree_dir/checkout/build-qti-distro-ubuntu-fullstack-perf/tmp-glibc/work/kalama-oe-linux/adsprpc/13.0-r1/adsprpc/src/apps_std_imp.c:984: Successfully opened file /data/persist/sensors/registry/registry/bma4_0.md
01-01 03:09:24.089  1330  1484 I sscrpcd : /local/mnt/workspace/lnxbuild/project/trees_in_use/free_tree_dir/checkout/build-qti-distro-ubuntu-fullstack-perf/tmp-glibc/work/kalama-oe-linux/adsprpc/13.0-r1/adsprpc/src/apps_std_imp.c:984: Successfully opened file /data/persist/sensors/registry/registry/bma4_0.md
01-01 03:09:24.090  1330  1484 I sscrpcd : /local/mnt/workspace/lnxbuild/project/trees_in_use/free_tree_dir/checkout/build-qti-distro-ubuntu-fullstack-perf/tmp-glibc/work/kalama-oe-linux/adsprpc/13.0-r1/adsprpc/src/apps_std_imp.c:984: Successfully opened file /data/persist/sensors/registry/registry/bma4_0.temp.config
01-01 03:09:24.091  1330  1484 I sscrpcd : /local/mnt/workspace/lnxbuild/project/trees_in_use/free_tree_dir/checkout/build-qti-distro-ubuntu-fullstack-perf/tmp-glibc/work/kalama-oe-linux/adsprpc/13.0-r1/adsprpc/src/apps_std_imp.c:984: Successfully opened file /data/persist/sensors/registry/registry/bma4_0.temp.config
01-01 03:09:24.092  1330  1484 I sscrpcd : /local/mnt/workspace/lnxbuild/project/trees_in_use/free_tree_dir/checkout/build-qti-distro-ubuntu-fullstack-perf/tmp-glibc/work/kalama-oe-linux/adsprpc/13.0-r1/adsprpc/src/apps_std_imp.c:984: Successfully opened file /data/persist/sensors/registry/registry/bma4_0.temp
01-01 03:09:24.092  1330  1484 I sscrpcd : /local/mnt/workspace/lnxbuild/project/trees_in_use/free_tree_dir/checkout/build-qti-distro-ubuntu-fullstack-perf/tmp-glibc/work/kalama-oe-linux/adsprpc/13.0-r1/adsprpc/src/apps_std_imp.c:984: Successfully opened file /data/persist/sensors/registry/registry/bma4_0.temp
01-01 03:09:24.092  1330  1484 I sscrpcd : /local/mnt/workspace/lnxbuild/project/trees_in_use/free_tree_dir/checkout/build-qti-distro-ubuntu-fullstack-perf/tmp-glibc/work/kalama-oe-linux/adsprpc/13.0-r1/adsprpc/src/apps_std_imp.c:984: Successfully opened file /data/persist/sensors/registry/registry/bma4_0
01-01 03:09:24.093  1330  1484 I sscrpcd : /local/mnt/workspace/lnxbuild/project/trees_in_use/free_tree_dir/checkout/build-qti-distro-ubuntu-fullstack-perf/tmp-glibc/work/kalama-oe-linux/adsprpc/13.0-r1/adsprpc/src/apps_std_imp.c:984: Successfully opened file /data/persist/sensors/registry/registry/bma4_0
01-01 03:09:24.093  1330  1484 I sscrpcd : /local/mnt/workspace/lnxbuild/project/trees_in_use/free_tree_dir/checkout/build-qti-distro-ubuntu-fullstack-perf/tmp-glibc/work/kalama-oe-linux/adsprpc/13.0-r1/adsprpc/src/apps_std_imp.c:984: Successfully opened file /data/persist/sensors/registry/registry/bmg160_0_platform.config
01-01 03:09:24.094  1330  1484 I sscrpcd : /local/mnt/workspace/lnxbuild/project/trees_in_use/free_tree_dir/checkout/build-qti-distro-ubuntu-fullstack-perf/tmp-glibc/work/kalama-oe-linux/adsprpc/13.0-r1/adsprpc/src/apps_std_imp.c:984: Successfully opened file /data/persist/sensors/registry/registry/bmg160_0_platform.config
01-01 03:09:24.095  1330  1484 I sscrpcd : /local/mnt/workspace/lnxbuild/project/trees_in_use/free_tree_dir/checkout/build-qti-distro-ubuntu-fullstack-perf/tmp-glibc/work/kalama-oe-linux/adsprpc/13.0-r1/adsprpc/src/apps_std_imp.c:984: Successfully opened file /data/persist/sensors/registry/registry/bmg160_0_platform.orient
01-01 03:09:24.095  1330  1484 I sscrpcd : /local/mnt/workspace/lnxbuild/project/trees_in_use/free_tree_dir/checkout/build-qti-distro-ubuntu-fullstack-perf/tmp-glibc/work/kalama-oe-linux/adsprpc/13.0-r1/adsprpc/src/apps_std_imp.c:984: Successfully opened file /data/persist/sensors/registry/registry/bmg160_0_platform.orient
01-01 03:09:24.096  1330  1484 I sscrpcd : /local/mnt/workspace/lnxbuild/project/trees_in_use/free_tree_dir/checkout/build-qti-distro-ubuntu-fullstack-perf/tmp-glibc/work/kalama-oe-linux/adsprpc/13.0-r1/adsprpc/src/apps_std_imp.c:984: Successfully opened file /data/persist/sensors/registry/registry/bmg160_0_platform.gyro.fac_cal.corr_mat
01-01 03:09:24.113  1330  1484 I sscrpcd : /local/mnt/workspace/lnxbuild/project/trees_in_use/free_tree_dir/checkout/build-qti-distro-ubuntu-fullstack-perf/tmp-glibc/work/kalama-oe-linux/adsprpc/13.0-r1/adsprpc/src/apps_std_imp.c:984: Successfully opened file /data/persist/sensors/registry/registry/bmg160_0_platform.gyro.fac_cal.corr_mat
01-01 03:09:24.113  1514  1514 E qwes    : Failed to stat /etc/sec_channel.rc
01-01 03:09:24.114  1514  1514 V SmcInvoke_TZCom: TZCom_getRootEnvObject calling getSelfCreds
01-01 03:09:24.114  1514  1514 V SmcInvoke_TZCom: TZCom_getRootEnvObject calling CIO_open
01-01 03:09:24.114  1514  1514 V SmcInvoke_TZCom: TZCom_getRootEnvObject calling IClientEnv_registerAsClient
01-01 03:09:24.114  1514  1514 V SmcInvoke_TZCom: TZCom_getRootEnvObject return, ret=0
01-01 03:09:24.115  1330  1484 I sscrpcd : /local/mnt/workspace/lnxbuild/project/trees_in_use/free_tree_dir/checkout/build-qti-distro-ubuntu-fullstack-perf/tmp-glibc/work/kalama-oe-linux/adsprpc/13.0-r1/adsprpc/src/apps_std_imp.c:984: Successfully opened file /data/persist/sensors/registry/registry/bmg160_0_platform.gyro.fac_cal.bias
01-01 03:09:24.116  1330  1484 I sscrpcd : /local/mnt/workspace/lnxbuild/project/trees_in_use/free_tree_dir/checkout/build-qti-distro-ubuntu-fullstack-perf/tmp-glibc/work/kalama-oe-linux/adsprpc/13.0-r1/adsprpc/src/apps_std_imp.c:984: Successfully opened file /data/persist/sensors/registry/registry/bmg160_0_platform.gyro.fac_cal.bias
01-01 03:09:24.117  1330  1484 I sscrpcd : /local/mnt/workspace/lnxbuild/project/trees_in_use/free_tree_dir/checkout/build-qti-distro-ubuntu-fullstack-perf/tmp-glibc/work/kalama-oe-linux/adsprpc/13.0-r1/adsprpc/src/apps_std_imp.c:984: Successfully opened file /data/persist/sensors/registry/registry/bmg160_0_platform.gyro.fac_cal
01-01 03:09:24.117  1330  1484 I sscrpcd : /local/mnt/workspace/lnxbuild/project/trees_in_use/free_tree_dir/checkout/build-qti-distro-ubuntu-fullstack-perf/tmp-glibc/work/kalama-oe-linux/adsprpc/13.0-r1/adsprpc/src/apps_std_imp.c:984: Successfully opened file /data/persist/sensors/registry/registry/bmg160_0_platform.gyro.fac_cal
01-01 03:09:24.133  1330  1484 I sscrpcd : /local/mnt/workspace/lnxbuild/project/trees_in_use/free_tree_dir/checkout/build-qti-distro-ubuntu-fullstack-perf/tmp-glibc/work/kalama-oe-linux/adsprpc/13.0-r1/adsprpc/src/apps_std_imp.c:984: Successfully opened file /data/persist/sensors/registry/registry/bmg160_0_platform.gyro
01-01 03:09:24.133  1330  1484 I sscrpcd : /local/mnt/workspace/lnxbuild/project/trees_in_use/free_tree_dir/checkout/build-qti-distro-ubuntu-fullstack-perf/tmp-glibc/work/kalama-oe-linux/adsprpc/13.0-r1/adsprpc/src/apps_std_imp.c:984: Successfully opened file /data/persist/sensors/registry/registry/bmg160_0_platform.gyro
01-01 03:09:24.135  1330  1484 I sscrpcd : /local/mnt/workspace/lnxbuild/project/trees_in_use/free_tree_dir/checkout/build-qti-distro-ubuntu-fullstack-perf/tmp-glibc/work/kalama-oe-linux/adsprpc/13.0-r1/adsprpc/src/apps_std_imp.c:984: Successfully opened file /data/persist/sensors/registry/registry/bmg160_0_platform.temp.fac_cal.scale
01-01 03:09:24.135  1330  1484 I sscrpcd : /local/mnt/workspace/lnxbuild/project/trees_in_use/free_tree_dir/checkout/build-qti-distro-ubuntu-fullstack-perf/tmp-glibc/work/kalama-oe-linux/adsprpc/13.0-r1/adsprpc/src/apps_std_imp.c:984: Successfully opened file /data/persist/sensors/registry/registry/bmg160_0_platform.temp.fac_cal.scale
01-01 03:09:24.136  1330  1484 I sscrpcd : /local/mnt/workspace/lnxbuild/project/trees_in_use/free_tree_dir/checkout/build-qti-distro-ubuntu-fullstack-perf/tmp-glibc/work/kalama-oe-linux/adsprpc/13.0-r1/adsprpc/src/apps_std_imp.c:984: Successfully opened file /data/persist/sensors/registry/registry/bmg160_0_platform.temp.fac_cal.bias
01-01 03:09:24.136  1330  1484 I sscrpcd : /local/mnt/workspace/lnxbuild/project/trees_in_use/free_tree_dir/checkout/build-qti-distro-ubuntu-fullstack-perf/tmp-glibc/work/kalama-oe-linux/adsprpc/13.0-r1/adsprpc/src/apps_std_imp.c:984: Successfully opened file /data/persist/sensors/registry/registry/bmg160_0_platform.temp.fac_cal.bias
01-01 03:09:24.137  1330  1484 I sscrpcd : /local/mnt/workspace/lnxbuild/project/trees_in_use/free_tree_dir/checkout/build-qti-distro-ubuntu-fullstack-perf/tmp-glibc/work/kalama-oe-linux/adsprpc/13.0-r1/adsprpc/src/apps_std_imp.c:984: Successfully opened file /data/persist/sensors/registry/registry/bmg160_0_platform.temp.fac_cal
01-01 03:09:24.137  1330  1484 I sscrpcd : /local/mnt/workspace/lnxbuild/project/trees_in_use/free_tree_dir/checkout/build-qti-distro-ubuntu-fullstack-perf/tmp-glibc/work/kalama-oe-linux/adsprpc/13.0-r1/adsprpc/src/apps_std_imp.c:984: Successfully opened file /data/persist/sensors/registry/registry/bmg160_0_platform.temp.fac_cal
01-01 03:09:24.138  1330  1484 I sscrpcd : /local/mnt/workspace/lnxbuild/project/trees_in_use/free_tree_dir/checkout/build-qti-distro-ubuntu-fullstack-perf/tmp-glibc/work/kalama-oe-linux/adsprpc/13.0-r1/adsprpc/src/apps_std_imp.c:984: Successfully opened file /data/persist/sensors/registry/registry/bmg160_0_platform.temp
01-01 03:09:24.138  1330  1484 I sscrpcd : /local/mnt/workspace/lnxbuild/project/trees_in_use/free_tree_dir/checkout/build-qti-distro-ubuntu-fullstack-perf/tmp-glibc/work/kalama-oe-linux/adsprpc/13.0-r1/adsprpc/src/apps_std_imp.c:984: Successfully opened file /data/persist/sensors/registry/registry/bmg160_0_platform.temp
01-01 03:09:24.139  1330  1484 I sscrpcd : /local/mnt/workspace/lnxbuild/project/trees_in_use/free_tree_dir/checkout/build-qti-distro-ubuntu-fullstack-perf/tmp-glibc/work/kalama-oe-linux/adsprpc/13.0-r1/adsprpc/src/apps_std_imp.c:984: Successfully opened file /data/persist/sensors/registry/registry/bmg160_0_platform.placement
01-01 03:09:24.139  1330  1484 I sscrpcd : /local/mnt/workspace/lnxbuild/project/trees_in_use/free_tree_dir/checkout/build-qti-distro-ubuntu-fullstack-perf/tmp-glibc/work/kalama-oe-linux/adsprpc/13.0-r1/adsprpc/src/apps_std_imp.c:984: Successfully opened file /data/persist/sensors/registry/registry/bmg160_0_platform.placement
01-01 03:09:24.140  1330  1484 I sscrpcd : /local/mnt/workspace/lnxbuild/project/trees_in_use/free_tree_dir/checkout/build-qti-distro-ubuntu-fullstack-perf/tmp-glibc/work/kalama-oe-linux/adsprpc/13.0-r1/adsprpc/src/apps_std_imp.c:984: Successfully opened file /data/persist/sensors/registry/registry/bmg160_0_platform
01-01 03:09:24.140  1330  1484 I sscrpcd : /local/mnt/workspace/lnxbuild/project/trees_in_use/free_tree_dir/checkout/build-qti-distro-ubuntu-fullstack-perf/tmp-glibc/work/kalama-oe-linux/adsprpc/13.0-r1/adsprpc/src/apps_std_imp.c:984: Successfully opened file /data/persist/sensors/registry/registry/bmg160_0_platform
01-01 03:09:24.141  1330  1484 I sscrpcd : /local/mnt/workspace/lnxbuild/project/trees_in_use/free_tree_dir/checkout/build-qti-distro-ubuntu-fullstack-perf/tmp-glibc/work/kalama-oe-linux/adsprpc/13.0-r1/adsprpc/src/apps_std_imp.c:984: Successfully opened file /data/persist/sensors/registry/registry/bmg160_0.gyro.config
01-01 03:09:24.141  1330  1484 I sscrpcd : /local/mnt/workspace/lnxbuild/project/trees_in_use/free_tree_dir/checkout/build-qti-distro-ubuntu-fullstack-perf/tmp-glibc/work/kalama-oe-linux/adsprpc/13.0-r1/adsprpc/src/apps_std_imp.c:984: Successfully opened file /data/persist/sensors/registry/registry/bmg160_0.gyro.config
01-01 03:09:24.142  1330  1484 I sscrpcd : /local/mnt/workspace/lnxbuild/project/trees_in_use/free_tree_dir/checkout/build-qti-distro-ubuntu-fullstack-perf/tmp-glibc/work/kalama-oe-linux/adsprpc/13.0-r1/adsprpc/src/apps_std_imp.c:984: Successfully opened file /data/persist/sensors/registry/registry/bmg160_0.gyro
01-01 03:09:24.142  1330  1484 I sscrpcd : /local/mnt/workspace/lnxbuild/project/trees_in_use/free_tree_dir/checkout/build-qti-distro-ubuntu-fullstack-perf/tmp-glibc/work/kalama-oe-linux/adsprpc/13.0-r1/adsprpc/src/apps_std_imp.c:984: Successfully opened file /data/persist/sensors/registry/registry/bmg160_0.gyro
01-01 03:09:24.153  1330  1484 I sscrpcd : /local/mnt/workspace/lnxbuild/project/trees_in_use/free_tree_dir/checkout/build-qti-distro-ubuntu-fullstack-perf/tmp-glibc/work/kalama-oe-linux/adsprpc/13.0-r1/adsprpc/src/apps_std_imp.c:984: Successfully opened file /data/persist/sensors/registry/registry/bmg160_0.temp.config
01-01 03:09:24.153  1330  1484 I sscrpcd : /local/mnt/workspace/lnxbuild/project/trees_in_use/free_tree_dir/checkout/build-qti-distro-ubuntu-fullstack-perf/tmp-glibc/work/kalama-oe-linux/adsprpc/13.0-r1/adsprpc/src/apps_std_imp.c:984: Successfully opened file /data/persist/sensors/registry/registry/bmg160_0.temp.config
01-01 03:09:24.154  1514  1514 I         : Setting log level to 4
01-01 03:09:24.154  1514  1514 E qwesd   : wake_lock open failed
01-01 03:09:24.154  1514  1514 E qwesd   : Failed init wakelock result: 1, errno: 13
01-01 03:09:24.154  1514  1514 E qwesd   : QWES Wake lock is not initialized
01-01 03:09:24.154  1514  1514 E qwesd   : Sigevent is set
01-01 03:09:24.154  1514  1547 I sec_channel  : tzcomm: Create TZComm
01-01 03:09:24.154  1514  1547 I sec_channel  : MsgQueue: MsgQueue Initialized
01-01 03:09:24.154  1514  1514 I qwesd   : succeed to create qwes_thread condition variable
01-01 03:09:24.154  1514  1547 E sec_channel  : tzcomm: Created m_cbObj
01-01 03:09:24.154  1514  1547 I qwesd   : GetClientEnv()
01-01 03:09:24.154  1514  1547 I qwesd   : GetClientEnv using default credentials
01-01 03:09:24.154  1514  1548 E qwesd   : /data already exist!!!
01-01 03:09:24.154  1514  1548 I qwes    : /data/qwes already exists
01-01 03:09:24.154  1514  1548 I qwesd   : GetClientEnv()
01-01 03:09:24.154  1514  1548 I qwesd   : GetClientEnv using default credentials
01-01 03:09:24.154  1514  1549 W qwesd   : Wake lock not acquired
01-01 03:09:24.154  1514  1514 I qwesd   : Successfully joined qwes exp notification thread
01-01 03:09:24.155  1514  1547 V SmcInvoke_TZCom: TZCom_getRootEnvObject calling getSelfCreds
01-01 03:09:24.155  1514  1547 V SmcInvoke_TZCom: TZCom_getRootEnvObject calling CIO_open
01-01 03:09:24.155  1514  1547 V SmcInvoke_TZCom: TZCom_getRootEnvObject calling IClientEnv_registerAsClient
01-01 03:09:24.155  1514  1547 V SmcInvoke_TZCom: TZCom_getRootEnvObject return, ret=0
01-01 03:09:24.155  1514  1548 V SmcInvoke_TZCom: TZCom_getRootEnvObject calling getSelfCreds
01-01 03:09:24.155  1514  1548 V SmcInvoke_TZCom: TZCom_getRootEnvObject calling CIO_open
01-01 03:09:24.155  1514  1548 V SmcInvoke_TZCom: TZCom_getRootEnvObject calling IClientEnv_registerAsClient
01-01 03:09:24.157  1514  1548 V SmcInvoke_TZCom: TZCom_getRootEnvObject return, ret=0
01-01 03:09:24.158  1330  1484 I sscrpcd : /local/mnt/workspace/lnxbuild/project/trees_in_use/free_tree_dir/checkout/build-qti-distro-ubuntu-fullstack-perf/tmp-glibc/work/kalama-oe-linux/adsprpc/13.0-r1/adsprpc/src/apps_std_imp.c:984: Successfully opened file /data/persist/sensors/registry/registry/bmg160_0.temp
01-01 03:09:24.159  1330  1484 I sscrpcd : /local/mnt/workspace/lnxbuild/project/trees_in_use/free_tree_dir/checkout/build-qti-distro-ubuntu-fullstack-perf/tmp-glibc/work/kalama-oe-linux/adsprpc/13.0-r1/adsprpc/src/apps_std_imp.c:984: Successfully opened file /data/persist/sensors/registry/registry/bmg160_0.temp
01-01 03:09:24.159  1514  1548 E qwes    : Failed to stat /etc/qwesd.rc
01-01 03:09:24.160  1330  1484 I sscrpcd : /local/mnt/workspace/lnxbuild/project/trees_in_use/free_tree_dir/checkout/build-qti-distro-ubuntu-fullstack-perf/tmp-glibc/work/kalama-oe-linux/adsprpc/13.0-r1/adsprpc/src/apps_std_imp.c:984: Successfully opened file /data/persist/sensors/registry/registry/bmg160_0
01-01 03:09:24.160  1330  1484 I sscrpcd : /local/mnt/workspace/lnxbuild/project/trees_in_use/free_tree_dir/checkout/build-qti-distro-ubuntu-fullstack-perf/tmp-glibc/work/kalama-oe-linux/adsprpc/13.0-r1/adsprpc/src/apps_std_imp.c:984: Successfully opened file /data/persist/sensors/registry/registry/bmg160_0
01-01 03:09:24.161  1514  1548 I qwesd   : Sync is Disabled, hence doing basic set up
01-01 03:09:24.161  1514  1548 E qwes    : Failed to stat /etc/qwesd.rc
01-01 03:09:24.162  1514  1548 E qwesd   : wake_lock open failed
01-01 03:09:24.162  1514  1548 E qwesd   : Failed init wakelock result: 1, errno: 13
01-01 03:09:24.162  1514  1548 E qwesd   : QWES Wake lock is not initialized
01-01 03:09:24.162  1514  1548 E qwesd   : Sigevent is set
01-01 03:09:24.162  1514  1548 I qwesd   : Registered Listener with cb=0x5572f67b50, context=0x7f780017e0
01-01 03:09:24.162  1514  1560 E qwesd   : QWES wakelock not initialized.
01-01 03:09:24.162  1514  1560 E qwesd   : Wakelock acquisition failed
01-01 03:09:24.162  1514  1560 E qwesd_exp: Wakelock acquisition failed
01-01 03:09:24.162  1514  1560 I qwesd   : GetClientEnv()
01-01 03:09:24.162  1514  1560 I qwesd   : GetClientEnv using default credentials
01-01 03:09:24.163  1514  1560 V SmcInvoke_TZCom: TZCom_getRootEnvObject calling getSelfCreds
01-01 03:09:24.163  1514  1560 V SmcInvoke_TZCom: TZCom_getRootEnvObject calling CIO_open
01-01 03:09:24.163  1514  1560 V SmcInvoke_TZCom: TZCom_getRootEnvObject calling IClientEnv_registerAsClient
01-01 03:09:24.164  1330  1484 I sscrpcd : /local/mnt/workspace/lnxbuild/project/trees_in_use/free_tree_dir/checkout/build-qti-distro-ubuntu-fullstack-perf/tmp-glibc/work/kalama-oe-linux/adsprpc/13.0-r1/adsprpc/src/apps_std_imp.c:984: Successfully opened file /data/persist/sensors/registry/registry/lsm6dsv_0_platform
01-01 03:09:24.164  1330  1484 I sscrpcd : /local/mnt/workspace/lnxbuild/project/trees_in_use/free_tree_dir/checkout/build-qti-distro-ubuntu-fullstack-perf/tmp-glibc/work/kalama-oe-linux/adsprpc/13.0-r1/adsprpc/src/apps_std_imp.c:984: Successfully opened file /data/persist/sensors/registry/registry/lsm6dsv_0_platform
01-01 03:09:24.164  1514  1560 V SmcInvoke_TZCom: TZCom_getRootEnvObject return, ret=0
01-01 03:09:24.164  1514  1560 E qwes    : Failed to stat /etc/qwesd.rc
01-01 03:09:24.164  1514  1560 I qwesd   : enable=1
01-01 03:09:24.164  1514  1560 I qwesd   : test_mode=0
01-01 03:09:24.164  1514  1560 I qwesd   : isLegacy=0
01-01 03:09:24.165  1514  1547 E sec_channel  : tzcomm: Getting TZSC Object
01-01 03:09:24.165  1514  1547 I qwesd   : GetClientEnv()
01-01 03:09:24.165  1514  1547 I qwesd   : GetClientEnv using default credentials
01-01 03:09:24.165  1514  1547 V SmcInvoke_TZCom: TZCom_getRootEnvObject calling getSelfCreds
01-01 03:09:24.165  1514  1547 V SmcInvoke_TZCom: TZCom_getRootEnvObject calling CIO_open
01-01 03:09:24.165  1514  1547 V SmcInvoke_TZCom: TZCom_getRootEnvObject calling IClientEnv_registerAsClient
01-01 03:09:24.165  1330  1484 I sscrpcd : /local/mnt/workspace/lnxbuild/project/trees_in_use/free_tree_dir/checkout/build-qti-distro-ubuntu-fullstack-perf/tmp-glibc/work/kalama-oe-linux/adsprpc/13.0-r1/adsprpc/src/apps_std_imp.c:984: Successfully opened file /data/persist/sensors/registry/registry/lsm6dsv_0_platform.config
01-01 03:09:24.165  1330  1484 I sscrpcd : /local/mnt/workspace/lnxbuild/project/trees_in_use/free_tree_dir/checkout/build-qti-distro-ubuntu-fullstack-perf/tmp-glibc/work/kalama-oe-linux/adsprpc/13.0-r1/adsprpc/src/apps_std_imp.c:984: Successfully opened file /data/persist/sensors/registry/registry/lsm6dsv_0_platform.config
01-01 03:09:24.166  1514  1547 V SmcInvoke_TZCom: TZCom_getRootEnvObject return, ret=0
01-01 03:09:24.167  1514  1547 I sec_channel  : tzcomm: successfully connected to tzsc
01-01 03:09:24.167  1514  1547 I sec_channel  : tzcomm: TzComm Created successfully
01-01 03:09:24.167  1514  1547 I qwesd   : GetClientEnv()
01-01 03:09:24.167  1514  1547 I qwesd   : GetClientEnv using default credentials
01-01 03:09:24.167  1330  1484 I sscrpcd : /local/mnt/workspace/lnxbuild/project/trees_in_use/free_tree_dir/checkout/build-qti-distro-ubuntu-fullstack-perf/tmp-glibc/work/kalama-oe-linux/adsprpc/13.0-r1/adsprpc/src/apps_std_imp.c:984: Successfully opened file /data/persist/sensors/registry/registry/lsm6dsv_0_platform.orient
01-01 03:09:24.167  1514  1547 V SmcInvoke_TZCom: TZCom_getRootEnvObject calling getSelfCreds
01-01 03:09:24.167  1514  1547 V SmcInvoke_TZCom: TZCom_getRootEnvObject calling CIO_open
01-01 03:09:24.167  1514  1547 V SmcInvoke_TZCom: TZCom_getRootEnvObject calling IClientEnv_registerAsClient
01-01 03:09:24.167  1330  1484 I sscrpcd : /local/mnt/workspace/lnxbuild/project/trees_in_use/free_tree_dir/checkout/build-qti-distro-ubuntu-fullstack-perf/tmp-glibc/work/kalama-oe-linux/adsprpc/13.0-r1/adsprpc/src/apps_std_imp.c:984: Successfully opened file /data/persist/sensors/registry/registry/lsm6dsv_0_platform.orient
01-01 03:09:24.169  1330  1484 I sscrpcd : /local/mnt/workspace/lnxbuild/project/trees_in_use/free_tree_dir/checkout/build-qti-distro-ubuntu-fullstack-perf/tmp-glibc/work/kalama-oe-linux/adsprpc/13.0-r1/adsprpc/src/apps_std_imp.c:984: Successfully opened file /data/persist/sensors/registry/registry/lsm6dsv_0_platform.gyro.fac_cal.corr_mat
01-01 03:09:24.169  1330  1484 I sscrpcd : /local/mnt/workspace/lnxbuild/project/trees_in_use/free_tree_dir/checkout/build-qti-distro-ubuntu-fullstack-perf/tmp-glibc/work/kalama-oe-linux/adsprpc/13.0-r1/adsprpc/src/apps_std_imp.c:984: Successfully opened file /data/persist/sensors/registry/registry/lsm6dsv_0_platform.gyro.fac_cal.corr_mat
01-01 03:09:24.170  1330  1484 I sscrpcd : /local/mnt/workspace/lnxbuild/project/trees_in_use/free_tree_dir/checkout/build-qti-distro-ubuntu-fullstack-perf/tmp-glibc/work/kalama-oe-linux/adsprpc/13.0-r1/adsprpc/src/apps_std_imp.c:984: Successfully opened file /data/persist/sensors/registry/registry/lsm6dsv_0_platform.gyro.fac_cal.bias
01-01 03:09:24.170  1330  1484 I sscrpcd : /local/mnt/workspace/lnxbuild/project/trees_in_use/free_tree_dir/checkout/build-qti-distro-ubuntu-fullstack-perf/tmp-glibc/work/kalama-oe-linux/adsprpc/13.0-r1/adsprpc/src/apps_std_imp.c:984: Successfully opened file /data/persist/sensors/registry/registry/lsm6dsv_0_platform.gyro.fac_cal.bias
01-01 03:09:24.172  1330  1484 I sscrpcd : /local/mnt/workspace/lnxbuild/project/trees_in_use/free_tree_dir/checkout/build-qti-distro-ubuntu-fullstack-perf/tmp-glibc/work/kalama-oe-linux/adsprpc/13.0-r1/adsprpc/src/apps_std_imp.c:984: Successfully opened file /data/persist/sensors/registry/registry/lsm6dsv_0_platform.gyro.fac_cal
01-01 03:09:24.172  1330  1484 I sscrpcd : /local/mnt/workspace/lnxbuild/project/trees_in_use/free_tree_dir/checkout/build-qti-distro-ubuntu-fullstack-perf/tmp-glibc/work/kalama-oe-linux/adsprpc/13.0-r1/adsprpc/src/apps_std_imp.c:984: Successfully opened file /data/persist/sensors/registry/registry/lsm6dsv_0_platform.gyro.fac_cal
01-01 03:09:24.173  1514  1547 V SmcInvoke_TZCom: TZCom_getRootEnvObject return, ret=0
01-01 03:09:24.173  1330  1484 I sscrpcd : /local/mnt/workspace/lnxbuild/project/trees_in_use/free_tree_dir/checkout/build-qti-distro-ubuntu-fullstack-perf/tmp-glibc/work/kalama-oe-linux/adsprpc/13.0-r1/adsprpc/src/apps_std_imp.c:984: Successfully opened file /data/persist/sensors/registry/registry/lsm6dsv_0_platform.gyro
01-01 03:09:24.173  1330  1484 I sscrpcd : /local/mnt/workspace/lnxbuild/project/trees_in_use/free_tree_dir/checkout/build-qti-distro-ubuntu-fullstack-perf/tmp-glibc/work/kalama-oe-linux/adsprpc/13.0-r1/adsprpc/src/apps_std_imp.c:984: Successfully opened file /data/persist/sensors/registry/registry/lsm6dsv_0_platform.gyro
01-01 03:09:24.177  1330  1484 I sscrpcd : /local/mnt/workspace/lnxbuild/project/trees_in_use/free_tree_dir/checkout/build-qti-distro-ubuntu-fullstack-perf/tmp-glibc/work/kalama-oe-linux/adsprpc/13.0-r1/adsprpc/src/apps_std_imp.c:984: Successfully opened file /data/persist/sensors/registry/registry/lsm6dsv_0_platform.accel.fac_cal.corr_mat
