01-01 03:22:12.600   990  3080 E CamX    : [ DUMP][CORE   ] camxsession.cpp:9350 DumpDebugInfo() + maxLivePendingRequests:   6
01-01 03:22:12.600   990  3080 E CamX    : [ DUMP][CORE   ] camxsession.cpp:9351 DumpDebugInfo() + requestQueueDepth:        8
01-01 03:22:12.600   990  3080 E CamX    : [ DUMP][CORE   ] camxsession.cpp:9357 DumpDebugInfo() + Pipeline[0] Flush Status: 0
01-01 03:22:12.600   990  3080 E CamX    : [ DUMP][CORE   ] camxsession.cpp:9360 DumpDebugInfo() + usecaseNumBatchedFrames:  1
01-01 03:22:12.600   990  3080 E CamX    : [ DUMP][CORE   ] camxpipeline.cpp:6995 DumpDebugInfo() +----------------------------------------------------------+
01-01 03:22:12.600   990  3080 E CamX    : [ DUMP][CORE   ] camxpipeline.cpp:6996 DumpDebugInfo() +    PIPELINE DEBUG INFO     +
01-01 03:22:12.600   990  3080 E CamX    : [ DUMP][CORE   ] camxpipeline.cpp:7002 DumpDebugInfo() +  Pipeline Name: Raw_0_cam_0, Pipeline ID: 0, 0x559bd0d540, CurrentRequestId: 1 cameraid=0
01-01 03:22:12.600   990  3080 E CamX    : [ DUMP][CORE   ] camxpipeline.cpp:7014 DumpDebugInfo() +------------------------------------------------------------------+
01-01 03:22:12.600   990  3083 I CamX    : [CORE_CFG][HAL    ] camxhaldevice.cpp:388 TriggerDumpEvent() Camera Core Dump: Triggered, fd -1
01-01 03:22:12.600   990  3080 E CamX    : [ DUMP][CORE   ] camxpipeline.cpp:7015 DumpDebugInfo() + Request info for the pending nodes
01-01 03:22:12.600   990  3080 E CamX    : [ DUMP][CORE   ] camxpipeline.cpp:7025 DumpDebugInfo() +   RequestId:       1
01-01 03:22:12.600   990  3083 I CamX    : [CORE_CFG][HAL    ] camxhaldevice.cpp:638 LogSystemEventHeader() +------------------------------------------------------------------+
01-01 03:22:12.600   990  3080 E CamX    : [ DUMP][CORE   ] camxpipeline.cpp:7029 DumpDebugInfo() +    SequenceId[0]:  0
01-01 03:22:12.600   990  3083 I CamX    : [CORE_CFG][HAL    ] camxhaldevice.cpp:639 LogSystemEventHeader() +                   System Event Trigger Info                       
01-01 03:22:12.600   990  3080 E CamX    : [ DUMP][CORE   ] camxpipeline.cpp:7032 DumpDebugInfo() +     CSLSyncId:                       1
01-01 03:22:12.600   990  3080 E CamX    : [ DUMP][CORE   ] camxpipeline.cpp:7034 DumpDebugInfo() +     numNodes:                        2
01-01 03:22:12.600   990  3083 I CamX    : [CORE_CFG][HAL    ] camxhaldevice.cpp:640 LogSystemEventHeader() +------------------------------------------------------------------+
01-01 03:22:12.600   990  3080 E CamX    : [ DUMP][CORE   ] camxpipeline.cpp:7036 DumpDebugInfo() +     numNodesRequestIdDone:           1
01-01 03:22:12.600   990  3083 I CamX    : [CORE_CFG][HAL    ] camxhaldevice.cpp:642 LogSystemEventHeader() System Header Data:
01-01 03:22:12.600   990  3080 E CamX    : [ DUMP][CORE   ] camxpipeline.cpp:7038 DumpDebugInfo() +     numNodesPartialMetadataDone:     2
01-01 03:22:12.600   990  3083 I CamX    : [CORE_CFG][HAL    ] camxhaldevice.cpp:645 LogSystemEventHeader() errorCode                      : 32
01-01 03:22:12.600   990  3083 I CamX    : [CORE_CFG][HAL    ] camxhaldevice.cpp:647 LogSystemEventHeader() error String                   : CamxResultECSLStreamOn
01-01 03:22:12.600   990  3080 E CamX    : [ DUMP][CORE   ] camxpipeline.cpp:7040 DumpDebugInfo() +     numNodesMetadataDone:            2
01-01 03:22:12.600   990  3083 I CamX    : [CORE_CFG][HAL    ] camxhaldevice.cpp:649 LogSystemEventHeader() error Description              : (null)
01-01 03:22:12.600   990  3080 E CamX    : [ DUMP][CORE   ] camxpipeline.cpp:7042 DumpDebugInfo() +     numNodesConfigDone:              1
01-01 03:22:12.600   990  3083 I CamX    : [CORE_CFG][HAL    ] camxhaldevice.cpp:651 LogSystemEventHeader() isDumpOnly                     : false
01-01 03:22:12.600   990  3080 E CamX    : [ DUMP][CORE   ] camxpipeline.cpp:7044 DumpDebugInfo() +     batchFrameIntervalNanoSeconds:   0
01-01 03:22:12.600   990  3083 I CamX    : [CORE_CFG][HAL    ] camxhaldevice.cpp:653 LogSystemEventHeader() forceSigAbort                  : false
01-01 03:22:12.600   990  3080 E CamX    : [ DUMP][CORE   ] camxpipeline.cpp:7046 DumpDebugInfo() +     isSofdispatched:                 0
01-01 03:22:12.600   990  3083 I CamX    : [CORE_CFG][HAL    ] camxhaldevice.cpp:655 LogSystemEventHeader() isThreadDumpRequested          : false
01-01 03:22:12.600   990  3080 E CamX    : [ DUMP][CORE   ] camxpipeline.cpp:7050 DumpDebugInfo() +------------------------------------------------------------------+
01-01 03:22:12.600   990  3083 I CamX    : [CORE_CFG][HAL    ] camxhaldevice.cpp:672 LogSystemEventHeader() Pipeline Data:
01-01 03:22:12.600   990  3083 I CamX    : [CORE_CFG][HAL    ] camxhaldevice.cpp:674 LogSystemEventHeader() pipelineId                     : 0
01-01 03:22:12.600   990  3080 E CamX    : [ DUMP][CORE   ] camxpipeline.cpp:7051 DumpDebugInfo() +      METADATA DEBUG INFO       +
01-01 03:22:12.600   990  3083 I CamX    : [CORE_CFG][HAL    ] camxhaldevice.cpp:677 LogSystemEventHeader() PipelineName                   : Raw
01-01 03:22:12.600   990  3080 E CamX    : [ DUMP][CORE   ] camxpipeline.cpp:7054 DumpDebugInfo() |      Requests Range - lastInOrderMetaCompletedRequestId: 1 currentRequest : 1
01-01 03:22:12.600   990  3083 I CamX    : [CORE_CFG][HAL    ] camxhaldevice.cpp:679 LogSystemEventHeader() PipelineInstance               : 0x559bd0d540
01-01 03:22:12.600   990  3080 E CamX    : [ DUMP][CORE   ] camxpipeline.cpp:7059 DumpDebugInfo() +----------------------------------------+
01-01 03:22:12.600   990  3083 I CamX    : [CORE_CFG][HAL    ] camxhaldevice.cpp:684 LogSystemEventHeader() Session Data:
01-01 03:22:12.600   990  3080 E CamX    : [ DUMP][CORE   ] camxpipeline.cpp:7060 DumpDebugInfo() +      PERFRAMERESULT METADATA DUMP      +
01-01 03:22:12.600   990  3083 I CamX    : [CORE_CFG][HAL    ] camxhaldevice.cpp:686 LogSystemEventHeader() SessionInstance                : 0x559c2dc550
01-01 03:22:12.600   990  3080 E CamX    : [ DUMP][CORE   ] camxpipeline.cpp:7079 DumpDebugInfo() +----------------------------------------+
01-01 03:22:12.600   990  3083 I CamX    : [CORE_CFG][HAL    ] camxhaldevice.cpp:690 LogSystemEventHeader() SessionPipelines               : Raw
01-01 03:22:12.600   990  3080 E CamX    : [ DUMP][CORE   ] camxpipeline.cpp:7080 DumpDebugInfo() +      PERFRAMEINPUT METADATA DUMP       +
01-01 03:22:12.600   990  3083 I CamX    : [CORE_CFG][HAL    ] camxhaldevice.cpp:722 LogSystemEventHeader() Usecase Data:
01-01 03:22:12.600   990  3080 E CamX    : [ DUMP][CORE   ] camxpipeline.cpp:6970 DumpMetadataPoolDebugInfo() +----------------------------------------------------------+
01-01 03:22:12.600   990  3083 I CamX    : [CORE_CFG][HAL    ] camxhaldevice.cpp:724 LogSystemEventHeader() UsecaseInstance                : 0x559aaf6140
01-01 03:22:12.600   990  3080 E CamX    : [ DUMP][CORE   ] camxpipeline.cpp:6971 DumpMetadataPoolDebugInfo() +    METADATA POOL DEBUG INFO     +
01-01 03:22:12.600   990  3083 I CamX    : [CORE_CFG][HAL    ] camxhaldevice.cpp:726 LogSystemEventHeader() UsecaseName                    : UsecaseRaw
01-01 03:22:12.600   990  3080 E CamX    : [ DUMP][CORE   ] camxmetadatapool.cpp:672 DumpMetadataPoolDebugInfo() Dumping [Metadata Type: PerFrameResult P:0x559c3ef950] Metadata pool, Pooltype = 3 NumSlots = 16
01-01 03:22:12.600   990  3083 I CamX    : [CORE_CFG][HAL    ] camxhaldevice.cpp:728 LogSystemEventHeader() UsecaseID                      : 1
01-01 03:22:12.600   990  3080 E CamX    : [ DUMP][CORE   ] camxmetadatapool.cpp:1685 DumpMetadataSlotDebugInfo() Slot Index =  0 IsValid = 0 Associated ReqId = 0 Metabuffer = (nil)
01-01 03:22:12.600   990  3080 E CamX    : [ DUMP][CORE   ] camxmetadatapool.cpp:1685 DumpMetadataSlotDebugInfo() Slot Index =  1 IsValid = 1 Associated ReqId = 1 Metabuffer = 0x559c659430
01-01 03:22:12.600   990  3080 E CamX    : [ DUMP][CORE   ] camxmetadatapool.cpp:1685 DumpMetadataSlotDebugInfo() Slot Index =  2 IsValid = 0 Associated ReqId = 0 Metabuffer = (nil)
01-01 03:22:12.600   990  3080 E CamX    : [ DUMP][CORE   ] camxmetadatapool.cpp:1685 DumpMetadataSlotDebugInfo() Slot Index =  3 IsValid = 0 Associated ReqId = 0 Metabuffer = (nil)
01-01 03:22:12.600   990  3080 E CamX    : [ DUMP][CORE   ] camxmetadatapool.cpp:1685 DumpMetadataSlotDebugInfo() Slot Index =  4 IsValid = 0 Associated ReqId = 0 Metabuffer = (nil)
01-01 03:22:12.600   990  3080 E CamX    : [ DUMP][CORE   ] camxmetadatapool.cpp:1685 DumpMetadataSlotDebugInfo() Slot Index =  5 IsValid = 0 Associated ReqId = 0 Metabuffer = (nil)
01-01 03:22:12.600   990  3083 I CamX    : [CORE_CFG][UTILS  ] camxosutilslinuxembedded.cpp:2175 SetCoreDumpDirectoryPath() Camera Core Dump: Create root Dir: /data/vendor/camera/coredump return = -1
01-01 03:22:12.600   990  3080 E CamX    : [ DUMP][CORE   ] camxmetadatapool.cpp:1685 DumpMetadataSlotDebugInfo() Slot Index =  6 IsValid = 0 Associated ReqId = 0 Metabuffer = (nil)
01-01 03:22:12.600   990  3080 E CamX    : [ DUMP][CORE   ] camxmetadatapool.cpp:1685 DumpMetadataSlotDebugInfo() Slot Index =  7 IsValid = 0 Associated ReqId = 0 Metabuffer = (nil)
01-01 03:22:12.600   990  3083 W CamX    : [ WARN][UTILS  ] camxosutilslinuxembedded.cpp:2240 SetCoreDumpDirectoryPath() Camera Core Dump: Create Dir Failed: Path =  return = -1 errno: 13: Permission denied
01-01 03:22:12.600   990  3080 E CamX    : [ DUMP][CORE   ] camxmetadatapool.cpp:1685 DumpMetadataSlotDebugInfo() Slot Index =  8 IsValid = 0 Associated ReqId = 0 Metabuffer = (nil)
01-01 03:22:12.600   990  3080 E CamX    : [ DUMP][CORE   ] camxmetadatapool.cpp:1685 DumpMetadataSlotDebugInfo() Slot Index =  9 IsValid = 0 Associated ReqId = 0 Metabuffer = (nil)
01-01 03:22:12.600   990  3080 E CamX    : [ DUMP][CORE   ] camxmetadatapool.cpp:1685 DumpMetadataSlotDebugInfo() Slot Index = 10 IsValid = 0 Associated ReqId = 0 Metabuffer = (nil)
01-01 03:22:12.600   990  3080 E CamX    : [ DUMP][CORE   ] camxmetadatapool.cpp:1685 DumpMetadataSlotDebugInfo() Slot Index = 11 IsValid = 0 Associated ReqId = 0 Metabuffer = (nil)
01-01 03:22:12.600   990  3080 E CamX    : [ DUMP][CORE   ] camxmetadatapool.cpp:1685 DumpMetadataSlotDebugInfo() Slot Index = 12 IsValid = 0 Associated ReqId = 0 Metabuffer = (nil)
01-01 03:22:12.600   990  3080 E CamX    : [ DUMP][CORE   ] camxmetadatapool.cpp:1685 DumpMetadataSlotDebugInfo() Slot Index = 13 IsValid = 0 Associated ReqId = 0 Metabuffer = (nil)
01-01 03:22:12.600   990  3080 E CamX    : [ DUMP][CORE   ] camxmetadatapool.cpp:1685 DumpMetadataSlotDebugInfo() Slot Index = 14 IsValid = 0 Associated ReqId = 0 Metabuffer = (nil)
01-01 03:22:12.600   990  3080 E CamX    : [ DUMP][CORE   ] camxmetadatapool.cpp:1685 DumpMetadataSlotDebugInfo() Slot Index = 15 IsValid = 0 Associated ReqId = 0 Metabuffer = (nil)
01-01 03:22:12.600   990  3080 E CamX    : [ DUMP][CORE   ] camxpipeline.cpp:6982 DumpMetadataPoolDebugInfo() +------------------------------+
01-01 03:22:12.600   990  3080 E CamX    : [ DUMP][CORE   ] camxmetadatapool.cpp:672 DumpMetadataPoolDebugInfo() Dumping [Metadata Type: PerFrameInput P:0x559c42b1f0] Metadata pool, Pooltype = 2 NumSlots = 16
01-01 03:22:12.600   990  3080 E CamX    : [ DUMP][CORE   ] camxmetadatapool.cpp:1685 DumpMetadataSlotDebugInfo() Slot Index =  0 IsValid = 0 Associated ReqId = 0 Metabuffer = (nil)
01-01 03:22:12.600   990  3080 E CamX    : [ DUMP][CORE   ] camxmetadatapool.cpp:1685 DumpMetadataSlotDebugInfo() Slot Index =  1 IsValid = 1 Associated ReqId = 1 Metabuffer = 0x559ca052e0
01-01 03:22:12.600   990  3080 E CamX    : [ DUMP][CORE   ] camxmetadatapool.cpp:1685 DumpMetadataSlotDebugInfo() Slot Index =  2 IsValid = 0 Associated ReqId = 0 Metabuffer = (nil)
01-01 03:22:12.600   990  3080 E CamX    : [ DUMP][CORE   ] camxmetadatapool.cpp:1685 DumpMetadataSlotDebugInfo() Slot Index =  3 IsValid = 0 Associated ReqId = 0 Metabuffer = (nil)
01-01 03:22:12.600   990  3080 E CamX    : [ DUMP][CORE   ] camxmetadatapool.cpp:1685 DumpMetadataSlotDebugInfo() Slot Index =  4 IsValid = 0 Associated ReqId = 0 Metabuffer = (nil)
01-01 03:22:12.600   990  3080 E CamX    : [ DUMP][CORE   ] camxmetadatapool.cpp:1685 DumpMetadataSlotDebugInfo() Slot Index =  5 IsValid = 0 Associated ReqId = 0 Metabuffer = (nil)
01-01 03:22:12.600   990  3080 E CamX    : [ DUMP][CORE   ] camxmetadatapool.cpp:1685 DumpMetadataSlotDebugInfo() Slot Index =  6 IsValid = 0 Associated ReqId = 0 Metabuffer = (nil)
01-01 03:22:12.600   990  3080 E CamX    : [ DUMP][CORE   ] camxmetadatapool.cpp:1685 DumpMetadataSlotDebugInfo() Slot Index =  7 IsValid = 0 Associated ReqId = 0 Metabuffer = (nil)
01-01 03:22:12.600   990  3080 E CamX    : [ DUMP][CORE   ] camxmetadatapool.cpp:1685 DumpMetadataSlotDebugInfo() Slot Index =  8 IsValid = 0 Associated ReqId = 0 Metabuffer = (nil)
01-01 03:22:12.600   990  3080 E CamX    : [ DUMP][CORE   ] camxmetadatapool.cpp:1685 DumpMetadataSlotDebugInfo() Slot Index =  9 IsValid = 0 Associated ReqId = 0 Metabuffer = (nil)
01-01 03:22:12.601   990  3080 E CamX    : [ DUMP][CORE   ] camxmetadatapool.cpp:1685 DumpMetadataSlotDebugInfo() Slot Index = 10 IsValid = 0 Associated ReqId = 0 Metabuffer = (nil)
01-01 03:22:12.601   990  3080 E CamX    : [ DUMP][CORE   ] camxmetadatapool.cpp:1685 DumpMetadataSlotDebugInfo() Slot Index = 11 IsValid = 0 Associated ReqId = 0 Metabuffer = (nil)
01-01 03:22:12.601   990  3080 E CamX    : [ DUMP][CORE   ] camxmetadatapool.cpp:1685 DumpMetadataSlotDebugInfo() Slot Index = 12 IsValid = 0 Associated ReqId = 0 Metabuffer = (nil)
01-01 03:22:12.601   990  3080 E CamX    : [ DUMP][CORE   ] camxmetadatapool.cpp:1685 DumpMetadataSlotDebugInfo() Slot Index = 13 IsValid = 0 Associated ReqId = 0 Metabuffer = (nil)
01-01 03:22:12.601   990  3080 E CamX    : [ DUMP][CORE   ] camxmetadatapool.cpp:1685 DumpMetadataSlotDebugInfo() Slot Index = 14 IsValid = 0 Associated ReqId = 0 Metabuffer = (nil)
01-01 03:22:12.601   990  3080 E CamX    : [ DUMP][CORE   ] camxmetadatapool.cpp:1685 DumpMetadataSlotDebugInfo() Slot Index = 15 IsValid = 0 Associated ReqId = 0 Metabuffer = (nil)
01-01 03:22:12.601   990  3080 E CamX    : [ DUMP][CORE   ] camxpipeline.cpp:6987 DumpMetadataPoolDebugInfo() +------------------------------+
01-01 03:22:12.601   990  3083 I CamX    : [CORE_CFG][HAL    ] camxhaldevice.cpp:447 TriggerDumpEvent() Binary coredumped to filepath with offline log: .bin
01-01 03:22:12.601   990  3083 I CamX    : [CORE_CFG][HAL    ] camxhaldevice.cpp:487 TriggerDumpEvent() Text coredumped to filepath with offline log:  .txt
01-01 03:22:12.601   990  3080 E CamX    : [ DUMP][CORE   ] camxpipeline.cpp:7100 DumpDebugInfo() +------------------------------------------------------------------+
01-01 03:22:12.601   990  3080 E CamX    : [ DUMP][CORE   ] camxpipeline.cpp:7101 DumpDebugInfo() +      NODE DEBUG INFO       +
01-01 03:22:12.601   990  3080 E CamX    : [ DUMP][CORE   ] camxthreadjobregistry.cpp:633 DumpStateToLog() Job Registry 0x7fb94b3ed0
01-01 03:22:12.601   990  3080 E CamX    : [ DUMP][CORE   ] camxthreadjobregistry.cpp:626 operator()()   Job Family DeferredWorkerWrapper0x34 - Total Job Count: 0, In Flight: 0, On Hold: 0, submitted: 0
01-01 03:22:12.601   990  3080 E CamX    : [ DUMP][CORE   ] camxthreadjobregistry.cpp:626 operator()()   Job Family CamXResourceManager - Total Job Count: 0, In Flight: 0, On Hold: 0, submitted: 0
01-01 03:22:12.601   990  3080 E CamX    : [ DUMP][CORE   ] camxthreadjobregistry.cpp:626 operator()()   Job Family Metadata Type: PerFrameInternal P:0x559c448cb0 - Total Job Count: 0, In Flight: 0, On Hold: 0, submitted: 0
01-01 03:22:12.601   990  3080 E CamX    : [ DUMP][CORE   ] camxthreadjobregistry.cpp:626 operator()()   Job Family Metadata Type: PerFrameDebugData P:0x559c450f30 - Total Job Count: 0, In Flight: 0, On Hold: 0, submitted: 0
01-01 03:22:12.601   990  3083 E CamX    : [ DUMP][HAL    ] camxhaldevice.cpp:2900 Dump() +------------------------------------------------------------------+
01-01 03:22:12.601   990  3080 E CamX    : [ DUMP][CORE   ] camxthreadjobregistry.cpp:626 operator()()   Job Family DeferredWorkerWrapper0x559c2dc550 - Total Job Count: 1, In Flight: 1, On Hold: 0, submitted: 0
01-01 03:22:12.601   990  3083 E CamX    : [ DUMP][HAL    ] camxhaldevice.cpp:2902 Dump() +                   System Event Trigger Info                       
01-01 03:22:12.601   990  3080 E CamX    : [ DUMP][CORE   ] camxthreadjobregistry.cpp:626 operator()()   Job Family NodeCommonThreadJobFamily0x559c2dc550 - Total Job Count: 0, In Flight: 0, On Hold: 0, submitted: 0
01-01 03:22:12.601   990  3083 E CamX    : [ DUMP][HAL    ] camxhaldevice.cpp:2904 Dump() +------------------------------------------------------------------+
01-01 03:22:12.601   990  3080 E CamX    : [ DUMP][CORE   ] camxthreadjobregistry.cpp:626 operator()()   Job Family vd56g3_rear_left_camera_0 - Total Job Count: 0, In Flight: 0, On Hold: 0, submitted: 0
01-01 03:22:12.601   990  3080 E CamX    : [ DUMP][CORE   ] camxthreadjobregistry.cpp:626 operator()()   Job Family OIS_vd56g3_rear_left_camera_0 - Total Job Count: 0, In Flight: 0, On Hold: 0, submitted: 0
01-01 03:22:12.601   990  3083 E CamX    : [ DUMP][HAL    ] camxhaldevice.cpp:2907 Dump() System Header Data:
01-01 03:22:12.601   990  3080 E CamX    : [ DUMP][CORE   ] camxthreadjobregistry.cpp:626 operator()()   Job Family readName_vd56g3_rear_left_camera_0 - Total Job Count: 0, In Flight: 0, On Hold: 0, submitted: 0
01-01 03:22:12.601   990  3083 E CamX    : [ DUMP][HAL    ] camxhaldevice.cpp:2911 Dump() errorCode                      : 32
01-01 03:22:12.601   990  3080 E CamX    : [ DUMP][CORE   ] camxthreadjobregistry.cpp:626 operator()()   Job Family CHISessionWrapperResult0x559c2dc550 - Total Job Count: 0, In Flight: 0, On Hold: 0, submitted: 0
01-01 03:22:12.601   990  3083 E CamX    : [ DUMP][HAL    ] camxhaldevice.cpp:2913 Dump() error String                   : CamxResultECSLStreamOn
01-01 03:22:12.601   990  3080 E CamX    : [ DUMP][CORE   ] camxthreadjobregistry.cpp:626 operator()()   Job Family CHISessionWrapperRequest0x559c2dc550 - Total Job Count: 0, In Flight: 0, On Hold: 0, submitted: 0
01-01 03:22:12.601   990  3083 E CamX    : [ DUMP][HAL    ] camxhaldevice.cpp:2915 Dump() error Description              : (null)
01-01 03:22:12.601   990  3080 I CamX    : [CORE_CFG][CORE   ] camxoverridesettingsfile.cpp:273 DumpOverriddenSettings() =============== BEGIN DUMP OF OVERRIDE SETTINGS ===============
01-01 03:22:12.601   990  3083 E CamX    : [ DUMP][HAL    ] camxhaldevice.cpp:2917 Dump() isDumpOnly                     : false
01-01 03:22:12.601   990  3080 I CamX    : [CORE_CFG][CORE   ] camxoverridesettingsfile.cpp:274 DumpOverriddenSettings() <Setting> (<Hash>) = <Value>
01-01 03:22:12.601   990  3083 E CamX    : [ DUMP][HAL    ] camxhaldevice.cpp:2920 Dump() forceSigAbort                  : false
01-01 03:22:12.601   990  3083 E CamX    : [ DUMP][HAL    ] camxhaldevice.cpp:2922 Dump() isThreadDumpRequested           : false
01-01 03:22:12.601   990  3080 I CamX    : [CORE_CFG][CORE   ] camxoverridesettingsfile.cpp:278 DumpOverriddenSettings() ================ END DUMP OF OVERRIDE SETTINGS ================
01-01 03:22:12.601   990  3083 E CamX    : [ DUMP][HAL    ] camxhaldevice.cpp:2924 Dump() isSelectiveRecovery           : false
01-01 03:22:12.601   990  3080 I CamX    : [CORE_CFG][CORE   ] camxsession.cpp:6763 HandleSystemEventCb() Sync/join DumpCallStack thread. handle : 547364729088
01-01 03:22:12.601   990  3083 E CamX    : [ DUMP][HAL    ] camxhaldevice.cpp:2957 Dump() Node Data:
01-01 03:22:12.601   990  3083 E CamX    : [ DUMP][HAL    ] camxhaldevice.cpp:2959 Dump() nodeInstanceId                 : NIL
01-01 03:22:12.601   990  3083 E CamX    : [ DUMP][HAL    ] camxhaldevice.cpp:2961 Dump() nodeType                       : NIL
01-01 03:22:12.601   990  3083 E CamX    : [ DUMP][HAL    ] camxhaldevice.cpp:2963 Dump() nodeName                       : NIL
01-01 03:22:12.601   990  3083 E CamX    : [ DUMP][HAL    ] camxhaldevice.cpp:2965 Dump() NodeInstance                   : NIL
01-01 03:22:12.601   990  3083 E CamX    : [ DUMP][HAL    ] camxhaldevice.cpp:2975 Dump() Pipeline Data:
01-01 03:22:12.601   990  3083 E CamX    : [ DUMP][HAL    ] camxhaldevice.cpp:2978 Dump() pipelineId                     : 0
01-01 03:22:12.601   990  3083 E CamX    : [ DUMP][HAL    ] camxhaldevice.cpp:2982 Dump() PipelineName                   : Raw
01-01 03:22:12.601   990  3083 E CamX    : [ DUMP][HAL    ] camxhaldevice.cpp:2985 Dump() PipelineInstance               : 0x559bd0d540
01-01 03:22:12.601   990  3083 E CamX    : [ DUMP][HAL    ] camxhaldevice.cpp:3011 Dump() Session Data:
01-01 03:22:12.601   990  3083 E CamX    : [ DUMP][HAL    ] camxhaldevice.cpp:3014 Dump() SessionInstance                : 0x559c2dc550
01-01 03:22:12.601   990  3083 E CamX    : [ DUMP][HAL    ] camxhaldevice.cpp:3019 Dump() SessionPipelines               : Raw
01-01 03:22:12.601   990  3083 E CamX    : [ DUMP][HAL    ] camxhaldevice.cpp:3056 Dump() Feature Data:
01-01 03:22:12.601   990  3083 E CamX    : [ DUMP][HAL    ] camxhaldevice.cpp:3058 Dump() FeatureId                      : NIL
01-01 03:22:12.601   990  3083 E CamX    : [ DUMP][HAL    ] camxhaldevice.cpp:3060 Dump() FeatureInstanceId              : NIL
01-01 03:22:12.601   990  3083 E CamX    : [ DUMP][HAL    ] camxhaldevice.cpp:3062 Dump() FeatureInstance                : NIL
01-01 03:22:12.601   990  3083 E CamX    : [ DUMP][HAL    ] camxhaldevice.cpp:3064 Dump() FeatureName                    : NIL
01-01 03:22:12.601   990  3083 E CamX    : [ DUMP][HAL    ] camxhaldevice.cpp:3091 Dump() Graph Data:
01-01 03:22:12.601   990  3083 E CamX    : [ DUMP][HAL    ] camxhaldevice.cpp:3093 Dump() GraphId                        : NIL
01-01 03:22:12.601   990  3083 E CamX    : [ DUMP][HAL    ] camxhaldevice.cpp:3095 Dump() GraphInstance                  : NIL
01-01 03:22:12.601   990  3083 E CamX    : [ DUMP][HAL    ] camxhaldevice.cpp:3097 Dump() GraphName                      : NIL
01-01 03:22:12.601   990  3083 E CamX    : [ DUMP][HAL    ] camxhaldevice.cpp:3107 Dump() Usecase Data:
01-01 03:22:12.601   990  3083 E CamX    : [ DUMP][HAL    ] camxhaldevice.cpp:3110 Dump() UsecaseInstance                : 0x559aaf6140
01-01 03:22:12.601   990  3083 E CamX    : [ DUMP][HAL    ] camxhaldevice.cpp:3113 Dump() UsecaseName                    : UsecaseRaw
01-01 03:22:12.601   990  3083 E CamX    : [ DUMP][HAL    ] camxhaldevice.cpp:3116 Dump() UsecaseID                      : 1
01-01 03:22:12.601   990  3083 I CamX    : [CORE_CFG][HAL    ] camxhaldevice.cpp:3137 Dump() System Event Payload: ErrorCode:32 ForceSigAbort:0 nodeType:NIL nodeInstanceId:NIL pipelineId:0 pipelineName:Raw featureName:NIL graphName:NIL usecaseName:UsecaseRaw
01-01 03:22:12.607   990  3208 I CamX    : [CORE_CFG][CORE   ] camxsession.cpp:11686 DumpCallStackThreadProcessing() Dump call stack for all threads started.
01-01 03:22:12.607   990  3208 I CamX    : [CORE_CFG][CORE   ] camxsession.cpp:11701 DumpCallStackThreadProcessing() Dump call stack for all threads completed. Time took : 0
01-01 03:22:12.607   990  3080 I CamX    : [CORE_CFG][CORE   ] camxsession.cpp:6793 HandleSystemEventCb() Triggering System Event: Session:0x559c2dc550, Node:Unknown(-1), Instance:-1, Pipeline:Unknown(-1) DumpOnly:0
01-01 03:22:12.607   990  3080 I CamX    : [CORE_CFG][CORE   ] camxsession.cpp:6803 HandleSystemEventCb() ErrorCode:32, ErrorString: CamxResultECSLStreamOn, ErrorDescription: (null) forceSigAbort=0 threadCallStacksDumped = 1frameworkFrameNum=32 isThreadCallStackDumpRequested=0
01-01 03:22:12.607   990  3080 I CamX    : [CORE_CFG][CORE   ] camxsession.cpp:1298 Pause() Pause:0 session 0x559c2dc550 Raw
01-01 03:22:12.607   990  3080 E CHIUSECASE: [ERROR  ] chxadvancedcamerausecase.cpp:3927 ExecuteCaptureRequest() Activate Pipeline failure for session:0 pipeline 0 with result 32
01-01 03:22:12.607   990  3080 E CHIUSECASE: [ERROR  ] chxadvancedcamerausecase.cpp:3936 ExecuteCaptureRequest() Defer thread or submit request failure for session:0
01-01 03:22:12.607   990  3080 E CHIUSECASE: [ERROR  ] chxusecase.cpp:833 ProcessCaptureRequest() ECR Errored Out! Usecase:1 cameraId:0 in state: CamxResultECSLStreamOn
01-01 03:22:12.607   990  3080 I CamX    : [CORE_CFG][HAL    ] camxhal3.cpp:1776 process_capture_request() logical camera id 0, frame_number 0, num_output_buffers 1, resultOut -19
01-01 03:22:12.607   990  3080 E CameraAdaptor: SetErrorStateLockedV: Camera 0: SubmitRequest: SubmitRequest: Unable to submit request 0 in CameraHal : No such device (-19)
01-01 03:22:12.607   990  3080 W RecorderCameraContext: CameraErrorCb: Camera: 0, Error: 1, Request: 0, FrameNumber: 0
01-01 03:22:12.607   990  3080 E RecorderCameraContext: CameraErrorCb: Camera device faced an unrecoverable error!
01-01 03:22:12.607   990  3080 E Camera3Stream: ReturnBufferLocked: Stream 0: Not expecting any buffers!
01-01 03:22:12.608   990   990 I RecorderCameraContext: GetPort: Found port for track_id(1010001)
01-01 03:22:12.608   990   990 I RecorderCameraContext: GetPort: Found port for track_id(1010001)
01-01 03:22:12.608   990   990 I RecorderCameraContext: UpdateRequest: Number of active_ports(1)
01-01 03:22:12.608   990   990 I RecorderCameraContext: UpdateRequest: cam_stream_id(0)
01-01 03:22:12.608   990   990 I RecorderCameraContext: UpdateRequest: CameraPort(0x0x559aaec450):camera_stream_id(0) is stopped 
01-01 03:22:12.608   990   990 I RecorderCameraContext: UpdateRequest: streaming_active_requests_.size(0)
01-01 03:22:12.608   990   990 I RecorderCameraContext: UpdateRequest: Number of streams(0) to start
01-01 03:22:12.608   990   990 I RecorderCameraContext: UpdateRequest:Cancelling the request, no pending stream!
01-01 03:22:12.608   990   990 I RecorderCameraContext: CancelRequest: Issuing Flush!
01-01 03:22:12.608   990   990 W CamX    : [ WARN][POWER  ] camxperflockmanager.cpp:625 PowerHintInternal() Acquire perfhint failed type 1338
01-01 03:22:12.608   990   990 W CamX    : [ WARN][POWER  ] camxperflockmanager.cpp:488 AcquirePerfLock() Failed to acquire perflock type: 11 result: CamxResultEInvalidArg
01-01 03:22:12.608   990   990 I CamX    : [CORE_CFG][HAL    ] camxhal3.cpp:1839 flush() HalOp: Begin FLUSH: 0x7fb95b4ba0, logicalCameraId: 0, cameraId: 0
01-01 03:22:12.612   990  3209 I CamX    : [CORE_CFG][CORE   ] camxsession.cpp:11686 DumpCallStackThreadProcessing() Dump call stack for all threads started.
01-01 03:22:12.612   990  3209 I CamX    : [CORE_CFG][CORE   ] camxsession.cpp:11701 DumpCallStackThreadProcessing() Dump call stack for all threads completed. Time took : 0
01-01 03:22:12.770   990  3083 E CamX    : [ DUMP][HAL    ] camxhaldevice.cpp:3156 Dump() +------------------------------------------------------------------+
01-01 03:22:12.770   990  3083 E CamX    : [ DUMP][HAL    ] camxhaldevice.cpp:3158 Dump() +                          HAL Dump                                +
01-01 03:22:12.770   990  3083 E CamX    : [ DUMP][HAL    ] camxhaldevice.cpp:3160 Dump() +------------------------------------------------------------------+
01-01 03:22:12.770   990  3083 E CamX    : [ DUMP][CORE   ] camxsession.cpp:9129 DumpState() +-----------------------------------------------------------------------------------------+
01-01 03:22:12.770   990  3083 E CamX    : [ DUMP][CORE   ] camxsession.cpp:9130 DumpState() + SESSION 0x559c2dc550 DUMP
01-01 03:22:12.770   990  3083 E CamX    : [ DUMP][CORE   ] camxsession.cpp:9132 DumpState() +-----------------------------------------------------------------------------------------+
01-01 03:22:12.770   990  3083 E CamX    : [ DUMP][CORE   ] camxsession.cpp:9135 DumpState() + numPipelines            = 1
01-01 03:22:12.770   990  3083 E CamX    : [ DUMP][CORE   ] camxsession.cpp:9137 DumpState() + livePendingRequests     = 0
01-01 03:22:12.770   990  3083 E CamX    : [ DUMP][CORE   ] camxsession.cpp:9139 DumpState() + maxLivePendingRequests  = 6
01-01 03:22:12.770   990  3083 E CamX    : [ DUMP][CORE   ] camxsession.cpp:9141 DumpState() + requestQueueDepth       = 8
01-01 03:22:12.770   990  3083 E CamX    : [ DUMP][CORE   ] camxsession.cpp:9144 DumpState() + FlushStatus             = false
01-01 03:22:12.770   990  3083 E CamX    : [ DUMP][CORE   ] camxsession.cpp:9146 DumpState() + usecaseNumBatchedFrames = 1
01-01 03:22:12.770   990  3083 E CamX    : [ DUMP][CORE   ] camxsession.cpp:9148 DumpState() + numRealtimePipelines    = 1
01-01 03:22:12.770   990  3083 E CamX    : [ DUMP][CORE   ] camxsession.cpp:9151 DumpState() + partialMetadataEnabled  = false
01-01 03:22:12.770   990  3083 E CamX    : [ DUMP][CORE   ] camxsession.cpp:9154 DumpState() + aDeviceInError          = false
01-01 03:22:12.770   990  3083 E CamX    : [ DUMP][CORE   ] camxsession.cpp:9156 DumpState() + isTorchWidgetSession    = false
01-01 03:22:12.770   990  3083 E CamX    : [ DUMP][CORE   ] camxsession.cpp:9158 DumpState() + m_isNoInputBufferSession    = false
01-01 03:22:12.770   990  3083 E CamX    : [ DUMP][CORE   ] camxsession.cpp:9160 DumpState() + isRequestBatchingOn     = false
01-01 03:22:12.770   990  3083 E CamX    : [ DUMP][CORE   ] camxsession.cpp:9162 DumpState() + sequenceId              = 1
01-01 03:22:12.770   990  3083 E CamX    : [ DUMP][CORE   ] camxsession.cpp:9164 DumpState() + syncSequenceId          = 1
01-01 03:22:12.770   990  3083 E CamX    : [ DUMP][CORE   ] camxsession.cpp:9166 DumpState() -----------------------
01-01 03:22:12.770   990  3083 E CamX    : [ DUMP][CORE   ] camxsession.cpp:9168 DumpState() + Pipeline(s) overview:
01-01 03:22:12.770   990  3083 E CamX    : [ DUMP][CORE   ] camxsession.cpp:9170 DumpState() -----------------------
01-01 03:22:12.770   990  3083 E CamX    : [ DUMP][CORE   ] camxsession.cpp:9214 DumpState()   Pipeline_Raw_0_cam_0 { cameraId = 0, requestBatchId = 1, batchedFrameIndex = 0}
01-01 03:22:12.770   990  3083 E CamX    : [ DUMP][CORE   ] camxsession.cpp:9229 DumpState() 
01-01 03:22:12.770   990  3083 E CamX    : [ DUMP][CORE   ] camxsession.cpp:9292 DumpState() +-----------------------------------------------------------------------------------------+
01-01 03:22:12.770   990  3083 E CamX    : [ DUMP][CORE   ] camxsession.cpp:9294 DumpState() + RESULT HOLDER DUMP, 0 PENDING ENTRIES
01-01 03:22:12.770   990  3083 E CamX    : [ DUMP][CORE   ] camxsession.cpp:9301 DumpState() +---------------------------------------------------------------------------------------+
01-01 03:22:12.770   990  3083 E CamX    : [ DUMP][CORE   ] camxsession.cpp:9302 DumpState() + PIPELINE DEBUG INFO:
01-01 03:22:12.770   990  3083 E CamX    : [ DUMP][CORE   ] camxsession.cpp:9304 DumpState() +---------------------------------------------------------------------------------------+
01-01 03:22:12.770   990  3083 E CamX    : [ DUMP][CORE   ] camxpipeline.cpp:6420 DumpState() + Pipeline Name: Raw_0_cam_0, Pipeline ID: 0, Pipeline Instance:0x559bd0d540,PipelineDescriptor:0x559bd04840 CurrentRequestId: 1
01-01 03:22:12.770   990  3083 E CamX    : [ DUMP][CORE   ] camxpipeline.cpp:6422 DumpState()   -------------------------------------------------------------------------------------
01-01 03:22:12.770   990  3083 E CamX    : [ DUMP][CORE   ] camxpipeline.cpp:6425 DumpState() + index                         = 0
01-01 03:22:12.770   990  3083 E CamX    : [ DUMP][CORE   ] camxpipeline.cpp:6427 DumpState() + status                        = "PipelineStatus::RESOURCES_RELEASED"
01-01 03:22:12.770   990  3083 E CamX    : [ DUMP][CORE   ] camxpipeline.cpp:6429 DumpState() + currentSensorMode             = 0
01-01 03:22:12.770   990  3083 E CamX    : [ DUMP][CORE   ] camxpipeline.cpp:6431 DumpState() + cameraId                      = 0
01-01 03:22:12.770   990  3083 E CamX    : [ DUMP][CORE   ] camxpipeline.cpp:6433 DumpState() + sensorSyncMode                = "NoSync"
01-01 03:22:12.770   990  3083 E CamX    : [ DUMP][CORE   ] camxpipeline.cpp:6435 DumpState() + pipelineFlags                 = 0x0000002C
01-01 03:22:12.770   990  3083 E CamX    : [ DUMP][CORE   ] camxpipeline.cpp:6437 DumpState() + hCSLLinkHandle                = 0
01-01 03:22:12.770   990  3083 E CamX    : [ DUMP][CORE   ] camxpipeline.cpp:6439 DumpState() + hCSLSyncLinkHandle            = 0
01-01 03:22:12.770   990  3083 E CamX    : [ DUMP][CORE   ] camxpipeline.cpp:6441 DumpState() + nodeCount                     = 2
01-01 03:22:12.770   990  3083 E CamX    : [ DUMP][CORE   ] camxpipeline.cpp:6443 DumpState() + maxPipelineDelay              = 3
01-01 03:22:12.770   990  3083 E CamX    : [ DUMP][CORE   ] camxpipeline.cpp:6445 DumpState() + lastModeBitMask              = 0x0
01-01 03:22:12.770   990  3083 E CamX    : [ DUMP][CORE   ] camxpipeline.cpp:6447 DumpState() + lastRequestActiveStreamIdMask = 0x00000001
01-01 03:22:12.770   990  3083 E CamX    : [ DUMP][CORE   ] camxpipeline.cpp:6449 DumpState() + lastInOrderCompletedRequestId = 1
01-01 03:22:12.770   990  3083 E CamX    : [ DUMP][CORE   ] camxpipeline.cpp:6451 DumpState() ----------------------------------------------------------------------
01-01 03:22:12.770   990  3083 E CamX    : [ DUMP][CORE   ] camxpipeline.cpp:6453 DumpState() +  Pending Nodes:
01-01 03:22:12.770   990  3083 E CamX    : [ DUMP][CORE   ] camxpipeline.cpp:6455 DumpState() ----------------------------------------------------------------------
01-01 03:22:12.770   990  3083 E CamX    : [ DUMP][CORE   ] camxpipeline.cpp:6459 DumpState() + Requests Range - lastInOrderCompletedRequestId: 1 currentRequest: 1
01-01 03:22:12.770   990  3083 E CamX    : [ DUMP][CORE   ] camxpipeline.cpp:6461 DumpState()   ---------------
01-01 03:22:12.770   990  3083 E CamX    : [ DUMP][CORE   ] camxpipeline.cpp:6563 DumpState() + Available CSL Device Handle: 
01-01 03:22:12.770   990  3083 E CamX    : [ DUMP][CORE   ] camxpipeline.cpp:6569 DumpState() Device Index: 0, Device Handle: 12845313
01-01 03:22:12.770   990  3083 E CamX    : [ DUMP][CORE   ] camxpipeline.cpp:6569 DumpState() Device Index: 1, Device Handle: 11534595
01-01 03:22:12.770   990  3083 E CamX    : [ DUMP][CORE   ] camxpipeline.cpp:6569 DumpState() Device Index: 2, Device Handle: 13172994
01-01 03:22:12.770   990  3083 E CamX    : [ DUMP][CORE   ] camxpipeline.cpp:6574 DumpState()   ---------------
01-01 03:22:12.770   990  3083 E CamX    : [ DUMP][CORE   ] camxpipeline.cpp:6578 DumpState() + Metadata Pending Range - lastInOrderMetaCompletedRequestId: 1 currentRequest: 1
01-01 03:22:12.770   990  3083 E CamX    : [ DUMP][CORE   ] camxpipeline.cpp:6580 DumpState()   ---------------
01-01 03:22:12.770   990  3083 E CamX    : [ DUMP][CORE   ] camxpipeline.cpp:6585 DumpState() + PerFrameResult Metadata: 
01-01 03:22:12.770   990  3083 E CamX    : [ DUMP][CORE   ] camxpipeline.cpp:6640 DumpState() + PerFrameInput Metadata: 
01-01 03:22:12.770   990  3083 E CamX    : [ DUMP][CORE   ] camxpipeline.cpp:6670 DumpState() 
01-01 03:22:12.770   990  3083 E CamX    : [ DUMP][CORE   ] camxpipeline.cpp:6672 DumpState() ----------------------------------------------------------------------
01-01 03:22:12.770   990  3083 E CamX    : [ DUMP][CORE   ] camxpipeline.cpp:6673 DumpState() + Metadata pools Info
01-01 03:22:12.770   990  3083 E CamX    : [ DUMP][CORE   ] camxpipeline.cpp:6675 DumpState() ----------------------------------------------------------------------
01-01 03:22:12.770   990  3083 E CamX    : [ DUMP][CORE   ] camxpipeline.cpp:6676 DumpState() + PerFrameResult Metadata Pool: 
01-01 03:22:12.770   990  3083 E CamX    : [ DUMP][CORE   ] camxmetadatapool.cpp:644 DumpMetadataPoolState() Metadata Type: PerFrameResult P:0x559c3ef950, Pooltype = 3 NumSlots = 16
01-01 03:22:12.770   990  3083 E CamX    : [ DUMP][CORE   ] camxmetadatapool.cpp:1663 DumpMetadataSlotState() Slot Index =  0 IsValid = 0 Associated ReqId = 0 Metabuffer = (nil)
01-01 03:22:12.770   990  3083 E CamX    : [ DUMP][CORE   ] camxmetadatapool.cpp:1663 DumpMetadataSlotState() Slot Index =  1 IsValid = 1 Associated ReqId = 1 Metabuffer = 0x559c659430
01-01 03:22:12.770   990  3083 E CamX    : [ DUMP][CORE   ] camxmetadatapool.cpp:1663 DumpMetadataSlotState() Slot Index =  2 IsValid = 0 Associated ReqId = 0 Metabuffer = (nil)
01-01 03:22:12.770   990  3083 E CamX    : [ DUMP][CORE   ] camxmetadatapool.cpp:1663 DumpMetadataSlotState() Slot Index =  3 IsValid = 0 Associated ReqId = 0 Metabuffer = (nil)
01-01 03:22:12.770   990  3083 E CamX    : [ DUMP][CORE   ] camxmetadatapool.cpp:1663 DumpMetadataSlotState() Slot Index =  4 IsValid = 0 Associated ReqId = 0 Metabuffer = (nil)
01-01 03:22:12.770   990  3083 E CamX    : [ DUMP][CORE   ] camxmetadatapool.cpp:1663 DumpMetadataSlotState() Slot Index =  5 IsValid = 0 Associated ReqId = 0 Metabuffer = (nil)
01-01 03:22:12.770   990  3083 E CamX    : [ DUMP][CORE   ] camxmetadatapool.cpp:1663 DumpMetadataSlotState() Slot Index =  6 IsValid = 0 Associated ReqId = 0 Metabuffer = (nil)
01-01 03:22:12.770   990  3083 E CamX    : [ DUMP][CORE   ] camxmetadatapool.cpp:1663 DumpMetadataSlotState() Slot Index =  7 IsValid = 0 Associated ReqId = 0 Metabuffer = (nil)
01-01 03:22:12.770   990  3083 E CamX    : [ DUMP][CORE   ] camxmetadatapool.cpp:1663 DumpMetadataSlotState() Slot Index =  8 IsValid = 0 Associated ReqId = 0 Metabuffer = (nil)
01-01 03:22:12.770   990  3083 E CamX    : [ DUMP][CORE   ] camxmetadatapool.cpp:1663 DumpMetadataSlotState() Slot Index =  9 IsValid = 0 Associated ReqId = 0 Metabuffer = (nil)
01-01 03:22:12.770   990  3083 E CamX    : [ DUMP][CORE   ] camxmetadatapool.cpp:1663 DumpMetadataSlotState() Slot Index = 10 IsValid = 0 Associated ReqId = 0 Metabuffer = (nil)
01-01 03:22:12.770   990  3083 E CamX    : [ DUMP][CORE   ] camxmetadatapool.cpp:1663 DumpMetadataSlotState() Slot Index = 11 IsValid = 0 Associated ReqId = 0 Metabuffer = (nil)
01-01 03:22:12.770   990  3083 E CamX    : [ DUMP][CORE   ] camxmetadatapool.cpp:1663 DumpMetadataSlotState() Slot Index = 12 IsValid = 0 Associated ReqId = 0 Metabuffer = (nil)
01-01 03:22:12.770   990  3083 E CamX    : [ DUMP][CORE   ] camxmetadatapool.cpp:1663 DumpMetadataSlotState() Slot Index = 13 IsValid = 0 Associated ReqId = 0 Metabuffer = (nil)
01-01 03:22:12.770   990  3083 E CamX    : [ DUMP][CORE   ] camxmetadatapool.cpp:1663 DumpMetadataSlotState() Slot Index = 14 IsValid = 0 Associated ReqId = 0 Metabuffer = (nil)
01-01 03:22:12.770   990  3083 E CamX    : [ DUMP][CORE   ] camxmetadatapool.cpp:1663 DumpMetadataSlotState() Slot Index = 15 IsValid = 0 Associated ReqId = 0 Metabuffer = (nil)
01-01 03:22:12.770   990  3083 E CamX    : [ DUMP][CORE   ] camxpipeline.cpp:6683 DumpState() + PerFrameInput Metadata Pool: 
01-01 03:22:12.770   990  3083 E CamX    : [ DUMP][CORE   ] camxmetadatapool.cpp:644 DumpMetadataPoolState() Metadata Type: PerFrameInput P:0x559c42b1f0, Pooltype = 2 NumSlots = 16
01-01 03:22:12.770   990  3083 E CamX    : [ DUMP][CORE   ] camxmetadatapool.cpp:1663 DumpMetadataSlotState() Slot Index =  0 IsValid = 0 Associated ReqId = 0 Metabuffer = (nil)
01-01 03:22:12.770   990  3083 E CamX    : [ DUMP][CORE   ] camxmetadatapool.cpp:1663 DumpMetadataSlotState() Slot Index =  1 IsValid = 1 Associated ReqId = 1 Metabuffer = 0x559ca052e0
01-01 03:22:12.770   990  3083 E CamX    : [ DUMP][CORE   ] camxmetadatapool.cpp:1663 DumpMetadataSlotState() Slot Index =  2 IsValid = 0 Associated ReqId = 0 Metabuffer = (nil)
01-01 03:22:12.770   990  3083 E CamX    : [ DUMP][CORE   ] camxmetadatapool.cpp:1663 DumpMetadataSlotState() Slot Index =  3 IsValid = 0 Associated ReqId = 0 Metabuffer = (nil)
01-01 03:22:12.770   990  3083 E CamX    : [ DUMP][CORE   ] camxmetadatapool.cpp:1663 DumpMetadataSlotState() Slot Index =  4 IsValid = 0 Associated ReqId = 0 Metabuffer = (nil)
01-01 03:22:12.770   990  3083 E CamX    : [ DUMP][CORE   ] camxmetadatapool.cpp:1663 DumpMetadataSlotState() Slot Index =  5 IsValid = 0 Associated ReqId = 0 Metabuffer = (nil)
01-01 03:22:12.770   990  3083 E CamX    : [ DUMP][CORE   ] camxmetadatapool.cpp:1663 DumpMetadataSlotState() Slot Index =  6 IsValid = 0 Associated ReqId = 0 Metabuffer = (nil)
01-01 03:22:12.770   990  3083 E CamX    : [ DUMP][CORE   ] camxmetadatapool.cpp:1663 DumpMetadataSlotState() Slot Index =  7 IsValid = 0 Associated ReqId = 0 Metabuffer = (nil)
01-01 03:22:12.770   990  3083 E CamX    : [ DUMP][CORE   ] camxmetadatapool.cpp:1663 DumpMetadataSlotState() Slot Index =  8 IsValid = 0 Associated ReqId = 0 Metabuffer = (nil)
01-01 03:22:12.770   990  3083 E CamX    : [ DUMP][CORE   ] camxmetadatapool.cpp:1663 DumpMetadataSlotState() Slot Index =  9 IsValid = 0 Associated ReqId = 0 Metabuffer = (nil)
01-01 03:22:12.770   990  3083 E CamX    : [ DUMP][CORE   ] camxmetadatapool.cpp:1663 DumpMetadataSlotState() Slot Index = 10 IsValid = 0 Associated ReqId = 0 Metabuffer = (nil)
01-01 03:22:12.770   990  3083 E CamX    : [ DUMP][CORE   ] camxmetadatapool.cpp:1663 DumpMetadataSlotState() Slot Index = 11 IsValid = 0 Associated ReqId = 0 Metabuffer = (nil)
01-01 03:22:12.770   990  3083 E CamX    : [ DUMP][CORE   ] camxmetadatapool.cpp:1663 DumpMetadataSlotState() Slot Index = 12 IsValid = 0 Associated ReqId = 0 Metabuffer = (nil)
01-01 03:22:12.770   990  3083 E CamX    : [ DUMP][CORE   ] camxmetadatapool.cpp:1663 DumpMetadataSlotState() Slot Index = 13 IsValid = 0 Associated ReqId = 0 Metabuffer = (nil)
01-01 03:22:12.770   990  3083 E CamX    : [ DUMP][CORE   ] camxmetadatapool.cpp:1663 DumpMetadataSlotState() Slot Index = 14 IsValid = 0 Associated ReqId = 0 Metabuffer = (nil)
01-01 03:22:12.770   990  3083 E CamX    : [ DUMP][CORE   ] camxmetadatapool.cpp:1663 DumpMetadataSlotState() Slot Index = 15 IsValid = 0 Associated ReqId = 0 Metabuffer = (nil)
01-01 03:22:12.770   990  3083 E CamX    : [ DUMP][CORE   ] camxpipeline.cpp:6698 DumpState() 
01-01 03:22:12.770   990  3083 E CamX    : [ DUMP][CORE   ] camxpipeline.cpp:6700 DumpState() ----------------------------------------------------------------------
01-01 03:22:12.770   990  3083 E CamX    : [ DUMP][CORE   ] camxpipeline.cpp:6701 DumpState() + USECASE METADATA
01-01 03:22:12.770   990  3083 E CamX    : [ DUMP][CORE   ] camxpipeline.cpp:6712 DumpState() Dump Usecase's Metadata: Raw_0_cam_0 in file: /UsecaseMetadata_Raw_0_cam_0.txt
01-01 03:22:12.771   990  3083 E CamX    : [ DUMP][CORE   ] camxpipeline.cpp:6737 DumpState() ----------------------------------------------------------------------
01-01 03:22:12.771   990  3083 E CamX    : [ DUMP][CORE   ] camxpipeline.cpp:6777 DumpState() ----------------------------------------------------------------------
01-01 03:22:12.771   990  3083 E CamX    : [ DUMP][CORE   ] camxpipeline.cpp:6779 DumpState() + Request info for the pending nodes:
01-01 03:22:12.771   990  3083 E CamX    : [ DUMP][CORE   ] camxpipeline.cpp:6781 DumpState() ----------------------------------------------------------------------
01-01 03:22:12.771   990  3083 E CamX    : [ DUMP][CORE   ] camxpipeline.cpp:6858 DumpState() ======================================================================
01-01 03:22:12.771   990  3083 E CamX    : [ DUMP][CORE   ] camxpipeline.cpp:6860 DumpState() + Detailed Status for the Nodes:
01-01 03:22:12.771   990  3083 E CamX    : [ DUMP][CORE   ] camxpipeline.cpp:6862 DumpState() ======================================================================
01-01 03:22:12.771   990  3083 E CamX    : [ DUMP][CORE   ] camxpipeline.cpp:6928 DumpState() Node: Raw_Sensor0_cam0 Not enabled, Skip Node Core Debug Info
01-01 03:22:12.771   990  3083 E CamX    : [ DUMP][CORE   ] camxpipeline.cpp:6932 DumpState() +------------------------------------------------------------------+
01-01 03:22:12.771   990  3083 E CamX    : [ DUMP][CORE   ] camxpipeline.cpp:6934 DumpState() + Fence Error Info:
01-01 03:22:12.771   990  3083 E CamX    : [ DUMP][CORE   ] camxpipeline.cpp:6936 DumpState() +------------------------------------------------------------------+
01-01 03:22:12.771   990  3083 E CamX    : [ DUMP][CORE   ] camxpipeline.cpp:6940 DumpState() +------------------------------------------------------------------+
01-01 03:22:12.771   990  3083 E CamX    : [ DUMP][CORE   ] camxpipeline.cpp:6942 DumpState() + Graph:
01-01 03:22:12.771   990  3083 E CamX    : [ DUMP][CORE   ] camxpipeline.cpp:6944 DumpState() +------------------------------------------------------------------+
01-01 03:22:12.771   990  3083 E CamX    : [ DUMP][CORE   ] camxpipeline.cpp:6946 DumpState() Nodes + ports:
01-01 03:22:12.771   990  3083 E CamX    : [ DUMP][CORE   ] camxnodelegacy.cpp:13093 DumpNodeInfo() ----------------------------
01-01 03:22:12.771   990  3083 E CamX    : [ DUMP][CORE   ] camxnodelegacy.cpp:13095 DumpNodeInfo() nodeIdentifierString    : Raw_Sensor0_cam0
01-01 03:22:12.771   990  3083 E CamX    : [ DUMP][CORE   ] camxnodelegacy.cpp:13097 DumpNodeInfo() nodeFlags               : 53
01-01 03:22:12.771   990  3083 E CamX    : [ DUMP][CORE   ] camxnodelegacy.cpp:13099 DumpNodeInfo() nodeType                : 0
01-01 03:22:12.771   990  3083 E CamX    : [ DUMP][CORE   ] camxnodelegacy.cpp:13101 DumpNodeInfo() instanceId              : (nil)
01-01 03:22:12.771   990  3083 E CamX    : [ DUMP][CORE   ] camxnodelegacy.cpp:13103 DumpNodeInfo() pipelineNodeIndex       : 0
01-01 03:22:12.771   990  3083 E CamX    : [ DUMP][CORE   ] camxnodelegacy.cpp:13105 DumpNodeInfo() isIPERealtime           : false
01-01 03:22:12.771   990  3083 E CamX    : [ DUMP][CORE   ] camxnodelegacy.cpp:13107 DumpNodeInfo() deviceIndexCount        : 5
01-01 03:22:12.771   990  3083 E CamX    : [ DUMP][CORE   ] camxnodelegacy.cpp:13109 DumpNodeInfo() numCmdBufferManagers    : 12
01-01 03:22:12.771   990  3083 E CamX    : [ DUMP][CORE   ] camxnodelegacy.cpp:13111 DumpNodeInfo() maxNumCmdBufferManagers : 45
01-01 03:22:12.771   990  3083 E CamX    : [ DUMP][CORE   ] camxnodelegacy.cpp:13113 DumpNodeInfo() maxOutputPorts          : 0
01-01 03:22:12.771   990  3083 E CamX    : [ DUMP][CORE   ] camxnodelegacy.cpp:13115 DumpNodeInfo() maxInputPorts           : 0
01-01 03:22:12.771   990  3083 E CamX    : [ DUMP][CORE   ] camxnodelegacy.cpp:13117 DumpNodeInfo() inputPortDisableMask    : 0x0
01-01 03:22:12.771   990  3083 E CamX    : [ DUMP][CORE   ] camxnodelegacy.cpp:13166 DumpNodeInfo() OutputPort 0, format: 0  maxNumBuffers: 0, memFlags: 0x00000000, heap: 0,
01-01 03:22:12.771   990  3083 E CamX    : [ DUMP][CORE   ] camxnodelegacy.cpp:13172 DumpNodeInfo() flags: 0x00000080, streamEnableMask: 0x00000001, numBatchedFrames: 0
01-01 03:22:12.771   990  3083 E CamX    : [ DUMP][CORE   ] camxnodelegacy.cpp:13201 DumpNodeInfo() deviceIndex[0]: 14
01-01 03:22:12.771   990  3083 E CamX    : [ DUMP][CORE   ] camxnodelegacy.cpp:13201 DumpNodeInfo() deviceIndex[1]: 5
01-01 03:22:12.771   990  3083 E CamX    : [ DUMP][CORE   ] camxnodelegacy.cpp:13201 DumpNodeInfo() deviceIndex[2]: 0
01-01 03:22:12.771   990  3083 E CamX    : [ DUMP][CORE   ] camxnodelegacy.cpp:13166 DumpNodeInfo() OutputPort 1, format: 0  maxNumBuffers: 0, memFlags: 0x00000000, heap: 0,
01-01 03:22:12.771   990  3083 E CamX    : [ DUMP][CORE   ] camxnodelegacy.cpp:13172 DumpNodeInfo() flags: 0x00000080, streamEnableMask: 0x00000001, numBatchedFrames: 0
01-01 03:22:12.771   990  3083 E CamX    : [ DUMP][CORE   ] camxnodelegacy.cpp:13201 DumpNodeInfo() deviceIndex[0]: 14
01-01 03:22:12.771   990  3083 E CamX    : [ DUMP][CORE   ] camxnodelegacy.cpp:13201 DumpNodeInfo() deviceIndex[1]: 5
01-01 03:22:12.771   990  3083 E CamX    : [ DUMP][CORE   ] camxnodelegacy.cpp:13201 DumpNodeInfo() deviceIndex[2]: 0
01-01 03:22:12.771   990  3083 E CamX    : [ DUMP][CORE   ] camxpipeline.cpp:6950 DumpState() +------------------------------------------------------------------+
01-01 03:22:12.771   990  3083 E CamX    : [ DUMP][CORE   ] camxpipeline.cpp:6952 DumpState() Links:
01-01 03:22:12.771   990  3083 E CamX    : [ DUMP][CORE   ] camxpipeline.cpp:6954 DumpState() +------------------------------------------------------------------+
01-01 03:22:12.771   990  3083 E CamX    : [ DUMP][CORE   ] camxpipeline.cpp:6928 DumpState() Node: Raw_IFE0_cam0 Not enabled, Skip Node Core Debug Info
01-01 03:22:12.771   990  3083 E CamX    : [ DUMP][CORE   ] camxpipeline.cpp:6932 DumpState() +------------------------------------------------------------------+
01-01 03:22:12.771   990  3083 E CamX    : [ DUMP][CORE   ] camxpipeline.cpp:6934 DumpState() + Fence Error Info:
01-01 03:22:12.771   990  3083 E CamX    : [ DUMP][CORE   ] camxpipeline.cpp:6936 DumpState() +------------------------------------------------------------------+
01-01 03:22:12.771   990  3083 E CamX    : [ DUMP][CORE   ] camxpipeline.cpp:6940 DumpState() +------------------------------------------------------------------+
01-01 03:22:12.771   990  3083 E CamX    : [ DUMP][CORE   ] camxpipeline.cpp:6942 DumpState() + Graph:
01-01 03:22:12.771   990  3083 E CamX    : [ DUMP][CORE   ] camxpipeline.cpp:6944 DumpState() +------------------------------------------------------------------+
01-01 03:22:12.771   990  3083 E CamX    : [ DUMP][CORE   ] camxpipeline.cpp:6946 DumpState() Nodes + ports:
01-01 03:22:12.771   990  3083 E CamX    : [ DUMP][CORE   ] camxnodelegacy.cpp:13093 DumpNodeInfo() ----------------------------
01-01 03:22:12.771   990  3083 E CamX    : [ DUMP][CORE   ] camxnodelegacy.cpp:13095 DumpNodeInfo() nodeIdentifierString    : Raw_IFE0_cam0
01-01 03:22:12.771   990  3083 E CamX    : [ DUMP][CORE   ] camxnodelegacy.cpp:13097 DumpNodeInfo() nodeFlags               : 53
01-01 03:22:12.771   990  3083 E CamX    : [ DUMP][CORE   ] camxnodelegacy.cpp:13099 DumpNodeInfo() nodeType                : 65536
01-01 03:22:12.771   990  3083 E CamX    : [ DUMP][CORE   ] camxnodelegacy.cpp:13101 DumpNodeInfo() instanceId              : (nil)
01-01 03:22:12.771   990  3083 E CamX    : [ DUMP][CORE   ] camxnodelegacy.cpp:13103 DumpNodeInfo() pipelineNodeIndex       : 1
