01-01 03:22:06.309   990  1298 E CamX    : [ DUMP][CORE   ] camxresourcemanager.h:1503 Dump() --------------------
01-01 03:22:06.309   990  1298 E CamX    : [ DUMP][CORE   ] camxresourcemanager.h:1512 Dump()   {5, 4} :   50
01-01 03:22:06.309   990  1298 I CHIUSECASE: [CORE_CFG ] chxextensionmodule.cpp:2077 ExtendOpen() Using XML for Logical Cameras -- file: kailua_c8550_dk.xml
01-01 03:22:06.309   990  1298 I CamX    : [CORE_CFG][HAL    ] camxhal3module.cpp:1156 ProcessCameraOpen() Number of cameras opened 1
01-01 03:22:06.309   990  1298 I CamX    : [CORE_CFG][HAL    ] camxhal3.cpp:541 open() HalOp: End OPEN, logicalCameraId: 0, cameraId: 0
01-01 03:22:06.309   990  1298 W CamX    : [ WARN][POWER  ] camxperflockmanager.cpp:625 PowerHintInternal() Acquire perfhint failed type 1337
01-01 03:22:06.309   990  1298 W CamX    : [ WARN][POWER  ] camxperflockmanager.cpp:488 AcquirePerfLock() Failed to acquire perflock type: 10 result: CamxResultEInvalidArg
01-01 03:22:06.311   990  1298 I CamX    : [CORE_CFG][HAL    ] camxthermalmanager.cpp:96 Initialize() Successfully registered with the Thermal Engine
01-01 03:22:06.311   990  1298 I CamX    : [CORE_CFG][HAL    ] camxthermalmanager.cpp:145 RegisterHALDevice() Registered pHALDevice=0x7fb95b4b90 CameraId=0
01-01 03:22:06.311   990  1298 E CamX    : [ERROR][HAL    ] camxhal3module.cpp:1496 UpdateHDMIResolution()  HDMI Device not present 
01-01 03:22:06.311   990  1298 I RecorderCameraContext: OpenCamera: Non-zsl snapshot capture request created successfully!
01-01 03:22:06.311   990  1298 I RecorderCameraSource: StartCamera: Camera(0) opened successfully!
01-01 03:22:06.311   990  1298 I RecorderImpl: StartCamera: Number of clients connected(1)
01-01 03:22:06.311   990  1298 I RecorderImpl: StartCamera client_id(1): number of cameras(1) owned!
01-01 03:22:06.311   990  1298 I RecorderImpl: StartCamera: client_id(1): camera_id(0)
01-01 03:22:06.311   990  1298 I RecorderService: StartCamera: Exit client_id(1)
01-01 03:22:06.312  3032  3032 I Recorder: GetCameraCharacteristics: Enter
01-01 03:22:06.312   990   990 I RecorderService: GetCameraCharacteristics: Enter client_id(1)
01-01 03:22:06.312   990   990 I RecorderService: GetCameraCharacteristics: Exit client_id(1)
01-01 03:22:06.312  3032  3032 I Recorder: GetCameraCharacteristics: Exit
01-01 03:22:06.313  3032  3032 I Recorder: GetCameraCharacteristics: Enter
01-01 03:22:06.313   990   990 I RecorderService: GetCameraCharacteristics: Enter client_id(1)
01-01 03:22:06.313   990   990 I RecorderService: GetCameraCharacteristics: Exit client_id(1)
01-01 03:22:06.313  3032  3032 I Recorder: GetCameraCharacteristics: Exit
01-01 03:22:06.313   990   990 I RecorderCameraSource: CreateTrackSource: Normal stream should be create.
01-01 03:22:06.313   990   990 I RecorderCameraSource: TrackSource: TrackSource (0x0x559aaeb9c0)
01-01 03:22:06.313   990   990 I RecorderCameraContext: CameraPort: Enter
01-01 03:22:06.313   990   990 I RecorderCameraContext: CameraPort: Exit (0x0x559aaec450)
01-01 03:22:06.313   990   990 I RecorderCameraContext: Init: track_id(01010001) total buffer count(14)
01-01 03:22:06.313   990   990 I RecorderCameraContext: Init: Camera Device Stream(0) is created Succussfully withflag(0x700) and format(0x25)!
01-01 03:22:06.313   990   990 I RecorderCameraContext: Init: track_id(01010001) is mapped to camera stream_id(0)
01-01 03:22:06.313   990   990 I RecorderCameraContext: CreateStream: Global Streaming request created successfully!
01-01 03:22:06.313   990   990 I RecorderCameraContext: CreateStream: Number of Active ports=1
01-01 03:22:06.313   990   990 I RecorderCameraSource: Init: TrackSource(0x0x559aaeb9c0)(1000x1000) and Camera Device Stream  Created Successfully for Track(1010001)
01-01 03:22:06.313   990   990 I RecorderCameraContext: GetPort: Found port for track_id(1010001)
01-01 03:22:06.313   990   990 I RecorderCameraContext: AddConsumer: Consumer(0x559aaec0f0) added to track_id(16842753)
01-01 03:22:06.313   990   990 I RecorderImpl: CreateVideoTrack: client_id(1):session_id(1), TrackSource for client_track_id(1):service_track_id(1010001) Added Successfully in CameraSource!
01-01 03:22:06.313  3032  3032 I Recorder: GetCameraParam: Enter
01-01 03:22:06.313   990   990 I RecorderService: GetCameraParam: Enter client_id(1)
01-01 03:22:06.313   990   990 I RecorderService: GetCameraParam: Exit client_id(1)
01-01 03:22:06.313  3032  3032 I Recorder: GetCameraParam: Exit
01-01 03:22:06.313  3032  3032 I Recorder: SetCameraParam: Enter
01-01 03:22:06.313   990   990 I RecorderService: SetCameraParam: Enter client_id(1)
01-01 03:22:06.313   990   990 I RecorderService: SetCameraParam: Exit client_id(1)
01-01 03:22:06.313  3032  3032 I Recorder: SetCameraParam: Exit
01-01 03:22:06.314  3032  3032 I Recorder: GetCameraParam: Enter
01-01 03:22:06.314   990   990 I RecorderService: GetCameraParam: Enter client_id(1)
01-01 03:22:06.314   990   990 I RecorderService: GetCameraParam: Exit client_id(1)
01-01 03:22:06.314  3032  3032 I Recorder: GetCameraParam: Exit
01-01 03:22:06.314  3032  3032 E VendorTagDescriptor: lookupTag: Section 'org.codeaurora.qcamera3.ir_led' does not exist.
01-01 03:22:06.314  3032  3032 E VendorTagDescriptor: lookupTag: Section 'org.codeaurora.qcamera3.multicam_exptime' does not exist.
01-01 03:22:06.314  3032  3032 E VendorTagDescriptor: lookupTag: Section 'org.codeaurora.qcamera3.multicam_exptime' does not exist.
01-01 03:22:06.314  3032  3032 I Recorder: SetCameraParam: Enter
01-01 03:22:06.314   990   990 I RecorderService: SetCameraParam: Enter client_id(1)
01-01 03:22:06.314   990   990 I RecorderService: SetCameraParam: Exit client_id(1)
01-01 03:22:06.314  3032  3032 I Recorder: SetCameraParam: Exit
01-01 03:22:06.314   990   990 I RecorderCameraContext: GetPort: Found port for track_id(1010001)
01-01 03:22:06.314   990   990 I RecorderCameraContext: Start: track_id(1010001):camera stream(0) to start!
01-01 03:22:06.314   990   990 I RecorderCameraContext: UpdateRequest: Number of active_ports(1)
01-01 03:22:06.314   990   990 I RecorderCameraContext: UpdateRequest: cam_stream_id(0)
01-01 03:22:06.314   990   990 I RecorderCameraContext: UpdateRequest: CameraPort(0x0x559aaec450):camera_stream_id(0) is ready to start!
01-01 03:22:06.314   990   990 I RecorderCameraContext: UpdateRequest: Number of streams(1) to start
01-01 03:22:06.314   990   990 I RecorderCameraContext: UpdateRequest: set frame rate to 30 fps
01-01 03:22:06.314   990   990 I CameraAdaptor: ConfigureStreamsLocked: operation_mode: 0x0 
01-01 03:22:06.314   990   990 I CamX    : [CORE_CFG][HAL    ] camxhal3.cpp:1420 configure_streams() HalOp: Begin CONFIG: 0x7fb95b4ba0, logicalCameraId: 0, cameraId: 0
01-01 03:22:06.314   990   990 I CamX    : [CORE_CFG][HAL    ] camxhal3.cpp:1443 configure_streams()   stream[0] = 0x559aaec8f8 - info:
01-01 03:22:06.314   990   990 I CamX    : [CORE_CFG][HAL    ] camxhal3.cpp:1446 configure_streams()             format       : 37, HAL_PIXEL_FORMAT_RAW10
01-01 03:22:06.314   990   990 I CamX    : [CORE_CFG][HAL    ] camxhal3.cpp:1448 configure_streams()             width        : 1000
01-01 03:22:06.314   990   990 I CamX    : [CORE_CFG][HAL    ] camxhal3.cpp:1450 configure_streams()             height       : 1000
01-01 03:22:06.314   990   990 I CamX    : [CORE_CFG][HAL    ] camxhal3.cpp:1453 configure_streams()             stream_type  : 00000000, CAMERA3_STREAM_OUTPUT
01-01 03:22:06.314   990   990 I CamX    : [CORE_CFG][HAL    ] camxhal3.cpp:1455 configure_streams()             usage        : 00010033
01-01 03:22:06.314   990   990 I CamX    : [CORE_CFG][HAL    ] camxhal3.cpp:1457 configure_streams()             max_buffers  : 14
01-01 03:22:06.314   990   990 I CamX    : [CORE_CFG][HAL    ] camxhal3.cpp:1460 configure_streams()             rotation     : 00000000, CAMERA3_STREAM_ROTATION_0
01-01 03:22:06.314   990   990 I CamX    : [CORE_CFG][HAL    ] camxhal3.cpp:1463 configure_streams()             data_space   : 00000000, HAL_DATASPACE_UNKNOWN
01-01 03:22:06.314   990   990 I CamX    : [CORE_CFG][HAL    ] camxhal3.cpp:1465 configure_streams()             priv         : (nil)
01-01 03:22:06.314   990   990 I CamX    : [CORE_CFG][HAL    ] camxhal3.cpp:1467 configure_streams()        physical_camera_id         : (null)
01-01 03:22:06.314   990   990 I CamX    : [CORE_CFG][HAL    ] camxhal3.cpp:1469 configure_streams()        groupID         : -1
01-01 03:22:06.314   990   990 I CamX    : [CORE_CFG][HAL    ] camxhal3.cpp:1472 configure_streams()             streamUsecase         : 0
01-01 03:22:06.314   990   990 I CamX    : [CORE_CFG][HAL    ] camxhal3.cpp:1475 configure_streams()             hdr_profile           : 00000000, HDR_PROFILE_UNKNOWN
01-01 03:22:06.314   990   990 I CamX    : [CORE_CFG][HAL    ] camxhal3.cpp:1478 configure_streams()             reserved[0]         : (nil)
01-01 03:22:06.314   990   990 I CamX    : [CORE_CFG][HAL    ] camxhal3.cpp:1480 configure_streams()             reserved[1]         : (nil)
01-01 03:22:06.314   990   990 W CamX    : [ WARN][POWER  ] camxperflockmanager.cpp:625 PowerHintInternal() Acquire perfhint failed type 1337
01-01 03:22:06.314   990   990 W CamX    : [ WARN][POWER  ] camxperflockmanager.cpp:488 AcquirePerfLock() Failed to acquire perflock type: 10 result: CamxResultEInvalidArg
01-01 03:22:06.314   990   990 I CamX    : [CORE_CFG][HAL    ] camxhaldevice.cpp:1558 CheckValidStreamConfig() format:37 max Res(960 x 720) requested Res(1000 x 1000) 
01-01 03:22:06.315   990   990 I CHIUSECASE: [CORE_CFG ] chxextensionmodule.cpp:11290 SetDeviceHDRMode() Set HDR mode to:0 for physical cam:0
01-01 03:22:06.315   990   990 I CHIUSECASE: [CORE_CFG ] chxextensionmodule.cpp:11378 SetDeviceHDRNumExposure() Set HDR numHDRExposure to:1 for physical cam:0
01-01 03:22:06.315   990   990 I CHIUSECASE: [CORE_CFG ] chxextensionmodule.cpp:10808 ConfigureHDRInformation() Logical camera:0 HDRMode set to:0
01-01 03:22:06.315   990   990 I CHIUSECASE: [CORE_CFG ] chxextensionmodule.cpp:6021 InitializeOverrideSession() Session_parameters FPS range 30:30, previewFPS 0, videoFPS 0 BatchSize: 1 HALOutputBufferCombined 0 FPS: 30 SkipPattern: 1, LogicalCameraId = 0 selected use case = 1  count 1 MFHDR_enabled 0 m_isNZSLModeSwitchUsecase: 0 m_isHFRInternalSwitchUsecase: 0
01-01 03:22:06.320   990   990 I CHIUSECASE: [CORE_CFG ] chxsensorselectmode.cpp:714 FindBestSensorMode() Camera[0] Desired mode: optimal: [1000x1000] max: [1000x1000] min: [1000x1000] frameRate: 30.000000 sensorModeCaps: 00000001 forceMode:-1 SensorHDRExposureType:0, SensorRemosaicType:-1 isAEBSupported:0 numberOfPixelsPerColor:1, isAutoHDRRequired: 0
01-01 03:22:06.320   990   990 I CHIUSECASE: [CORE_CFG ] chxsensorselectmode.cpp:879 FindBestSensorMode() Camera[0] Selected: modeIndex: 0 Usecase: 5, W=1000, H=1000, FPS:30, NumBatchedFrames:0, caps:1
01-01 03:22:06.323   990   990 I CHIUSECASE: [CORE_CFG ] chxpipeline.cpp:352 CreateDescriptor() Pipeline[Raw] pipeline pointer 0x559bce2300 numInputs=0, numOutputs=1 stream w x h: 1000 x 1000 format: 37, numBatchedFrames: 1, HALOutputBufferCombined: 0 maxFPSValue: 30 cameraId: 0 logicalCameraId:0
01-01 03:22:06.324   990   990 I CamX    : [CORE_CFG][CORE   ] camxpipeline.cpp:2499 CreateNodes() Topology: Creating Pipeline Raw_0_cam_0, numNodes 2 isSensorInput 1 isRealTime 1
01-01 03:22:06.325   990   990 E CamX    : [ERROR][SENSOR ] camxsensornode.cpp:10239 GetSensorModuleIndexes() Sensor[0] GetDeviceIndex failure for Flash, result: CamxResultSuccess
01-01 03:22:06.325   990   990 I CamX    : [CORE_CFG][CORE   ] camxpipeline.cpp:2586 CreateNodes() Topology::Raw_0_cam_0 Node::Raw_Sensor0_cam0 Type 0 numInputPorts 0 numOutputPorts 2 Sensor: Real
01-01 03:22:06.329   990   990 I CamX    : [CORE_CFG][CORE   ] camxnodelegacy.cpp:851 InitializeSinkPortBufferProperties() Topology: Node::Raw_IFE0_cam0 has a sink port id 8 using format 9 dim 1000x1000, stream 0x559aaec8f8
01-01 03:22:06.330   990   990 I CamX    : [CORE_CFG][CORE   ] camxpipeline.cpp:2586 CreateNodes() Topology::Raw_0_cam_0 Node::Raw_IFE0_cam0 Type 65536 numInputPorts 3 numOutputPorts 1 Sensor: Real
01-01 03:22:06.330   990   990 I CamX    : [CORE_CFG][CORE   ] camxpipeline.cpp:2697 CreateNodes() Topology: Pipeline[Raw_0_cam_0] Link: Node::Raw_Sensor0_cam0(outPort 0) --> (inPort 2) (1 / 3) Node::Raw_IFE0_cam0 using format 0
01-01 03:22:06.330   990   990 I CamX    : [CORE_CFG][CORE   ] camxpipeline.cpp:2697 CreateNodes() Topology: Pipeline[Raw_0_cam_0] Link: Node::Raw_Sensor0_cam0(outPort 1) --> (inPort 6) (2 / 3) Node::Raw_IFE0_cam0 using format 0
01-01 03:22:06.330   990   990 I CamX    : [CORE_CFG][CORE   ] camxpipeline.cpp:2697 CreateNodes() Topology: Pipeline[Raw_0_cam_0] Link: Node::Raw_Sensor0_cam0(outPort 1) --> (inPort 3) (3 / 3) Node::Raw_IFE0_cam0 using format 0
01-01 03:22:06.330   990   990 I CamX    : [CORE_CFG][CORE   ] camxpipeline.cpp:2750 CreateNodes() Topology: Pipeline[Raw_0_cam_0] Link: Node::Raw_IFE0_cam0(outPort 8) --> (Sink Buffer with Format 9)
01-01 03:22:06.333   990   990 W CamX    : [ WARN][CORE   ] camxnodelegacy.cpp:9091 ProcessInputBufferRequirement() Node::Raw_IFE0_cam0 Input portId (6) does not match Buffer Negotiation portId (0)
01-01 03:22:06.333   990   990 W CamX    : [ WARN][CORE   ] camxnodelegacy.cpp:9091 ProcessInputBufferRequirement() Node::Raw_IFE0_cam0 Input portId (3) does not match Buffer Negotiation portId (0)
01-01 03:22:06.333   990   990 W CamX    : [ WARN][CORE   ] camxnodelegacy.cpp:9037 ProcessInputBufferRequirement() Node::Raw_Sensor0_cam0 didn't update "m_bufferNegotiationData.numInputPorts", setting it to 0
01-01 03:22:06.333   990   990 I CHIUSECASE: [CORE_CFG ] chxsensorselectmode.cpp:714 FindBestSensorMode() Camera[0] Desired mode: optimal: [1000x1000] max: [16384x16384] min: [1000x1000] frameRate: 30.000000 sensorModeCaps: 00000001 forceMode:-1 SensorHDRExposureType:0, SensorRemosaicType:-1 isAEBSupported:0 numberOfPixelsPerColor:1, isAutoHDRRequired: 0
01-01 03:22:06.333   990   990 I CHIUSECASE: [CORE_CFG ] chxsensorselectmode.cpp:879 FindBestSensorMode() Camera[0] Selected: modeIndex: 0 Usecase: 5, W=1000, H=1000, FPS:30, NumBatchedFrames:0, caps:1
01-01 03:22:06.334   990   990 I CamX    : [CORE_CFG][CORE   ] camxresourcemanager.cpp:1216 RegisterClient() Add client {Raw_0, 0x559bd04840, 0, 0},  clients size: 1
01-01 03:22:06.334   990   990 E CamX    : [ DUMP][CORE   ] camxresourcemanager.h:1501 Dump() --------------------
01-01 03:22:06.334   990   990 E CamX    : [ DUMP][CORE   ] camxresourcemanager.h:1502 Dump()     Key      Cost   
01-01 03:22:06.334   990   990 E CamX    : [ DUMP][CORE   ] camxresourcemanager.h:1503 Dump() --------------------
01-01 03:22:06.334   990   990 E CamX    : [ DUMP][CORE   ] camxresourcemanager.h:1512 Dump()   {1, 0} :   100
01-01 03:22:06.334   990   990 E CamX    : [ DUMP][CORE   ] camxresourcemanager.h:1512 Dump()   {2, 1} :   50
01-01 03:22:06.334   990   990 E CamX    : [ DUMP][CORE   ] camxresourcemanager.h:1512 Dump()   {5, 4} :   50
01-01 03:22:06.339   990  3085 E CamX    : [ERROR][SENSOR ] camxsensornode.cpp:4896 ProcessingNodeFinalizeInitialization() Raw_Sensor0_cam0: Sensor[0] SensorName:vd56g3_rear_left SensorMode:0 (WxH:1000x1000, FPS:30.000000, caps:NORMAL )SyncMode:0
01-01 03:22:06.340   990  3085 W CamX    : [ WARN][ISP    ] camxifenode.cpp:4873 ReadPDHWBufferDimensions() Raw_IFE0_cam0, PDAF HW Configuration is NULL
01-01 03:22:06.341   990  3085 I CamX    : [CORE_CFG][MEMMGR ] camxnodelegacy.cpp:10732 CreateOutputBufferManager() BufferMgrCreate ,[Raw_IFE0_cam0_OutputPortId8_RDI0] width=1000, height=1000, format=9,raw stride 1280 raw scanline 1000 GetTotalSize 1282048
01-01 03:22:06.341   990  3085 I CamX    : [CORE_CFG][CORE   ] camxpipeline.h:3879 SetPipelineStatus() Raw_0_cam_0 status is now PipelineStatus::BUFFER_PROPERTIES_FINALIZED
01-01 03:22:06.341   990   990 I CamX    : [CORE_CFG][CORE   ] camxpipeline.h:3879 SetPipelineStatus() Raw_0_cam_0 status is now PipelineStatus::PRE_FINALIZATION_INPROGRESS
01-01 03:22:06.341   990   990 I CamX    : [CORE_CFG][CORE   ] camxsession.cpp:2963 Initialize() Session (0x559c2dc550) Initialized Raw
01-01 03:22:06.341   990  3086 W CamX    : [ WARN][ISP    ] camxifenode.cpp:4902 ReadDefaultHWPDConfig() Raw_IFE0_cam0, PDAF HW Configuration is NULL
01-01 03:22:06.341   990  3086 E CamX    : [ERROR][ISP    ] camxifenode.cpp:1877 GetPdHwInfoTableFromUsecasePool() Raw_IFE0_cam0, Get Pd HwInfo Table from uscasepool fail
01-01 03:22:06.341   990  3086 W CamX    : [ WARN][CORE   ] camxnodelegacy.cpp:5762 GetSingleDataFromPipeline() Node::Raw_IFE0_cam0 request: 1 from future offset original requestId: 1 last request 0 offset 0 flush 0 tag com.qti.chi.qllControl.QLLConfiguration
01-01 03:22:06.341   990  3086 W CamX    : [ WARN][CORE   ] camxnodelegacy.cpp:5762 GetSingleDataFromPipeline() Node::Raw_IFE0_cam0 request: 1 from future offset original requestId: 1 last request 0 offset 0 flush 0 tag com.qti.chi.qllControl.QLLConfiguration
01-01 03:22:06.341   990  3086 W CamX    : [ WARN][CORE   ] camxnodelegacy.cpp:5762 GetSingleDataFromPipeline() Node::Raw_IFE0_cam0 request: 1 from future offset original requestId: 1 last request 0 offset 0 flush 0 tag org.quic.camera2.oem.trigger.OEM_AEC_IQTrigger
01-01 03:22:06.341   990  3086 W CamX    : [ WARN][CORE   ] camxnodelegacy.cpp:5762 GetSingleDataFromPipeline() Node::Raw_IFE0_cam0 request: 1 from future offset original requestId: 1 last request 0 offset 0 flush 0 tag org.quic.camera2.oem.trigger.OEM_AWB_IQTrigger
01-01 03:22:06.341   990  3086 W CamX    : [ WARN][CORE   ] camxnodelegacy.cpp:5762 GetSingleDataFromPipeline() Node::Raw_IFE0_cam0 request: 1 from future offset original requestId: 1 last request 0 offset 0 flush 0 tag org.quic.camera2.oem.trigger.OEM_AF_IQTrigger
01-01 03:22:06.341   990  3086 W CamX    : [ WARN][CORE   ] camxnodelegacy.cpp:5762 GetSingleDataFromPipeline() Node::Raw_IFE0_cam0 request: 1 from future offset original requestId: 1 last request 0 offset 0 flush 0 tag org.quic.camera2.oem.trigger.OEM_Reserve_IQTrigger
01-01 03:22:06.344   990  3086 I CamX    : [CORE_CFG][CSL    ] camxcslhw.cpp:1137 CSLAcquireDeviceHW() DeviceAcquired: Name=CSLHwIFE phDevice=0xc90102 name:/dev/v4l-subdev1 dIndex 0 hIndex 2 sessionName Raw
01-01 03:22:06.345   990  3086 I CamX    : [CORE_CFG][CORE   ] camxpipeline.h:3879 SetPipelineStatus() Raw_0_cam_0 status is now PipelineStatus::PRE_FINALIZED
01-01 03:22:06.349   990   990 E CamX    : [ERROR][META   ] camxmetabuffer.cpp:3295 SetTag() Cannot set 8066003d size 0 max 4
01-01 03:22:06.349   990   990 I CamX    : [CORE_CFG][HAL    ] camxhal3.cpp:1517 configure_streams()  FINAL stream[0] = 0x559aaec8f8 - info:
01-01 03:22:06.349   990   990 I CamX    : [CORE_CFG][HAL    ] camxhal3.cpp:1520 configure_streams()             format       : 37, HAL_PIXEL_FORMAT_RAW10
01-01 03:22:06.349   990   990 I CamX    : [CORE_CFG][HAL    ] camxhal3.cpp:1522 configure_streams()             width        : 1000
01-01 03:22:06.349   990   990 I CamX    : [CORE_CFG][HAL    ] camxhal3.cpp:1524 configure_streams()             height       : 1000
01-01 03:22:06.349   990   990 I CamX    : [CORE_CFG][HAL    ] camxhal3.cpp:1527 configure_streams()             stream_type  : 00000000, CAMERA3_STREAM_OUTPUT
01-01 03:22:06.349   990   990 I CamX    : [CORE_CFG][HAL    ] camxhal3.cpp:1529 configure_streams()             usage        : 00030013
01-01 03:22:06.349   990   990 I CamX    : [CORE_CFG][HAL    ] camxhal3.cpp:1533 configure_streams()             max_buffers  : 14
01-01 03:22:06.349   990   990 I CamX    : [CORE_CFG][HAL    ] camxhal3.cpp:1543 configure_streams()             rotation     : 00000000, CAMERA3_STREAM_ROTATION_0
01-01 03:22:06.349   990   990 I CamX    : [CORE_CFG][HAL    ] camxhal3.cpp:1546 configure_streams()             data_space   : 00000102, HAL_DATASPACE_BT601_625
01-01 03:22:06.349   990   990 I CamX    : [CORE_CFG][HAL    ] camxhal3.cpp:1548 configure_streams()             priv         : 0x559bd0ca10
01-01 03:22:06.349   990   990 I CamX    : [CORE_CFG][HAL    ] camxhal3.cpp:1551 configure_streams()             streamUsecase         : 0
01-01 03:22:06.349   990   990 I CamX    : [CORE_CFG][HAL    ] camxhal3.cpp:1554 configure_streams()             hdr_profile           : 00000000, HDR_PROFILE_UNKNOWN
01-01 03:22:06.349   990   990 I CamX    : [CORE_CFG][HAL    ] camxhal3.cpp:1557 configure_streams()             reserved[0]         : 0x559bd0ca18
01-01 03:22:06.349   990   990 I CamX    : [CORE_CFG][HAL    ] camxhal3.cpp:1559 configure_streams()             reserved[1]         : (nil)
01-01 03:22:06.349   990   990 I CamX    : [CORE_CFG][HAL    ] camxhal3.cpp:1574 configure_streams()    pHalStream: 0x559bd0ca18 format : 0x25, overrideFormat : 0x25 consumer usage: 0, producer usage: 30013
01-01 03:22:06.349   990   990 I CamX    : [CORE_CFG][HAL    ] camxhal3.cpp:1582 configure_streams() HalOp: End CONFIG, logicalCameraId: 0, cameraId: 0
01-01 03:22:06.350   990  3080 I Camera3Stream: GetBufferLocked: Allocated new buffer, total buffers allocated = 1
01-01 03:22:06.350   990  3080 I CamX    : [CORE_CFG][HAL    ] camxhal3.cpp:1691 process_capture_request() logical camera id 0, frame_number 0, settings 0x7f6002c320, priv_settings (nil), priv_result (nil), num_priv_phy_result 0, num_output_buffers 1
01-01 03:22:06.350   990  3080 E CamX    : [ERROR][META   ] camxmetabuffer.cpp:3295 SetTag() Cannot set 8066003d size 0 max 4
01-01 03:22:06.350   990  3080 E CamX    : [ERROR][META   ] camxmetabuffer.cpp:3295 SetTag() Cannot set 8066003d size 0 max 4
01-01 03:22:06.350   990  3080 I CHIUSECASE: [REQMAP ] chxadvancedcamerausecase.cpp:3908 ExecuteCaptureRequest() frame: 0  <==>  (chiFrameNum) chiOverrideFrameNum: 0
01-01 03:22:06.350   990  3080 E CamX    : [ DUMP][CORE   ] camxresourcemanager.h:1501 Dump() --------------------
01-01 03:22:06.350   990  3080 E CamX    : [ DUMP][CORE   ] camxresourcemanager.h:1502 Dump()     Key      Cost   
01-01 03:22:06.350   990  3080 E CamX    : [ DUMP][CORE   ] camxresourcemanager.h:1503 Dump() --------------------
01-01 03:22:06.350   990  3080 E CamX    : [ DUMP][CORE   ] camxresourcemanager.h:1512 Dump()   {1, 0} :   100
01-01 03:22:06.350   990  3080 E CamX    : [ DUMP][CORE   ] camxresourcemanager.h:1512 Dump()   {2, 1} :   50
01-01 03:22:06.350   990  3080 E CamX    : [ DUMP][CORE   ] camxresourcemanager.h:1512 Dump()   {5, 4} :   50
01-01 03:22:06.350   990  3080 E CamX    : [ DUMP][CORE   ] camxresourcemanager.cpp:106 DumpState() [IPEHw : 0], AvailableResource = 100
01-01 03:22:06.350   990  3080 E CamX    : [ DUMP][CORE   ] camxresourcemanager.cpp:106 DumpState() [IFEHw : 0], AvailableResource = 100
01-01 03:22:06.350   990  3080 E CamX    : [ DUMP][CORE   ] camxresourcemanager.cpp:106 DumpState() [IFEHw : 1], AvailableResource = 50
01-01 03:22:06.350   990  3080 E CamX    : [ DUMP][CORE   ] camxresourcemanager.cpp:106 DumpState() [SensorHw : 0], AvailableResource = 0
01-01 03:22:06.350   990  3080 E CamX    : [ DUMP][CORE   ] camxresourcemanager.cpp:106 DumpState() [CSIPHYHw : 4], AvailableResource = 50
01-01 03:22:06.350   990  3080 E CamX    : [ DUMP][CORE   ] camxresourcemanager.cpp:180 DumpState() 
01-01 03:22:06.350   990  3080 E CamX    : 
01-01 03:22:06.350   990  3080 E CamX    : [ DUMP][CORE   ] camxresourcemanager.cpp:181 DumpState() client {Raw_0, 0x559bd04840}
01-01 03:22:06.350   990  3080 E CamX    : [ DUMP][CORE   ] camxresourcemanager.cpp:182 DumpState() -------------------------
01-01 03:22:06.350   990  3080 E CamX    : [ DUMP][CORE   ] camxresourcemanager.cpp:183 DumpState()     Key     Allocation
01-01 03:22:06.350   990  3080 E CamX    : [ DUMP][CORE   ] camxresourcemanager.cpp:184 DumpState() -------------------------
01-01 03:22:06.350   990  3080 E CamX    : [ DUMP][CORE   ] camxresourcemanager.cpp:193 DumpState()   {1, 0} :   100
01-01 03:22:06.350   990  3080 E CamX    : [ DUMP][CORE   ] camxresourcemanager.cpp:193 DumpState()   {2, 1} :   50
01-01 03:22:06.350   990  3080 E CamX    : [ DUMP][CORE   ] camxresourcemanager.cpp:193 DumpState()   {5, 4} :   50
01-01 03:22:06.350   990  3080 E CamX    : [ DUMP][CORE   ] camxresourcemanager.h:479 DumpState() 
01-01 03:22:06.350   990  3080 E CamX    : 
01-01 03:22:06.350   990  3080 E CamX    : [ DUMP][CORE   ] camxresourcemanager.h:480 DumpState() reservation Id: 0
01-01 03:22:06.350   990  3080 E CamX    : [ DUMP][CORE   ] camxresourcemanager.h:481 DumpState() ----------------------------------
01-01 03:22:06.350   990  3080 E CamX    : [ DUMP][CORE   ] camxresourcemanager.h:482 DumpState()     Key      reservation
01-01 03:22:06.350   990  3080 E CamX    : [ DUMP][CORE   ] camxresourcemanager.h:483 DumpState() ----------------------------------
01-01 03:22:06.350   990  3080 E CamX    : [ DUMP][CORE   ] camxresourcemanager.h:492 DumpState()   {1, 0} :     0
01-01 03:22:06.350   990  3080 E CamX    : [ DUMP][CORE   ] camxresourcemanager.h:492 DumpState()   {5, 4} :     0
01-01 03:22:06.350   990   990 I RecorderCameraContext: UpdateRequest: last_frame_number: current=-1 previous=-1
01-01 03:22:06.350   990   990 I RecorderCameraContext: UpdateRequest: last_frame_number_map_[0]=-1
01-01 03:22:06.350   990   990 I RecorderCameraContext: UpdateRequest: SubmitRequest for Num streams(1) is successfull request_id(0) batches: 1
01-01 03:22:06.350   990   990 I RecorderCameraContext: Start: track_id(1010001):Port(0x559aaec450) Started Succussfully!
01-01 03:22:06.350   990   990 I RecorderCameraContext: StartStream: track_id(16842753) started on port(0x0x559aaec450)
01-01 03:22:06.454   990  3066 I CamX    : [CORE_CFG][CSL    ] camxcslhw.cpp:1137 CSLAcquireDeviceHW() DeviceAcquired: Name=CSLHwImageSensor phDevice=0xc40101 name:/dev/v4l-subdev12 dIndex 14 hIndex 1 sessionName Raw
01-01 03:22:06.454   990  3066 I CamX    : [CORE_CFG][SENSOR ] camxsensornode.cpp:9431 AcquireDevice() Raw_Sensor0_cam0: Sensor[0] [vd56g3_rear_left] Acquired Sensor, hCSL: 0xbb0200 hSensorDevice: 0xc40101
01-01 03:22:08.504   990  3066 I CamX    : [CORE_CFG][CSL    ] camxcslhw.cpp:1137 CSLAcquireDeviceHW() DeviceAcquired: Name=CSLHwCSIPHY phDevice=0xb00103 name:/dev/v4l-subdev6 dIndex 5 hIndex 3 sessionName Raw
01-01 03:22:08.504   990  3066 I CamX    : [CORE_CFG][SENSOR ] camxsensorsubmodulebase.cpp:117 Initialize() Sensor[0] Acquired CSIPHY, hCSL: 0xbb0200, hPHYDevice: 0xb00103
01-01 03:22:08.504   990  3066 E CamX    : [ERROR][SENSOR ] camxgmsl.cpp:982 GetPreviousOpenMask() m_previousopenedGmslMask:0
01-01 03:22:10.550   990  3080 I CamX    : [CORE_CFG][SENSOR ] camxsensornode.cpp:1085 PrepareStreamOn() Sensor[0] [vd56g3_rear_left] ConfigStatus:5 isEarlyPCREnabled:1
01-01 03:22:10.550   990  3080 I CamX    : [CORE_CFG][CORE   ] camxpipeline.h:3879 SetPipelineStatus() Raw_0_cam_0 status is now PipelineStatus::FINALIZED
01-01 03:22:10.551   990  3071 E CamX    : [REQMAP][CORE   ] camxsession.cpp:5732 ProcessRequest() chiFrameNum: 0  <==>  requestId: 1  <==>  sequenceId: 0  <==> CSLSyncId: 1 -- Raw_0_cam_0
01-01 03:22:10.551   990  3080 I CamX    : [CORE_CFG][CSL    ] camxcslhw.cpp:1813 CSLLinkHW() CSL Link success, handle: 0x5d0304
01-01 03:22:10.551   990  3080 I CamX    : [CORE_CFG][SENSOR ] camxsensornode.cpp:10779 AcquireResources() Raw_Sensor0_cam0: Sensor[0] [vd56g3_rear_left], SensorMode:0, isReconfigNeeded:0
01-01 03:22:10.551   990  3080 I CamX    : [CORE_CFG][ISP    ] camxifenode.cpp:10673 GetDynamicSwitchSensorModes() Dynamic switch sensorMode: 0 added
01-01 03:22:10.551   990  3080 I CamX    : [CORE_CFG][CSL    ] camxcslhw.cpp:1566 CSLAcquireHardwareHW() DeviceAcquired: Name=CSLHwIFE phDevice=0xc90102
01-01 03:22:10.552   990  3080 I CamX    : [CORE_CFG][CORE   ] camxpipeline.h:3879 SetPipelineStatus() Raw_0_cam_0 status is now PipelineStatus::RESOURCES_ACQUIRED
01-01 03:22:10.552   990  3071 E CamX    : [ERROR][FORMAT ] camximageformatmapperlinuxembedded.cpp:1030 ValidateBufferSize() Function NOT Implemented in LE!
01-01 03:22:10.552   990  3071 I CamX    : [CORE_CFG][SENSOR ] camxsensornode.cpp:3501 ExecuteProcessRequest() Sensor[0]: HAL: ApplyGains: RequestID=1, CSLSyncID:1, [Gain:ExpTime]:[Long: 1.002938, 33333333 ns] [Mid: 1.002938, 33333333 ns] [Short: 1.002938, 33333333 ns], FLL:4448, inputFrameDuration: 33333333 ns, isVendorAEC:0, isFSMode:0, isFSCapture: 0, isStatsNode:0, isAEBEnabled: 0, ContextTypeId: 0
01-01 03:22:10.552   990  3071 W CamX    : [ WARN][SENSOR ] camxsensornode.cpp:8855 CreateSensorUpdatePacket() Sensor[0]: TestPattern update command size is 0
01-01 03:22:10.552   990  3068 I CamX    : [CORE_CFG][HAL    ] camxhal3.cpp:1945 process_capture_result() frame_number 0, opsApi 0x7fb94a73c0, partial_result 1, result 0x559b810460, num_physcam_metadata 0, num_output_buffers 0 priv_metadata (nil)
01-01 03:22:10.552   990  3068 I CamX    : [CORE_CFG][HAL    ] camxhal3.cpp:2026 process_capture_result() frame_number: 0
01-01 03:22:11.252   990  3080 E CamX    : [ERROR][CORE   ] camxpipeline.cpp:1134 WaitForConfigDone() Stream On for pipeline[Raw_0_cam_0] timed out(700)!! result CamxResultETimeout, Lets do a Reset
01-01 03:22:11.252   990  3080 E CamX    : [ERROR][CORE   ] camxpipeline.cpp:1302 StreamOn() Pipeline::Raw_0_cam_0 Failed to CSL StreamOn error: 9
01-01 03:22:11.252   990  3080 I CamX    : [CORE_CFG][SENSOR ] camxsensornode.cpp:10868 ReleaseResources() Raw_Sensor0_cam0: Sensor[0] [vd56g3_rear_left] modeBitmask 0x1
01-01 03:22:11.252   990  3080 I CamX    : [CORE_CFG][CORE   ] camxpipeline.h:3879 SetPipelineStatus() Raw_0_cam_0 status is now PipelineStatus::RESOURCES_RELEASED
01-01 03:22:11.252   990  3043 E CamX    : [ERROR][CORE   ] camxnodelegacy.cpp:7344 CSLFenceCallback() Node::Raw_IFE0_cam0 : Type 65536 portId=8 Fence 1 signaled with failure 2 in node fence handler FOR 1
01-01 03:22:11.252   990  3065 E CamX    : [ERROR][CORE   ] camxpipeline.cpp:4274 SinkPortFenceErrorSignaled() Raw_0_cam_0 Reporting stream done for stream=0, sequenceId=0 Buffer type=0 handle=0x7f6002aab0
01-01 03:22:11.252   990  3065 W CamX    : [ WARN][HAL    ] camxsession.cpp:8821 SetPerFrameVTTimestampMetadata() Failed to retrieve VT timestamp for requestId: 1, encoder will fallback to system time
01-01 03:22:11.252   990  3065 E CamX    : [ERROR][CORE   ] camxsession.cpp:7200 InjectResult() Session 0x559c2dc550 [Raw] Reporting a buffer error to the framework for streamIndex 0 SeqId: 0 <-> ReqId: 1
01-01 03:22:11.252   990  3065 E CamX    : [ERROR][HAL    ] camxhaldevice.cpp:849 Notify() type 00000001, frame_number 0, error_code 00000003, error_stream (nil)
01-01 03:22:11.252   990  3065 W RecorderCameraContext: CameraErrorCb: Camera: 0, Error: 3, Request: 0, FrameNumber: 0
01-01 03:22:11.252   990  3065 W RecorderCameraContext: CameraErrorCb: An error has occurred in producing an output result metadata buffer for frame: 0 
01-01 03:22:11.252   990  3065 E CamX    : [ERROR][HAL    ] camxhaldevice.cpp:849 Notify() type 00000001, frame_number 0, error_code 00000004, error_stream 0x559aaec8f8
01-01 03:22:11.252   990  3065 W RecorderCameraContext: CameraErrorCb: Camera: 0, Error: 4, Request: 0, FrameNumber: 0
01-01 03:22:11.252   990  3065 W RecorderCameraContext: CameraErrorCb: Frame 0 returned with error! Notify all threads waiting for pending frames!!
01-01 03:22:11.252   990  3065 W CamX    : [ WARN][POWER  ] camxperflockmanager.cpp:625 PowerHintInternal() Acquire perfhint failed type 1331
01-01 03:22:11.252   990  3065 W CamX    : [ WARN][POWER  ] camxperflockmanager.cpp:488 AcquirePerfLock() Failed to acquire perflock type: 4 result: CamxResultEInvalidArg
01-01 03:22:11.252   990  3065 I CamX    : [CORE_CFG][HAL    ] camxhal3.cpp:1945 process_capture_result() frame_number 0, opsApi 0x7fb94a73c0, partial_result 0, result (nil), num_physcam_metadata 0, num_output_buffers 1 priv_metadata (nil)
01-01 03:22:11.252   990  3065 I CamX    : [CORE_CFG][HAL    ] camxhal3.cpp:1992 process_capture_result()     output_buffers[0] : 0x7f94018450, buffer: 0x7f6002aab0, priv: (nil), status: 00000001, stream: 0x559aaec8f8 release_fence -1
01-01 03:22:11.252   990  3065 W Camera3Stream: ReturnBufferToClient: Got buffer(0x7f6002aaa0) from stream(0), frame_number(0) and  ts(0) with error status!
01-01 03:22:11.252   990  3065 W RecorderCameraContext: CameraErrorCb: Camera: 0, Error: 4, Request: 0, FrameNumber: 0
01-01 03:22:11.252   990  3065 W RecorderCameraContext: CameraErrorCb: Frame 0 returned with error! Notify all threads waiting for pending frames!!
01-01 03:22:11.252   990  3065 I CameraAdaptor: RemovePendingRequestLocked: Received error in the capture request. Added to the error requests vector.
01-01 03:22:11.253   990  3065 I CamX    : [CORE_CFG][HAL    ] camxhal3.cpp:2026 process_capture_result() frame_number: 0
01-01 03:22:12.600   990  3080 I CamX    : [CORE_CFG][CSL    ] camxcslhw.cpp:1900 CSLUnlinkHW() CSL unlink success for LinkInfo=0x5d0304
01-01 03:22:12.600   990  3071 I CamX    : [CORE_CFG][SENSOR ] camxsensornode.cpp:1748 PublishPerFrameSensorMetaData() Sensor[0] AppliedGains: ReqId[1], [Gain:ExpTime] [Long: 1.002938, 33333333 ns][Mid: 0.000000, 0 ns][Short: 0.000000, 0 ns][Sensitivity, Again, Dgain, ISPGain] [Long: 65, 1.002938, 1.000000, 1.000000][Mid: 0, 0.000000, 0.000000, 0.000000][Short: 0, 0.000000, 0.000000, 0.000000]frameDuration: 34194341, ISO100Gain:1.543211, rollingShutterSkew: 7687577, FilterArrangement: 4, resID 0, ContextTypeID: 0
01-01 03:22:12.600   990  3080 I CamX    : [CORE_CFG][CORE   ] camxsession.cpp:1298 Pause() Pause:1 session 0x559c2dc550 Raw
01-01 03:22:12.600   990  3071 W CamX    : [ WARN][CORE   ] camxsession.cpp:7108 InjectResult() Session 0x559c2dc550 [Raw] Result holder NULL for seqId: 0, this request may be flushed out already.
01-01 03:22:12.600   990  3080 E CamX    : [ DUMP][CORE   ] camxsession.cpp:9346 DumpDebugInfo() +----------------------------------------------------------+
01-01 03:22:12.600   990  3080 E CamX    : [ DUMP][CORE   ] camxsession.cpp:9347 DumpDebugInfo() +            CALLING SESSION DUMP 0x559c2dc550             +
01-01 03:22:12.600   990  3080 E CamX    : [ DUMP][CORE   ] camxsession.cpp:9348 DumpDebugInfo() + numPipelines:             1
01-01 03:22:12.600   990  3080 E CamX    : [ DUMP][CORE   ] camxsession.cpp:9349 DumpDebugInfo() + livePendingRequests:      0
01-01 03:22:12.600   990  3080 E CamX    : [ DUMP][CORE   ] camxsession.cpp:9350 DumpDebugInfo() + maxLivePendingRequests:   6
01-01 03:22:12.600   990  3080 E CamX    : [ DUMP][CORE   ] camxsession.cpp:9351 DumpDebugInfo() + requestQueueDepth:        8
01-01 03:22:12.600   990  3080 E CamX    : [ DUMP][CORE   ] camxsession.cpp:9357 DumpDebugInfo() + Pipeline[0] Flush Status: 0
01-01 03:22:12.600   990  3080 E CamX    : [ DUMP][CORE   ] camxsession.cpp:9360 DumpDebugInfo() + usecaseNumBatchedFrames:  1
01-01 03:22:12.600   990  3080 E CamX    : [ DUMP][CORE   ] camxpipeline.cpp:6995 DumpDebugInfo() +----------------------------------------------------------+
01-01 03:22:12.600   990  3080 E CamX    : [ DUMP][CORE   ] camxpipeline.cpp:6996 DumpDebugInfo() +    PIPELINE DEBUG INFO     +
01-01 03:22:12.600   990  3080 E CamX    : [ DUMP][CORE   ] camxpipeline.cpp:7002 DumpDebugInfo() +  Pipeline Name: Raw_0_cam_0, Pipeline ID: 0, 0x559bd0d540, CurrentRequestId: 1 cameraid=0
01-01 03:22:12.600   990  3080 E CamX    : [ DUMP][CORE   ] camxpipeline.cpp:7014 DumpDebugInfo() +------------------------------------------------------------------+
01-01 03:22:12.600   990  3080 E CamX    : [ DUMP][CORE   ] camxpipeline.cpp:7015 DumpDebugInfo() + Request info for the pending nodes
01-01 03:22:12.600   990  3080 E CamX    : [ DUMP][CORE   ] camxpipeline.cpp:7025 DumpDebugInfo() +   RequestId:       1
01-01 03:22:12.600   990  3080 E CamX    : [ DUMP][CORE   ] camxpipeline.cpp:7029 DumpDebugInfo() +    SequenceId[0]:  0
01-01 03:22:12.600   990  3080 E CamX    : [ DUMP][CORE   ] camxpipeline.cpp:7032 DumpDebugInfo() +     CSLSyncId:                       1
01-01 03:22:12.600   990  3080 E CamX    : [ DUMP][CORE   ] camxpipeline.cpp:7034 DumpDebugInfo() +     numNodes:                        2
01-01 03:22:12.600   990  3080 E CamX    : [ DUMP][CORE   ] camxpipeline.cpp:7036 DumpDebugInfo() +     numNodesRequestIdDone:           1
01-01 03:22:12.600   990  3080 E CamX    : [ DUMP][CORE   ] camxpipeline.cpp:7038 DumpDebugInfo() +     numNodesPartialMetadataDone:     2
01-01 03:22:12.600   990  3080 E CamX    : [ DUMP][CORE   ] camxpipeline.cpp:7040 DumpDebugInfo() +     numNodesMetadataDone:            2
01-01 03:22:12.600   990  3080 E CamX    : [ DUMP][CORE   ] camxpipeline.cpp:7042 DumpDebugInfo() +     numNodesConfigDone:              1
01-01 03:22:12.600   990  3080 E CamX    : [ DUMP][CORE   ] camxpipeline.cpp:7044 DumpDebugInfo() +     batchFrameIntervalNanoSeconds:   0
01-01 03:22:12.600   990  3080 E CamX    : [ DUMP][CORE   ] camxpipeline.cpp:7046 DumpDebugInfo() +     isSofdispatched:                 0
01-01 03:22:12.600   990  3080 E CamX    : [ DUMP][CORE   ] camxpipeline.cpp:7050 DumpDebugInfo() +------------------------------------------------------------------+
01-01 03:22:12.600   990  3080 E CamX    : [ DUMP][CORE   ] camxpipeline.cpp:7051 DumpDebugInfo() +      METADATA DEBUG INFO       +
01-01 03:22:12.600   990  3080 E CamX    : [ DUMP][CORE   ] camxpipeline.cpp:7054 DumpDebugInfo() |      Requests Range - lastInOrderMetaCompletedRequestId: 1 currentRequest : 1
01-01 03:22:12.600   990  3080 E CamX    : [ DUMP][CORE   ] camxpipeline.cpp:7059 DumpDebugInfo() +----------------------------------------+
01-01 03:22:12.600   990  3080 E CamX    : [ DUMP][CORE   ] camxpipeline.cpp:7060 DumpDebugInfo() +      PERFRAMERESULT METADATA DUMP      +
01-01 03:22:12.600   990  3080 E CamX    : [ DUMP][CORE   ] camxpipeline.cpp:7079 DumpDebugInfo() +----------------------------------------+
01-01 03:22:12.600   990  3080 E CamX    : [ DUMP][CORE   ] camxpipeline.cpp:7080 DumpDebugInfo() +      PERFRAMEINPUT METADATA DUMP       +
01-01 03:22:12.600   990  3080 E CamX    : [ DUMP][CORE   ] camxpipeline.cpp:6970 DumpMetadataPoolDebugInfo() +----------------------------------------------------------+
01-01 03:22:12.600   990  3080 E CamX    : [ DUMP][CORE   ] camxpipeline.cpp:6971 DumpMetadataPoolDebugInfo() +    METADATA POOL DEBUG INFO     +
01-01 03:22:12.600   990  3080 E CamX    : [ DUMP][CORE   ] camxmetadatapool.cpp:672 DumpMetadataPoolDebugInfo() Dumping [Metadata Type: PerFrameResult P:0x559c3ef950] Metadata pool, Pooltype = 3 NumSlots = 16
01-01 03:22:12.600   990  3080 E CamX    : [ DUMP][CORE   ] camxmetadatapool.cpp:1685 DumpMetadataSlotDebugInfo() Slot Index =  0 IsValid = 0 Associated ReqId = 0 Metabuffer = (nil)
01-01 03:22:12.600   990  3080 E CamX    : [ DUMP][CORE   ] camxmetadatapool.cpp:1685 DumpMetadataSlotDebugInfo() Slot Index =  1 IsValid = 1 Associated ReqId = 1 Metabuffer = 0x559c659430
01-01 03:22:12.600   990  3080 E CamX    : [ DUMP][CORE   ] camxmetadatapool.cpp:1685 DumpMetadataSlotDebugInfo() Slot Index =  2 IsValid = 0 Associated ReqId = 0 Metabuffer = (nil)
01-01 03:22:12.600   990  3080 E CamX    : [ DUMP][CORE   ] camxmetadatapool.cpp:1685 DumpMetadataSlotDebugInfo() Slot Index =  3 IsValid = 0 Associated ReqId = 0 Metabuffer = (nil)
01-01 03:22:12.600   990  3080 E CamX    : [ DUMP][CORE   ] camxmetadatapool.cpp:1685 DumpMetadataSlotDebugInfo() Slot Index =  4 IsValid = 0 Associated ReqId = 0 Metabuffer = (nil)
01-01 03:22:12.600   990  3080 E CamX    : [ DUMP][CORE   ] camxmetadatapool.cpp:1685 DumpMetadataSlotDebugInfo() Slot Index =  5 IsValid = 0 Associated ReqId = 0 Metabuffer = (nil)
01-01 03:22:12.600   990  3080 E CamX    : [ DUMP][CORE   ] camxmetadatapool.cpp:1685 DumpMetadataSlotDebugInfo() Slot Index =  6 IsValid = 0 Associated ReqId = 0 Metabuffer = (nil)
01-01 03:22:12.600   990  3080 E CamX    : [ DUMP][CORE   ] camxmetadatapool.cpp:1685 DumpMetadataSlotDebugInfo() Slot Index =  7 IsValid = 0 Associated ReqId = 0 Metabuffer = (nil)
01-01 03:22:12.600   990  3080 E CamX    : [ DUMP][CORE   ] camxmetadatapool.cpp:1685 DumpMetadataSlotDebugInfo() Slot Index =  8 IsValid = 0 Associated ReqId = 0 Metabuffer = (nil)
01-01 03:22:12.600   990  3080 E CamX    : [ DUMP][CORE   ] camxmetadatapool.cpp:1685 DumpMetadataSlotDebugInfo() Slot Index =  9 IsValid = 0 Associated ReqId = 0 Metabuffer = (nil)
01-01 03:22:12.600   990  3080 E CamX    : [ DUMP][CORE   ] camxmetadatapool.cpp:1685 DumpMetadataSlotDebugInfo() Slot Index = 10 IsValid = 0 Associated ReqId = 0 Metabuffer = (nil)
01-01 03:22:12.600   990  3080 E CamX    : [ DUMP][CORE   ] camxmetadatapool.cpp:1685 DumpMetadataSlotDebugInfo() Slot Index = 11 IsValid = 0 Associated ReqId = 0 Metabuffer = (nil)
01-01 03:22:12.600   990  3080 E CamX    : [ DUMP][CORE   ] camxmetadatapool.cpp:1685 DumpMetadataSlotDebugInfo() Slot Index = 12 IsValid = 0 Associated ReqId = 0 Metabuffer = (nil)
01-01 03:22:12.600   990  3080 E CamX    : [ DUMP][CORE   ] camxmetadatapool.cpp:1685 DumpMetadataSlotDebugInfo() Slot Index = 13 IsValid = 0 Associated ReqId = 0 Metabuffer = (nil)
01-01 03:22:12.600   990  3080 E CamX    : [ DUMP][CORE   ] camxmetadatapool.cpp:1685 DumpMetadataSlotDebugInfo() Slot Index = 14 IsValid = 0 Associated ReqId = 0 Metabuffer = (nil)
01-01 03:22:12.600   990  3080 E CamX    : [ DUMP][CORE   ] camxmetadatapool.cpp:1685 DumpMetadataSlotDebugInfo() Slot Index = 15 IsValid = 0 Associated ReqId = 0 Metabuffer = (nil)
01-01 03:22:12.600   990  3080 E CamX    : [ DUMP][CORE   ] camxpipeline.cpp:6982 DumpMetadataPoolDebugInfo() +------------------------------+
01-01 03:22:12.600   990  3080 E CamX    : [ DUMP][CORE   ] camxmetadatapool.cpp:672 DumpMetadataPoolDebugInfo() Dumping [Metadata Type: PerFrameInput P:0x559c42b1f0] Metadata pool, Pooltype = 2 NumSlots = 16
01-01 03:22:12.600   990  3080 E CamX    : [ DUMP][CORE   ] camxmetadatapool.cpp:1685 DumpMetadataSlotDebugInfo() Slot Index =  0 IsValid = 0 Associated ReqId = 0 Metabuffer = (nil)
01-01 03:22:12.600   990  3080 E CamX    : [ DUMP][CORE   ] camxmetadatapool.cpp:1685 DumpMetadataSlotDebugInfo() Slot Index =  1 IsValid = 1 Associated ReqId = 1 Metabuffer = 0x559ca052e0
01-01 03:22:12.600   990  3080 E CamX    : [ DUMP][CORE   ] camxmetadatapool.cpp:1685 DumpMetadataSlotDebugInfo() Slot Index =  2 IsValid = 0 Associated ReqId = 0 Metabuffer = (nil)
01-01 03:22:12.600   990  3080 E CamX    : [ DUMP][CORE   ] camxmetadatapool.cpp:1685 DumpMetadataSlotDebugInfo() Slot Index =  3 IsValid = 0 Associated ReqId = 0 Metabuffer = (nil)
01-01 03:22:12.600   990  3080 E CamX    : [ DUMP][CORE   ] camxmetadatapool.cpp:1685 DumpMetadataSlotDebugInfo() Slot Index =  4 IsValid = 0 Associated ReqId = 0 Metabuffer = (nil)
01-01 03:22:12.600   990  3080 E CamX    : [ DUMP][CORE   ] camxmetadatapool.cpp:1685 DumpMetadataSlotDebugInfo() Slot Index =  5 IsValid = 0 Associated ReqId = 0 Metabuffer = (nil)
01-01 03:22:12.600   990  3080 E CamX    : [ DUMP][CORE   ] camxmetadatapool.cpp:1685 DumpMetadataSlotDebugInfo() Slot Index =  6 IsValid = 0 Associated ReqId = 0 Metabuffer = (nil)
01-01 03:22:12.600   990  3080 E CamX    : [ DUMP][CORE   ] camxmetadatapool.cpp:1685 DumpMetadataSlotDebugInfo() Slot Index =  7 IsValid = 0 Associated ReqId = 0 Metabuffer = (nil)
01-01 03:22:12.600   990  3080 E CamX    : [ DUMP][CORE   ] camxmetadatapool.cpp:1685 DumpMetadataSlotDebugInfo() Slot Index =  8 IsValid = 0 Associated ReqId = 0 Metabuffer = (nil)
01-01 03:22:12.600   990  3080 E CamX    : [ DUMP][CORE   ] camxmetadatapool.cpp:1685 DumpMetadataSlotDebugInfo() Slot Index =  9 IsValid = 0 Associated ReqId = 0 Metabuffer = (nil)
01-01 03:22:12.600   990  3080 E CamX    : [ DUMP][CORE   ] camxmetadatapool.cpp:1685 DumpMetadataSlotDebugInfo() Slot Index = 10 IsValid = 0 Associated ReqId = 0 Metabuffer = (nil)
01-01 03:22:12.600   990  3080 E CamX    : [ DUMP][CORE   ] camxmetadatapool.cpp:1685 DumpMetadataSlotDebugInfo() Slot Index = 11 IsValid = 0 Associated ReqId = 0 Metabuffer = (nil)
01-01 03:22:12.600   990  3080 E CamX    : [ DUMP][CORE   ] camxmetadatapool.cpp:1685 DumpMetadataSlotDebugInfo() Slot Index = 12 IsValid = 0 Associated ReqId = 0 Metabuffer = (nil)
01-01 03:22:12.600   990  3080 E CamX    : [ DUMP][CORE   ] camxmetadatapool.cpp:1685 DumpMetadataSlotDebugInfo() Slot Index = 13 IsValid = 0 Associated ReqId = 0 Metabuffer = (nil)
01-01 03:22:12.600   990  3080 E CamX    : [ DUMP][CORE   ] camxmetadatapool.cpp:1685 DumpMetadataSlotDebugInfo() Slot Index = 14 IsValid = 0 Associated ReqId = 0 Metabuffer = (nil)
01-01 03:22:12.600   990  3080 E CamX    : [ DUMP][CORE   ] camxmetadatapool.cpp:1685 DumpMetadataSlotDebugInfo() Slot Index = 15 IsValid = 0 Associated ReqId = 0 Metabuffer = (nil)
01-01 03:22:12.600   990  3080 E CamX    : [ DUMP][CORE   ] camxpipeline.cpp:6987 DumpMetadataPoolDebugInfo() +------------------------------+
01-01 03:22:12.600   990  3080 E CamX    : [ DUMP][CORE   ] camxpipeline.cpp:7100 DumpDebugInfo() +------------------------------------------------------------------+
01-01 03:22:12.600   990  3080 E CamX    : [ DUMP][CORE   ] camxpipeline.cpp:7101 DumpDebugInfo() +      NODE DEBUG INFO       +
01-01 03:22:12.600   990  3080 E CamX    : [ DUMP][CORE   ] camxthreadjobregistry.cpp:633 DumpStateToLog() Job Registry 0x7fb94b3ed0
01-01 03:22:12.600   990  3080 E CamX    : [ DUMP][CORE   ] camxthreadjobregistry.cpp:626 operator()()   Job Family DeferredWorkerWrapper0x34 - Total Job Count: 0, In Flight: 0, On Hold: 0, submitted: 0
01-01 03:22:12.600   990  3080 E CamX    : [ DUMP][CORE   ] camxthreadjobregistry.cpp:626 operator()()   Job Family CamXResourceManager - Total Job Count: 0, In Flight: 0, On Hold: 0, submitted: 0
01-01 03:22:12.600   990  3080 E CamX    : [ DUMP][CORE   ] camxthreadjobregistry.cpp:626 operator()()   Job Family Metadata Type: PerFrameInternal P:0x559c448cb0 - Total Job Count: 0, In Flight: 0, On Hold: 0, submitted: 0
01-01 03:22:12.600   990  3080 E CamX    : [ DUMP][CORE   ] camxthreadjobregistry.cpp:626 operator()()   Job Family Metadata Type: PerFrameDebugData P:0x559c450f30 - Total Job Count: 0, In Flight: 0, On Hold: 0, submitted: 0
01-01 03:22:12.600   990  3080 E CamX    : [ DUMP][CORE   ] camxthreadjobregistry.cpp:626 operator()()   Job Family DeferredWorkerWrapper0x559c2dc550 - Total Job Count: 1, In Flight: 1, On Hold: 0, submitted: 0
01-01 03:22:12.600   990  3080 E CamX    : [ DUMP][CORE   ] camxthreadjobregistry.cpp:626 operator()()   Job Family NodeCommonThreadJobFamily0x559c2dc550 - Total Job Count: 0, In Flight: 0, On Hold: 0, submitted: 0
01-01 03:22:12.600   990  3080 E CamX    : [ DUMP][CORE   ] camxthreadjobregistry.cpp:626 operator()()   Job Family vd56g3_rear_left_camera_0 - Total Job Count: 0, In Flight: 0, On Hold: 0, submitted: 0
01-01 03:22:12.600   990  3080 E CamX    : [ DUMP][CORE   ] camxthreadjobregistry.cpp:626 operator()()   Job Family OIS_vd56g3_rear_left_camera_0 - Total Job Count: 0, In Flight: 0, On Hold: 0, submitted: 0
01-01 03:22:12.600   990  3080 E CamX    : [ DUMP][CORE   ] camxthreadjobregistry.cpp:626 operator()()   Job Family readName_vd56g3_rear_left_camera_0 - Total Job Count: 0, In Flight: 0, On Hold: 0, submitted: 0
01-01 03:22:12.600   990  3080 E CamX    : [ DUMP][CORE   ] camxthreadjobregistry.cpp:626 operator()()   Job Family CHISessionWrapperResult0x559c2dc550 - Total Job Count: 0, In Flight: 0, On Hold: 0, submitted: 0
01-01 03:22:12.600   990  3080 E CamX    : [ DUMP][CORE   ] camxthreadjobregistry.cpp:626 operator()()   Job Family CHISessionWrapperRequest0x559c2dc550 - Total Job Count: 0, In Flight: 0, On Hold: 0, submitted: 0
01-01 03:22:12.600   990  3080 I CamX    : [CORE_CFG][CORE   ] camxoverridesettingsfile.cpp:273 DumpOverriddenSettings() =============== BEGIN DUMP OF OVERRIDE SETTINGS ===============
01-01 03:22:12.600   990  3080 I CamX    : [CORE_CFG][CORE   ] camxoverridesettingsfile.cpp:274 DumpOverriddenSettings() <Setting> (<Hash>) = <Value>
01-01 03:22:12.600   990  3080 I CamX    : [CORE_CFG][CORE   ] camxoverridesettingsfile.cpp:278 DumpOverriddenSettings() ================ END DUMP OF OVERRIDE SETTINGS ================
01-01 03:22:12.600   990  3080 I CamX    : [CORE_CFG][CORE   ] camxsession.cpp:6793 HandleSystemEventCb() Triggering System Event: Session:0x559c2dc550, Node:Unknown(-1), Instance:-1, Pipeline:Raw(0) DumpOnly:0
01-01 03:22:12.600   990  3080 I CamX    : [CORE_CFG][CORE   ] camxsession.cpp:6803 HandleSystemEventCb() ErrorCode:32, ErrorString: CamxResultECSLStreamOn, ErrorDescription: (null) forceSigAbort=0 threadCallStacksDumped = 1frameworkFrameNum=32 isThreadCallStackDumpRequested=0
01-01 03:22:12.600   990  3080 I CamX    : [CORE_CFG][CORE   ] camxsession.cpp:1298 Pause() Pause:0 session 0x559c2dc550 Raw
01-01 03:22:12.600   990  3080 E CamX    : [ERROR][CORE   ] camxsession.cpp:3345 StreamOn() Pipeline Raw failed to stream on.
01-01 03:22:12.600   990  3080 E CamX    : [ERROR][CORE   ] camxsession.cpp:3357 StreamOn() Session StreamOn() is failed with CamxResultECSLStreamOn!! Triggering System Event
01-01 03:22:12.600   990  3080 I CamX    : [CORE_CFG][CORE   ] camxsession.cpp:1298 Pause() Pause:1 session 0x559c2dc550 Raw
01-01 03:22:12.600   990  3083 E CHIUSECASE: [ERROR  ] chxusecase.cpp:4451 PrepareForRecovery() Usecase:1 cameraId:0 is in bad state.
01-01 03:22:12.600   990  3080 E CamX    : [ DUMP][CORE   ] camxsession.cpp:9346 DumpDebugInfo() +----------------------------------------------------------+
01-01 03:22:12.600   990  3080 E CamX    : [ DUMP][CORE   ] camxsession.cpp:9347 DumpDebugInfo() +            CALLING SESSION DUMP 0x559c2dc550             +
01-01 03:22:12.600   990  3080 E CamX    : [ DUMP][CORE   ] camxsession.cpp:9348 DumpDebugInfo() + numPipelines:             1
01-01 03:22:12.600   990  3080 E CamX    : [ DUMP][CORE   ] camxsession.cpp:9349 DumpDebugInfo() + livePendingRequests:      0
